<!doctype html public "-//w3c//dtd html 4.0 transitional//en">
<html><head>
<title>Static Call Graph - [.\obj\C11_Audio_Newhdmi1.4.axf]</title></head>
<body><HR>
<H1>Static Call Graph for image .\obj\C11_Audio_Newhdmi1.4.axf</H1><HR>
<BR><P>#&#060CALLGRAPH&#062# ARM Linker, RVCT3.0 [Build 951]: Last Updated: Thu Sep 09 18:15:54 2010
<BR><P>
<H3>Maximum Stack Usage =        820 bytes + Unknown(Functions without stacksize,Cycles,Untraceable Function Pointers)</H3><H3>
Call chain for Maximum Stack Depth:</H3>
ASProcSetBalance -> GetIrc2EqValue -> DspReadIrc1 -> DspSpiWriteNByte -> SetDspPower -> DspProcPower -> DspMasterBoot -> CheckDspMessage -> DspSpiReadNByte -> ReadByteDsp -> SenseDspIrq<P>
<H3>
Functions with no stack information
</H3><UL>
 <LI><a href="#[a66664]">Reset_Handler</a>
 <LI><a href="#[10ee5d8]">__scatterload</a>
 <LI><a href="#[10ee508]">__scatterload_rt2</a>
 <LI><a href="#[10ee558]">__scatterload_null</a>
 <LI><a href="#[10eed34]">__decompress</a>
 <LI><a href="#[10eece4]">__decompress1</a>
 <LI><a href="#[10ee028]">__scatterload_zeroinit</a>
 <LI><a href="#[a664e4]">__user_initial_stackheap</a>
 <LI><a href="#[103bfb4]">_memcpy_lastbytes</a>
 <LI><a href="#[103b9bc]">_memcpy_lastbytes_aligned</a>
 <LI><a href="#[11714e8]">__ARM_call_via_r0</a>
 <LI><a href="#[1171538]">__call_via_r0</a>
 <LI><a href="#[117141c]">__ARM_call_via_r1</a>
 <LI><a href="#[117146c]">__call_via_r1</a>
 <LI><a href="#[119116c]">__ARM_call_via_r2</a>
 <LI><a href="#[11713a0]">__call_via_r2</a>
 <LI><a href="#[11910a0]">__ARM_call_via_r3</a>
 <LI><a href="#[11910f0]">__call_via_r3</a>
 <LI><a href="#[1190fa4]">__ARM_call_via_r4</a>
 <LI><a href="#[1191024]">__call_via_r4</a>
 <LI><a href="#[1190ea8]">__ARM_call_via_r5</a>
 <LI><a href="#[1190f28]">__call_via_r5</a>
 <LI><a href="#[1190dac]">__ARM_call_via_r6</a>
 <LI><a href="#[1190e2c]">__call_via_r6</a>
 <LI><a href="#[1190cb0]">__ARM_call_via_r7</a>
 <LI><a href="#[1190d30]">__call_via_r7</a>
 <LI><a href="#[11867e0]">_memset</a>
 <LI><a href="#[1195fc4]">_memset_w</a>
 <LI><a href="#[117c954]">__fpl_inf_d2f</a>
 <LI><a href="#[117bef8]">__fpl_inf_dadd</a>
 <LI><a href="#[1185164]">__fpl_inf_dcmp</a>
 <LI><a href="#[1183c9c]">__fpl_inf_fcmp</a>
 <LI><a href="#[117aad4]">__fpl_inf_ddiv</a>
 <LI><a href="#[1179ae8]">__dflt_normalise</a>
 <LI><a href="#[11791d0]">__fpl_inf_dmul</a>
 <LI><a href="#[11b0920]">__fpl_inf_dsqrt</a>
 <LI><a href="#[117be7c]">__fpl_inf_dsub</a>
 <LI><a href="#[1178910]">__fpl_inf_f2d</a>
 <LI><a href="#[1177f74]">__fpl_inf_fadd</a>
 <LI><a href="#[1176d5c]">__fpl_inf_fdiv</a>
 <LI><a href="#[1176180]">__fpl_inf_ffix</a>
 <LI><a href="#[1175644]">__fpl_inf_ffixu</a>
 <LI><a href="#[1174b40]">__fflt_normalise</a>
 <LI><a href="#[1174250]">__fpl_inf_fmul</a>
 <LI><a href="#[11ab530]">__fplib_config_pureend_doubles</a>
 <LI><a href="#[1177ef8]">__fpl_inf_fsub</a>
 <LI><a href="#[1182cac]">__fpl_inf_scalbn</a>
 <LI><a href="#[a66c54]">Undef_Handler</a>
 <LI><a href="#[a66bdc]">SWI_Handler</a>
 <LI><a href="#[a66b60]">PAbt_Handler</a>
 <LI><a href="#[a66ae4]">DAbt_Handler</a>
 <LI><a href="#[a66a6c]">IRQ_Handler</a>
 <LI><a href="#[a669f4]">FIQ_Handler</a>
 <LI><a href="#[11807e8]">__arm_div4</a>
 <LI><a href="#[1180770]">__arm_div8</a>
 <LI><a href="#[11806f4]">__arm_div_large</a>
 <LI><a href="#[117c2c0]">_dadd1</a>
 <LI><a href="#[117c0e4]">_dsub1</a>
 <LI><a href="#[11782c4]">_fadd1</a>
 <LI><a href="#[11780e8]">_fsub1</a>
</UL>
<P>
<H3>
Mutually Recursive functions
</H3><UL>
 <LI><a href="#[1035984]">DSP_CFG_VIRTUALIZER</a>&nbsp;&nbsp;&nbsp;->&nbsp;&nbsp;&nbsp;<a href="#[10915e0]">DspSpiWriteNByte</a><BR>
 <LI><a href="#[1035a04]">DSP_CFG_PPM_Mode</a>&nbsp;&nbsp;&nbsp;->&nbsp;&nbsp;&nbsp;<a href="#[10915e0]">DspSpiWriteNByte</a><BR>
 <LI><a href="#[1035a84]">DSP_CFG_PPM</a>&nbsp;&nbsp;&nbsp;->&nbsp;&nbsp;&nbsp;<a href="#[10915e0]">DspSpiWriteNByte</a><BR>
 <LI><a href="#[1035afc]">DSP_CFG_MATRIX</a>&nbsp;&nbsp;&nbsp;->&nbsp;&nbsp;&nbsp;<a href="#[10915e0]">DspSpiWriteNByte</a><BR>
 <LI><a href="#[1035b78]">DSP_CFG_DECODER</a>&nbsp;&nbsp;&nbsp;->&nbsp;&nbsp;&nbsp;<a href="#[10915e0]">DspSpiWriteNByte</a><BR>
 <LI><a href="#[1035bf4]">DSP_BOOT</a>&nbsp;&nbsp;&nbsp;->&nbsp;&nbsp;&nbsp;<a href="#[10915e0]">DspSpiWriteNByte</a><BR>
 <LI><a href="#[10c9ee8]">DSP_CFG_MCLK_FACTOR</a>&nbsp;&nbsp;&nbsp;->&nbsp;&nbsp;&nbsp;<a href="#[10915e0]">DspSpiWriteNByte</a><BR>
 <LI><a href="#[10c9fec]">DSP_CFG_AUDIO_SRC</a>&nbsp;&nbsp;&nbsp;->&nbsp;&nbsp;&nbsp;<a href="#[10915e0]">DspSpiWriteNByte</a><BR>
 <LI><a href="#[a66c54]">Undef_Handler</a>&nbsp;&nbsp;&nbsp;->&nbsp;&nbsp;&nbsp;<a href="#[a66c54]">Undef_Handler</a><BR>
 <LI><a href="#[a66bdc]">SWI_Handler</a>&nbsp;&nbsp;&nbsp;->&nbsp;&nbsp;&nbsp;<a href="#[a66bdc]">SWI_Handler</a><BR>
 <LI><a href="#[a66b60]">PAbt_Handler</a>&nbsp;&nbsp;&nbsp;->&nbsp;&nbsp;&nbsp;<a href="#[a66b60]">PAbt_Handler</a><BR>
 <LI><a href="#[a66ae4]">DAbt_Handler</a>&nbsp;&nbsp;&nbsp;->&nbsp;&nbsp;&nbsp;<a href="#[a66ae4]">DAbt_Handler</a><BR>
 <LI><a href="#[a66a6c]">IRQ_Handler</a>&nbsp;&nbsp;&nbsp;->&nbsp;&nbsp;&nbsp;<a href="#[a66a6c]">IRQ_Handler</a><BR>
 <LI><a href="#[a669f4]">FIQ_Handler</a>&nbsp;&nbsp;&nbsp;->&nbsp;&nbsp;&nbsp;<a href="#[a669f4]">FIQ_Handler</a><BR>
</UL>
<BR>
<P><STRONG><a name="[a66664]"></a>Reset_Handler</STRONG> (ARM, 0 bytes, Stack size unknown bytes, lpc2300.o(RESET))
<BR>[Address Reference Count : 1]<UL><LI> lpc2300.o(RESET)
</UL>
<P><STRONG><a name="[117d07c]"></a>__main</STRONG> (ARM, 8 bytes, Stack size 0 bytes, __main.o(!!!main))
<BR><BR>[Stack]<UL><LI>Max Depth = 68 + Unknown Stack Size
<LI>Call Chain = __main -> __rt_entry -> __rt_lib_init -> _get_lc_numeric -> strcmp</UL>
<BR>[Calls]<UL><LI><a href="#[10ee5d8]">&gt;&gt;</a>&nbsp;&nbsp;&nbsp;__scatterload
<LI><a href="#[118deb0]">&gt;&gt;</a>&nbsp;&nbsp;&nbsp;__rt_entry
</UL>

<P><STRONG><a name="[10ee5d8]"></a>__scatterload</STRONG> (ARM, 0 bytes, Stack size unknown bytes, __scatter.o(!!!scatter))
<BR><BR>[Called By]<UL><LI><a href="#[117d07c]">&lt;&lt;</a>&nbsp;&nbsp;&nbsp;__main
</UL>

<P><STRONG><a name="[10ee508]"></a>__scatterload_rt2</STRONG> (ARM, 48 bytes, Stack size unknown bytes, __scatter.o(!!!scatter), UNUSED)
<BR><BR>[Calls]<UL><LI><a href="#[118deb0]">&gt;&gt;</a>&nbsp;&nbsp;&nbsp;__rt_entry
</UL>

<P><STRONG><a name="[10ee558]"></a>__scatterload_null</STRONG> (ARM, 0 bytes, Stack size unknown bytes, __scatter.o(!!!scatter), UNUSED)

<P><STRONG><a name="[10eed34]"></a>__decompress</STRONG> (ARM, 92 bytes, Stack size unknown bytes, __dczerorl2.o(!!dczerorl2), UNUSED)

<P><STRONG><a name="[10eece4]"></a>__decompress1</STRONG> (ARM, 0 bytes, Stack size unknown bytes, __dczerorl2.o(!!dczerorl2), UNUSED)

<P><STRONG><a name="[10ee028]"></a>__scatterload_zeroinit</STRONG> (ARM, 44 bytes, Stack size unknown bytes, __scatter_zi.o(!!handler_zi), UNUSED)

<P><STRONG><a name="[1192e94]"></a>__ARM_argv_veneer</STRONG> (ARM, 16 bytes, Stack size 0 bytes, lib_init.o(.emb_text))
<BR><BR>[Called By]<UL><LI><a href="#[1192dc8]">&lt;&lt;</a>&nbsp;&nbsp;&nbsp;__rt_lib_init (via Veneer)
</UL>

<P><STRONG><a name="[a664e4]"></a>__user_initial_stackheap</STRONG> (ARM, 0 bytes, Stack size unknown bytes, lpc2300.o(.text))
<BR><BR>[Called By]<UL><LI><a href="#[118d530]">&lt;&lt;</a>&nbsp;&nbsp;&nbsp;__user_setup_stackheap
</UL>

<P><STRONG><a name="[a60578]"></a>Systeminit</STRONG> (Thumb, 36 bytes, Stack size 8 bytes, main.o(.text))
<BR><BR>[Stack]<UL><LI>Max Depth = 200 + Unknown Stack Size
<LI>Call Chain = Systeminit -> HardwareInit -> SetTrigerOut -> DigiSendByte -> I2C_bytewrite -> i2c_writebyte -> i2c_ack</UL>
<BR>[Calls]<UL><LI><a href="#[a60130]">&gt;&gt;</a>&nbsp;&nbsp;&nbsp;HardwareInit
<LI><a href="#[a60408]">&gt;&gt;</a>&nbsp;&nbsp;&nbsp;AddRemoteRepeatKey
<LI><a href="#[b42448]">&gt;&gt;</a>&nbsp;&nbsp;&nbsp;UartInit
<LI><a href="#[b4253c]">&gt;&gt;</a>&nbsp;&nbsp;&nbsp;Timer0Init
<LI><a href="#[b4281c]">&gt;&gt;</a>&nbsp;&nbsp;&nbsp;InitRemoteRepeatKey
</UL>
<BR>[Called By]<UL><LI><a href="#[a60488]">&lt;&lt;</a>&nbsp;&nbsp;&nbsp;main
</UL>

<P><STRONG><a name="[a604fc]"></a>ProcDimerOff</STRONG> (Thumb, 42 bytes, Stack size 8 bytes, main.o(.text))
<BR><BR>[Stack]<UL><LI>Max Depth = 176 + Unknown Stack Size
<LI>Call Chain = ProcDimerOff -> VfdSetDimerValue -> VfdSendByte -> I2CWriteNByte -> i2c_writebyte -> i2c_ack</UL>
<BR>[Calls]<UL><LI><a href="#[b42350]">&gt;&gt;</a>&nbsp;&nbsp;&nbsp;VfdSetDimerValue
</UL>
<BR>[Called By]<UL><LI><a href="#[b03f50]">&lt;&lt;</a>&nbsp;&nbsp;&nbsp;Zone1ProcMessage
<LI><a href="#[f8d2b0]">&lt;&lt;</a>&nbsp;&nbsp;&nbsp;Zone2ProcMessage
<LI><a href="#[f8d330]">&lt;&lt;</a>&nbsp;&nbsp;&nbsp;RadioProcMessage
<LI><a href="#[fb5f7c]">&lt;&lt;</a>&nbsp;&nbsp;&nbsp;SetupProcMessage
</UL>

<P><STRONG><a name="[a60488]"></a>main</STRONG> (Thumb, 110 bytes, Stack size 16 bytes, main.o(.text))
<BR><BR>[Stack]<UL><LI>Max Depth = 672 + Unknown Stack Size
<LI>Call Chain = main -> Timer0_Handler -> RadioDisplay -> VfdTempDisp -> vsprintf -> _printf_char_common -> __printf -> _printf_fp_dec -> _printf_fp_dec_real -> _fp_display -> _fp_digits -> _btod_etento -> _btod_emul -> _e2e</UL>
<BR>[Calls]<UL><LI><a href="#[a600b4]">&gt;&gt;</a>&nbsp;&nbsp;&nbsp;InitMsgQueue
<LI><a href="#[a601ac]">&gt;&gt;</a>&nbsp;&nbsp;&nbsp;HDMI_DSD_Loop
<LI><a href="#[a60228]">&gt;&gt;</a>&nbsp;&nbsp;&nbsp;GetMessage
<LI><a href="#[a602a0]">&gt;&gt;</a>&nbsp;&nbsp;&nbsp;DspMasterBoot
<LI><a href="#[a6031c]">&gt;&gt;</a>&nbsp;&nbsp;&nbsp;DspLoop
<LI><a href="#[a60578]">&gt;&gt;</a>&nbsp;&nbsp;&nbsp;Systeminit
<LI><a href="#[b42350]">&gt;&gt;</a>&nbsp;&nbsp;&nbsp;VfdSetDimerValue
<LI><a href="#[b423d0]">&gt;&gt;</a>&nbsp;&nbsp;&nbsp;VfdRefresh
<LI><a href="#[b424c0]">&gt;&gt;</a>&nbsp;&nbsp;&nbsp;Timer0_Handler
<LI><a href="#[b425b4]">&gt;&gt;</a>&nbsp;&nbsp;&nbsp;SetIoStandby
<LI><a href="#[b42630]">&gt;&gt;</a>&nbsp;&nbsp;&nbsp;RadioLoop
<LI><a href="#[b426a8]">&gt;&gt;</a>&nbsp;&nbsp;&nbsp;ProcMessage
<LI><a href="#[b42720]">&gt;&gt;</a>&nbsp;&nbsp;&nbsp;LoadSystemStartupValue
<LI><a href="#[b427a4]">&gt;&gt;</a>&nbsp;&nbsp;&nbsp;LedStandby
<LI><a href="#[11714e8]">&gt;&gt;</a>&nbsp;&nbsp;&nbsp;__ARM_call_via_r0
</UL>
<BR>[Address Reference Count : 1]<UL><LI> kernel.o(.text)
</UL>
<P><STRONG><a name="[f1e52c]"></a>debug_printf</STRONG> (Thumb, 62 bytes, Stack size 160 bytes, debug.o(.text))
<BR><BR>[Stack]<UL><LI>Max Depth = 648 + Unknown Stack Size
<LI>Call Chain = debug_printf -> vsprintf -> _printf_char_common -> __printf -> _printf_fp_dec -> _printf_fp_dec_real -> _fp_display -> _fp_digits -> _btod_etento -> _btod_emul -> _e2e</UL>
<BR>[Calls]<UL><LI><a href="#[f1e438]">&gt;&gt;</a>&nbsp;&nbsp;&nbsp;Uart0Send
<LI><a href="#[103d32c]">&gt;&gt;</a>&nbsp;&nbsp;&nbsp;vsprintf
<LI><a href="#[1180c8c]">&gt;&gt;</a>&nbsp;&nbsp;&nbsp;strlen
</UL>
<BR>[Called By]<UL><LI><a href="#[b03f50]">&lt;&lt;</a>&nbsp;&nbsp;&nbsp;Zone1ProcMessage
<LI><a href="#[fd3b28]">&lt;&lt;</a>&nbsp;&nbsp;&nbsp;Zone1ProcessKey
</UL>

<P><STRONG><a name="[f1e4b0]"></a>rs232_printf</STRONG> (Thumb, 62 bytes, Stack size 160 bytes, debug.o(.text))
<BR><BR>[Stack]<UL><LI>Max Depth = 648 + Unknown Stack Size
<LI>Call Chain = rs232_printf -> vsprintf -> _printf_char_common -> __printf -> _printf_fp_dec -> _printf_fp_dec_real -> _fp_display -> _fp_digits -> _btod_etento -> _btod_emul -> _e2e</UL>
<BR>[Calls]<UL><LI><a href="#[f1e438]">&gt;&gt;</a>&nbsp;&nbsp;&nbsp;Uart0Send
<LI><a href="#[103d32c]">&gt;&gt;</a>&nbsp;&nbsp;&nbsp;vsprintf
<LI><a href="#[1180c8c]">&gt;&gt;</a>&nbsp;&nbsp;&nbsp;strlen
</UL>
<BR>[Called By]<UL><LI><a href="#[a60390]">&lt;&lt;</a>&nbsp;&nbsp;&nbsp;C11Rs232
<LI><a href="#[b0fd6c]">&lt;&lt;</a>&nbsp;&nbsp;&nbsp;ProcCmdASRD
<LI><a href="#[b103a4]">&lt;&lt;</a>&nbsp;&nbsp;&nbsp;ProcCmdTT_
<LI><a href="#[b1041c]">&lt;&lt;</a>&nbsp;&nbsp;&nbsp;ProcCmdTAHDF
<LI><a href="#[b10498]">&lt;&lt;</a>&nbsp;&nbsp;&nbsp;ProcCmdTAF
<LI><a href="#[b10510]">&lt;&lt;</a>&nbsp;&nbsp;&nbsp;ProcCmdTAHDS
<LI><a href="#[b1058c]">&lt;&lt;</a>&nbsp;&nbsp;&nbsp;ProcCmdTAS
<LI><a href="#[b11864]">&lt;&lt;</a>&nbsp;&nbsp;&nbsp;ProCmdZ1VFD_
<LI><a href="#[b118e0]">&lt;&lt;</a>&nbsp;&nbsp;&nbsp;Rs232UpdateStreamType
<LI><a href="#[b11964]">&lt;&lt;</a>&nbsp;&nbsp;&nbsp;ProcCmdZ1VS_
<LI><a href="#[b119e0]">&lt;&lt;</a>&nbsp;&nbsp;&nbsp;ProcCmdZ1VBR_
<LI><a href="#[b11a5c]">&lt;&lt;</a>&nbsp;&nbsp;&nbsp;ProcCmdZ1VBL_
<LI><a href="#[b11ad8]">&lt;&lt;</a>&nbsp;&nbsp;&nbsp;ProcCmdZ1VSR_
<LI><a href="#[b11b54]">&lt;&lt;</a>&nbsp;&nbsp;&nbsp;ProcCmdZ1VSL_
<LI><a href="#[b11bd0]">&lt;&lt;</a>&nbsp;&nbsp;&nbsp;ProcCmdZ1VC_
<LI><a href="#[b11c4c]">&lt;&lt;</a>&nbsp;&nbsp;&nbsp;ProcCmdZ1VFR_
<LI><a href="#[b11cc8]">&lt;&lt;</a>&nbsp;&nbsp;&nbsp;ProcCmdZ1VFL_
<LI><a href="#[b11d44]">&lt;&lt;</a>&nbsp;&nbsp;&nbsp;ProcCmdZ1EMDEL
<LI><a href="#[b11dc0]">&lt;&lt;</a>&nbsp;&nbsp;&nbsp;ProcCmdZ1EMC
<LI><a href="#[b11e3c]">&lt;&lt;</a>&nbsp;&nbsp;&nbsp;ProcCmdZ1EMP
<LI><a href="#[b11eb8]">&lt;&lt;</a>&nbsp;&nbsp;&nbsp;ProcCmdZ1EMDIM
<LI><a href="#[b14bac]">&lt;&lt;</a>&nbsp;&nbsp;&nbsp;ProCmdZ2VFD_
<LI><a href="#[b14c28]">&lt;&lt;</a>&nbsp;&nbsp;&nbsp;ProcCmdZ2_
<LI><a href="#[b14d18]">&lt;&lt;</a>&nbsp;&nbsp;&nbsp;ProcCmdZ2V
<LI><a href="#[b14d90]">&lt;&lt;</a>&nbsp;&nbsp;&nbsp;ProcCmdZ2S
<LI><a href="#[b14e84]">&lt;&lt;</a>&nbsp;&nbsp;&nbsp;ProcCmdZ2P
<LI><a href="#[b154d0]">&lt;&lt;</a>&nbsp;&nbsp;&nbsp;ProcCmdZ1DF_
<LI><a href="#[b1554c]">&lt;&lt;</a>&nbsp;&nbsp;&nbsp;ProcCmdZ1VM
<LI><a href="#[b155c4]">&lt;&lt;</a>&nbsp;&nbsp;&nbsp;ProcCmdZ1EU
<LI><a href="#[b1563c]">&lt;&lt;</a>&nbsp;&nbsp;&nbsp;ProcCmdZ1E
<LI><a href="#[b156b4]">&lt;&lt;</a>&nbsp;&nbsp;&nbsp;ProcCmdZ1EX
<LI><a href="#[b157b0]">&lt;&lt;</a>&nbsp;&nbsp;&nbsp;ProcCmdZ1ES
<LI><a href="#[b15828]">&lt;&lt;</a>&nbsp;&nbsp;&nbsp;ProcCmdZ1EE
<LI><a href="#[b158a0]">&lt;&lt;</a>&nbsp;&nbsp;&nbsp;ProcCmdZ1EF
<LI><a href="#[b1599c]">&lt;&lt;</a>&nbsp;&nbsp;&nbsp;ProcCmdZ1ED
<LI><a href="#[b15a14]">&lt;&lt;</a>&nbsp;&nbsp;&nbsp;ProcCmdZ1D
<LI><a href="#[b15a8c]">&lt;&lt;</a>&nbsp;&nbsp;&nbsp;ProcCmdZ1C
<LI><a href="#[b15b04]">&lt;&lt;</a>&nbsp;&nbsp;&nbsp;ProcCmdZ1A_
<LI><a href="#[b15bf4]">&lt;&lt;</a>&nbsp;&nbsp;&nbsp;ProcCmdZ1P
<LI><a href="#[b15c6c]">&lt;&lt;</a>&nbsp;&nbsp;&nbsp;ProcCmdZ1S
<LI><a href="#[b15d60]">&lt;&lt;</a>&nbsp;&nbsp;&nbsp;ProcCmdZ1_
</UL>

<P><STRONG><a name="[f1a3bc]"></a>InitQueue</STRONG> (Thumb, 10 bytes, Stack size 0 bytes, queue.o(.text))
<BR><BR>[Called By]<UL><LI><a href="#[b424c0]">&lt;&lt;</a>&nbsp;&nbsp;&nbsp;Timer0_Handler
<LI><a href="#[101038c]">&lt;&lt;</a>&nbsp;&nbsp;&nbsp;Uart1Init
<LI><a href="#[10104fc]">&lt;&lt;</a>&nbsp;&nbsp;&nbsp;Uart0Init
</UL>

<P><STRONG><a name="[f1a340]"></a>IsQueueEmpty</STRONG> (Thumb, 36 bytes, Stack size 8 bytes, queue.o(.text))
<BR><BR>[Stack]<UL><LI>Max Depth = 8<LI>Call Chain = IsQueueEmpty</UL>
<BR>[Calls]<UL><LI><a href="#[118050c]">&gt;&gt;</a>&nbsp;&nbsp;&nbsp;__aeabi_idivmod (via Veneer)
</UL>
<BR>[Called By]<UL><LI><a href="#[a60390]">&lt;&lt;</a>&nbsp;&nbsp;&nbsp;C11Rs232
<LI><a href="#[f1a0e8]">&lt;&lt;</a>&nbsp;&nbsp;&nbsp;GetQueueElementNum
<LI><a href="#[f1a1dc]">&lt;&lt;</a>&nbsp;&nbsp;&nbsp;DeQueue
<LI><a href="#[fffb44]">&lt;&lt;</a>&nbsp;&nbsp;&nbsp;C11_Tuner_PSD_Change
<LI><a href="#[fffbc8]">&lt;&lt;</a>&nbsp;&nbsp;&nbsp;C11_Tuner_SIS_Change
</UL>

<P><STRONG><a name="[f1a2c8]"></a>IsQueueFull</STRONG> (Thumb, 38 bytes, Stack size 8 bytes, queue.o(.text))
<BR><BR>[Stack]<UL><LI>Max Depth = 8<LI>Call Chain = IsQueueFull</UL>
<BR>[Calls]<UL><LI><a href="#[118050c]">&gt;&gt;</a>&nbsp;&nbsp;&nbsp;__aeabi_idivmod (via Veneer)
</UL>
<BR>[Called By]<UL><LI><a href="#[f1a0e8]">&lt;&lt;</a>&nbsp;&nbsp;&nbsp;GetQueueElementNum
<LI><a href="#[f1a168]">&lt;&lt;</a>&nbsp;&nbsp;&nbsp;InQueue
</UL>

<P><STRONG><a name="[f1a250]"></a>QueueFront</STRONG> (Thumb, 8 bytes, Stack size 0 bytes, queue.o(.text), UNUSED)

<P><STRONG><a name="[f1a1dc]"></a>DeQueue</STRONG> (Thumb, 58 bytes, Stack size 16 bytes, queue.o(.text))
<BR><BR>[Stack]<UL><LI>Max Depth = 24<LI>Call Chain = DeQueue -> IsQueueEmpty</UL>
<BR>[Calls]<UL><LI><a href="#[f1a340]">&gt;&gt;</a>&nbsp;&nbsp;&nbsp;IsQueueEmpty
<LI><a href="#[118050c]">&gt;&gt;</a>&nbsp;&nbsp;&nbsp;__aeabi_idivmod (via Veneer)
</UL>
<BR>[Called By]<UL><LI><a href="#[a60390]">&lt;&lt;</a>&nbsp;&nbsp;&nbsp;C11Rs232
<LI><a href="#[fffb44]">&lt;&lt;</a>&nbsp;&nbsp;&nbsp;C11_Tuner_PSD_Change
<LI><a href="#[fffbc8]">&lt;&lt;</a>&nbsp;&nbsp;&nbsp;C11_Tuner_SIS_Change
</UL>

<P><STRONG><a name="[f1a168]"></a>InQueue</STRONG> (Thumb, 56 bytes, Stack size 16 bytes, queue.o(.text))
<BR><BR>[Stack]<UL><LI>Max Depth = 24<LI>Call Chain = InQueue -> IsQueueFull</UL>
<BR>[Calls]<UL><LI><a href="#[f1a2c8]">&gt;&gt;</a>&nbsp;&nbsp;&nbsp;IsQueueFull
<LI><a href="#[118050c]">&gt;&gt;</a>&nbsp;&nbsp;&nbsp;__aeabi_idivmod (via Veneer)
</UL>
<BR>[Called By]<UL><LI><a href="#[1010484]">&lt;&lt;</a>&nbsp;&nbsp;&nbsp;Uart1Isr (via Veneer)
<LI><a href="#[10105f4]">&lt;&lt;</a>&nbsp;&nbsp;&nbsp;Uart0Isr (via Veneer)
</UL>

<P><STRONG><a name="[f1a0e8]"></a>GetQueueElementNum</STRONG> (Thumb, 80 bytes, Stack size 8 bytes, queue.o(.text), UNUSED)
<BR><BR>[Calls]<UL><LI><a href="#[f1a2c8]">&gt;&gt;</a>&nbsp;&nbsp;&nbsp;IsQueueFull
<LI><a href="#[f1a340]">&gt;&gt;</a>&nbsp;&nbsp;&nbsp;IsQueueEmpty
</UL>
<BR>[Called By]<UL><LI><a href="#[f1a064]">&lt;&lt;</a>&nbsp;&nbsp;&nbsp;GetQueueElementRemain
</UL>

<P><STRONG><a name="[f1a064]"></a>GetQueueElementRemain</STRONG> (Thumb, 22 bytes, Stack size 8 bytes, queue.o(.text), UNUSED)
<BR><BR>[Calls]<UL><LI><a href="#[f1a0e8]">&gt;&gt;</a>&nbsp;&nbsp;&nbsp;GetQueueElementNum
</UL>

<P><STRONG><a name="[f19fe8]"></a>GetQueueElement</STRONG> (Thumb, 48 bytes, Stack size 40 bytes, queue.o(.text), UNUSED)
<BR><BR>[Calls]<UL><LI><a href="#[118050c]">&gt;&gt;</a>&nbsp;&nbsp;&nbsp;__aeabi_idivmod (via Veneer)
</UL>

<P><STRONG><a name="[f16860]"></a>SetDspPower</STRONG> (Thumb, 18 bytes, Stack size 8 bytes, c11_msg_handler.o(.text))
<BR><BR>[Stack]<UL><LI>Max Depth = 84<LI>Call Chain = SetDspPower -> DspProcPower -> DspMasterBoot -> CheckDspMessage -> DspSpiReadNByte -> ReadByteDsp -> SenseDspIrq</UL>
<BR>[Calls]<UL><LI><a href="#[f16410]">&gt;&gt;</a>&nbsp;&nbsp;&nbsp;DspProcPower
</UL>
<BR>[Called By]<UL><LI><a href="#[b0e838]">&lt;&lt;</a>&nbsp;&nbsp;&nbsp;RadioInit
<LI><a href="#[f50330]">&lt;&lt;</a>&nbsp;&nbsp;&nbsp;lpcm_20_config
<LI><a href="#[fd0d08]">&lt;&lt;</a>&nbsp;&nbsp;&nbsp;ProcZone1PowerOff
<LI><a href="#[fd0e84]">&lt;&lt;</a>&nbsp;&nbsp;&nbsp;SeekSelect
<LI><a href="#[fd135c]">&lt;&lt;</a>&nbsp;&nbsp;&nbsp;SelectSource
<LI><a href="#[fff9c8]">&lt;&lt;</a>&nbsp;&nbsp;&nbsp;RadioKeyService
<LI><a href="#[fffe40]">&lt;&lt;</a>&nbsp;&nbsp;&nbsp;RadioChangeMode
<LI><a href="#[1035e00]">&lt;&lt;</a>&nbsp;&nbsp;&nbsp;ProcAutodetecResponse
<LI><a href="#[10915e0]">&lt;&lt;</a>&nbsp;&nbsp;&nbsp;DspSpiWriteNByte
<LI><a href="#[1098100]">&lt;&lt;</a>&nbsp;&nbsp;&nbsp;HDMI_Loop
</UL>

<P><STRONG><a name="[f167e8]"></a>SetDspDelay</STRONG> (Thumb, 22 bytes, Stack size 16 bytes, c11_msg_handler.o(.text))
<BR><BR>[Stack]<UL><LI>Max Depth = 172<LI>Call Chain = SetDspDelay -> DspProcDelay -> DSP_Delay_Channel_Setting -> DspSpiWriteNByte -> SetDspPower -> DspProcPower -> DspMasterBoot -> CheckDspMessage -> DspSpiReadNByte -> ReadByteDsp -> SenseDspIrq</UL>
<BR>[Calls]<UL><LI><a href="#[f16504]">&gt;&gt;</a>&nbsp;&nbsp;&nbsp;DspProcDelay
</UL>
<BR>[Called By]<UL><LI><a href="#[fbb85c]">&lt;&lt;</a>&nbsp;&nbsp;&nbsp;SetSpkDistance
</UL>

<P><STRONG><a name="[f1676c]"></a>SetDspCorner</STRONG> (Thumb, 22 bytes, Stack size 16 bytes, c11_msg_handler.o(.text))
<BR><BR>[Stack]<UL><LI>Max Depth = 384<LI>Call Chain = SetDspCorner -> DspProcCorner -> SetBassManagerSpeaker -> C11SetBass -> DSP_BASS_X_INPUT_LEVEL_BACK -> ConvertDbValue -> pow -> __kernel_poly -> __aeabi_dmul</UL>
<BR>[Calls]<UL><LI><a href="#[f16580]">&gt;&gt;</a>&nbsp;&nbsp;&nbsp;DspProcCorner
</UL>
<BR>[Called By]<UL><LI><a href="#[f22248]">&lt;&lt;</a>&nbsp;&nbsp;&nbsp;SpkCrossoverSetup
</UL>

<P><STRONG><a name="[f166f0]"></a>SetDspSpkMode</STRONG> (Thumb, 22 bytes, Stack size 16 bytes, c11_msg_handler.o(.text))
<BR><BR>[Stack]<UL><LI>Max Depth = 384<LI>Call Chain = SetDspSpkMode -> DspProcSpkMode -> SetBassManagerSpeaker -> C11SetBass -> DSP_BASS_X_INPUT_LEVEL_BACK -> ConvertDbValue -> pow -> __kernel_poly -> __aeabi_dmul</UL>
<BR>[Calls]<UL><LI><a href="#[f16318]">&gt;&gt;</a>&nbsp;&nbsp;&nbsp;DspProcSpkMode
</UL>
<BR>[Called By]<UL><LI><a href="#[b13274]">&lt;&lt;</a>&nbsp;&nbsp;&nbsp;ProcCmdMSZS
<LI><a href="#[b132ec]">&lt;&lt;</a>&nbsp;&nbsp;&nbsp;ProcCmdMSZC
<LI><a href="#[b13364]">&lt;&lt;</a>&nbsp;&nbsp;&nbsp;ProcCmdMSZSBR
<LI><a href="#[b133e0]">&lt;&lt;</a>&nbsp;&nbsp;&nbsp;ProcCmdMSZSBL
<LI><a href="#[b1345c]">&lt;&lt;</a>&nbsp;&nbsp;&nbsp;ProcCmdMSZSR
<LI><a href="#[b134d8]">&lt;&lt;</a>&nbsp;&nbsp;&nbsp;ProcCmdMSZSL
<LI><a href="#[b13554]">&lt;&lt;</a>&nbsp;&nbsp;&nbsp;ProcCmdMSZR
<LI><a href="#[b135cc]">&lt;&lt;</a>&nbsp;&nbsp;&nbsp;ProcCmdMSZL
<LI><a href="#[b13f70]">&lt;&lt;</a>&nbsp;&nbsp;&nbsp;ProcCmdSZS
<LI><a href="#[b13fe8]">&lt;&lt;</a>&nbsp;&nbsp;&nbsp;ProcCmdSZC
<LI><a href="#[b14060]">&lt;&lt;</a>&nbsp;&nbsp;&nbsp;ProcCmdSZSBR
<LI><a href="#[b140dc]">&lt;&lt;</a>&nbsp;&nbsp;&nbsp;ProcCmdSZSBL
<LI><a href="#[b14158]">&lt;&lt;</a>&nbsp;&nbsp;&nbsp;ProcCmdSZSR
<LI><a href="#[b141d0]">&lt;&lt;</a>&nbsp;&nbsp;&nbsp;ProcCmdSZSL
<LI><a href="#[b14248]">&lt;&lt;</a>&nbsp;&nbsp;&nbsp;ProcCmdSZR
<LI><a href="#[b142c0]">&lt;&lt;</a>&nbsp;&nbsp;&nbsp;ProcCmdSZL
<LI><a href="#[f222c8]">&lt;&lt;</a>&nbsp;&nbsp;&nbsp;SpkConfigSetup
</UL>

<P><STRONG><a name="[f16674]"></a>SetDspSignal</STRONG> (Thumb, 26 bytes, Stack size 16 bytes, c11_msg_handler.o(.text))
<BR><BR>[Stack]<UL><LI>Max Depth = 172<LI>Call Chain = SetDspSignal -> DspProcSignal -> DSP_SGEN_ENABLE -> DSPFirmwareWrite -> DspSpiWriteNByte -> SetDspPower -> DspProcPower -> DspMasterBoot -> CheckDspMessage -> DspSpiReadNByte -> ReadByteDsp -> SenseDspIrq</UL>
<BR>[Calls]<UL><LI><a href="#[f16394]">&gt;&gt;</a>&nbsp;&nbsp;&nbsp;DspProcSignal
</UL>
<BR>[Called By]<UL><LI><a href="#[f22344]">&lt;&lt;</a>&nbsp;&nbsp;&nbsp;SpkBlanceTestMode
<LI><a href="#[fbb7d8]">&lt;&lt;</a>&nbsp;&nbsp;&nbsp;SetBalanceTestSignal
</UL>

<P><STRONG><a name="[f165fc]"></a>SetDspIrc</STRONG> (Thumb, 22 bytes, Stack size 16 bytes, c11_msg_handler.o(.text))
<BR><BR>[Stack]<UL><LI>Max Depth = 180<LI>Call Chain = SetDspIrc -> DspProcIrc -> InitMicParameter -> DSPFirmwareWrite -> DspSpiWriteNByte -> SetDspPower -> DspProcPower -> DspMasterBoot -> CheckDspMessage -> DspSpiReadNByte -> ReadByteDsp -> SenseDspIrq</UL>
<BR>[Calls]<UL><LI><a href="#[f1648c]">&gt;&gt;</a>&nbsp;&nbsp;&nbsp;DspProcIrc
</UL>
<BR>[Called By]<UL><LI><a href="#[ff2ecc]">&lt;&lt;</a>&nbsp;&nbsp;&nbsp;ASProcSetRoomEQ
<LI><a href="#[ff2f48]">&lt;&lt;</a>&nbsp;&nbsp;&nbsp;ASProcSetCrossoverPoints
<LI><a href="#[ff3044]">&lt;&lt;</a>&nbsp;&nbsp;&nbsp;ASProcSetBalance
<LI><a href="#[ff3144]">&lt;&lt;</a>&nbsp;&nbsp;&nbsp;ASProcSpeakerCheck
</UL>

<P><STRONG><a name="[f2da68]"></a>HeadphoneDetect</STRONG> (Thumb, 154 bytes, Stack size 8 bytes, key_task.o(.text))
<BR><BR>[Stack]<UL><LI>Max Depth = 56<LI>Call Chain = HeadphoneDetect -> MsgSetKey -> SendMessage -> IsMsgQueueFull</UL>
<BR>[Calls]<UL><LI><a href="#[f2d8f4]">&gt;&gt;</a>&nbsp;&nbsp;&nbsp;MsgSetKey
</UL>
<BR>[Called By]<UL><LI><a href="#[f2ecec]">&lt;&lt;</a>&nbsp;&nbsp;&nbsp;read_key
</UL>

<P><STRONG><a name="[f2d9e4]"></a>GetEncoderSwitchThread</STRONG> (Thumb, 378 bytes, Stack size 8 bytes, key_task.o(.text))
<BR><BR>[Stack]<UL><LI>Max Depth = 8<LI>Call Chain = GetEncoderSwitchThread</UL>
<BR>[Calls]<UL><LI><a href="#[f2d7ec]">&gt;&gt;</a>&nbsp;&nbsp;&nbsp;SenseEncoderSwitchPlus
<LI><a href="#[f2d870]">&gt;&gt;</a>&nbsp;&nbsp;&nbsp;SenseEncoderSwitchMinus
</UL>
<BR>[Called By]<UL><LI><a href="#[b424c0]">&lt;&lt;</a>&nbsp;&nbsp;&nbsp;Timer0_Handler
</UL>

<P><STRONG><a name="[f2d96c]"></a>key_task</STRONG> (Thumb, 168 bytes, Stack size 8 bytes, key_task.o(.text))
<BR><BR>[Stack]<UL><LI>Max Depth = 96<LI>Call Chain = key_task -> GetPanelKeyThread -> read_key -> HeadphoneDetect -> MsgSetKey -> SendMessage -> IsMsgQueueFull</UL>
<BR>[Calls]<UL><LI><a href="#[f2d8f4]">&gt;&gt;</a>&nbsp;&nbsp;&nbsp;MsgSetKey
<LI><a href="#[f2eb74]">&gt;&gt;</a>&nbsp;&nbsp;&nbsp;GetPanelKeyThread
</UL>
<BR>[Called By]<UL><LI><a href="#[b424c0]">&lt;&lt;</a>&nbsp;&nbsp;&nbsp;Timer0_Handler
</UL>

<P><STRONG><a name="[a600b4]"></a>InitMsgQueue</STRONG> (Thumb, 16 bytes, Stack size 0 bytes, message.o(.text))
<BR><BR>[Called By]<UL><LI><a href="#[a60488]">&lt;&lt;</a>&nbsp;&nbsp;&nbsp;main
</UL>

<P><STRONG><a name="[b2210c]"></a>PostMessage</STRONG> (Thumb, 88 bytes, Stack size 16 bytes, message.o(.text), UNUSED)
<BR><BR>[Calls]<UL><LI><a href="#[b22848]">&gt;&gt;</a>&nbsp;&nbsp;&nbsp;IsMsgQueueFull
<LI><a href="#[103bf64]">&gt;&gt;</a>&nbsp;&nbsp;&nbsp;__aeabi_memcpy (via Veneer)
<LI><a href="#[118050c]">&gt;&gt;</a>&nbsp;&nbsp;&nbsp;__aeabi_idivmod (via Veneer)
</UL>

<P><STRONG><a name="[b22094]"></a>SendMessage</STRONG> (Thumb, 86 bytes, Stack size 16 bytes, message.o(.text))
<BR><BR>[Stack]<UL><LI>Max Depth = 24<LI>Call Chain = SendMessage -> IsMsgQueueFull</UL>
<BR>[Calls]<UL><LI><a href="#[b22848]">&gt;&gt;</a>&nbsp;&nbsp;&nbsp;IsMsgQueueFull
<LI><a href="#[103bf64]">&gt;&gt;</a>&nbsp;&nbsp;&nbsp;__aeabi_memcpy (via Veneer)
<LI><a href="#[118050c]">&gt;&gt;</a>&nbsp;&nbsp;&nbsp;__aeabi_idivmod (via Veneer)
</UL>
<BR>[Called By]<UL><LI><a href="#[b0e99c]">&lt;&lt;</a>&nbsp;&nbsp;&nbsp;MsgSetVolume
<LI><a href="#[b0ea18]">&lt;&lt;</a>&nbsp;&nbsp;&nbsp;MsgSetVfdShow
<LI><a href="#[b0ea94]">&lt;&lt;</a>&nbsp;&nbsp;&nbsp;MsgSetRadioSearch
<LI><a href="#[b0eb14]">&lt;&lt;</a>&nbsp;&nbsp;&nbsp;MsgSetRadioLoadPreset
<LI><a href="#[b0eb98]">&lt;&lt;</a>&nbsp;&nbsp;&nbsp;MsgSetRadioFreq
<LI><a href="#[b0ec14]">&lt;&lt;</a>&nbsp;&nbsp;&nbsp;MsgSetPower
<LI><a href="#[b0ec8c]">&lt;&lt;</a>&nbsp;&nbsp;&nbsp;MsgSetMute
<LI><a href="#[b0ed04]">&lt;&lt;</a>&nbsp;&nbsp;&nbsp;MsgSetInputSource
<LI><a href="#[b0ed84]">&lt;&lt;</a>&nbsp;&nbsp;&nbsp;MsgSetDimer
<LI><a href="#[f2d8f4]">&lt;&lt;</a>&nbsp;&nbsp;&nbsp;MsgSetKey
<LI><a href="#[fb5e00]">&lt;&lt;</a>&nbsp;&nbsp;&nbsp;MsgSetFlash
<LI><a href="#[fd16c4]">&lt;&lt;</a>&nbsp;&nbsp;&nbsp;MsgSetSoftMute
<LI><a href="#[fd1740]">&lt;&lt;</a>&nbsp;&nbsp;&nbsp;MsgSetDspChannel
<LI><a href="#[fd17c0]">&lt;&lt;</a>&nbsp;&nbsp;&nbsp;MsgSetDSPHDMISetting
<LI><a href="#[fd1844]">&lt;&lt;</a>&nbsp;&nbsp;&nbsp;MsgSetDSPSetting
<LI><a href="#[fd18c4]">&lt;&lt;</a>&nbsp;&nbsp;&nbsp;MsgSetStream
<LI><a href="#[ff3528]">&lt;&lt;</a>&nbsp;&nbsp;&nbsp;MsgSetIrc
<LI><a href="#[1000138]">&lt;&lt;</a>&nbsp;&nbsp;&nbsp;MsgSetRadioSavePreset
<LI><a href="#[10001bc]">&lt;&lt;</a>&nbsp;&nbsp;&nbsp;MsgTextDisplay
</UL>

<P><STRONG><a name="[a60228]"></a>GetMessage</STRONG> (Thumb, 68 bytes, Stack size 8 bytes, message.o(.text))
<BR><BR>[Stack]<UL><LI>Max Depth = 8<LI>Call Chain = GetMessage</UL>
<BR>[Calls]<UL><LI><a href="#[b228c4]">&gt;&gt;</a>&nbsp;&nbsp;&nbsp;IsMsgQueueEmpty
<LI><a href="#[103bf64]">&gt;&gt;</a>&nbsp;&nbsp;&nbsp;__aeabi_memcpy (via Veneer)
<LI><a href="#[118050c]">&gt;&gt;</a>&nbsp;&nbsp;&nbsp;__aeabi_idivmod (via Veneer)
</UL>
<BR>[Called By]<UL><LI><a href="#[a60488]">&lt;&lt;</a>&nbsp;&nbsp;&nbsp;main
</UL>

<P><STRONG><a name="[b15fd8]"></a>GetProtocolFloatValue</STRONG> (Thumb, 180 bytes, Stack size 32 bytes, rs232_protocol.o(.text))
<BR><BR>[Stack]<UL><LI>Max Depth = 36<LI>Call Chain = GetProtocolFloatValue -> __aeabi_fdiv</UL>
<BR>[Calls]<UL><LI><a href="#[1174200]">&gt;&gt;</a>&nbsp;&nbsp;&nbsp;__aeabi_fmul (via Veneer)
<LI><a href="#[1174a2c]">&gt;&gt;</a>&nbsp;&nbsp;&nbsp;__aeabi_i2f (via Veneer)
<LI><a href="#[1176c98]">&gt;&gt;</a>&nbsp;&nbsp;&nbsp;__aeabi_fdiv (via Veneer)
<LI><a href="#[1177ea8]">&gt;&gt;</a>&nbsp;&nbsp;&nbsp;__aeabi_fadd (via Veneer)
</UL>
<BR>[Called By]<UL><LI><a href="#[b10234]">&lt;&lt;</a>&nbsp;&nbsp;&nbsp;ProcCmdASAVD
<LI><a href="#[b1041c]">&lt;&lt;</a>&nbsp;&nbsp;&nbsp;ProcCmdTAHDF
<LI><a href="#[b10498]">&lt;&lt;</a>&nbsp;&nbsp;&nbsp;ProcCmdTAF
<LI><a href="#[b10510]">&lt;&lt;</a>&nbsp;&nbsp;&nbsp;ProcCmdTAHDS
<LI><a href="#[b1058c]">&lt;&lt;</a>&nbsp;&nbsp;&nbsp;ProcCmdTAS
<LI><a href="#[b106fc]">&lt;&lt;</a>&nbsp;&nbsp;&nbsp;ProcCmdTFHDP
<LI><a href="#[b10778]">&lt;&lt;</a>&nbsp;&nbsp;&nbsp;ProcCmdTFP
<LI><a href="#[b107f0]">&lt;&lt;</a>&nbsp;&nbsp;&nbsp;ProcCmdTAHDP
<LI><a href="#[b1086c]">&lt;&lt;</a>&nbsp;&nbsp;&nbsp;ProcCmdTAP
<LI><a href="#[b108e4]">&lt;&lt;</a>&nbsp;&nbsp;&nbsp;ProcCmdTFHDT
<LI><a href="#[b10960]">&lt;&lt;</a>&nbsp;&nbsp;&nbsp;ProcCmdTFT
<LI><a href="#[b109d8]">&lt;&lt;</a>&nbsp;&nbsp;&nbsp;ProcCmdTAHDT
<LI><a href="#[b10a54]">&lt;&lt;</a>&nbsp;&nbsp;&nbsp;ProcCmdTAT
<LI><a href="#[b10fa4]">&lt;&lt;</a>&nbsp;&nbsp;&nbsp;ProcCmdZ1SAL8
<LI><a href="#[b11020]">&lt;&lt;</a>&nbsp;&nbsp;&nbsp;ProcCmdZ1SAL7
<LI><a href="#[b1109c]">&lt;&lt;</a>&nbsp;&nbsp;&nbsp;ProcCmdZ1SAL6
<LI><a href="#[b11118]">&lt;&lt;</a>&nbsp;&nbsp;&nbsp;ProcCmdZ1SAL5
<LI><a href="#[b11194]">&lt;&lt;</a>&nbsp;&nbsp;&nbsp;ProcCmdZ1SAL4
<LI><a href="#[b11210]">&lt;&lt;</a>&nbsp;&nbsp;&nbsp;ProcCmdZ1SAL3
<LI><a href="#[b1128c]">&lt;&lt;</a>&nbsp;&nbsp;&nbsp;ProcCmdZ1SAL2
<LI><a href="#[b11308]">&lt;&lt;</a>&nbsp;&nbsp;&nbsp;ProcCmdZ1SAL1
<LI><a href="#[b12314]">&lt;&lt;</a>&nbsp;&nbsp;&nbsp;ProcCmdMZ1EQSW
<LI><a href="#[b12390]">&lt;&lt;</a>&nbsp;&nbsp;&nbsp;ProcCmdMZ1EQSL
<LI><a href="#[b1240c]">&lt;&lt;</a>&nbsp;&nbsp;&nbsp;ProcCmdMZ1EQBSL
<LI><a href="#[b12488]">&lt;&lt;</a>&nbsp;&nbsp;&nbsp;ProcCmdMZ1EQBSR
<LI><a href="#[b12504]">&lt;&lt;</a>&nbsp;&nbsp;&nbsp;ProcCmdMZ1EQSR
<LI><a href="#[b12580]">&lt;&lt;</a>&nbsp;&nbsp;&nbsp;ProcCmdMZ1EQR
<LI><a href="#[b125fc]">&lt;&lt;</a>&nbsp;&nbsp;&nbsp;ProcCmdMZ1EQC
<LI><a href="#[b12678]">&lt;&lt;</a>&nbsp;&nbsp;&nbsp;ProcCmdMZ1EQL
<LI><a href="#[b126f4]">&lt;&lt;</a>&nbsp;&nbsp;&nbsp;ProcCmdMSZX
<LI><a href="#[b1276c]">&lt;&lt;</a>&nbsp;&nbsp;&nbsp;ProcCmdMSZXSL
<LI><a href="#[b127e8]">&lt;&lt;</a>&nbsp;&nbsp;&nbsp;ProcCmdMSZXSBL
<LI><a href="#[b12864]">&lt;&lt;</a>&nbsp;&nbsp;&nbsp;ProcCmdMSZXSBR
<LI><a href="#[b128e0]">&lt;&lt;</a>&nbsp;&nbsp;&nbsp;ProcCmdMSZXSR
<LI><a href="#[b1295c]">&lt;&lt;</a>&nbsp;&nbsp;&nbsp;ProcCmdMSZXFR
<LI><a href="#[b129d8]">&lt;&lt;</a>&nbsp;&nbsp;&nbsp;ProcCmdMSZXFC
<LI><a href="#[b12a54]">&lt;&lt;</a>&nbsp;&nbsp;&nbsp;ProcCmdMSZXFL
<LI><a href="#[b12ad0]">&lt;&lt;</a>&nbsp;&nbsp;&nbsp;ProcCmdMSLSW
<LI><a href="#[b12b4c]">&lt;&lt;</a>&nbsp;&nbsp;&nbsp;ProcCmdMSLBL
<LI><a href="#[b12bc8]">&lt;&lt;</a>&nbsp;&nbsp;&nbsp;ProcCmdMSLBR
<LI><a href="#[b12c44]">&lt;&lt;</a>&nbsp;&nbsp;&nbsp;ProcCmdMSLSL
<LI><a href="#[b12cc0]">&lt;&lt;</a>&nbsp;&nbsp;&nbsp;ProcCmdMSLSR
<LI><a href="#[b12d3c]">&lt;&lt;</a>&nbsp;&nbsp;&nbsp;ProcCmdMSLR
<LI><a href="#[b12db4]">&lt;&lt;</a>&nbsp;&nbsp;&nbsp;ProcCmdMSLC
<LI><a href="#[b12e2c]">&lt;&lt;</a>&nbsp;&nbsp;&nbsp;ProcCmdMSLL
<LI><a href="#[b12ea4]">&lt;&lt;</a>&nbsp;&nbsp;&nbsp;ProcCmdMSPs
<LI><a href="#[b12f1c]">&lt;&lt;</a>&nbsp;&nbsp;&nbsp;ProcCmdMSPBL
<LI><a href="#[b12f98]">&lt;&lt;</a>&nbsp;&nbsp;&nbsp;ProcCmdMSPBR
<LI><a href="#[b13014]">&lt;&lt;</a>&nbsp;&nbsp;&nbsp;ProcCmdMSPSL
<LI><a href="#[b13090]">&lt;&lt;</a>&nbsp;&nbsp;&nbsp;ProcCmdMSPSR
<LI><a href="#[b1310c]">&lt;&lt;</a>&nbsp;&nbsp;&nbsp;ProcCmdMSPR
<LI><a href="#[b13184]">&lt;&lt;</a>&nbsp;&nbsp;&nbsp;ProcCmdMSPC
<LI><a href="#[b131fc]">&lt;&lt;</a>&nbsp;&nbsp;&nbsp;ProcCmdMSPL
<LI><a href="#[b13a94]">&lt;&lt;</a>&nbsp;&nbsp;&nbsp;ProcCmdSZX
<LI><a href="#[b13b0c]">&lt;&lt;</a>&nbsp;&nbsp;&nbsp;ProcCmdSZXSBL
<LI><a href="#[b13b88]">&lt;&lt;</a>&nbsp;&nbsp;&nbsp;ProcCmdSZXSBR
<LI><a href="#[b13c04]">&lt;&lt;</a>&nbsp;&nbsp;&nbsp;ProcCmdSZXSL
<LI><a href="#[b13c80]">&lt;&lt;</a>&nbsp;&nbsp;&nbsp;ProcCmdSZXSR
<LI><a href="#[b13cfc]">&lt;&lt;</a>&nbsp;&nbsp;&nbsp;ProcCmdSZXFR
<LI><a href="#[b13d78]">&lt;&lt;</a>&nbsp;&nbsp;&nbsp;ProcCmdSZXFC
<LI><a href="#[b13df4]">&lt;&lt;</a>&nbsp;&nbsp;&nbsp;ProcCmdSZXFL
<LI><a href="#[b14338]">&lt;&lt;</a>&nbsp;&nbsp;&nbsp;ProcCmdSPs
<LI><a href="#[b143b0]">&lt;&lt;</a>&nbsp;&nbsp;&nbsp;ProcCmdSPBL
<LI><a href="#[b14428]">&lt;&lt;</a>&nbsp;&nbsp;&nbsp;ProcCmdSPBR
<LI><a href="#[b144a0]">&lt;&lt;</a>&nbsp;&nbsp;&nbsp;ProcCmdSPSL
<LI><a href="#[b14518]">&lt;&lt;</a>&nbsp;&nbsp;&nbsp;ProcCmdSPSR
<LI><a href="#[b14590]">&lt;&lt;</a>&nbsp;&nbsp;&nbsp;ProcCmdSPR
<LI><a href="#[b14608]">&lt;&lt;</a>&nbsp;&nbsp;&nbsp;ProcCmdSPC
<LI><a href="#[b14680]">&lt;&lt;</a>&nbsp;&nbsp;&nbsp;ProcCmdSPL
<LI><a href="#[b14774]">&lt;&lt;</a>&nbsp;&nbsp;&nbsp;ProcCmdSLSW
<LI><a href="#[b147ec]">&lt;&lt;</a>&nbsp;&nbsp;&nbsp;ProcCmdSLBL
<LI><a href="#[b14864]">&lt;&lt;</a>&nbsp;&nbsp;&nbsp;ProcCmdSLBR
<LI><a href="#[b148dc]">&lt;&lt;</a>&nbsp;&nbsp;&nbsp;ProcCmdSLSL
<LI><a href="#[b14954]">&lt;&lt;</a>&nbsp;&nbsp;&nbsp;ProcCmdSLSR
<LI><a href="#[b149cc]">&lt;&lt;</a>&nbsp;&nbsp;&nbsp;ProcCmdSLR
<LI><a href="#[b14a44]">&lt;&lt;</a>&nbsp;&nbsp;&nbsp;ProcCmdSLC
<LI><a href="#[b14abc]">&lt;&lt;</a>&nbsp;&nbsp;&nbsp;ProcCmdSLL
<LI><a href="#[b14d18]">&lt;&lt;</a>&nbsp;&nbsp;&nbsp;ProcCmdZ2V
<LI><a href="#[b14f74]">&lt;&lt;</a>&nbsp;&nbsp;&nbsp;ProcCmdZ1EQSW
<LI><a href="#[b14ff0]">&lt;&lt;</a>&nbsp;&nbsp;&nbsp;ProcCmdZ1EQSL
<LI><a href="#[b1506c]">&lt;&lt;</a>&nbsp;&nbsp;&nbsp;ProcCmdZ1EQBSL
<LI><a href="#[b150e8]">&lt;&lt;</a>&nbsp;&nbsp;&nbsp;ProcCmdZ1EQBSR
<LI><a href="#[b15164]">&lt;&lt;</a>&nbsp;&nbsp;&nbsp;ProcCmdZ1EQSR
<LI><a href="#[b151e0]">&lt;&lt;</a>&nbsp;&nbsp;&nbsp;ProcCmdZ1EQR
<LI><a href="#[b1525c]">&lt;&lt;</a>&nbsp;&nbsp;&nbsp;ProcCmdZ1EQC
<LI><a href="#[b152d8]">&lt;&lt;</a>&nbsp;&nbsp;&nbsp;ProcCmdZ1EQL
<LI><a href="#[b1554c]">&lt;&lt;</a>&nbsp;&nbsp;&nbsp;ProcCmdZ1VM
</UL>

<P><STRONG><a name="[b15f54]"></a>IsProtocolStringValid</STRONG> (Thumb, 48 bytes, Stack size 0 bytes, rs232_protocol.o(.text))
<BR><BR>[Called By]<UL><LI><a href="#[b10140]">&lt;&lt;</a>&nbsp;&nbsp;&nbsp;ProcCmdASRSN
<LI><a href="#[b14b34]">&lt;&lt;</a>&nbsp;&nbsp;&nbsp;ProcCmdRSN
</UL>

<P><STRONG><a name="[b15edc]"></a>ProcCmdSPU</STRONG> (Thumb, 6 bytes, Stack size 0 bytes, rs232_protocol.o(.text))
<BR>[Address Reference Count : 1]<UL><LI> rs232_protocol.o(.constdata)
</UL>
<P><STRONG><a name="[b15e58]"></a>GetCurrentDecodeStatus</STRONG> (Thumb, 68 bytes, Stack size 0 bytes, rs232_protocol.o(.text))
<BR><BR>[Called By]<UL><LI><a href="#[b15d60]">&lt;&lt;</a>&nbsp;&nbsp;&nbsp;ProcCmdZ1_
</UL>

<P><STRONG><a name="[b15dd8]"></a>GetPcmDecodeMode</STRONG> (Thumb, 126 bytes, Stack size 4 bytes, rs232_protocol.o(.text))
<BR><BR>[Stack]<UL><LI>Max Depth = 4<LI>Call Chain = GetPcmDecodeMode</UL>
<BR>[Calls]<UL><LI><a href="#[1171970]">&gt;&gt;</a>&nbsp;&nbsp;&nbsp;__ARM_switch8 (via Veneer)
</UL>
<BR>[Called By]<UL><LI><a href="#[b155c4]">&lt;&lt;</a>&nbsp;&nbsp;&nbsp;ProcCmdZ1EU
<LI><a href="#[b1563c]">&lt;&lt;</a>&nbsp;&nbsp;&nbsp;ProcCmdZ1E
<LI><a href="#[b15d60]">&lt;&lt;</a>&nbsp;&nbsp;&nbsp;ProcCmdZ1_
</UL>

<P><STRONG><a name="[b15d60]"></a>ProcCmdZ1_</STRONG> (Thumb, 62 bytes, Stack size 24 bytes, rs232_protocol.o(.text))
<BR><BR>[Stack]<UL><LI>Max Depth = 672 + Unknown Stack Size
<LI>Call Chain = ProcCmdZ1_ -> rs232_printf -> vsprintf -> _printf_char_common -> __printf -> _printf_fp_dec -> _printf_fp_dec_real -> _fp_display -> _fp_digits -> _btod_etento -> _btod_emul -> _e2e</UL>
<BR>[Calls]<UL><LI><a href="#[b15dd8]">&gt;&gt;</a>&nbsp;&nbsp;&nbsp;GetPcmDecodeMode
<LI><a href="#[b15e58]">&gt;&gt;</a>&nbsp;&nbsp;&nbsp;GetCurrentDecodeStatus
<LI><a href="#[f1e4b0]">&gt;&gt;</a>&nbsp;&nbsp;&nbsp;rs232_printf
</UL>
<BR>[Address Reference Count : 1]<UL><LI> rs232_protocol.o(.constdata)
</UL>
<P><STRONG><a name="[b15ce4]"></a>GetZone1Channel</STRONG> (Thumb, 158 bytes, Stack size 8 bytes, rs232_protocol.o(.text))
<BR><BR>[Stack]<UL><LI>Max Depth = 8<LI>Call Chain = GetZone1Channel</UL>
<BR>[Calls]<UL><LI><a href="#[b0f358]">&gt;&gt;</a>&nbsp;&nbsp;&nbsp;GetCurFocusTid
<LI><a href="#[1171970]">&gt;&gt;</a>&nbsp;&nbsp;&nbsp;__ARM_switch8 (via Veneer)
</UL>
<BR>[Called By]<UL><LI><a href="#[b15c6c]">&lt;&lt;</a>&nbsp;&nbsp;&nbsp;ProcCmdZ1S
</UL>

<P><STRONG><a name="[b15c6c]"></a>ProcCmdZ1S</STRONG> (Thumb, 272 bytes, Stack size 16 bytes, rs232_protocol.o(.text))
<BR><BR>[Stack]<UL><LI>Max Depth = 664 + Unknown Stack Size
<LI>Call Chain = ProcCmdZ1S -> rs232_printf -> vsprintf -> _printf_char_common -> __printf -> _printf_fp_dec -> _printf_fp_dec_real -> _fp_display -> _fp_digits -> _btod_etento -> _btod_emul -> _e2e</UL>
<BR>[Calls]<UL><LI><a href="#[b0e838]">&gt;&gt;</a>&nbsp;&nbsp;&nbsp;RadioInit
<LI><a href="#[b0e8b0]">&gt;&gt;</a>&nbsp;&nbsp;&nbsp;RadioExit
<LI><a href="#[b0ed04]">&gt;&gt;</a>&nbsp;&nbsp;&nbsp;MsgSetInputSource
<LI><a href="#[b0f358]">&gt;&gt;</a>&nbsp;&nbsp;&nbsp;GetCurFocusTid
<LI><a href="#[b15ce4]">&gt;&gt;</a>&nbsp;&nbsp;&nbsp;GetZone1Channel
<LI><a href="#[f1e4b0]">&gt;&gt;</a>&nbsp;&nbsp;&nbsp;rs232_printf
<LI><a href="#[1171970]">&gt;&gt;</a>&nbsp;&nbsp;&nbsp;__ARM_switch8 (via Veneer)
</UL>
<BR>[Address Reference Count : 1]<UL><LI> rs232_protocol.o(.constdata)
</UL>
<P><STRONG><a name="[b15bf4]"></a>ProcCmdZ1P</STRONG> (Thumb, 86 bytes, Stack size 16 bytes, rs232_protocol.o(.text))
<BR><BR>[Stack]<UL><LI>Max Depth = 664 + Unknown Stack Size
<LI>Call Chain = ProcCmdZ1P -> rs232_printf -> vsprintf -> _printf_char_common -> __printf -> _printf_fp_dec -> _printf_fp_dec_real -> _fp_display -> _fp_digits -> _btod_etento -> _btod_emul -> _e2e</UL>
<BR>[Calls]<UL><LI><a href="#[b0ec14]">&gt;&gt;</a>&nbsp;&nbsp;&nbsp;MsgSetPower
<LI><a href="#[b0effc]">&gt;&gt;</a>&nbsp;&nbsp;&nbsp;IsZone1PowerOn
<LI><a href="#[f1e4b0]">&gt;&gt;</a>&nbsp;&nbsp;&nbsp;rs232_printf
</UL>
<BR>[Address Reference Count : 1]<UL><LI> rs232_protocol.o(.constdata)
</UL>
<P><STRONG><a name="[b15b7c]"></a>ProcCmdZ1M</STRONG> (Thumb, 52 bytes, Stack size 16 bytes, rs232_protocol.o(.text))
<BR><BR>[Stack]<UL><LI>Max Depth = 64<LI>Call Chain = ProcCmdZ1M -> MsgSetMute -> SendMessage -> IsMsgQueueFull</UL>
<BR>[Calls]<UL><LI><a href="#[b0ec8c]">&gt;&gt;</a>&nbsp;&nbsp;&nbsp;MsgSetMute
</UL>
<BR>[Address Reference Count : 1]<UL><LI> rs232_protocol.o(.constdata)
</UL>
<P><STRONG><a name="[b15b04]"></a>ProcCmdZ1A_</STRONG> (Thumb, 118 bytes, Stack size 16 bytes, rs232_protocol.o(.text))
<BR><BR>[Stack]<UL><LI>Max Depth = 664 + Unknown Stack Size
<LI>Call Chain = ProcCmdZ1A_ -> rs232_printf -> vsprintf -> _printf_char_common -> __printf -> _printf_fp_dec -> _printf_fp_dec_real -> _fp_display -> _fp_digits -> _btod_etento -> _btod_emul -> _e2e</UL>
<BR>[Calls]<UL><LI><a href="#[f1e4b0]">&gt;&gt;</a>&nbsp;&nbsp;&nbsp;rs232_printf
</UL>
<BR>[Address Reference Count : 1]<UL><LI> rs232_protocol.o(.constdata)
</UL>
<P><STRONG><a name="[b15a8c]"></a>ProcCmdZ1C</STRONG> (Thumb, 86 bytes, Stack size 16 bytes, rs232_protocol.o(.text))
<BR><BR>[Stack]<UL><LI>Max Depth = 664 + Unknown Stack Size
<LI>Call Chain = ProcCmdZ1C -> rs232_printf -> vsprintf -> _printf_char_common -> __printf -> _printf_fp_dec -> _printf_fp_dec_real -> _fp_display -> _fp_digits -> _btod_etento -> _btod_emul -> _e2e</UL>
<BR>[Calls]<UL><LI><a href="#[b0e558]">&gt;&gt;</a>&nbsp;&nbsp;&nbsp;SetLate
<LI><a href="#[f1e4b0]">&gt;&gt;</a>&nbsp;&nbsp;&nbsp;rs232_printf
</UL>
<BR>[Address Reference Count : 1]<UL><LI> rs232_protocol.o(.constdata)
</UL>
<P><STRONG><a name="[b15a14]"></a>ProcCmdZ1D</STRONG> (Thumb, 102 bytes, Stack size 16 bytes, rs232_protocol.o(.text))
<BR><BR>[Stack]<UL><LI>Max Depth = 664 + Unknown Stack Size
<LI>Call Chain = ProcCmdZ1D -> rs232_printf -> vsprintf -> _printf_char_common -> __printf -> _printf_fp_dec -> _printf_fp_dec_real -> _fp_display -> _fp_digits -> _btod_etento -> _btod_emul -> _e2e</UL>
<BR>[Calls]<UL><LI><a href="#[f1e4b0]">&gt;&gt;</a>&nbsp;&nbsp;&nbsp;rs232_printf
</UL>
<BR>[Address Reference Count : 1]<UL><LI> rs232_protocol.o(.constdata)
</UL>
<P><STRONG><a name="[b1599c]"></a>ProcCmdZ1ED</STRONG> (Thumb, 134 bytes, Stack size 16 bytes, rs232_protocol.o(.text))
<BR><BR>[Stack]<UL><LI>Max Depth = 664 + Unknown Stack Size
<LI>Call Chain = ProcCmdZ1ED -> rs232_printf -> vsprintf -> _printf_char_common -> __printf -> _printf_fp_dec -> _printf_fp_dec_real -> _fp_display -> _fp_digits -> _btod_etento -> _btod_emul -> _e2e</UL>
<BR>[Calls]<UL><LI><a href="#[b0f73c]">&gt;&gt;</a>&nbsp;&nbsp;&nbsp;DspDecodeDTS
<LI><a href="#[f1e4b0]">&gt;&gt;</a>&nbsp;&nbsp;&nbsp;rs232_printf
</UL>
<BR>[Address Reference Count : 1]<UL><LI> rs232_protocol.o(.constdata)
</UL>
<P><STRONG><a name="[b15918]"></a>GetDolby2ChDecodeMode</STRONG> (Thumb, 108 bytes, Stack size 0 bytes, rs232_protocol.o(.text))
<BR><BR>[Called By]<UL><LI><a href="#[b158a0]">&lt;&lt;</a>&nbsp;&nbsp;&nbsp;ProcCmdZ1EF
</UL>

<P><STRONG><a name="[b158a0]"></a>ProcCmdZ1EF</STRONG> (Thumb, 244 bytes, Stack size 16 bytes, rs232_protocol.o(.text))
<BR><BR>[Stack]<UL><LI>Max Depth = 664 + Unknown Stack Size
<LI>Call Chain = ProcCmdZ1EF -> rs232_printf -> vsprintf -> _printf_char_common -> __printf -> _printf_fp_dec -> _printf_fp_dec_real -> _fp_display -> _fp_digits -> _btod_etento -> _btod_emul -> _e2e</UL>
<BR>[Calls]<UL><LI><a href="#[b0ea18]">&gt;&gt;</a>&nbsp;&nbsp;&nbsp;MsgSetVfdShow
<LI><a href="#[b0f63c]">&gt;&gt;</a>&nbsp;&nbsp;&nbsp;DspSetCrossbarEffect
<LI><a href="#[b0f7b8]">&gt;&gt;</a>&nbsp;&nbsp;&nbsp;DspDecodeAc3
<LI><a href="#[b0f928]">&gt;&gt;</a>&nbsp;&nbsp;&nbsp;DelayMs
<LI><a href="#[b15918]">&gt;&gt;</a>&nbsp;&nbsp;&nbsp;GetDolby2ChDecodeMode
<LI><a href="#[f1e4b0]">&gt;&gt;</a>&nbsp;&nbsp;&nbsp;rs232_printf
<LI><a href="#[1171970]">&gt;&gt;</a>&nbsp;&nbsp;&nbsp;__ARM_switch8 (via Veneer)
</UL>
<BR>[Address Reference Count : 1]<UL><LI> rs232_protocol.o(.constdata)
</UL>
<P><STRONG><a name="[b15828]"></a>ProcCmdZ1EE</STRONG> (Thumb, 52 bytes, Stack size 16 bytes, rs232_protocol.o(.text))
<BR><BR>[Stack]<UL><LI>Max Depth = 664 + Unknown Stack Size
<LI>Call Chain = ProcCmdZ1EE -> rs232_printf -> vsprintf -> _printf_char_common -> __printf -> _printf_fp_dec -> _printf_fp_dec_real -> _fp_display -> _fp_digits -> _btod_etento -> _btod_emul -> _e2e</UL>
<BR>[Calls]<UL><LI><a href="#[f1e4b0]">&gt;&gt;</a>&nbsp;&nbsp;&nbsp;rs232_printf
</UL>
<BR>[Address Reference Count : 1]<UL><LI> rs232_protocol.o(.constdata)
</UL>
<P><STRONG><a name="[b157b0]"></a>ProcCmdZ1ES</STRONG> (Thumb, 52 bytes, Stack size 16 bytes, rs232_protocol.o(.text))
<BR><BR>[Stack]<UL><LI>Max Depth = 664 + Unknown Stack Size
<LI>Call Chain = ProcCmdZ1ES -> rs232_printf -> vsprintf -> _printf_char_common -> __printf -> _printf_fp_dec -> _printf_fp_dec_real -> _fp_display -> _fp_digits -> _btod_etento -> _btod_emul -> _e2e</UL>
<BR>[Calls]<UL><LI><a href="#[f1e4b0]">&gt;&gt;</a>&nbsp;&nbsp;&nbsp;rs232_printf
</UL>
<BR>[Address Reference Count : 1]<UL><LI> rs232_protocol.o(.constdata)
</UL>
<P><STRONG><a name="[b1572c]"></a>GetDolby5ChDecodeMode</STRONG> (Thumb, 52 bytes, Stack size 0 bytes, rs232_protocol.o(.text))
<BR><BR>[Called By]<UL><LI><a href="#[b156b4]">&lt;&lt;</a>&nbsp;&nbsp;&nbsp;ProcCmdZ1EX
</UL>

<P><STRONG><a name="[b156b4]"></a>ProcCmdZ1EX</STRONG> (Thumb, 140 bytes, Stack size 16 bytes, rs232_protocol.o(.text))
<BR><BR>[Stack]<UL><LI>Max Depth = 664 + Unknown Stack Size
<LI>Call Chain = ProcCmdZ1EX -> rs232_printf -> vsprintf -> _printf_char_common -> __printf -> _printf_fp_dec -> _printf_fp_dec_real -> _fp_display -> _fp_digits -> _btod_etento -> _btod_emul -> _e2e</UL>
<BR>[Calls]<UL><LI><a href="#[b0ea18]">&gt;&gt;</a>&nbsp;&nbsp;&nbsp;MsgSetVfdShow
<LI><a href="#[b0f7b8]">&gt;&gt;</a>&nbsp;&nbsp;&nbsp;DspDecodeAc3
<LI><a href="#[b1572c]">&gt;&gt;</a>&nbsp;&nbsp;&nbsp;GetDolby5ChDecodeMode
<LI><a href="#[f1e4b0]">&gt;&gt;</a>&nbsp;&nbsp;&nbsp;rs232_printf
</UL>
<BR>[Address Reference Count : 1]<UL><LI> rs232_protocol.o(.constdata)
</UL>
<P><STRONG><a name="[b1563c]"></a>ProcCmdZ1E</STRONG> (Thumb, 388 bytes, Stack size 16 bytes, rs232_protocol.o(.text))
<BR><BR>[Stack]<UL><LI>Max Depth = 664 + Unknown Stack Size
<LI>Call Chain = ProcCmdZ1E -> rs232_printf -> vsprintf -> _printf_char_common -> __printf -> _printf_fp_dec -> _printf_fp_dec_real -> _fp_display -> _fp_digits -> _btod_etento -> _btod_emul -> _e2e</UL>
<BR>[Calls]<UL><LI><a href="#[b0ea18]">&gt;&gt;</a>&nbsp;&nbsp;&nbsp;MsgSetVfdShow
<LI><a href="#[b0f63c]">&gt;&gt;</a>&nbsp;&nbsp;&nbsp;DspSetCrossbarEffect
<LI><a href="#[b0f6c0]">&gt;&gt;</a>&nbsp;&nbsp;&nbsp;DspDecodePcm
<LI><a href="#[b0f928]">&gt;&gt;</a>&nbsp;&nbsp;&nbsp;DelayMs
<LI><a href="#[b15dd8]">&gt;&gt;</a>&nbsp;&nbsp;&nbsp;GetPcmDecodeMode
<LI><a href="#[f1e4b0]">&gt;&gt;</a>&nbsp;&nbsp;&nbsp;rs232_printf
<LI><a href="#[1171970]">&gt;&gt;</a>&nbsp;&nbsp;&nbsp;__ARM_switch8 (via Veneer)
</UL>
<BR>[Address Reference Count : 1]<UL><LI> rs232_protocol.o(.constdata)
</UL>
<P><STRONG><a name="[b155c4]"></a>ProcCmdZ1EU</STRONG> (Thumb, 42 bytes, Stack size 16 bytes, rs232_protocol.o(.text))
<BR><BR>[Stack]<UL><LI>Max Depth = 664 + Unknown Stack Size
<LI>Call Chain = ProcCmdZ1EU -> rs232_printf -> vsprintf -> _printf_char_common -> __printf -> _printf_fp_dec -> _printf_fp_dec_real -> _fp_display -> _fp_digits -> _btod_etento -> _btod_emul -> _e2e</UL>
<BR>[Calls]<UL><LI><a href="#[b15dd8]">&gt;&gt;</a>&nbsp;&nbsp;&nbsp;GetPcmDecodeMode
<LI><a href="#[f1e4b0]">&gt;&gt;</a>&nbsp;&nbsp;&nbsp;rs232_printf
</UL>
<BR>[Address Reference Count : 1]<UL><LI> rs232_protocol.o(.constdata)
</UL>
<P><STRONG><a name="[b1554c]"></a>ProcCmdZ1VM</STRONG> (Thumb, 146 bytes, Stack size 24 bytes, rs232_protocol.o(.text))
<BR><BR>[Stack]<UL><LI>Max Depth = 672 + Unknown Stack Size
<LI>Call Chain = ProcCmdZ1VM -> rs232_printf -> vsprintf -> _printf_char_common -> __printf -> _printf_fp_dec -> _printf_fp_dec_real -> _fp_display -> _fp_digits -> _btod_etento -> _btod_emul -> _e2e</UL>
<BR>[Calls]<UL><LI><a href="#[b0e99c]">&gt;&gt;</a>&nbsp;&nbsp;&nbsp;MsgSetVolume
<LI><a href="#[b0ef7c]">&gt;&gt;</a>&nbsp;&nbsp;&nbsp;IsZone1VolumeValid
<LI><a href="#[b15fd8]">&gt;&gt;</a>&nbsp;&nbsp;&nbsp;GetProtocolFloatValue
<LI><a href="#[f1e4b0]">&gt;&gt;</a>&nbsp;&nbsp;&nbsp;rs232_printf
<LI><a href="#[11760b0]">&gt;&gt;</a>&nbsp;&nbsp;&nbsp;__aeabi_f2iz (via Veneer)
</UL>
<BR>[Address Reference Count : 1]<UL><LI> rs232_protocol.o(.constdata)
</UL>
<P><STRONG><a name="[b154d0]"></a>ProcCmdZ1DF_</STRONG> (Thumb, 234 bytes, Stack size 16 bytes, rs232_protocol.o(.text))
<BR><BR>[Stack]<UL><LI>Max Depth = 664 + Unknown Stack Size
<LI>Call Chain = ProcCmdZ1DF_ -> rs232_printf -> vsprintf -> _printf_char_common -> __printf -> _printf_fp_dec -> _printf_fp_dec_real -> _fp_display -> _fp_digits -> _btod_etento -> _btod_emul -> _e2e</UL>
<BR>[Calls]<UL><LI><a href="#[f1e4b0]">&gt;&gt;</a>&nbsp;&nbsp;&nbsp;rs232_printf
<LI><a href="#[1171970]">&gt;&gt;</a>&nbsp;&nbsp;&nbsp;__ARM_switch8 (via Veneer)
</UL>
<BR>[Address Reference Count : 1]<UL><LI> rs232_protocol.o(.constdata)
</UL>
<P><STRONG><a name="[b15454]"></a>ProtocolSetEq</STRONG> (Thumb, 96 bytes, Stack size 24 bytes, rs232_protocol.o(.text))
<BR><BR>[Stack]<UL><LI>Max Depth = 200 + Unknown Stack Size
<LI>Call Chain = ProtocolSetEq -> EepromWriteByte -> I2C_bytewrite -> i2c_writebyte -> i2c_ack</UL>
<BR>[Calls]<UL><LI><a href="#[b0f3d4]">&gt;&gt;</a>&nbsp;&nbsp;&nbsp;FindBalancePosition
<LI><a href="#[b0f4c8]">&gt;&gt;</a>&nbsp;&nbsp;&nbsp;EqModuleconfig
<LI><a href="#[b0f544]">&gt;&gt;</a>&nbsp;&nbsp;&nbsp;EepromWriteByte
</UL>
<BR>[Called By]<UL><LI><a href="#[b12314]">&lt;&lt;</a>&nbsp;&nbsp;&nbsp;ProcCmdMZ1EQSW
<LI><a href="#[b12390]">&lt;&lt;</a>&nbsp;&nbsp;&nbsp;ProcCmdMZ1EQSL
<LI><a href="#[b1240c]">&lt;&lt;</a>&nbsp;&nbsp;&nbsp;ProcCmdMZ1EQBSL
<LI><a href="#[b12488]">&lt;&lt;</a>&nbsp;&nbsp;&nbsp;ProcCmdMZ1EQBSR
<LI><a href="#[b12504]">&lt;&lt;</a>&nbsp;&nbsp;&nbsp;ProcCmdMZ1EQSR
<LI><a href="#[b12580]">&lt;&lt;</a>&nbsp;&nbsp;&nbsp;ProcCmdMZ1EQR
<LI><a href="#[b125fc]">&lt;&lt;</a>&nbsp;&nbsp;&nbsp;ProcCmdMZ1EQC
<LI><a href="#[b12678]">&lt;&lt;</a>&nbsp;&nbsp;&nbsp;ProcCmdMZ1EQL
<LI><a href="#[b14f74]">&lt;&lt;</a>&nbsp;&nbsp;&nbsp;ProcCmdZ1EQSW
<LI><a href="#[b14ff0]">&lt;&lt;</a>&nbsp;&nbsp;&nbsp;ProcCmdZ1EQSL
<LI><a href="#[b1506c]">&lt;&lt;</a>&nbsp;&nbsp;&nbsp;ProcCmdZ1EQBSL
<LI><a href="#[b150e8]">&lt;&lt;</a>&nbsp;&nbsp;&nbsp;ProcCmdZ1EQBSR
<LI><a href="#[b15164]">&lt;&lt;</a>&nbsp;&nbsp;&nbsp;ProcCmdZ1EQSR
<LI><a href="#[b151e0]">&lt;&lt;</a>&nbsp;&nbsp;&nbsp;ProcCmdZ1EQR
<LI><a href="#[b1525c]">&lt;&lt;</a>&nbsp;&nbsp;&nbsp;ProcCmdZ1EQC
<LI><a href="#[b152d8]">&lt;&lt;</a>&nbsp;&nbsp;&nbsp;ProcCmdZ1EQL
</UL>

<P><STRONG><a name="[b153d0]"></a>IsProtocolEqBandValid</STRONG> (Thumb, 58 bytes, Stack size 4 bytes, rs232_protocol.o(.text))
<BR><BR>[Stack]<UL><LI>Max Depth = 4<LI>Call Chain = IsProtocolEqBandValid</UL>
<BR>[Calls]<UL><LI><a href="#[1171970]">&gt;&gt;</a>&nbsp;&nbsp;&nbsp;__ARM_switch8 (via Veneer)
</UL>
<BR>[Called By]<UL><LI><a href="#[b12314]">&lt;&lt;</a>&nbsp;&nbsp;&nbsp;ProcCmdMZ1EQSW
<LI><a href="#[b12390]">&lt;&lt;</a>&nbsp;&nbsp;&nbsp;ProcCmdMZ1EQSL
<LI><a href="#[b1240c]">&lt;&lt;</a>&nbsp;&nbsp;&nbsp;ProcCmdMZ1EQBSL
<LI><a href="#[b12488]">&lt;&lt;</a>&nbsp;&nbsp;&nbsp;ProcCmdMZ1EQBSR
<LI><a href="#[b12504]">&lt;&lt;</a>&nbsp;&nbsp;&nbsp;ProcCmdMZ1EQSR
<LI><a href="#[b12580]">&lt;&lt;</a>&nbsp;&nbsp;&nbsp;ProcCmdMZ1EQR
<LI><a href="#[b125fc]">&lt;&lt;</a>&nbsp;&nbsp;&nbsp;ProcCmdMZ1EQC
<LI><a href="#[b12678]">&lt;&lt;</a>&nbsp;&nbsp;&nbsp;ProcCmdMZ1EQL
<LI><a href="#[b14f74]">&lt;&lt;</a>&nbsp;&nbsp;&nbsp;ProcCmdZ1EQSW
<LI><a href="#[b14ff0]">&lt;&lt;</a>&nbsp;&nbsp;&nbsp;ProcCmdZ1EQSL
<LI><a href="#[b1506c]">&lt;&lt;</a>&nbsp;&nbsp;&nbsp;ProcCmdZ1EQBSL
<LI><a href="#[b150e8]">&lt;&lt;</a>&nbsp;&nbsp;&nbsp;ProcCmdZ1EQBSR
<LI><a href="#[b15164]">&lt;&lt;</a>&nbsp;&nbsp;&nbsp;ProcCmdZ1EQSR
<LI><a href="#[b151e0]">&lt;&lt;</a>&nbsp;&nbsp;&nbsp;ProcCmdZ1EQR
<LI><a href="#[b1525c]">&lt;&lt;</a>&nbsp;&nbsp;&nbsp;ProcCmdZ1EQC
<LI><a href="#[b152d8]">&lt;&lt;</a>&nbsp;&nbsp;&nbsp;ProcCmdZ1EQL
</UL>

<P><STRONG><a name="[b15354]"></a>IsBalanceValid</STRONG> (Thumb, 62 bytes, Stack size 24 bytes, rs232_protocol.o(.text))
<BR><BR>[Stack]<UL><LI>Max Depth = 24<LI>Call Chain = IsBalanceValid</UL>
<BR>[Calls]<UL><LI><a href="#[1173550]">&gt;&gt;</a>&nbsp;&nbsp;&nbsp;__aeabi_cdrcmple (via Veneer)
<LI><a href="#[1173b00]">&gt;&gt;</a>&nbsp;&nbsp;&nbsp;__aeabi_cdcmple (via Veneer)
<LI><a href="#[11788c0]">&gt;&gt;</a>&nbsp;&nbsp;&nbsp;__aeabi_f2d (via Veneer)
</UL>
<BR>[Called By]<UL><LI><a href="#[b12314]">&lt;&lt;</a>&nbsp;&nbsp;&nbsp;ProcCmdMZ1EQSW
<LI><a href="#[b12390]">&lt;&lt;</a>&nbsp;&nbsp;&nbsp;ProcCmdMZ1EQSL
<LI><a href="#[b1240c]">&lt;&lt;</a>&nbsp;&nbsp;&nbsp;ProcCmdMZ1EQBSL
<LI><a href="#[b12488]">&lt;&lt;</a>&nbsp;&nbsp;&nbsp;ProcCmdMZ1EQBSR
<LI><a href="#[b12504]">&lt;&lt;</a>&nbsp;&nbsp;&nbsp;ProcCmdMZ1EQSR
<LI><a href="#[b12580]">&lt;&lt;</a>&nbsp;&nbsp;&nbsp;ProcCmdMZ1EQR
<LI><a href="#[b125fc]">&lt;&lt;</a>&nbsp;&nbsp;&nbsp;ProcCmdMZ1EQC
<LI><a href="#[b12678]">&lt;&lt;</a>&nbsp;&nbsp;&nbsp;ProcCmdMZ1EQL
<LI><a href="#[b12ad0]">&lt;&lt;</a>&nbsp;&nbsp;&nbsp;ProcCmdMSLSW
<LI><a href="#[b12b4c]">&lt;&lt;</a>&nbsp;&nbsp;&nbsp;ProcCmdMSLBL
<LI><a href="#[b12bc8]">&lt;&lt;</a>&nbsp;&nbsp;&nbsp;ProcCmdMSLBR
<LI><a href="#[b12c44]">&lt;&lt;</a>&nbsp;&nbsp;&nbsp;ProcCmdMSLSL
<LI><a href="#[b12cc0]">&lt;&lt;</a>&nbsp;&nbsp;&nbsp;ProcCmdMSLSR
<LI><a href="#[b12d3c]">&lt;&lt;</a>&nbsp;&nbsp;&nbsp;ProcCmdMSLR
<LI><a href="#[b12db4]">&lt;&lt;</a>&nbsp;&nbsp;&nbsp;ProcCmdMSLC
<LI><a href="#[b12e2c]">&lt;&lt;</a>&nbsp;&nbsp;&nbsp;ProcCmdMSLL
<LI><a href="#[b14774]">&lt;&lt;</a>&nbsp;&nbsp;&nbsp;ProcCmdSLSW
<LI><a href="#[b147ec]">&lt;&lt;</a>&nbsp;&nbsp;&nbsp;ProcCmdSLBL
<LI><a href="#[b14864]">&lt;&lt;</a>&nbsp;&nbsp;&nbsp;ProcCmdSLBR
<LI><a href="#[b148dc]">&lt;&lt;</a>&nbsp;&nbsp;&nbsp;ProcCmdSLSL
<LI><a href="#[b14954]">&lt;&lt;</a>&nbsp;&nbsp;&nbsp;ProcCmdSLSR
<LI><a href="#[b149cc]">&lt;&lt;</a>&nbsp;&nbsp;&nbsp;ProcCmdSLR
<LI><a href="#[b14a44]">&lt;&lt;</a>&nbsp;&nbsp;&nbsp;ProcCmdSLC
<LI><a href="#[b14abc]">&lt;&lt;</a>&nbsp;&nbsp;&nbsp;ProcCmdSLL
<LI><a href="#[b14f74]">&lt;&lt;</a>&nbsp;&nbsp;&nbsp;ProcCmdZ1EQSW
<LI><a href="#[b14ff0]">&lt;&lt;</a>&nbsp;&nbsp;&nbsp;ProcCmdZ1EQSL
<LI><a href="#[b1506c]">&lt;&lt;</a>&nbsp;&nbsp;&nbsp;ProcCmdZ1EQBSL
<LI><a href="#[b150e8]">&lt;&lt;</a>&nbsp;&nbsp;&nbsp;ProcCmdZ1EQBSR
<LI><a href="#[b15164]">&lt;&lt;</a>&nbsp;&nbsp;&nbsp;ProcCmdZ1EQSR
<LI><a href="#[b151e0]">&lt;&lt;</a>&nbsp;&nbsp;&nbsp;ProcCmdZ1EQR
<LI><a href="#[b1525c]">&lt;&lt;</a>&nbsp;&nbsp;&nbsp;ProcCmdZ1EQC
<LI><a href="#[b152d8]">&lt;&lt;</a>&nbsp;&nbsp;&nbsp;ProcCmdZ1EQL
</UL>

<P><STRONG><a name="[b152d8]"></a>ProcCmdZ1EQL</STRONG> (Thumb, 84 bytes, Stack size 24 bytes, rs232_protocol.o(.text))
<BR><BR>[Stack]<UL><LI>Max Depth = 224 + Unknown Stack Size
<LI>Call Chain = ProcCmdZ1EQL -> ProtocolSetEq -> EepromWriteByte -> I2C_bytewrite -> i2c_writebyte -> i2c_ack</UL>
<BR>[Calls]<UL><LI><a href="#[b15354]">&gt;&gt;</a>&nbsp;&nbsp;&nbsp;IsBalanceValid
<LI><a href="#[b153d0]">&gt;&gt;</a>&nbsp;&nbsp;&nbsp;IsProtocolEqBandValid
<LI><a href="#[b15454]">&gt;&gt;</a>&nbsp;&nbsp;&nbsp;ProtocolSetEq
<LI><a href="#[b15fd8]">&gt;&gt;</a>&nbsp;&nbsp;&nbsp;GetProtocolFloatValue
</UL>
<BR>[Address Reference Count : 1]<UL><LI> rs232_protocol.o(.constdata)
</UL>
<P><STRONG><a name="[b1525c]"></a>ProcCmdZ1EQC</STRONG> (Thumb, 160 bytes, Stack size 24 bytes, rs232_protocol.o(.text))
<BR><BR>[Stack]<UL><LI>Max Depth = 224 + Unknown Stack Size
<LI>Call Chain = ProcCmdZ1EQC -> ProtocolSetEq -> EepromWriteByte -> I2C_bytewrite -> i2c_writebyte -> i2c_ack</UL>
<BR>[Calls]<UL><LI><a href="#[b15354]">&gt;&gt;</a>&nbsp;&nbsp;&nbsp;IsBalanceValid
<LI><a href="#[b153d0]">&gt;&gt;</a>&nbsp;&nbsp;&nbsp;IsProtocolEqBandValid
<LI><a href="#[b15454]">&gt;&gt;</a>&nbsp;&nbsp;&nbsp;ProtocolSetEq
<LI><a href="#[b15fd8]">&gt;&gt;</a>&nbsp;&nbsp;&nbsp;GetProtocolFloatValue
</UL>
<BR>[Address Reference Count : 1]<UL><LI> rs232_protocol.o(.constdata)
</UL>
<P><STRONG><a name="[b151e0]"></a>ProcCmdZ1EQR</STRONG> (Thumb, 86 bytes, Stack size 24 bytes, rs232_protocol.o(.text))
<BR><BR>[Stack]<UL><LI>Max Depth = 224 + Unknown Stack Size
<LI>Call Chain = ProcCmdZ1EQR -> ProtocolSetEq -> EepromWriteByte -> I2C_bytewrite -> i2c_writebyte -> i2c_ack</UL>
<BR>[Calls]<UL><LI><a href="#[b15354]">&gt;&gt;</a>&nbsp;&nbsp;&nbsp;IsBalanceValid
<LI><a href="#[b153d0]">&gt;&gt;</a>&nbsp;&nbsp;&nbsp;IsProtocolEqBandValid
<LI><a href="#[b15454]">&gt;&gt;</a>&nbsp;&nbsp;&nbsp;ProtocolSetEq
<LI><a href="#[b15fd8]">&gt;&gt;</a>&nbsp;&nbsp;&nbsp;GetProtocolFloatValue
</UL>
<BR>[Address Reference Count : 1]<UL><LI> rs232_protocol.o(.constdata)
</UL>
<P><STRONG><a name="[b15164]"></a>ProcCmdZ1EQSR</STRONG> (Thumb, 88 bytes, Stack size 24 bytes, rs232_protocol.o(.text))
<BR><BR>[Stack]<UL><LI>Max Depth = 224 + Unknown Stack Size
<LI>Call Chain = ProcCmdZ1EQSR -> ProtocolSetEq -> EepromWriteByte -> I2C_bytewrite -> i2c_writebyte -> i2c_ack</UL>
<BR>[Calls]<UL><LI><a href="#[b15354]">&gt;&gt;</a>&nbsp;&nbsp;&nbsp;IsBalanceValid
<LI><a href="#[b153d0]">&gt;&gt;</a>&nbsp;&nbsp;&nbsp;IsProtocolEqBandValid
<LI><a href="#[b15454]">&gt;&gt;</a>&nbsp;&nbsp;&nbsp;ProtocolSetEq
<LI><a href="#[b15fd8]">&gt;&gt;</a>&nbsp;&nbsp;&nbsp;GetProtocolFloatValue
</UL>
<BR>[Address Reference Count : 1]<UL><LI> rs232_protocol.o(.constdata)
</UL>
<P><STRONG><a name="[b150e8]"></a>ProcCmdZ1EQBSR</STRONG> (Thumb, 88 bytes, Stack size 24 bytes, rs232_protocol.o(.text))
<BR><BR>[Stack]<UL><LI>Max Depth = 224 + Unknown Stack Size
<LI>Call Chain = ProcCmdZ1EQBSR -> ProtocolSetEq -> EepromWriteByte -> I2C_bytewrite -> i2c_writebyte -> i2c_ack</UL>
<BR>[Calls]<UL><LI><a href="#[b15354]">&gt;&gt;</a>&nbsp;&nbsp;&nbsp;IsBalanceValid
<LI><a href="#[b153d0]">&gt;&gt;</a>&nbsp;&nbsp;&nbsp;IsProtocolEqBandValid
<LI><a href="#[b15454]">&gt;&gt;</a>&nbsp;&nbsp;&nbsp;ProtocolSetEq
<LI><a href="#[b15fd8]">&gt;&gt;</a>&nbsp;&nbsp;&nbsp;GetProtocolFloatValue
</UL>
<BR>[Address Reference Count : 1]<UL><LI> rs232_protocol.o(.constdata)
</UL>
<P><STRONG><a name="[b1506c]"></a>ProcCmdZ1EQBSL</STRONG> (Thumb, 88 bytes, Stack size 24 bytes, rs232_protocol.o(.text))
<BR><BR>[Stack]<UL><LI>Max Depth = 224 + Unknown Stack Size
<LI>Call Chain = ProcCmdZ1EQBSL -> ProtocolSetEq -> EepromWriteByte -> I2C_bytewrite -> i2c_writebyte -> i2c_ack</UL>
<BR>[Calls]<UL><LI><a href="#[b15354]">&gt;&gt;</a>&nbsp;&nbsp;&nbsp;IsBalanceValid
<LI><a href="#[b153d0]">&gt;&gt;</a>&nbsp;&nbsp;&nbsp;IsProtocolEqBandValid
<LI><a href="#[b15454]">&gt;&gt;</a>&nbsp;&nbsp;&nbsp;ProtocolSetEq
<LI><a href="#[b15fd8]">&gt;&gt;</a>&nbsp;&nbsp;&nbsp;GetProtocolFloatValue
</UL>
<BR>[Address Reference Count : 1]<UL><LI> rs232_protocol.o(.constdata)
</UL>
<P><STRONG><a name="[b14ff0]"></a>ProcCmdZ1EQSL</STRONG> (Thumb, 88 bytes, Stack size 24 bytes, rs232_protocol.o(.text))
<BR><BR>[Stack]<UL><LI>Max Depth = 224 + Unknown Stack Size
<LI>Call Chain = ProcCmdZ1EQSL -> ProtocolSetEq -> EepromWriteByte -> I2C_bytewrite -> i2c_writebyte -> i2c_ack</UL>
<BR>[Calls]<UL><LI><a href="#[b15354]">&gt;&gt;</a>&nbsp;&nbsp;&nbsp;IsBalanceValid
<LI><a href="#[b153d0]">&gt;&gt;</a>&nbsp;&nbsp;&nbsp;IsProtocolEqBandValid
<LI><a href="#[b15454]">&gt;&gt;</a>&nbsp;&nbsp;&nbsp;ProtocolSetEq
<LI><a href="#[b15fd8]">&gt;&gt;</a>&nbsp;&nbsp;&nbsp;GetProtocolFloatValue
</UL>
<BR>[Address Reference Count : 1]<UL><LI> rs232_protocol.o(.constdata)
</UL>
<P><STRONG><a name="[b14f74]"></a>ProcCmdZ1EQSW</STRONG> (Thumb, 88 bytes, Stack size 24 bytes, rs232_protocol.o(.text))
<BR><BR>[Stack]<UL><LI>Max Depth = 224 + Unknown Stack Size
<LI>Call Chain = ProcCmdZ1EQSW -> ProtocolSetEq -> EepromWriteByte -> I2C_bytewrite -> i2c_writebyte -> i2c_ack</UL>
<BR>[Calls]<UL><LI><a href="#[b15354]">&gt;&gt;</a>&nbsp;&nbsp;&nbsp;IsBalanceValid
<LI><a href="#[b153d0]">&gt;&gt;</a>&nbsp;&nbsp;&nbsp;IsProtocolEqBandValid
<LI><a href="#[b15454]">&gt;&gt;</a>&nbsp;&nbsp;&nbsp;ProtocolSetEq
<LI><a href="#[b15fd8]">&gt;&gt;</a>&nbsp;&nbsp;&nbsp;GetProtocolFloatValue
</UL>
<BR>[Address Reference Count : 1]<UL><LI> rs232_protocol.o(.constdata)
</UL>
<P><STRONG><a name="[b14efc]"></a>ProcCmdZ1EQ</STRONG> (Thumb, 148 bytes, Stack size 16 bytes, rs232_protocol.o(.text))
<BR><BR>[Stack]<UL><LI>Max Depth = 608 + Unknown Stack Size
<LI>Call Chain = ProcCmdZ1EQ -> VfdTempDisp -> vsprintf -> _printf_char_common -> __printf -> _printf_fp_dec -> _printf_fp_dec_real -> _fp_display -> _fp_digits -> _btod_etento -> _btod_emul -> _e2e</UL>
<BR>[Calls]<UL><LI><a href="#[b0dfec]">&gt;&gt;</a>&nbsp;&nbsp;&nbsp;VfdTempDispBlank
<LI><a href="#[b0e06c]">&gt;&gt;</a>&nbsp;&nbsp;&nbsp;VfdTempDisp
<LI><a href="#[b0f454]">&gt;&gt;</a>&nbsp;&nbsp;&nbsp;EqOn
</UL>
<BR>[Address Reference Count : 1]<UL><LI> rs232_protocol.o(.constdata)
</UL>
<P><STRONG><a name="[b14e84]"></a>ProcCmdZ2P</STRONG> (Thumb, 86 bytes, Stack size 16 bytes, rs232_protocol.o(.text))
<BR><BR>[Stack]<UL><LI>Max Depth = 664 + Unknown Stack Size
<LI>Call Chain = ProcCmdZ2P -> rs232_printf -> vsprintf -> _printf_char_common -> __printf -> _printf_fp_dec -> _printf_fp_dec_real -> _fp_display -> _fp_digits -> _btod_etento -> _btod_emul -> _e2e</UL>
<BR>[Calls]<UL><LI><a href="#[b0ec14]">&gt;&gt;</a>&nbsp;&nbsp;&nbsp;MsgSetPower
<LI><a href="#[b0ef00]">&gt;&gt;</a>&nbsp;&nbsp;&nbsp;IsZone2PowerOn
<LI><a href="#[f1e4b0]">&gt;&gt;</a>&nbsp;&nbsp;&nbsp;rs232_printf
</UL>
<BR>[Address Reference Count : 1]<UL><LI> rs232_protocol.o(.constdata)
</UL>
<P><STRONG><a name="[b14e08]"></a>GetZone2Channel</STRONG> (Thumb, 108 bytes, Stack size 4 bytes, rs232_protocol.o(.text))
<BR><BR>[Stack]<UL><LI>Max Depth = 4<LI>Call Chain = GetZone2Channel</UL>
<BR>[Calls]<UL><LI><a href="#[1171970]">&gt;&gt;</a>&nbsp;&nbsp;&nbsp;__ARM_switch8 (via Veneer)
</UL>
<BR>[Called By]<UL><LI><a href="#[b14d90]">&lt;&lt;</a>&nbsp;&nbsp;&nbsp;ProcCmdZ2S
</UL>

<P><STRONG><a name="[b14d90]"></a>ProcCmdZ2S</STRONG> (Thumb, 608 bytes, Stack size 24 bytes, rs232_protocol.o(.text))
<BR><BR>[Stack]<UL><LI>Max Depth = 672 + Unknown Stack Size
<LI>Call Chain = ProcCmdZ2S -> rs232_printf -> vsprintf -> _printf_char_common -> __printf -> _printf_fp_dec -> _printf_fp_dec_real -> _fp_display -> _fp_digits -> _btod_etento -> _btod_emul -> _e2e</UL>
<BR>[Calls]<UL><LI><a href="#[b0dd80]">&gt;&gt;</a>&nbsp;&nbsp;&nbsp;Zone2RadioMode
<LI><a href="#[b0ddfc]">&gt;&gt;</a>&nbsp;&nbsp;&nbsp;Zone2AnalogInOff
<LI><a href="#[b0e0e4]">&gt;&gt;</a>&nbsp;&nbsp;&nbsp;UpdateMax335
<LI><a href="#[b0e4dc]">&gt;&gt;</a>&nbsp;&nbsp;&nbsp;SetMax335Switch
<LI><a href="#[b0ea18]">&gt;&gt;</a>&nbsp;&nbsp;&nbsp;MsgSetVfdShow
<LI><a href="#[b0ed04]">&gt;&gt;</a>&nbsp;&nbsp;&nbsp;MsgSetInputSource
<LI><a href="#[b0f0f0]">&gt;&gt;</a>&nbsp;&nbsp;&nbsp;IsCurFocusTid
<LI><a href="#[b0f16c]">&gt;&gt;</a>&nbsp;&nbsp;&nbsp;HdmiReadByte
<LI><a href="#[b0f264]">&gt;&gt;</a>&nbsp;&nbsp;&nbsp;GetSrcName
<LI><a href="#[b0f8ac]">&gt;&gt;</a>&nbsp;&nbsp;&nbsp;DigiSendByte
<LI><a href="#[b14e08]">&gt;&gt;</a>&nbsp;&nbsp;&nbsp;GetZone2Channel
<LI><a href="#[f1e4b0]">&gt;&gt;</a>&nbsp;&nbsp;&nbsp;rs232_printf
<LI><a href="#[1171970]">&gt;&gt;</a>&nbsp;&nbsp;&nbsp;__ARM_switch8 (via Veneer)
</UL>
<BR>[Address Reference Count : 1]<UL><LI> rs232_protocol.o(.constdata)
</UL>
<P><STRONG><a name="[b14d18]"></a>ProcCmdZ2V</STRONG> (Thumb, 142 bytes, Stack size 24 bytes, rs232_protocol.o(.text))
<BR><BR>[Stack]<UL><LI>Max Depth = 672 + Unknown Stack Size
<LI>Call Chain = ProcCmdZ2V -> rs232_printf -> vsprintf -> _printf_char_common -> __printf -> _printf_fp_dec -> _printf_fp_dec_real -> _fp_display -> _fp_digits -> _btod_etento -> _btod_emul -> _e2e</UL>
<BR>[Calls]<UL><LI><a href="#[b0e99c]">&gt;&gt;</a>&nbsp;&nbsp;&nbsp;MsgSetVolume
<LI><a href="#[b0ef7c]">&gt;&gt;</a>&nbsp;&nbsp;&nbsp;IsZone1VolumeValid
<LI><a href="#[b15fd8]">&gt;&gt;</a>&nbsp;&nbsp;&nbsp;GetProtocolFloatValue
<LI><a href="#[f1e4b0]">&gt;&gt;</a>&nbsp;&nbsp;&nbsp;rs232_printf
<LI><a href="#[11760b0]">&gt;&gt;</a>&nbsp;&nbsp;&nbsp;__aeabi_f2iz (via Veneer)
</UL>
<BR>[Address Reference Count : 1]<UL><LI> rs232_protocol.o(.constdata)
</UL>
<P><STRONG><a name="[b14ca0]"></a>ProcCmdZ2M</STRONG> (Thumb, 52 bytes, Stack size 16 bytes, rs232_protocol.o(.text))
<BR><BR>[Stack]<UL><LI>Max Depth = 64<LI>Call Chain = ProcCmdZ2M -> MsgSetMute -> SendMessage -> IsMsgQueueFull</UL>
<BR>[Calls]<UL><LI><a href="#[b0ec8c]">&gt;&gt;</a>&nbsp;&nbsp;&nbsp;MsgSetMute
</UL>
<BR>[Address Reference Count : 1]<UL><LI> rs232_protocol.o(.constdata)
</UL>
<P><STRONG><a name="[b14c28]"></a>ProcCmdZ2_</STRONG> (Thumb, 46 bytes, Stack size 16 bytes, rs232_protocol.o(.text))
<BR><BR>[Stack]<UL><LI>Max Depth = 664 + Unknown Stack Size
<LI>Call Chain = ProcCmdZ2_ -> rs232_printf -> vsprintf -> _printf_char_common -> __printf -> _printf_fp_dec -> _printf_fp_dec_real -> _fp_display -> _fp_digits -> _btod_etento -> _btod_emul -> _e2e</UL>
<BR>[Calls]<UL><LI><a href="#[f1e4b0]">&gt;&gt;</a>&nbsp;&nbsp;&nbsp;rs232_printf
</UL>
<BR>[Address Reference Count : 1]<UL><LI> rs232_protocol.o(.constdata)
</UL>
<P><STRONG><a name="[b14bac]"></a>ProCmdZ2VFD_</STRONG> (Thumb, 52 bytes, Stack size 16 bytes, rs232_protocol.o(.text))
<BR><BR>[Stack]<UL><LI>Max Depth = 664 + Unknown Stack Size
<LI>Call Chain = ProCmdZ2VFD_ -> rs232_printf -> vsprintf -> _printf_char_common -> __printf -> _printf_fp_dec -> _printf_fp_dec_real -> _fp_display -> _fp_digits -> _btod_etento -> _btod_emul -> _e2e</UL>
<BR>[Calls]<UL><LI><a href="#[f1e4b0]">&gt;&gt;</a>&nbsp;&nbsp;&nbsp;rs232_printf
</UL>
<BR>[Address Reference Count : 1]<UL><LI> rs232_protocol.o(.constdata)
</UL>
<P><STRONG><a name="[b14b34]"></a>ProcCmdRSN</STRONG> (Thumb, 128 bytes, Stack size 24 bytes, rs232_protocol.o(.text))
<BR><BR>[Stack]<UL><LI>Max Depth = 224 + Unknown Stack Size
<LI>Call Chain = ProcCmdRSN -> WriteName -> EepromWriteByte -> I2C_bytewrite -> i2c_writebyte -> i2c_ack</UL>
<BR>[Calls]<UL><LI><a href="#[b0df74]">&gt;&gt;</a>&nbsp;&nbsp;&nbsp;WriteName
<LI><a href="#[b15f54]">&gt;&gt;</a>&nbsp;&nbsp;&nbsp;IsProtocolStringValid
<LI><a href="#[103bf64]">&gt;&gt;</a>&nbsp;&nbsp;&nbsp;__aeabi_memcpy (via Veneer)
<LI><a href="#[1171970]">&gt;&gt;</a>&nbsp;&nbsp;&nbsp;__ARM_switch8 (via Veneer)
</UL>
<BR>[Address Reference Count : 1]<UL><LI> rs232_protocol.o(.constdata)
</UL>
<P><STRONG><a name="[b14abc]"></a>ProcCmdSLL</STRONG> (Thumb, 70 bytes, Stack size 24 bytes, rs232_protocol.o(.text))
<BR><BR>[Stack]<UL><LI>Max Depth = 200 + Unknown Stack Size
<LI>Call Chain = ProcCmdSLL -> EepromWriteByte -> I2C_bytewrite -> i2c_writebyte -> i2c_ack</UL>
<BR>[Calls]<UL><LI><a href="#[b0e648]">&gt;&gt;</a>&nbsp;&nbsp;&nbsp;SetBalanceVolume
<LI><a href="#[b0f3d4]">&gt;&gt;</a>&nbsp;&nbsp;&nbsp;FindBalancePosition
<LI><a href="#[b0f544]">&gt;&gt;</a>&nbsp;&nbsp;&nbsp;EepromWriteByte
<LI><a href="#[b15354]">&gt;&gt;</a>&nbsp;&nbsp;&nbsp;IsBalanceValid
<LI><a href="#[b15fd8]">&gt;&gt;</a>&nbsp;&nbsp;&nbsp;GetProtocolFloatValue
</UL>
<BR>[Address Reference Count : 1]<UL><LI> rs232_protocol.o(.constdata)
</UL>
<P><STRONG><a name="[b14a44]"></a>ProcCmdSLC</STRONG> (Thumb, 68 bytes, Stack size 24 bytes, rs232_protocol.o(.text))
<BR><BR>[Stack]<UL><LI>Max Depth = 200 + Unknown Stack Size
<LI>Call Chain = ProcCmdSLC -> EepromWriteByte -> I2C_bytewrite -> i2c_writebyte -> i2c_ack</UL>
<BR>[Calls]<UL><LI><a href="#[b0e648]">&gt;&gt;</a>&nbsp;&nbsp;&nbsp;SetBalanceVolume
<LI><a href="#[b0f3d4]">&gt;&gt;</a>&nbsp;&nbsp;&nbsp;FindBalancePosition
<LI><a href="#[b0f544]">&gt;&gt;</a>&nbsp;&nbsp;&nbsp;EepromWriteByte
<LI><a href="#[b15354]">&gt;&gt;</a>&nbsp;&nbsp;&nbsp;IsBalanceValid
<LI><a href="#[b15fd8]">&gt;&gt;</a>&nbsp;&nbsp;&nbsp;GetProtocolFloatValue
</UL>
<BR>[Address Reference Count : 1]<UL><LI> rs232_protocol.o(.constdata)
</UL>
<P><STRONG><a name="[b149cc]"></a>ProcCmdSLR</STRONG> (Thumb, 70 bytes, Stack size 24 bytes, rs232_protocol.o(.text))
<BR><BR>[Stack]<UL><LI>Max Depth = 200 + Unknown Stack Size
<LI>Call Chain = ProcCmdSLR -> EepromWriteByte -> I2C_bytewrite -> i2c_writebyte -> i2c_ack</UL>
<BR>[Calls]<UL><LI><a href="#[b0e648]">&gt;&gt;</a>&nbsp;&nbsp;&nbsp;SetBalanceVolume
<LI><a href="#[b0f3d4]">&gt;&gt;</a>&nbsp;&nbsp;&nbsp;FindBalancePosition
<LI><a href="#[b0f544]">&gt;&gt;</a>&nbsp;&nbsp;&nbsp;EepromWriteByte
<LI><a href="#[b15354]">&gt;&gt;</a>&nbsp;&nbsp;&nbsp;IsBalanceValid
<LI><a href="#[b15fd8]">&gt;&gt;</a>&nbsp;&nbsp;&nbsp;GetProtocolFloatValue
</UL>
<BR>[Address Reference Count : 1]<UL><LI> rs232_protocol.o(.constdata)
</UL>
<P><STRONG><a name="[b14954]"></a>ProcCmdSLSR</STRONG> (Thumb, 126 bytes, Stack size 24 bytes, rs232_protocol.o(.text))
<BR><BR>[Stack]<UL><LI>Max Depth = 200 + Unknown Stack Size
<LI>Call Chain = ProcCmdSLSR -> EepromWriteByte -> I2C_bytewrite -> i2c_writebyte -> i2c_ack</UL>
<BR>[Calls]<UL><LI><a href="#[b0e648]">&gt;&gt;</a>&nbsp;&nbsp;&nbsp;SetBalanceVolume
<LI><a href="#[b0f3d4]">&gt;&gt;</a>&nbsp;&nbsp;&nbsp;FindBalancePosition
<LI><a href="#[b0f544]">&gt;&gt;</a>&nbsp;&nbsp;&nbsp;EepromWriteByte
<LI><a href="#[b15354]">&gt;&gt;</a>&nbsp;&nbsp;&nbsp;IsBalanceValid
<LI><a href="#[b15fd8]">&gt;&gt;</a>&nbsp;&nbsp;&nbsp;GetProtocolFloatValue
</UL>
<BR>[Address Reference Count : 1]<UL><LI> rs232_protocol.o(.constdata)
</UL>
<P><STRONG><a name="[b148dc]"></a>ProcCmdSLSL</STRONG> (Thumb, 70 bytes, Stack size 24 bytes, rs232_protocol.o(.text))
<BR><BR>[Stack]<UL><LI>Max Depth = 200 + Unknown Stack Size
<LI>Call Chain = ProcCmdSLSL -> EepromWriteByte -> I2C_bytewrite -> i2c_writebyte -> i2c_ack</UL>
<BR>[Calls]<UL><LI><a href="#[b0e648]">&gt;&gt;</a>&nbsp;&nbsp;&nbsp;SetBalanceVolume
<LI><a href="#[b0f3d4]">&gt;&gt;</a>&nbsp;&nbsp;&nbsp;FindBalancePosition
<LI><a href="#[b0f544]">&gt;&gt;</a>&nbsp;&nbsp;&nbsp;EepromWriteByte
<LI><a href="#[b15354]">&gt;&gt;</a>&nbsp;&nbsp;&nbsp;IsBalanceValid
<LI><a href="#[b15fd8]">&gt;&gt;</a>&nbsp;&nbsp;&nbsp;GetProtocolFloatValue
</UL>
<BR>[Address Reference Count : 1]<UL><LI> rs232_protocol.o(.constdata)
</UL>
<P><STRONG><a name="[b14864]"></a>ProcCmdSLBR</STRONG> (Thumb, 70 bytes, Stack size 24 bytes, rs232_protocol.o(.text))
<BR><BR>[Stack]<UL><LI>Max Depth = 200 + Unknown Stack Size
<LI>Call Chain = ProcCmdSLBR -> EepromWriteByte -> I2C_bytewrite -> i2c_writebyte -> i2c_ack</UL>
<BR>[Calls]<UL><LI><a href="#[b0e648]">&gt;&gt;</a>&nbsp;&nbsp;&nbsp;SetBalanceVolume
<LI><a href="#[b0f3d4]">&gt;&gt;</a>&nbsp;&nbsp;&nbsp;FindBalancePosition
<LI><a href="#[b0f544]">&gt;&gt;</a>&nbsp;&nbsp;&nbsp;EepromWriteByte
<LI><a href="#[b15354]">&gt;&gt;</a>&nbsp;&nbsp;&nbsp;IsBalanceValid
<LI><a href="#[b15fd8]">&gt;&gt;</a>&nbsp;&nbsp;&nbsp;GetProtocolFloatValue
</UL>
<BR>[Address Reference Count : 1]<UL><LI> rs232_protocol.o(.constdata)
</UL>
<P><STRONG><a name="[b147ec]"></a>ProcCmdSLBL</STRONG> (Thumb, 70 bytes, Stack size 24 bytes, rs232_protocol.o(.text))
<BR><BR>[Stack]<UL><LI>Max Depth = 200 + Unknown Stack Size
<LI>Call Chain = ProcCmdSLBL -> EepromWriteByte -> I2C_bytewrite -> i2c_writebyte -> i2c_ack</UL>
<BR>[Calls]<UL><LI><a href="#[b0e648]">&gt;&gt;</a>&nbsp;&nbsp;&nbsp;SetBalanceVolume
<LI><a href="#[b0f3d4]">&gt;&gt;</a>&nbsp;&nbsp;&nbsp;FindBalancePosition
<LI><a href="#[b0f544]">&gt;&gt;</a>&nbsp;&nbsp;&nbsp;EepromWriteByte
<LI><a href="#[b15354]">&gt;&gt;</a>&nbsp;&nbsp;&nbsp;IsBalanceValid
<LI><a href="#[b15fd8]">&gt;&gt;</a>&nbsp;&nbsp;&nbsp;GetProtocolFloatValue
</UL>
<BR>[Address Reference Count : 1]<UL><LI> rs232_protocol.o(.constdata)
</UL>
<P><STRONG><a name="[b14774]"></a>ProcCmdSLSW</STRONG> (Thumb, 70 bytes, Stack size 24 bytes, rs232_protocol.o(.text))
<BR><BR>[Stack]<UL><LI>Max Depth = 200 + Unknown Stack Size
<LI>Call Chain = ProcCmdSLSW -> EepromWriteByte -> I2C_bytewrite -> i2c_writebyte -> i2c_ack</UL>
<BR>[Calls]<UL><LI><a href="#[b0e648]">&gt;&gt;</a>&nbsp;&nbsp;&nbsp;SetBalanceVolume
<LI><a href="#[b0f3d4]">&gt;&gt;</a>&nbsp;&nbsp;&nbsp;FindBalancePosition
<LI><a href="#[b0f544]">&gt;&gt;</a>&nbsp;&nbsp;&nbsp;EepromWriteByte
<LI><a href="#[b15354]">&gt;&gt;</a>&nbsp;&nbsp;&nbsp;IsBalanceValid
<LI><a href="#[b15fd8]">&gt;&gt;</a>&nbsp;&nbsp;&nbsp;GetProtocolFloatValue
</UL>
<BR>[Address Reference Count : 1]<UL><LI> rs232_protocol.o(.constdata)
</UL>
<P><STRONG><a name="[b146f8]"></a>IsDistanceValid</STRONG> (Thumb, 90 bytes, Stack size 24 bytes, rs232_protocol.o(.text))
<BR><BR>[Stack]<UL><LI>Max Depth = 24<LI>Call Chain = IsDistanceValid</UL>
<BR>[Calls]<UL><LI><a href="#[11723e4]">&gt;&gt;</a>&nbsp;&nbsp;&nbsp;__aeabi_cfrcmple (via Veneer)
<LI><a href="#[1173b00]">&gt;&gt;</a>&nbsp;&nbsp;&nbsp;__aeabi_cdcmple (via Veneer)
<LI><a href="#[11788c0]">&gt;&gt;</a>&nbsp;&nbsp;&nbsp;__aeabi_f2d (via Veneer)
</UL>
<BR>[Called By]<UL><LI><a href="#[b10234]">&lt;&lt;</a>&nbsp;&nbsp;&nbsp;ProcCmdASAVD
<LI><a href="#[b12ea4]">&lt;&lt;</a>&nbsp;&nbsp;&nbsp;ProcCmdMSPs
<LI><a href="#[b12f1c]">&lt;&lt;</a>&nbsp;&nbsp;&nbsp;ProcCmdMSPBL
<LI><a href="#[b12f98]">&lt;&lt;</a>&nbsp;&nbsp;&nbsp;ProcCmdMSPBR
<LI><a href="#[b13014]">&lt;&lt;</a>&nbsp;&nbsp;&nbsp;ProcCmdMSPSL
<LI><a href="#[b13090]">&lt;&lt;</a>&nbsp;&nbsp;&nbsp;ProcCmdMSPSR
<LI><a href="#[b1310c]">&lt;&lt;</a>&nbsp;&nbsp;&nbsp;ProcCmdMSPR
<LI><a href="#[b13184]">&lt;&lt;</a>&nbsp;&nbsp;&nbsp;ProcCmdMSPC
<LI><a href="#[b131fc]">&lt;&lt;</a>&nbsp;&nbsp;&nbsp;ProcCmdMSPL
<LI><a href="#[b14338]">&lt;&lt;</a>&nbsp;&nbsp;&nbsp;ProcCmdSPs
<LI><a href="#[b143b0]">&lt;&lt;</a>&nbsp;&nbsp;&nbsp;ProcCmdSPBL
<LI><a href="#[b14428]">&lt;&lt;</a>&nbsp;&nbsp;&nbsp;ProcCmdSPBR
<LI><a href="#[b144a0]">&lt;&lt;</a>&nbsp;&nbsp;&nbsp;ProcCmdSPSL
<LI><a href="#[b14518]">&lt;&lt;</a>&nbsp;&nbsp;&nbsp;ProcCmdSPSR
<LI><a href="#[b14590]">&lt;&lt;</a>&nbsp;&nbsp;&nbsp;ProcCmdSPR
<LI><a href="#[b14608]">&lt;&lt;</a>&nbsp;&nbsp;&nbsp;ProcCmdSPC
<LI><a href="#[b14680]">&lt;&lt;</a>&nbsp;&nbsp;&nbsp;ProcCmdSPL
</UL>

<P><STRONG><a name="[b14680]"></a>ProcCmdSPL</STRONG> (Thumb, 94 bytes, Stack size 24 bytes, rs232_protocol.o(.text))
<BR><BR>[Stack]<UL><LI>Max Depth = 236 + Unknown Stack Size
<LI>Call Chain = ProcCmdSPL -> SpkDistanceSetup -> SetSpkDistance -> SetDspDelay -> DspProcDelay -> DSP_Delay_Channel_Setting -> DspSpiWriteNByte -> SetDspPower -> DspProcPower -> DspMasterBoot -> CheckDspMessage -> DspSpiReadNByte -> ReadByteDsp -> SenseDspIrq</UL>
<BR>[Calls]<UL><LI><a href="#[b146f8]">&gt;&gt;</a>&nbsp;&nbsp;&nbsp;IsDistanceValid
<LI><a href="#[b15fd8]">&gt;&gt;</a>&nbsp;&nbsp;&nbsp;GetProtocolFloatValue
<LI><a href="#[f220cc]">&gt;&gt;</a>&nbsp;&nbsp;&nbsp;SpkDistanceSetup
<LI><a href="#[1175574]">&gt;&gt;</a>&nbsp;&nbsp;&nbsp;__aeabi_f2uiz (via Veneer)
</UL>
<BR>[Address Reference Count : 1]<UL><LI> rs232_protocol.o(.constdata)
</UL>
<P><STRONG><a name="[b14608]"></a>ProcCmdSPC</STRONG> (Thumb, 94 bytes, Stack size 24 bytes, rs232_protocol.o(.text))
<BR><BR>[Stack]<UL><LI>Max Depth = 236 + Unknown Stack Size
<LI>Call Chain = ProcCmdSPC -> SpkDistanceSetup -> SetSpkDistance -> SetDspDelay -> DspProcDelay -> DSP_Delay_Channel_Setting -> DspSpiWriteNByte -> SetDspPower -> DspProcPower -> DspMasterBoot -> CheckDspMessage -> DspSpiReadNByte -> ReadByteDsp -> SenseDspIrq</UL>
<BR>[Calls]<UL><LI><a href="#[b146f8]">&gt;&gt;</a>&nbsp;&nbsp;&nbsp;IsDistanceValid
<LI><a href="#[b15fd8]">&gt;&gt;</a>&nbsp;&nbsp;&nbsp;GetProtocolFloatValue
<LI><a href="#[f220cc]">&gt;&gt;</a>&nbsp;&nbsp;&nbsp;SpkDistanceSetup
<LI><a href="#[1175574]">&gt;&gt;</a>&nbsp;&nbsp;&nbsp;__aeabi_f2uiz (via Veneer)
</UL>
<BR>[Address Reference Count : 1]<UL><LI> rs232_protocol.o(.constdata)
</UL>
<P><STRONG><a name="[b14590]"></a>ProcCmdSPR</STRONG> (Thumb, 94 bytes, Stack size 24 bytes, rs232_protocol.o(.text))
<BR><BR>[Stack]<UL><LI>Max Depth = 236 + Unknown Stack Size
<LI>Call Chain = ProcCmdSPR -> SpkDistanceSetup -> SetSpkDistance -> SetDspDelay -> DspProcDelay -> DSP_Delay_Channel_Setting -> DspSpiWriteNByte -> SetDspPower -> DspProcPower -> DspMasterBoot -> CheckDspMessage -> DspSpiReadNByte -> ReadByteDsp -> SenseDspIrq</UL>
<BR>[Calls]<UL><LI><a href="#[b146f8]">&gt;&gt;</a>&nbsp;&nbsp;&nbsp;IsDistanceValid
<LI><a href="#[b15fd8]">&gt;&gt;</a>&nbsp;&nbsp;&nbsp;GetProtocolFloatValue
<LI><a href="#[f220cc]">&gt;&gt;</a>&nbsp;&nbsp;&nbsp;SpkDistanceSetup
<LI><a href="#[1175574]">&gt;&gt;</a>&nbsp;&nbsp;&nbsp;__aeabi_f2uiz (via Veneer)
</UL>
<BR>[Address Reference Count : 1]<UL><LI> rs232_protocol.o(.constdata)
</UL>
<P><STRONG><a name="[b14518]"></a>ProcCmdSPSR</STRONG> (Thumb, 94 bytes, Stack size 24 bytes, rs232_protocol.o(.text))
<BR><BR>[Stack]<UL><LI>Max Depth = 236 + Unknown Stack Size
<LI>Call Chain = ProcCmdSPSR -> SpkDistanceSetup -> SetSpkDistance -> SetDspDelay -> DspProcDelay -> DSP_Delay_Channel_Setting -> DspSpiWriteNByte -> SetDspPower -> DspProcPower -> DspMasterBoot -> CheckDspMessage -> DspSpiReadNByte -> ReadByteDsp -> SenseDspIrq</UL>
<BR>[Calls]<UL><LI><a href="#[b146f8]">&gt;&gt;</a>&nbsp;&nbsp;&nbsp;IsDistanceValid
<LI><a href="#[b15fd8]">&gt;&gt;</a>&nbsp;&nbsp;&nbsp;GetProtocolFloatValue
<LI><a href="#[f220cc]">&gt;&gt;</a>&nbsp;&nbsp;&nbsp;SpkDistanceSetup
<LI><a href="#[1175574]">&gt;&gt;</a>&nbsp;&nbsp;&nbsp;__aeabi_f2uiz (via Veneer)
</UL>
<BR>[Address Reference Count : 1]<UL><LI> rs232_protocol.o(.constdata)
</UL>
<P><STRONG><a name="[b144a0]"></a>ProcCmdSPSL</STRONG> (Thumb, 94 bytes, Stack size 24 bytes, rs232_protocol.o(.text))
<BR><BR>[Stack]<UL><LI>Max Depth = 236 + Unknown Stack Size
<LI>Call Chain = ProcCmdSPSL -> SpkDistanceSetup -> SetSpkDistance -> SetDspDelay -> DspProcDelay -> DSP_Delay_Channel_Setting -> DspSpiWriteNByte -> SetDspPower -> DspProcPower -> DspMasterBoot -> CheckDspMessage -> DspSpiReadNByte -> ReadByteDsp -> SenseDspIrq</UL>
<BR>[Calls]<UL><LI><a href="#[b146f8]">&gt;&gt;</a>&nbsp;&nbsp;&nbsp;IsDistanceValid
<LI><a href="#[b15fd8]">&gt;&gt;</a>&nbsp;&nbsp;&nbsp;GetProtocolFloatValue
<LI><a href="#[f220cc]">&gt;&gt;</a>&nbsp;&nbsp;&nbsp;SpkDistanceSetup
<LI><a href="#[1175574]">&gt;&gt;</a>&nbsp;&nbsp;&nbsp;__aeabi_f2uiz (via Veneer)
</UL>
<BR>[Address Reference Count : 1]<UL><LI> rs232_protocol.o(.constdata)
</UL>
<P><STRONG><a name="[b14428]"></a>ProcCmdSPBR</STRONG> (Thumb, 94 bytes, Stack size 24 bytes, rs232_protocol.o(.text))
<BR><BR>[Stack]<UL><LI>Max Depth = 236 + Unknown Stack Size
<LI>Call Chain = ProcCmdSPBR -> SpkDistanceSetup -> SetSpkDistance -> SetDspDelay -> DspProcDelay -> DSP_Delay_Channel_Setting -> DspSpiWriteNByte -> SetDspPower -> DspProcPower -> DspMasterBoot -> CheckDspMessage -> DspSpiReadNByte -> ReadByteDsp -> SenseDspIrq</UL>
<BR>[Calls]<UL><LI><a href="#[b146f8]">&gt;&gt;</a>&nbsp;&nbsp;&nbsp;IsDistanceValid
<LI><a href="#[b15fd8]">&gt;&gt;</a>&nbsp;&nbsp;&nbsp;GetProtocolFloatValue
<LI><a href="#[f220cc]">&gt;&gt;</a>&nbsp;&nbsp;&nbsp;SpkDistanceSetup
<LI><a href="#[1175574]">&gt;&gt;</a>&nbsp;&nbsp;&nbsp;__aeabi_f2uiz (via Veneer)
</UL>
<BR>[Address Reference Count : 1]<UL><LI> rs232_protocol.o(.constdata)
</UL>
<P><STRONG><a name="[b143b0]"></a>ProcCmdSPBL</STRONG> (Thumb, 94 bytes, Stack size 24 bytes, rs232_protocol.o(.text))
<BR><BR>[Stack]<UL><LI>Max Depth = 236 + Unknown Stack Size
<LI>Call Chain = ProcCmdSPBL -> SpkDistanceSetup -> SetSpkDistance -> SetDspDelay -> DspProcDelay -> DSP_Delay_Channel_Setting -> DspSpiWriteNByte -> SetDspPower -> DspProcPower -> DspMasterBoot -> CheckDspMessage -> DspSpiReadNByte -> ReadByteDsp -> SenseDspIrq</UL>
<BR>[Calls]<UL><LI><a href="#[b146f8]">&gt;&gt;</a>&nbsp;&nbsp;&nbsp;IsDistanceValid
<LI><a href="#[b15fd8]">&gt;&gt;</a>&nbsp;&nbsp;&nbsp;GetProtocolFloatValue
<LI><a href="#[f220cc]">&gt;&gt;</a>&nbsp;&nbsp;&nbsp;SpkDistanceSetup
<LI><a href="#[1175574]">&gt;&gt;</a>&nbsp;&nbsp;&nbsp;__aeabi_f2uiz (via Veneer)
</UL>
<BR>[Address Reference Count : 1]<UL><LI> rs232_protocol.o(.constdata)
</UL>
<P><STRONG><a name="[b14338]"></a>ProcCmdSPs</STRONG> (Thumb, 94 bytes, Stack size 24 bytes, rs232_protocol.o(.text))
<BR><BR>[Stack]<UL><LI>Max Depth = 236 + Unknown Stack Size
<LI>Call Chain = ProcCmdSPs -> SpkDistanceSetup -> SetSpkDistance -> SetDspDelay -> DspProcDelay -> DSP_Delay_Channel_Setting -> DspSpiWriteNByte -> SetDspPower -> DspProcPower -> DspMasterBoot -> CheckDspMessage -> DspSpiReadNByte -> ReadByteDsp -> SenseDspIrq</UL>
<BR>[Calls]<UL><LI><a href="#[b146f8]">&gt;&gt;</a>&nbsp;&nbsp;&nbsp;IsDistanceValid
<LI><a href="#[b15fd8]">&gt;&gt;</a>&nbsp;&nbsp;&nbsp;GetProtocolFloatValue
<LI><a href="#[f220cc]">&gt;&gt;</a>&nbsp;&nbsp;&nbsp;SpkDistanceSetup
<LI><a href="#[1175574]">&gt;&gt;</a>&nbsp;&nbsp;&nbsp;__aeabi_f2uiz (via Veneer)
</UL>
<BR>[Address Reference Count : 1]<UL><LI> rs232_protocol.o(.constdata)
</UL>
<P><STRONG><a name="[b142c0]"></a>ProcCmdSZL</STRONG> (Thumb, 72 bytes, Stack size 16 bytes, rs232_protocol.o(.text))
<BR><BR>[Stack]<UL><LI>Max Depth = 416 + Unknown Stack Size
<LI>Call Chain = ProcCmdSZL -> SpkConfigSetup -> SetDspSpkMode -> DspProcSpkMode -> SetBassManagerSpeaker -> C11SetBass -> DSP_BASS_X_INPUT_LEVEL_BACK -> ConvertDbValue -> pow -> __kernel_poly -> __aeabi_dmul</UL>
<BR>[Calls]<UL><LI><a href="#[f166f0]">&gt;&gt;</a>&nbsp;&nbsp;&nbsp;SetDspSpkMode
<LI><a href="#[f222c8]">&gt;&gt;</a>&nbsp;&nbsp;&nbsp;SpkConfigSetup
</UL>
<BR>[Address Reference Count : 1]<UL><LI> rs232_protocol.o(.constdata)
</UL>
<P><STRONG><a name="[b14248]"></a>ProcCmdSZR</STRONG> (Thumb, 72 bytes, Stack size 16 bytes, rs232_protocol.o(.text))
<BR><BR>[Stack]<UL><LI>Max Depth = 416 + Unknown Stack Size
<LI>Call Chain = ProcCmdSZR -> SpkConfigSetup -> SetDspSpkMode -> DspProcSpkMode -> SetBassManagerSpeaker -> C11SetBass -> DSP_BASS_X_INPUT_LEVEL_BACK -> ConvertDbValue -> pow -> __kernel_poly -> __aeabi_dmul</UL>
<BR>[Calls]<UL><LI><a href="#[f166f0]">&gt;&gt;</a>&nbsp;&nbsp;&nbsp;SetDspSpkMode
<LI><a href="#[f222c8]">&gt;&gt;</a>&nbsp;&nbsp;&nbsp;SpkConfigSetup
</UL>
<BR>[Address Reference Count : 1]<UL><LI> rs232_protocol.o(.constdata)
</UL>
<P><STRONG><a name="[b141d0]"></a>ProcCmdSZSL</STRONG> (Thumb, 96 bytes, Stack size 16 bytes, rs232_protocol.o(.text))
<BR><BR>[Stack]<UL><LI>Max Depth = 416 + Unknown Stack Size
[...]
</UL>

<P><STRONG><a name="[ff54ec]"></a>GetCrossoverPoint</STRONG> (Thumb, 48 bytes, Stack size 16 bytes, auto_sound.o(.text))
<BR><BR>[Stack]<UL><LI>Max Depth = 20<LI>Call Chain = GetCrossoverPoint -> __aeabi_fdiv</UL>
<BR>[Calls]<UL><LI><a href="#[1174af0]">&gt;&gt;</a>&nbsp;&nbsp;&nbsp;__aeabi_ui2f (via Veneer)
<LI><a href="#[1175574]">&gt;&gt;</a>&nbsp;&nbsp;&nbsp;__aeabi_f2uiz (via Veneer)
<LI><a href="#[1176c98]">&gt;&gt;</a>&nbsp;&nbsp;&nbsp;__aeabi_fdiv (via Veneer)
<LI><a href="#[1177cf4]">&gt;&gt;</a>&nbsp;&nbsp;&nbsp;__aeabi_fsub (via Veneer)
</UL>
<BR>[Called By]<UL><LI><a href="#[ff2dc8]">&lt;&lt;</a>&nbsp;&nbsp;&nbsp;ASProcSetSpeakerphase
</UL>

<P><STRONG><a name="[1002abc]"></a>get_freq</STRONG> (Thumb, 26 bytes, Stack size 0 bytes, radio_task.o(.text))
<BR><BR>[Called By]<UL><LI><a href="#[f8d330]">&lt;&lt;</a>&nbsp;&nbsp;&nbsp;RadioProcMessage
</UL>

<P><STRONG><a name="[1002950]"></a>PreProcDigitKey</STRONG> (Thumb, 144 bytes, Stack size 4 bytes, radio_task.o(.text))
<BR><BR>[Stack]<UL><LI>Max Depth = 4<LI>Call Chain = PreProcDigitKey</UL>
<BR>[Calls]<UL><LI><a href="#[1171970]">&gt;&gt;</a>&nbsp;&nbsp;&nbsp;__ARM_switch8 (via Veneer)
</UL>
<BR>[Called By]<UL><LI><a href="#[fff9c8]">&lt;&lt;</a>&nbsp;&nbsp;&nbsp;RadioKeyService
</UL>

<P><STRONG><a name="[10028d8]"></a>SaveExit</STRONG> (Thumb, 22 bytes, Stack size 8 bytes, radio_task.o(.text))
<BR><BR>[Stack]<UL><LI>Max Depth = 56<LI>Call Chain = SaveExit -> MsgSetVfdShow -> SendMessage -> IsMsgQueueFull</UL>
<BR>[Calls]<UL><LI><a href="#[b0ea18]">&gt;&gt;</a>&nbsp;&nbsp;&nbsp;MsgSetVfdShow
<LI><a href="#[10002b4]">&gt;&gt;</a>&nbsp;&nbsp;&nbsp;SetRadioStatus
</UL>
<BR>[Called By]<UL><LI><a href="#[fffac8]">&lt;&lt;</a>&nbsp;&nbsp;&nbsp;PreProcSaveKey
</UL>

<P><STRONG><a name="[1002860]"></a>SaveInit</STRONG> (Thumb, 30 bytes, Stack size 8 bytes, radio_task.o(.text))
<BR><BR>[Stack]<UL><LI>Max Depth = 616 + Unknown Stack Size
<LI>Call Chain = SaveInit -> UpdateSaveVfd -> VfdDisplay -> vsprintf -> _printf_char_common -> __printf -> _printf_fp_dec -> _printf_fp_dec_real -> _fp_display -> _fp_digits -> _btod_etento -> _btod_emul -> _e2e</UL>
<BR>[Calls]<UL><LI><a href="#[fffcc8]">&gt;&gt;</a>&nbsp;&nbsp;&nbsp;UpdateSaveVfd
<LI><a href="#[10002b4]">&gt;&gt;</a>&nbsp;&nbsp;&nbsp;SetRadioStatus
</UL>
<BR>[Called By]<UL><LI><a href="#[fff9c8]">&lt;&lt;</a>&nbsp;&nbsp;&nbsp;RadioKeyService
</UL>

<P><STRONG><a name="[f75e40]"></a>i2c_ack</STRONG> (Thumb, 286 bytes, Stack size 24 bytes, i2cdrv.o(.text))
<BR><BR>[Stack]<UL><LI>Max Depth = 24 + Unknown Stack Size
<LI>Call Chain = i2c_ack</UL>
<BR>[Calls]<UL><LI><a href="#[10204b4]">&gt;&gt;</a>&nbsp;&nbsp;&nbsp;wait_timer
<LI><a href="#[117141c]">&gt;&gt;</a>&nbsp;&nbsp;&nbsp;__ARM_call_via_r1
<LI><a href="#[11714e8]">&gt;&gt;</a>&nbsp;&nbsp;&nbsp;__ARM_call_via_r0
</UL>
<BR>[Called By]<UL><LI><a href="#[f7588c]">&lt;&lt;</a>&nbsp;&nbsp;&nbsp;I2CReadNByte
<LI><a href="#[f75cd4]">&lt;&lt;</a>&nbsp;&nbsp;&nbsp;i2c_writebyte
<LI><a href="#[1006d90]">&lt;&lt;</a>&nbsp;&nbsp;&nbsp;I2C_byteread
</UL>

<P><STRONG><a name="[f75dc8]"></a>i2c_start</STRONG> (Thumb, 102 bytes, Stack size 8 bytes, i2cdrv.o(.text))
<BR><BR>[Stack]<UL><LI>Max Depth = 8 + Unknown Stack Size
<LI>Call Chain = i2c_start</UL>
<BR>[Calls]<UL><LI><a href="#[10204b4]">&gt;&gt;</a>&nbsp;&nbsp;&nbsp;wait_timer
<LI><a href="#[117141c]">&gt;&gt;</a>&nbsp;&nbsp;&nbsp;__ARM_call_via_r1
</UL>
<BR>[Called By]<UL><LI><a href="#[f7588c]">&lt;&lt;</a>&nbsp;&nbsp;&nbsp;I2CReadNByte
<LI><a href="#[f75908]">&lt;&lt;</a>&nbsp;&nbsp;&nbsp;I2CWriteNByte
<LI><a href="#[1006d14]">&lt;&lt;</a>&nbsp;&nbsp;&nbsp;I2C_bytewrite
<LI><a href="#[1006d90]">&lt;&lt;</a>&nbsp;&nbsp;&nbsp;I2C_byteread
</UL>

<P><STRONG><a name="[f75d50]"></a>i2c_stop</STRONG> (Thumb, 72 bytes, Stack size 8 bytes, i2cdrv.o(.text))
<BR><BR>[Stack]<UL><LI>Max Depth = 8 + Unknown Stack Size
<LI>Call Chain = i2c_stop</UL>
<BR>[Calls]<UL><LI><a href="#[10204b4]">&gt;&gt;</a>&nbsp;&nbsp;&nbsp;wait_timer
<LI><a href="#[117141c]">&gt;&gt;</a>&nbsp;&nbsp;&nbsp;__ARM_call_via_r1
</UL>
<BR>[Called By]<UL><LI><a href="#[f7588c]">&lt;&lt;</a>&nbsp;&nbsp;&nbsp;I2CReadNByte
<LI><a href="#[f75908]">&lt;&lt;</a>&nbsp;&nbsp;&nbsp;I2CWriteNByte
<LI><a href="#[1006d14]">&lt;&lt;</a>&nbsp;&nbsp;&nbsp;I2C_bytewrite
<LI><a href="#[1006d90]">&lt;&lt;</a>&nbsp;&nbsp;&nbsp;I2C_byteread
</UL>

<P><STRONG><a name="[f75cd4]"></a>i2c_writebyte</STRONG> (Thumb, 158 bytes, Stack size 16 bytes, i2cdrv.o(.text))
<BR><BR>[Stack]<UL><LI>Max Depth = 40 + Unknown Stack Size
<LI>Call Chain = i2c_writebyte -> i2c_ack</UL>
<BR>[Calls]<UL><LI><a href="#[f75e40]">&gt;&gt;</a>&nbsp;&nbsp;&nbsp;i2c_ack
<LI><a href="#[10204b4]">&gt;&gt;</a>&nbsp;&nbsp;&nbsp;wait_timer
<LI><a href="#[117141c]">&gt;&gt;</a>&nbsp;&nbsp;&nbsp;__ARM_call_via_r1
</UL>
<BR>[Called By]<UL><LI><a href="#[f7588c]">&lt;&lt;</a>&nbsp;&nbsp;&nbsp;I2CReadNByte
<LI><a href="#[f75908]">&lt;&lt;</a>&nbsp;&nbsp;&nbsp;I2CWriteNByte
<LI><a href="#[1006d14]">&lt;&lt;</a>&nbsp;&nbsp;&nbsp;I2C_bytewrite
<LI><a href="#[1006d90]">&lt;&lt;</a>&nbsp;&nbsp;&nbsp;I2C_byteread
</UL>

<P><STRONG><a name="[f75c58]"></a>i2c_readbyte</STRONG> (Thumb, 132 bytes, Stack size 16 bytes, i2cdrv.o(.text))
<BR><BR>[Stack]<UL><LI>Max Depth = 16 + Unknown Stack Size
<LI>Call Chain = i2c_readbyte</UL>
<BR>[Calls]<UL><LI><a href="#[10204b4]">&gt;&gt;</a>&nbsp;&nbsp;&nbsp;wait_timer
<LI><a href="#[117141c]">&gt;&gt;</a>&nbsp;&nbsp;&nbsp;__ARM_call_via_r1
<LI><a href="#[11714e8]">&gt;&gt;</a>&nbsp;&nbsp;&nbsp;__ARM_call_via_r0
</UL>
<BR>[Called By]<UL><LI><a href="#[f7588c]">&lt;&lt;</a>&nbsp;&nbsp;&nbsp;I2CReadNByte
<LI><a href="#[1006d90]">&lt;&lt;</a>&nbsp;&nbsp;&nbsp;I2C_byteread
</UL>

<P><STRONG><a name="[f6f58c]"></a>Iec4094Sendbyte</STRONG> (Thumb, 68 bytes, Stack size 16 bytes, ic4094.o(.text))
<BR><BR>[Stack]<UL><LI>Max Depth = 16<LI>Call Chain = Iec4094Sendbyte</UL>
<BR>[Calls]<UL><LI><a href="#[f6e8f8]">&gt;&gt;</a>&nbsp;&nbsp;&nbsp;SetData4094
<LI><a href="#[f6ea60]">&gt;&gt;</a>&nbsp;&nbsp;&nbsp;Set4094Clk
<LI><a href="#[10204b4]">&gt;&gt;</a>&nbsp;&nbsp;&nbsp;wait_timer
</UL>
<BR>[Called By]<UL><LI><a href="#[f6f05c]">&lt;&lt;</a>&nbsp;&nbsp;&nbsp;Ext4094Sendbyte
</UL>

<P><STRONG><a name="[f475b0]"></a>Mas9116WriteWord</STRONG> (Thumb, 84 bytes, Stack size 16 bytes, mas9116.o(.text))
<BR><BR>[Stack]<UL><LI>Max Depth = 16<LI>Call Chain = Mas9116WriteWord</UL>
<BR>[Calls]<UL><LI><a href="#[fbaefc]">&gt;&gt;</a>&nbsp;&nbsp;&nbsp;SetIoport0
<LI><a href="#[10204b4]">&gt;&gt;</a>&nbsp;&nbsp;&nbsp;wait_timer
<LI><a href="#[102061c]">&gt;&gt;</a>&nbsp;&nbsp;&nbsp;SetIoport1
</UL>
<BR>[Called By]<UL><LI><a href="#[f46cac]">&lt;&lt;</a>&nbsp;&nbsp;&nbsp;Mas9116Reset
<LI><a href="#[f46da4]">&lt;&lt;</a>&nbsp;&nbsp;&nbsp;Mas9116SetGain
</UL>

<P><STRONG><a name="[f3a4a8]"></a>CheckInputChannel</STRONG> (Thumb, 382 bytes, Stack size 16 bytes, channel.o(.text))
<BR><BR>[Stack]<UL><LI>Max Depth = 200 + Unknown Stack Size
<LI>Call Chain = CheckInputChannel -> DigitalInSelectChannel -> DigiSendByte -> I2C_bytewrite -> i2c_writebyte -> i2c_ack</UL>
<BR>[Calls]<UL><LI><a href="#[f39524]">&gt;&gt;</a>&nbsp;&nbsp;&nbsp;CheckAnalogIn
<LI><a href="#[f39624]">&gt;&gt;</a>&nbsp;&nbsp;&nbsp;DigitalInSelectChannel
<LI><a href="#[fd0394]">&gt;&gt;</a>&nbsp;&nbsp;&nbsp;DigitalInSelect71Channel
<LI><a href="#[fd06a8]">&gt;&gt;</a>&nbsp;&nbsp;&nbsp;AnalogInputTypeSelect
<LI><a href="#[fd072c]">&gt;&gt;</a>&nbsp;&nbsp;&nbsp;Analog7CH1OutSelectChannel
<LI><a href="#[fff944]">&gt;&gt;</a>&nbsp;&nbsp;&nbsp;AnalogInSelectChannel
<LI><a href="#[1006e88]">&gt;&gt;</a>&nbsp;&nbsp;&nbsp;CheckCs8416Unlock
</UL>
<BR>[Called By]<UL><LI><a href="#[f39424]">&lt;&lt;</a>&nbsp;&nbsp;&nbsp;SystemSelectInputChannel
<LI><a href="#[fcf8e4]">&lt;&lt;</a>&nbsp;&nbsp;&nbsp;SystemSearchInputChannel
<LI><a href="#[fd05b4]">&lt;&lt;</a>&nbsp;&nbsp;&nbsp;CheckInput
</UL>

<P><STRONG><a name="[1091f28]"></a>Write_Byte</STRONG> (Thumb, 56 bytes, Stack size 16 bytes, dsp_spi.o(.text))
<BR><BR>[Stack]<UL><LI>Max Depth = 16<LI>Call Chain = Write_Byte</UL>
<BR>[Calls]<UL><LI><a href="#[f68558]">&gt;&gt;</a>&nbsp;&nbsp;&nbsp;Set_Spi_MOSI
<LI><a href="#[f685d4]">&gt;&gt;</a>&nbsp;&nbsp;&nbsp;Set_Spi_Clk
</UL>
<BR>[Called By]<UL><LI><a href="#[1091564]">&lt;&lt;</a>&nbsp;&nbsp;&nbsp;DspSpiReadNByte
<LI><a href="#[10915e0]">&lt;&lt;</a>&nbsp;&nbsp;&nbsp;DspSpiWriteNByte
</UL>

<P><STRONG><a name="[1091eb0]"></a>ReadByteDsp</STRONG> (Thumb, 82 bytes, Stack size 16 bytes, dsp_spi.o(.text))
<BR><BR>[Stack]<UL><LI>Max Depth = 20<LI>Call Chain = ReadByteDsp -> SenseDspIrq</UL>
<BR>[Calls]<UL><LI><a href="#[f684dc]">&gt;&gt;</a>&nbsp;&nbsp;&nbsp;Sense_Spi_MISO
<LI><a href="#[f685d4]">&gt;&gt;</a>&nbsp;&nbsp;&nbsp;Set_Spi_Clk
<LI><a href="#[f68740]">&gt;&gt;</a>&nbsp;&nbsp;&nbsp;SenseDspIrq
</UL>
<BR>[Called By]<UL><LI><a href="#[1091564]">&lt;&lt;</a>&nbsp;&nbsp;&nbsp;DspSpiReadNByte
</UL>

<P><STRONG><a name="[11807e8]"></a>__arm_div4</STRONG> (ARM, 0 bytes, Stack size unknown bytes, aeabi_sdiv.o(.text))
<BR><BR>[Called By]<UL><LI><a href="#[1180440]">&lt;&lt;</a>&nbsp;&nbsp;&nbsp;__aeabi_uidivmod
</UL>

<P><STRONG><a name="[1180770]"></a>__arm_div8</STRONG> (ARM, 0 bytes, Stack size unknown bytes, aeabi_sdiv.o(.text))
<BR><BR>[Called By]<UL><LI><a href="#[1180440]">&lt;&lt;</a>&nbsp;&nbsp;&nbsp;__aeabi_uidivmod
</UL>

<P><STRONG><a name="[11806f4]"></a>__arm_div_large</STRONG> (ARM, 0 bytes, Stack size unknown bytes, aeabi_sdiv.o(.text))
<BR><BR>[Called By]<UL><LI><a href="#[1180440]">&lt;&lt;</a>&nbsp;&nbsp;&nbsp;__aeabi_uidivmod
</UL>

<P><STRONG><a name="[117c2c0]"></a>_dadd1</STRONG> (ARM, 0 bytes, Stack size unknown bytes, daddsub_noclz.o(x$fpl$dadd), UNUSED)
<BR><BR>[Called By]<UL><LI><a href="#[117bbd8]">&lt;&lt;</a>&nbsp;&nbsp;&nbsp;_dsub
<LI><a href="#[117bc9c]">&lt;&lt;</a>&nbsp;&nbsp;&nbsp;_drsb
</UL>

<P><STRONG><a name="[117c0e4]"></a>_dsub1</STRONG> (ARM, 0 bytes, Stack size unknown bytes, daddsub_noclz.o(x$fpl$dsub), UNUSED)
<BR><BR>[Called By]<UL><LI><a href="#[117bc9c]">&lt;&lt;</a>&nbsp;&nbsp;&nbsp;_drsb
<LI><a href="#[117bd8c]">&lt;&lt;</a>&nbsp;&nbsp;&nbsp;_dadd
</UL>

<P><STRONG><a name="[11782c4]"></a>_fadd1</STRONG> (ARM, 0 bytes, Stack size unknown bytes, faddsub_noclz.o(x$fpl$fadd), UNUSED)
<BR><BR>[Called By]<UL><LI><a href="#[1177c80]">&lt;&lt;</a>&nbsp;&nbsp;&nbsp;_fsub
</UL>

<P><STRONG><a name="[11780e8]"></a>_fsub1</STRONG> (ARM, 0 bytes, Stack size unknown bytes, faddsub_noclz.o(x$fpl$fsub), UNUSED)
<BR><BR>[Called By]<UL><LI><a href="#[1177e34]">&lt;&lt;</a>&nbsp;&nbsp;&nbsp;_fadd
</UL>

<P><STRONG><a name="[1188510]"></a>_fp_digits</STRONG> (Thumb, 492 bytes, Stack size 96 bytes, _printf_fp_dec.o(.text))
<BR><BR>[Stack]<UL><LI>Max Depth = 216<LI>Call Chain = _fp_digits -> _btod_etento -> _btod_emul -> _e2e</UL>
<BR>[Calls]<UL><LI><a href="#[118b300]">&gt;&gt;</a>&nbsp;&nbsp;&nbsp;__ARM_stackcheck (Weak Reference)
<LI><a href="#[119bb54]">&gt;&gt;</a>&nbsp;&nbsp;&nbsp;_btod_emul (via Veneer)
<LI><a href="#[119bba4]">&gt;&gt;</a>&nbsp;&nbsp;&nbsp;_btod_ediv (via Veneer)
<LI><a href="#[119bbf4]">&gt;&gt;</a>&nbsp;&nbsp;&nbsp;_btod_d2e (via Veneer)
<LI><a href="#[119caec]">&gt;&gt;</a>&nbsp;&nbsp;&nbsp;_btod_etento
<LI><a href="#[119d10c]">&gt;&gt;</a>&nbsp;&nbsp;&nbsp;_ll_udiv10 (via Veneer)
<LI><a href="#[11aef5c]">&gt;&gt;</a>&nbsp;&nbsp;&nbsp;__support_dtoi (via Veneer)
<LI><a href="#[11af86c]">&gt;&gt;</a>&nbsp;&nbsp;&nbsp;__ieee_status (via Veneer)
</UL>
<BR>[Called By]<UL><LI><a href="#[11883a0]">&lt;&lt;</a>&nbsp;&nbsp;&nbsp;_fp_display
</UL>

<P><STRONG><a name="[1188498]"></a>_fp_addexp</STRONG> (Thumb, 72 bytes, Stack size 16 bytes, _printf_fp_dec.o(.text))
<BR><BR>[Stack]<UL><LI>Max Depth = 16<LI>Call Chain = _fp_addexp</UL>
<BR>[Calls]<UL><LI><a href="#[118050c]">&gt;&gt;</a>&nbsp;&nbsp;&nbsp;__aeabi_idivmod (via Veneer)
<LI><a href="#[118b300]">&gt;&gt;</a>&nbsp;&nbsp;&nbsp;__ARM_stackcheck (Weak Reference)
</UL>
<BR>[Called By]<UL><LI><a href="#[11883a0]">&lt;&lt;</a>&nbsp;&nbsp;&nbsp;_fp_display
</UL>

<P><STRONG><a name="[1192c7c]"></a>__ARM_exceptions_init</STRONG> (Unknown, 0 bytes, Stack size 0 bytes, UNDEFINED)
<BR><BR>[Called By]<UL><LI><a href="#[1192dc8]">&lt;&lt;</a>&nbsp;&nbsp;&nbsp;__rt_lib_init (Weak Reference)
</UL>

<P><STRONG><a name="[118b300]"></a>__ARM_stackcheck</STRONG> (Unknown, 0 bytes, Stack size 0 bytes, UNDEFINED)
<BR><BR>[Called By]<UL><LI><a href="#[1188350]">&lt;&lt;</a>&nbsp;&nbsp;&nbsp;_printf_fp_dec_real (Weak Reference)
<LI><a href="#[11883a0]">&lt;&lt;</a>&nbsp;&nbsp;&nbsp;_fp_display (Weak Reference)
<LI><a href="#[1188498]">&lt;&lt;</a>&nbsp;&nbsp;&nbsp;_fp_addexp (Weak Reference)
<LI><a href="#[1188510]">&lt;&lt;</a>&nbsp;&nbsp;&nbsp;_fp_digits (Weak Reference)
<LI><a href="#[118b400]">&lt;&lt;</a>&nbsp;&nbsp;&nbsp;__set_errno (Weak Reference)
<LI><a href="#[118b450]">&lt;&lt;</a>&nbsp;&nbsp;&nbsp;__read_errno (Weak Reference)
<LI><a href="#[1192d78]">&lt;&lt;</a>&nbsp;&nbsp;&nbsp;__rt_lib_shutdown (Weak Reference)
<LI><a href="#[1192dc8]">&lt;&lt;</a>&nbsp;&nbsp;&nbsp;__rt_lib_init (Weak Reference)
<LI><a href="#[1196490]">&lt;&lt;</a>&nbsp;&nbsp;&nbsp;exit (Weak Reference)
<LI><a href="#[1196a78]">&lt;&lt;</a>&nbsp;&nbsp;&nbsp;_get_lc_numeric (Weak Reference)
<LI><a href="#[11973e0]">&lt;&lt;</a>&nbsp;&nbsp;&nbsp;_wcrtomb (Weak Reference)
<LI><a href="#[1198fbc]">&lt;&lt;</a>&nbsp;&nbsp;&nbsp;__printf (Weak Reference)
<LI><a href="#[119caec]">&lt;&lt;</a>&nbsp;&nbsp;&nbsp;_btod_etento (Weak Reference)
<LI><a href="#[11a89a8]">&lt;&lt;</a>&nbsp;&nbsp;&nbsp;_get_lc_ctype (Weak Reference)
</UL>

<P><STRONG><a name="[1192c00]"></a>__Heap_DescSize</STRONG> (Unknown, 0 bytes, Stack size 0 bytes, UNDEFINED)
<BR><BR>[Called By]<UL><LI><a href="#[1192dc8]">&lt;&lt;</a>&nbsp;&nbsp;&nbsp;__rt_lib_init (Weak Reference)
</UL>

<P><STRONG><a name="[1192b80]"></a>__alloca_initialize</STRONG> (Unknown, 0 bytes, Stack size 0 bytes, UNDEFINED)
<BR><BR>[Called By]<UL><LI><a href="#[1192dc8]">&lt;&lt;</a>&nbsp;&nbsp;&nbsp;__rt_lib_init (Weak Reference)
</UL>

<P><STRONG><a name="[1192af8]"></a>__cpp_initialize__aeabi_</STRONG> (Unknown, 0 bytes, Stack size 0 bytes, UNDEFINED)
<BR><BR>[Called By]<UL><LI><a href="#[1192dc8]">&lt;&lt;</a>&nbsp;&nbsp;&nbsp;__rt_lib_init (Weak Reference)
</UL>

<P><STRONG><a name="[1192a7c]"></a>__cxa_finalize</STRONG> (Unknown, 0 bytes, Stack size 0 bytes, UNDEFINED)
<BR><BR>[Called By]<UL><LI><a href="#[1192d78]">&lt;&lt;</a>&nbsp;&nbsp;&nbsp;__rt_lib_shutdown (Weak Reference)
</UL>

<P><STRONG><a name="[117c9d0]"></a>__fpl_infinity</STRONG> (Unknown, 0 bytes, Stack size 0 bytes, UNDEFINED)
<BR><BR>[Called By]<UL><LI><a href="#[117418c]">&lt;&lt;</a>&nbsp;&nbsp;&nbsp;_fmul (Weak Reference)
<LI><a href="#[1175500]">&lt;&lt;</a>&nbsp;&nbsp;&nbsp;_ffixu (Weak Reference)
<LI><a href="#[117603c]">&lt;&lt;</a>&nbsp;&nbsp;&nbsp;_ffix (Weak Reference)
<LI><a href="#[1176c24]">&lt;&lt;</a>&nbsp;&nbsp;&nbsp;_fdiv (Weak Reference)
<LI><a href="#[1177c80]">&lt;&lt;</a>&nbsp;&nbsp;&nbsp;_fsub (Weak Reference)
<LI><a href="#[1177e34]">&lt;&lt;</a>&nbsp;&nbsp;&nbsp;_fadd (Weak Reference)
<LI><a href="#[117884c]">&lt;&lt;</a>&nbsp;&nbsp;&nbsp;_f2d (Weak Reference)
<LI><a href="#[117910c]">&lt;&lt;</a>&nbsp;&nbsp;&nbsp;_dmul (Weak Reference)
<LI><a href="#[117a99c]">&lt;&lt;</a>&nbsp;&nbsp;&nbsp;_ddiv (Weak Reference)
<LI><a href="#[117bbd8]">&lt;&lt;</a>&nbsp;&nbsp;&nbsp;_dsub (Weak Reference)
<LI><a href="#[117bd8c]">&lt;&lt;</a>&nbsp;&nbsp;&nbsp;_dadd (Weak Reference)
<LI><a href="#[117c890]">&lt;&lt;</a>&nbsp;&nbsp;&nbsp;_d2f (Weak Reference)
<LI><a href="#[1182d2c]">&lt;&lt;</a>&nbsp;&nbsp;&nbsp;scalbn (Weak Reference)
<LI><a href="#[1183d18]">&lt;&lt;</a>&nbsp;&nbsp;&nbsp;__fpl_fcmp_InfNaN (Weak Reference)
<LI><a href="#[118525c]">&lt;&lt;</a>&nbsp;&nbsp;&nbsp;__fpl_dcmp_InfNaN (Weak Reference)
<LI><a href="#[11b08d0]">&lt;&lt;</a>&nbsp;&nbsp;&nbsp;_dsqrt (Weak Reference)
</UL>

<P><STRONG><a name="[117d890]"></a>__user_heap_extend</STRONG> (Unknown, 0 bytes, Stack size 0 bytes, UNDEFINED, UNUSED)
<BR><BR>[Called By]<UL><LI><a href="#[117d6ac]">&lt;&lt;</a>&nbsp;&nbsp;&nbsp;__rt_heap_extend (Weak Reference)
</UL>

<P><STRONG><a name="[1192a00]"></a>_atexit_init</STRONG> (Unknown, 0 bytes, Stack size 0 bytes, UNDEFINED)
<BR><BR>[Called By]<UL><LI><a href="#[1192dc8]">&lt;&lt;</a>&nbsp;&nbsp;&nbsp;__rt_lib_init (Weak Reference)
</UL>

<P><STRONG><a name="[11963c0]"></a>_call_atexit_fns</STRONG> (Unknown, 0 bytes, Stack size 0 bytes, UNDEFINED)
<BR><BR>[Called By]<UL><LI><a href="#[1196490]">&lt;&lt;</a>&nbsp;&nbsp;&nbsp;exit (Weak Reference)
</UL>

<P><STRONG><a name="[1192988]"></a>_clock_init</STRONG> (Unknown, 0 bytes, Stack size 0 bytes, UNDEFINED)
<BR><BR>[Called By]<UL><LI><a href="#[1192dc8]">&lt;&lt;</a>&nbsp;&nbsp;&nbsp;__rt_lib_init (Weak Reference)
</UL>

<P><STRONG><a name="[119290c]"></a>_fp_trap_init</STRONG> (Unknown, 0 bytes, Stack size 0 bytes, UNDEFINED)
<BR><BR>[Called By]<UL><LI><a href="#[1192dc8]">&lt;&lt;</a>&nbsp;&nbsp;&nbsp;__rt_lib_init (Weak Reference)
</UL>

<P><STRONG><a name="[1192890]"></a>_get_lc_collate</STRONG> (Unknown, 0 bytes, Stack size 0 bytes, UNDEFINED)
<BR><BR>[Called By]<UL><LI><a href="#[1192dc8]">&lt;&lt;</a>&nbsp;&nbsp;&nbsp;__rt_lib_init (Weak Reference)
</UL>

<P><STRONG><a name="[1192794]"></a>_get_lc_monetary</STRONG> (Unknown, 0 bytes, Stack size 0 bytes, UNDEFINED)
<BR><BR>[Called By]<UL><LI><a href="#[1192dc8]">&lt;&lt;</a>&nbsp;&nbsp;&nbsp;__rt_lib_init (Weak Reference)
</UL>

<P><STRONG><a name="[1192718]"></a>_get_lc_time</STRONG> (Unknown, 0 bytes, Stack size 0 bytes, UNDEFINED)
<BR><BR>[Called By]<UL><LI><a href="#[1192dc8]">&lt;&lt;</a>&nbsp;&nbsp;&nbsp;__rt_lib_init (Weak Reference)
</UL>

<P><STRONG><a name="[119269c]"></a>_getenv_init</STRONG> (Unknown, 0 bytes, Stack size 0 bytes, UNDEFINED)
<BR><BR>[Called By]<UL><LI><a href="#[1192dc8]">&lt;&lt;</a>&nbsp;&nbsp;&nbsp;__rt_lib_init (Weak Reference)
</UL>

<P><STRONG><a name="[1192624]"></a>_init_alloc</STRONG> (Unknown, 0 bytes, Stack size 0 bytes, UNDEFINED)
<BR><BR>[Called By]<UL><LI><a href="#[1192dc8]">&lt;&lt;</a>&nbsp;&nbsp;&nbsp;__rt_lib_init (Weak Reference)
</UL>

<P><STRONG><a name="[11925a4]"></a>_init_user_alloc</STRONG> (Unknown, 0 bytes, Stack size 0 bytes, UNDEFINED)
<BR><BR>[Called By]<UL><LI><a href="#[1192dc8]">&lt;&lt;</a>&nbsp;&nbsp;&nbsp;__rt_lib_init (Weak Reference)
</UL>

<P><STRONG><a name="[1192530]"></a>_initio</STRONG> (Unknown, 0 bytes, Stack size 0 bytes, UNDEFINED)
<BR><BR>[Called By]<UL><LI><a href="#[1192dc8]">&lt;&lt;</a>&nbsp;&nbsp;&nbsp;__rt_lib_init (Weak Reference)
</UL>

<P><STRONG><a name="[1198f40]"></a>_printf_mbtowc</STRONG> (Unknown, 0 bytes, Stack size 0 bytes, UNDEFINED)
<BR><BR>[Called By]<UL><LI><a href="#[1198fbc]">&lt;&lt;</a>&nbsp;&nbsp;&nbsp;__printf (Weak Reference)
</UL>

<P><STRONG><a name="[1198ec8]"></a>_printf_wc</STRONG> (Unknown, 0 bytes, Stack size 0 bytes, UNDEFINED)
<BR><BR>[Called By]<UL><LI><a href="#[1198fbc]">&lt;&lt;</a>&nbsp;&nbsp;&nbsp;__printf (Weak Reference)
</UL>

<P><STRONG><a name="[11924b8]"></a>_rand_init</STRONG> (Unknown, 0 bytes, Stack size 0 bytes, UNDEFINED)
<BR><BR>[Called By]<UL><LI><a href="#[1192dc8]">&lt;&lt;</a>&nbsp;&nbsp;&nbsp;__rt_lib_init (Weak Reference)
</UL>

<P><STRONG><a name="[119243c]"></a>_signal_init</STRONG> (Unknown, 0 bytes, Stack size 0 bytes, UNDEFINED)
<BR><BR>[Called By]<UL><LI><a href="#[1192dc8]">&lt;&lt;</a>&nbsp;&nbsp;&nbsp;__rt_lib_init (Weak Reference)
</UL>

<P><STRONG><a name="[11923b8]"></a>_terminate_user_alloc</STRONG> (Unknown, 0 bytes, Stack size 0 bytes, UNDEFINED)
<BR><BR>[Called By]<UL><LI><a href="#[1192d78]">&lt;&lt;</a>&nbsp;&nbsp;&nbsp;__rt_lib_shutdown (Weak Reference)
</UL>

<P><STRONG><a name="[119233c]"></a>_terminateio</STRONG> (Unknown, 0 bytes, Stack size 0 bytes, UNDEFINED)
<BR><BR>[Called By]<UL><LI><a href="#[1192d78]">&lt;&lt;</a>&nbsp;&nbsp;&nbsp;__rt_lib_shutdown (Weak Reference)
</UL>
<HR></body></html>
