<!doctype html public "-//w3c//dtd html 4.0 transitional//en">
<html><head>
<title>Static Call Graph - [.\obj\C11_Audio12.axf]</title></head>
<body><HR>
<H1>Static Call Graph for image .\obj\C11_Audio12.axf</H1><HR>
<BR><P>#&#060CALLGRAPH&#062# ARM Linker, 5.03 [Build 24]: Last Updated: Thu Dec 12 15:50:53 2013
<BR><P>
<H3>Maximum Stack Usage =        952 bytes + Unknown(Functions without stacksize, Cycles, Untraceable Function Pointers)</H3><H3>
Call chain for Maximum Stack Depth:</H3>
ASProcSetBalance &rArr; GetIrc2EqValue &rArr; DspReadIrc1 &rArr; DspSpiWriteNByte &rArr; SetDspPower &rArr; DspProcPower &rArr; DspMasterBoot &rArr; CheckDspMessage &rArr; debug_printf &rArr; __c89vsprintf &rArr; _printf_char_common &rArr; __printf
<P>
<H3>
Functions with no stack information
</H3><UL>
 <LI><a href="#[34]">Reset_Handler</a>
 <LI><a href="#[418]">__user_initial_stackheap</a>
 <LI><a href="#[35]">Undef_Handler</a>
 <LI><a href="#[36]">SWI_Handler</a>
 <LI><a href="#[37]">PAbt_Handler</a>
 <LI><a href="#[38]">DAbt_Handler</a>
 <LI><a href="#[39]">IRQ_Handler</a>
 <LI><a href="#[3a]">FIQ_Handler</a>
</UL>
</UL>
<P>
<H3>
Mutually Recursive functions
</H3> <LI><a href="#[3f0]">DSP_CFG_MCLK_FACTOR</a>&nbsp;&nbsp;&nbsp;&rArr;&nbsp;&nbsp;&nbsp;<a href="#[347]">DspSpiWriteNByte</a><BR>
 <LI><a href="#[3ee]">DSP_CFG_AUDIO_SRC</a>&nbsp;&nbsp;&nbsp;&rArr;&nbsp;&nbsp;&nbsp;<a href="#[347]">DspSpiWriteNByte</a><BR>
 <LI><a href="#[3bf]">Change_Input_Audio_Source</a>&nbsp;&nbsp;&nbsp;&rArr;&nbsp;&nbsp;&nbsp;<a href="#[3c4]">DSP_CFG_VIRTUALIZER</a><BR>
 <LI><a href="#[3bc]">DSP_CFG_PPM_Mode</a>&nbsp;&nbsp;&nbsp;&rArr;&nbsp;&nbsp;&nbsp;<a href="#[347]">DspSpiWriteNByte</a><BR>
 <LI><a href="#[3bb]">DSP_CFG_PPM</a>&nbsp;&nbsp;&nbsp;&rArr;&nbsp;&nbsp;&nbsp;<a href="#[347]">DspSpiWriteNByte</a><BR>
 <LI><a href="#[3c3]">DSP_CFG_MATRIX</a>&nbsp;&nbsp;&nbsp;&rArr;&nbsp;&nbsp;&nbsp;<a href="#[347]">DspSpiWriteNByte</a><BR>
 <LI><a href="#[3c8]">DSP_CFG_DECODER</a>&nbsp;&nbsp;&nbsp;&rArr;&nbsp;&nbsp;&nbsp;<a href="#[347]">DspSpiWriteNByte</a><BR>
 <LI><a href="#[3ba]">DSP_BOOT</a>&nbsp;&nbsp;&nbsp;&rArr;&nbsp;&nbsp;&nbsp;<a href="#[347]">DspSpiWriteNByte</a><BR>
 <LI><a href="#[35]">Undef_Handler</a>&nbsp;&nbsp;&nbsp;&rArr;&nbsp;&nbsp;&nbsp;<a href="#[35]">Undef_Handler</a><BR>
 <LI><a href="#[36]">SWI_Handler</a>&nbsp;&nbsp;&nbsp;&rArr;&nbsp;&nbsp;&nbsp;<a href="#[36]">SWI_Handler</a><BR>
 <LI><a href="#[37]">PAbt_Handler</a>&nbsp;&nbsp;&nbsp;&rArr;&nbsp;&nbsp;&nbsp;<a href="#[37]">PAbt_Handler</a><BR>
 <LI><a href="#[38]">DAbt_Handler</a>&nbsp;&nbsp;&nbsp;&rArr;&nbsp;&nbsp;&nbsp;<a href="#[38]">DAbt_Handler</a><BR>
 <LI><a href="#[39]">IRQ_Handler</a>&nbsp;&nbsp;&nbsp;&rArr;&nbsp;&nbsp;&nbsp;<a href="#[39]">IRQ_Handler</a><BR>
 <LI><a href="#[3a]">FIQ_Handler</a>&nbsp;&nbsp;&nbsp;&rArr;&nbsp;&nbsp;&nbsp;<a href="#[3a]">FIQ_Handler</a><BR>
</UL>
<P>
<H3>
Function Pointers
</H3><UL>
 <LI><a href="#[30]">ASProcSetBalance</a> from auto_sound.o(.text) referenced 2 times from auto_sound.o(.data)
 <LI><a href="#[32]">ASProcSetCrossoverPoints</a> from auto_sound.o(.text) referenced 2 times from auto_sound.o(.data)
 <LI><a href="#[2f]">ASProcSetDistance</a> from auto_sound.o(.text) referenced 2 times from auto_sound.o(.data)
 <LI><a href="#[31]">ASProcSetRoomEQ</a> from auto_sound.o(.text) referenced 2 times from auto_sound.o(.data)
 <LI><a href="#[33]">ASProcSetSpeakerphase</a> from auto_sound.o(.text) referenced 2 times from auto_sound.o(.data)
 <LI><a href="#[2d]">ASProcSetupConfig</a> from auto_sound.o(.text) referenced 2 times from auto_sound.o(.data)
 <LI><a href="#[2e]">ASProcSpeakerCheck</a> from auto_sound.o(.text) referenced 2 times from auto_sound.o(.data)
 <LI><a href="#[14]">AnalogInSetup</a> from setup_func.o(.text) referenced 20 times from menu_tbl.o(.data)
 <LI><a href="#[13]">AnalogLevelSetup</a> from setup_func.o(.text) referenced 16 times from menu_tbl.o(.data)
 <LI><a href="#[11]">AssignedInputSetup</a> from setup_func.o(.text) referenced 16 times from menu_tbl.o(.data)
 <LI><a href="#[25]">AutoInputSeekSetup</a> from setup_func.o(.text) referenced 2 times from menu_tbl.o(.data)
 <LI><a href="#[10c]">AutoSoundProcMessage</a> from auto_sound.o(.text) referenced from task.o(.constdata)
 <LI><a href="#[1c]">AvSyncDelaySetup</a> from setup_func.o(.text) referenced 2 times from menu_tbl.o(.data)
 <LI><a href="#[1d]">BrightSetup</a> from setup_func.o(.text) referenced 2 times from menu_tbl.o(.data)
 <LI><a href="#[4]">C11Rs232</a> from rs232_protocol.o(.text) referenced 2 times from main.o(.data)
 <LI><a href="#[1a]">CDPureAudio</a> from setup_func.o(.text) referenced 2 times from menu_tbl.o(.data)
 <LI><a href="#[38]">DAbt_Handler</a> from lpc2300.o(RESET) referenced from lpc2300.o(RESET)
 <LI><a href="#[3a]">FIQ_Handler</a> from lpc2300.o(RESET) referenced from lpc2300.o(RESET)
 <LI><a href="#[1b]">HDMIAUIDOOUT</a> from setup_func.o(.text) referenced 2 times from menu_tbl.o(.data)
 <LI><a href="#[15]">HDMIInAudioSetup</a> from setup_func.o(.text) referenced 8 times from menu_tbl.o(.data)
 <LI><a href="#[39]">IRQ_Handler</a> from lpc2300.o(RESET) referenced from lpc2300.o(RESET)
 <LI><a href="#[12]">InputNameSetup</a> from setup_func.o(.text) referenced 28 times from menu_tbl.o(.data)
 <LI><a href="#[1e]">IrControlSetup</a> from setup_func.o(.text) referenced 2 times from menu_tbl.o(.data)
 <LI><a href="#[26]">LateSetup</a> from setup_func.o(.text) referenced 2 times from menu_tbl.o(.data)
 <LI><a href="#[2b]">LogoSetup</a> from setup_func.o(.text) referenced 2 times from menu_tbl.o(.data)
 <LI><a href="#[18]">MasterVolumeLevel</a> from setup_func.o(.text) referenced 2 times from menu_tbl.o(.data)
 <LI><a href="#[37]">PAbt_Handler</a> from lpc2300.o(RESET) referenced from lpc2300.o(RESET)
 <LI><a href="#[29]">PasswordModeSetup</a> from setup_func.o(.text) referenced 2 times from menu_tbl.o(.data)
 <LI><a href="#[2a]">PasswordSetup</a> from setup_func.o(.text) referenced 2 times from menu_tbl.o(.data)
 <LI><a href="#[da]">ProCmdZ1VFD_</a> from rs232_protocol.o(.text) referenced from rs232_protocol.o(.constdata)
 <LI><a href="#[75]">ProCmdZ2VFD_</a> from rs232_protocol.o(.text) referenced from rs232_protocol.o(.constdata)
 <LI><a href="#[101]">ProcCmdASAIS</a> from rs232_protocol.o(.text) referenced from rs232_protocol.o(.constdata)
 <LI><a href="#[f7]">ProcCmdASAVD</a> from rs232_protocol.o(.text) referenced from rs232_protocol.o(.constdata)
 <LI><a href="#[102]">ProcCmdASDD</a> from rs232_protocol.o(.text) referenced from rs232_protocol.o(.constdata)
 <LI><a href="#[f8]">ProcCmdASFP</a> from rs232_protocol.o(.text) referenced from rs232_protocol.o(.constdata)
 <LI><a href="#[f6]">ProcCmdASHDMIAO</a> from rs232_protocol.o(.text) referenced from rs232_protocol.o(.constdata)
 <LI><a href="#[fb]">ProcCmdASIR2C</a> from rs232_protocol.o(.text) referenced from rs232_protocol.o(.constdata)
 <LI><a href="#[fd]">ProcCmdASIR2M</a> from rs232_protocol.o(.text) referenced from rs232_protocol.o(.constdata)
 <LI><a href="#[fa]">ProcCmdASIRC</a> from rs232_protocol.o(.text) referenced from rs232_protocol.o(.constdata)
 <LI><a href="#[fc]">ProcCmdASIRM</a> from rs232_protocol.o(.text) referenced from rs232_protocol.o(.constdata)
 <LI><a href="#[105]">ProcCmdASMVO</a> from rs232_protocol.o(.text) referenced from rs232_protocol.o(.constdata)
 <LI><a href="#[104]">ProcCmdASPAO</a> from rs232_protocol.o(.text) referenced from rs232_protocol.o(.constdata)
 <LI><a href="#[103]">ProcCmdASRD</a> from rs232_protocol.o(.text) referenced from rs232_protocol.o(.constdata)
 <LI><a href="#[f9]">ProcCmdASRSN</a> from rs232_protocol.o(.text) referenced from rs232_protocol.o(.constdata)
 <LI><a href="#[f5]">ProcCmdASSP</a> from rs232_protocol.o(.text) referenced from rs232_protocol.o(.constdata)
 <LI><a href="#[fe]">ProcCmdASTO1</a> from rs232_protocol.o(.text) referenced from rs232_protocol.o(.constdata)
 <LI><a href="#[ff]">ProcCmdASTO2</a> from rs232_protocol.o(.text) referenced from rs232_protocol.o(.constdata)
 <LI><a href="#[100]">ProcCmdASTO3</a> from rs232_protocol.o(.text) referenced from rs232_protocol.o(.constdata)
 <LI><a href="#[106]">ProcCmdAZ1SMV</a> from rs232_protocol.o(.text) referenced from rs232_protocol.o(.constdata)
 <LI><a href="#[107]">ProcCmdAZ2SMV</a> from rs232_protocol.o(.text) referenced from rs232_protocol.o(.constdata)
 <LI><a href="#[b4]">ProcCmdMSLBL</a> from rs232_protocol.o(.text) referenced from rs232_protocol.o(.constdata)
 <LI><a href="#[b3]">ProcCmdMSLBR</a> from rs232_protocol.o(.text) referenced from rs232_protocol.o(.constdata)
 <LI><a href="#[af]">ProcCmdMSLC</a> from rs232_protocol.o(.text) referenced from rs232_protocol.o(.constdata)
 <LI><a href="#[ae]">ProcCmdMSLL</a> from rs232_protocol.o(.text) referenced from rs232_protocol.o(.constdata)
 <LI><a href="#[b0]">ProcCmdMSLR</a> from rs232_protocol.o(.text) referenced from rs232_protocol.o(.constdata)
 <LI><a href="#[b2]">ProcCmdMSLSL</a> from rs232_protocol.o(.text) referenced from rs232_protocol.o(.constdata)
 <LI><a href="#[b1]">ProcCmdMSLSR</a> from rs232_protocol.o(.text) referenced from rs232_protocol.o(.constdata)
 <LI><a href="#[b5]">ProcCmdMSLSW</a> from rs232_protocol.o(.text) referenced from rs232_protocol.o(.constdata)
 <LI><a href="#[ac]">ProcCmdMSPBL</a> from rs232_protocol.o(.text) referenced from rs232_protocol.o(.constdata)
 <LI><a href="#[ab]">ProcCmdMSPBR</a> from rs232_protocol.o(.text) referenced from rs232_protocol.o(.constdata)
 <LI><a href="#[a7]">ProcCmdMSPC</a> from rs232_protocol.o(.text) referenced from rs232_protocol.o(.constdata)
 <LI><a href="#[a6]">ProcCmdMSPL</a> from rs232_protocol.o(.text) referenced from rs232_protocol.o(.constdata)
 <LI><a href="#[a8]">ProcCmdMSPR</a> from rs232_protocol.o(.text) referenced from rs232_protocol.o(.constdata)
 <LI><a href="#[aa]">ProcCmdMSPSL</a> from rs232_protocol.o(.text) referenced from rs232_protocol.o(.constdata)
 <LI><a href="#[a9]">ProcCmdMSPSR</a> from rs232_protocol.o(.text) referenced from rs232_protocol.o(.constdata)
 <LI><a href="#[ad]">ProcCmdMSPs</a> from rs232_protocol.o(.text) referenced from rs232_protocol.o(.constdata)
 <LI><a href="#[c7]">ProcCmdMSSPC</a> from rs232_protocol.o(.text) referenced from rs232_protocol.o(.constdata)
 <LI><a href="#[c6]">ProcCmdMSSPL</a> from rs232_protocol.o(.text) referenced from rs232_protocol.o(.constdata)
 <LI><a href="#[c8]">ProcCmdMSSPR</a> from rs232_protocol.o(.text) referenced from rs232_protocol.o(.constdata)
 <LI><a href="#[cc]">ProcCmdMSSPSBL</a> from rs232_protocol.o(.text) referenced from rs232_protocol.o(.constdata)
 <LI><a href="#[cb]">ProcCmdMSSPSBR</a> from rs232_protocol.o(.text) referenced from rs232_protocol.o(.constdata)
 <LI><a href="#[ca]">ProcCmdMSSPSL</a> from rs232_protocol.o(.text) referenced from rs232_protocol.o(.constdata)
 <LI><a href="#[c9]">ProcCmdMSSPSR</a> from rs232_protocol.o(.text) referenced from rs232_protocol.o(.constdata)
 <LI><a href="#[cd]">ProcCmdMSSPSW</a> from rs232_protocol.o(.text) referenced from rs232_protocol.o(.constdata)
 <LI><a href="#[a4]">ProcCmdMSZC</a> from rs232_protocol.o(.text) referenced from rs232_protocol.o(.constdata)
 <LI><a href="#[9e]">ProcCmdMSZL</a> from rs232_protocol.o(.text) referenced from rs232_protocol.o(.constdata)
 <LI><a href="#[9f]">ProcCmdMSZR</a> from rs232_protocol.o(.text) referenced from rs232_protocol.o(.constdata)
 <LI><a href="#[a5]">ProcCmdMSZS</a> from rs232_protocol.o(.text) referenced from rs232_protocol.o(.constdata)
 <LI><a href="#[a2]">ProcCmdMSZSBL</a> from rs232_protocol.o(.text) referenced from rs232_protocol.o(.constdata)
 <LI><a href="#[a3]">ProcCmdMSZSBR</a> from rs232_protocol.o(.text) referenced from rs232_protocol.o(.constdata)
 <LI><a href="#[a0]">ProcCmdMSZSL</a> from rs232_protocol.o(.text) referenced from rs232_protocol.o(.constdata)
 <LI><a href="#[a1]">ProcCmdMSZSR</a> from rs232_protocol.o(.text) referenced from rs232_protocol.o(.constdata)
 <LI><a href="#[bd]">ProcCmdMSZX</a> from rs232_protocol.o(.text) referenced from rs232_protocol.o(.constdata)
 <LI><a href="#[b7]">ProcCmdMSZXFC</a> from rs232_protocol.o(.text) referenced from rs232_protocol.o(.constdata)
 <LI><a href="#[b6]">ProcCmdMSZXFL</a> from rs232_protocol.o(.text) referenced from rs232_protocol.o(.constdata)
 <LI><a href="#[b8]">ProcCmdMSZXFR</a> from rs232_protocol.o(.text) referenced from rs232_protocol.o(.constdata)
 <LI><a href="#[bb]">ProcCmdMSZXSBL</a> from rs232_protocol.o(.text) referenced from rs232_protocol.o(.constdata)
 <LI><a href="#[ba]">ProcCmdMSZXSBR</a> from rs232_protocol.o(.text) referenced from rs232_protocol.o(.constdata)
 <LI><a href="#[bc]">ProcCmdMSZXSL</a> from rs232_protocol.o(.text) referenced from rs232_protocol.o(.constdata)
 <LI><a href="#[b9]">ProcCmdMSZXSR</a> from rs232_protocol.o(.text) referenced from rs232_protocol.o(.constdata)
 <LI><a href="#[c3]">ProcCmdMZ1EQBSL</a> from rs232_protocol.o(.text) referenced from rs232_protocol.o(.constdata)
 <LI><a href="#[c2]">ProcCmdMZ1EQBSR</a> from rs232_protocol.o(.text) referenced from rs232_protocol.o(.constdata)
 <LI><a href="#[bf]">ProcCmdMZ1EQC</a> from rs232_protocol.o(.text) referenced from rs232_protocol.o(.constdata)
 <LI><a href="#[be]">ProcCmdMZ1EQL</a> from rs232_protocol.o(.text) referenced from rs232_protocol.o(.constdata)
 <LI><a href="#[c0]">ProcCmdMZ1EQR</a> from rs232_protocol.o(.text) referenced from rs232_protocol.o(.constdata)
 <LI><a href="#[c4]">ProcCmdMZ1EQSL</a> from rs232_protocol.o(.text) referenced from rs232_protocol.o(.constdata)
 <LI><a href="#[c1]">ProcCmdMZ1EQSR</a> from rs232_protocol.o(.text) referenced from rs232_protocol.o(.constdata)
 <LI><a href="#[c5]">ProcCmdMZ1EQSW</a> from rs232_protocol.o(.text) referenced from rs232_protocol.o(.constdata)
 <LI><a href="#[47]">ProcCmdRSN</a> from rs232_protocol.o(.text) referenced from rs232_protocol.o(.constdata)
 <LI><a href="#[7c]">ProcCmdSLBL</a> from rs232_protocol.o(.text) referenced from rs232_protocol.o(.constdata)
 <LI><a href="#[7b]">ProcCmdSLBR</a> from rs232_protocol.o(.text) referenced from rs232_protocol.o(.constdata)
 <LI><a href="#[77]">ProcCmdSLC</a> from rs232_protocol.o(.text) referenced from rs232_protocol.o(.constdata)
 <LI><a href="#[76]">ProcCmdSLL</a> from rs232_protocol.o(.text) referenced from rs232_protocol.o(.constdata)
 <LI><a href="#[78]">ProcCmdSLR</a> from rs232_protocol.o(.text) referenced from rs232_protocol.o(.constdata)
 <LI><a href="#[7a]">ProcCmdSLSL</a> from rs232_protocol.o(.text) referenced from rs232_protocol.o(.constdata)
 <LI><a href="#[79]">ProcCmdSLSR</a> from rs232_protocol.o(.text) referenced from rs232_protocol.o(.constdata)
 <LI><a href="#[7d]">ProcCmdSLSW</a> from rs232_protocol.o(.text) referenced from rs232_protocol.o(.constdata)
 <LI><a href="#[84]">ProcCmdSPBL</a> from rs232_protocol.o(.text) referenced from rs232_protocol.o(.constdata)
 <LI><a href="#[83]">ProcCmdSPBR</a> from rs232_protocol.o(.text) referenced from rs232_protocol.o(.constdata)
 <LI><a href="#[7f]">ProcCmdSPC</a> from rs232_protocol.o(.text) referenced from rs232_protocol.o(.constdata)
 <LI><a href="#[7e]">ProcCmdSPL</a> from rs232_protocol.o(.text) referenced from rs232_protocol.o(.constdata)
 <LI><a href="#[80]">ProcCmdSPR</a> from rs232_protocol.o(.text) referenced from rs232_protocol.o(.constdata)
 <LI><a href="#[82]">ProcCmdSPSL</a> from rs232_protocol.o(.text) referenced from rs232_protocol.o(.constdata)
 <LI><a href="#[81]">ProcCmdSPSR</a> from rs232_protocol.o(.text) referenced from rs232_protocol.o(.constdata)
 <LI><a href="#[46]">ProcCmdSPU</a> from rs232_protocol.o(.text) referenced from rs232_protocol.o(.constdata)
 <LI><a href="#[85]">ProcCmdSPs</a> from rs232_protocol.o(.text) referenced from rs232_protocol.o(.constdata)
 <LI><a href="#[97]">ProcCmdSSPC</a> from rs232_protocol.o(.text) referenced from rs232_protocol.o(.constdata)
 <LI><a href="#[96]">ProcCmdSSPL</a> from rs232_protocol.o(.text) referenced from rs232_protocol.o(.constdata)
 <LI><a href="#[98]">ProcCmdSSPR</a> from rs232_protocol.o(.text) referenced from rs232_protocol.o(.constdata)
 <LI><a href="#[9c]">ProcCmdSSPSBL</a> from rs232_protocol.o(.text) referenced from rs232_protocol.o(.constdata)
 <LI><a href="#[9b]">ProcCmdSSPSBR</a> from rs232_protocol.o(.text) referenced from rs232_protocol.o(.constdata)
 <LI><a href="#[9a]">ProcCmdSSPSL</a> from rs232_protocol.o(.text) referenced from rs232_protocol.o(.constdata)
 <LI><a href="#[99]">ProcCmdSSPSR</a> from rs232_protocol.o(.text) referenced from rs232_protocol.o(.constdata)
 <LI><a href="#[9d]">ProcCmdSSPSW</a> from rs232_protocol.o(.text) referenced from rs232_protocol.o(.constdata)
 <LI><a href="#[8c]">ProcCmdSZC</a> from rs232_protocol.o(.text) referenced from rs232_protocol.o(.constdata)
 <LI><a href="#[86]">ProcCmdSZL</a> from rs232_protocol.o(.text) referenced from rs232_protocol.o(.constdata)
 <LI><a href="#[87]">ProcCmdSZR</a> from rs232_protocol.o(.text) referenced from rs232_protocol.o(.constdata)
 <LI><a href="#[8d]">ProcCmdSZS</a> from rs232_protocol.o(.text) referenced from rs232_protocol.o(.constdata)
 <LI><a href="#[8a]">ProcCmdSZSBL</a> from rs232_protocol.o(.text) referenced from rs232_protocol.o(.constdata)
 <LI><a href="#[8b]">ProcCmdSZSBR</a> from rs232_protocol.o(.text) referenced from rs232_protocol.o(.constdata)
 <LI><a href="#[88]">ProcCmdSZSL</a> from rs232_protocol.o(.text) referenced from rs232_protocol.o(.constdata)
 <LI><a href="#[89]">ProcCmdSZSR</a> from rs232_protocol.o(.text) referenced from rs232_protocol.o(.constdata)
 <LI><a href="#[95]">ProcCmdSZX</a> from rs232_protocol.o(.text) referenced from rs232_protocol.o(.constdata)
 <LI><a href="#[8f]">ProcCmdSZXFC</a> from rs232_protocol.o(.text) referenced from rs232_protocol.o(.constdata)
 <LI><a href="#[8e]">ProcCmdSZXFL</a> from rs232_protocol.o(.text) referenced from rs232_protocol.o(.constdata)
 <LI><a href="#[90]">ProcCmdSZXFR</a> from rs232_protocol.o(.text) referenced from rs232_protocol.o(.constdata)
 <LI><a href="#[94]">ProcCmdSZXSBL</a> from rs232_protocol.o(.text) referenced from rs232_protocol.o(.constdata)
 <LI><a href="#[93]">ProcCmdSZXSBR</a> from rs232_protocol.o(.text) referenced from rs232_protocol.o(.constdata)
 <LI><a href="#[92]">ProcCmdSZXSL</a> from rs232_protocol.o(.text) referenced from rs232_protocol.o(.constdata)
 <LI><a href="#[91]">ProcCmdSZXSR</a> from rs232_protocol.o(.text) referenced from rs232_protocol.o(.constdata)
 <LI><a href="#[50]">ProcCmdT</a> from rs232_protocol.o(.text) referenced from rs232_protocol.o(.constdata)
 <LI><a href="#[53]">ProcCmdTAF</a> from rs232_protocol.o(.text) referenced from rs232_protocol.o(.constdata)
 <LI><a href="#[54]">ProcCmdTAHDF</a> from rs232_protocol.o(.text) referenced from rs232_protocol.o(.constdata)
 <LI><a href="#[4d]">ProcCmdTAHDP</a> from rs232_protocol.o(.text) referenced from rs232_protocol.o(.constdata)
 <LI><a href="#[52]">ProcCmdTAHDS</a> from rs232_protocol.o(.text) referenced from rs232_protocol.o(.constdata)
 <LI><a href="#[49]">ProcCmdTAHDT</a> from rs232_protocol.o(.text) referenced from rs232_protocol.o(.constdata)
 <LI><a href="#[4c]">ProcCmdTAP</a> from rs232_protocol.o(.text) referenced from rs232_protocol.o(.constdata)
 <LI><a href="#[51]">ProcCmdTAS</a> from rs232_protocol.o(.text) referenced from rs232_protocol.o(.constdata)
 <LI><a href="#[48]">ProcCmdTAT</a> from rs232_protocol.o(.text) referenced from rs232_protocol.o(.constdata)
 <LI><a href="#[4f]">ProcCmdTFHDP</a> from rs232_protocol.o(.text) referenced from rs232_protocol.o(.constdata)
 <LI><a href="#[4b]">ProcCmdTFHDT</a> from rs232_protocol.o(.text) referenced from rs232_protocol.o(.constdata)
 <LI><a href="#[4e]">ProcCmdTFP</a> from rs232_protocol.o(.text) referenced from rs232_protocol.o(.constdata)
 <LI><a href="#[4a]">ProcCmdTFT</a> from rs232_protocol.o(.text) referenced from rs232_protocol.o(.constdata)
 <LI><a href="#[55]">ProcCmdTT_</a> from rs232_protocol.o(.text) referenced from rs232_protocol.o(.constdata)
 <LI><a href="#[eb]">ProcCmdZ1ACN1</a> from rs232_protocol.o(.text) referenced from rs232_protocol.o(.constdata)
 <LI><a href="#[ec]">ProcCmdZ1ACN2</a> from rs232_protocol.o(.text) referenced from rs232_protocol.o(.constdata)
 <LI><a href="#[ed]">ProcCmdZ1ACN3</a> from rs232_protocol.o(.text) referenced from rs232_protocol.o(.constdata)
 <LI><a href="#[ee]">ProcCmdZ1ACN4</a> from rs232_protocol.o(.text) referenced from rs232_protocol.o(.constdata)
 <LI><a href="#[ef]">ProcCmdZ1ACN5</a> from rs232_protocol.o(.text) referenced from rs232_protocol.o(.constdata)
 <LI><a href="#[f0]">ProcCmdZ1ACN6</a> from rs232_protocol.o(.text) referenced from rs232_protocol.o(.constdata)
 <LI><a href="#[f1]">ProcCmdZ1ACN7</a> from rs232_protocol.o(.text) referenced from rs232_protocol.o(.constdata)
 <LI><a href="#[f3]">ProcCmdZ1ACN7_1</a> from rs232_protocol.o(.text) referenced from rs232_protocol.o(.constdata)
 <LI><a href="#[f2]">ProcCmdZ1ACN8</a> from rs232_protocol.o(.text) referenced from rs232_protocol.o(.constdata)
 <LI><a href="#[f4]">ProcCmdZ1ACNR</a> from rs232_protocol.o(.text) referenced from rs232_protocol.o(.constdata)
 <LI><a href="#[63]">ProcCmdZ1A_</a> from rs232_protocol.o(.text) referenced from rs232_protocol.o(.constdata)
 <LI><a href="#[62]">ProcCmdZ1C</a> from rs232_protocol.o(.text) referenced from rs232_protocol.o(.constdata)
 <LI><a href="#[61]">ProcCmdZ1D</a> from rs232_protocol.o(.text) referenced from rs232_protocol.o(.constdata)
 <LI><a href="#[66]">ProcCmdZ1DF_</a> from rs232_protocol.o(.text) referenced from rs232_protocol.o(.constdata)
 <LI><a href="#[5a]">ProcCmdZ1E</a> from rs232_protocol.o(.text) referenced from rs232_protocol.o(.constdata)
 <LI><a href="#[60]">ProcCmdZ1ED</a> from rs232_protocol.o(.text) referenced from rs232_protocol.o(.constdata)
 <LI><a href="#[5d]">ProcCmdZ1EE</a> from rs232_protocol.o(.text) referenced from rs232_protocol.o(.constdata)
 <LI><a href="#[5c]">ProcCmdZ1EF</a> from rs232_protocol.o(.text) referenced from rs232_protocol.o(.constdata)
 <LI><a href="#[d0]">ProcCmdZ1EMC</a> from rs232_protocol.o(.text) referenced from rs232_protocol.o(.constdata)
 <LI><a href="#[d1]">ProcCmdZ1EMDEL</a> from rs232_protocol.o(.text) referenced from rs232_protocol.o(.constdata)
 <LI><a href="#[ce]">ProcCmdZ1EMDIM</a> from rs232_protocol.o(.text) referenced from rs232_protocol.o(.constdata)
 <LI><a href="#[cf]">ProcCmdZ1EMP</a> from rs232_protocol.o(.text) referenced from rs232_protocol.o(.constdata)
 <LI><a href="#[6f]">ProcCmdZ1EQ</a> from rs232_protocol.o(.text) referenced from rs232_protocol.o(.constdata)
 <LI><a href="#[6c]">ProcCmdZ1EQBSL</a> from rs232_protocol.o(.text) referenced from rs232_protocol.o(.constdata)
 <LI><a href="#[6b]">ProcCmdZ1EQBSR</a> from rs232_protocol.o(.text) referenced from rs232_protocol.o(.constdata)
 <LI><a href="#[68]">ProcCmdZ1EQC</a> from rs232_protocol.o(.text) referenced from rs232_protocol.o(.constdata)
 <LI><a href="#[67]">ProcCmdZ1EQL</a> from rs232_protocol.o(.text) referenced from rs232_protocol.o(.constdata)
 <LI><a href="#[69]">ProcCmdZ1EQR</a> from rs232_protocol.o(.text) referenced from rs232_protocol.o(.constdata)
 <LI><a href="#[6d]">ProcCmdZ1EQSL</a> from rs232_protocol.o(.text) referenced from rs232_protocol.o(.constdata)
 <LI><a href="#[6a]">ProcCmdZ1EQSR</a> from rs232_protocol.o(.text) referenced from rs232_protocol.o(.constdata)
 <LI><a href="#[6e]">ProcCmdZ1EQSW</a> from rs232_protocol.o(.text) referenced from rs232_protocol.o(.constdata)
 <LI><a href="#[5e]">ProcCmdZ1ES</a> from rs232_protocol.o(.text) referenced from rs232_protocol.o(.constdata)
 <LI><a href="#[5f]">ProcCmdZ1EU</a> from rs232_protocol.o(.text) referenced from rs232_protocol.o(.constdata)
 <LI><a href="#[5b]">ProcCmdZ1EX</a> from rs232_protocol.o(.text) referenced from rs232_protocol.o(.constdata)
 <LI><a href="#[db]">ProcCmdZ1IN1</a> from rs232_protocol.o(.text) referenced from rs232_protocol.o(.constdata)
 <LI><a href="#[dc]">ProcCmdZ1IN2</a> from rs232_protocol.o(.text) referenced from rs232_protocol.o(.constdata)
 <LI><a href="#[dd]">ProcCmdZ1IN3</a> from rs232_protocol.o(.text) referenced from rs232_protocol.o(.constdata)
 <LI><a href="#[de]">ProcCmdZ1IN4</a> from rs232_protocol.o(.text) referenced from rs232_protocol.o(.constdata)
 <LI><a href="#[df]">ProcCmdZ1IN5</a> from rs232_protocol.o(.text) referenced from rs232_protocol.o(.constdata)
 <LI><a href="#[e0]">ProcCmdZ1IN6</a> from rs232_protocol.o(.text) referenced from rs232_protocol.o(.constdata)
 <LI><a href="#[e1]">ProcCmdZ1IN7</a> from rs232_protocol.o(.text) referenced from rs232_protocol.o(.constdata)
 <LI><a href="#[e2]">ProcCmdZ1IN8</a> from rs232_protocol.o(.text) referenced from rs232_protocol.o(.constdata)
 <LI><a href="#[56]">ProcCmdZ1LPS</a> from rs232_protocol.o(.text) referenced from rs232_protocol.o(.constdata)
 <LI><a href="#[59]">ProcCmdZ1M</a> from rs232_protocol.o(.text) referenced from rs232_protocol.o(.constdata)
 <LI><a href="#[58]">ProcCmdZ1P</a> from rs232_protocol.o(.text) referenced from rs232_protocol.o(.constdata)
 <LI><a href="#[57]">ProcCmdZ1S</a> from rs232_protocol.o(.text) referenced from rs232_protocol.o(.constdata)
 <LI><a href="#[e3]">ProcCmdZ1SAL1</a> from rs232_protocol.o(.text) referenced from rs232_protocol.o(.constdata)
 <LI><a href="#[e4]">ProcCmdZ1SAL2</a> from rs232_protocol.o(.text) referenced from rs232_protocol.o(.constdata)
 <LI><a href="#[e5]">ProcCmdZ1SAL3</a> from rs232_protocol.o(.text) referenced from rs232_protocol.o(.constdata)
 <LI><a href="#[e6]">ProcCmdZ1SAL4</a> from rs232_protocol.o(.text) referenced from rs232_protocol.o(.constdata)
 <LI><a href="#[e7]">ProcCmdZ1SAL5</a> from rs232_protocol.o(.text) referenced from rs232_protocol.o(.constdata)
 <LI><a href="#[e8]">ProcCmdZ1SAL6</a> from rs232_protocol.o(.text) referenced from rs232_protocol.o(.constdata)
 <LI><a href="#[e9]">ProcCmdZ1SAL7</a> from rs232_protocol.o(.text) referenced from rs232_protocol.o(.constdata)
 <LI><a href="#[ea]">ProcCmdZ1SAL8</a> from rs232_protocol.o(.text) referenced from rs232_protocol.o(.constdata)
 <LI><a href="#[d7]">ProcCmdZ1VBL_</a> from rs232_protocol.o(.text) referenced from rs232_protocol.o(.constdata)
 <LI><a href="#[d8]">ProcCmdZ1VBR_</a> from rs232_protocol.o(.text) referenced from rs232_protocol.o(.constdata)
 <LI><a href="#[d4]">ProcCmdZ1VC_</a> from rs232_protocol.o(.text) referenced from rs232_protocol.o(.constdata)
 <LI><a href="#[d2]">ProcCmdZ1VFL_</a> from rs232_protocol.o(.text) referenced from rs232_protocol.o(.constdata)
 <LI><a href="#[d3]">ProcCmdZ1VFR_</a> from rs232_protocol.o(.text) referenced from rs232_protocol.o(.constdata)
 <LI><a href="#[65]">ProcCmdZ1VM</a> from rs232_protocol.o(.text) referenced from rs232_protocol.o(.constdata)
 <LI><a href="#[d5]">ProcCmdZ1VSL_</a> from rs232_protocol.o(.text) referenced from rs232_protocol.o(.constdata)
 <LI><a href="#[d6]">ProcCmdZ1VSR_</a> from rs232_protocol.o(.text) referenced from rs232_protocol.o(.constdata)
 <LI><a href="#[d9]">ProcCmdZ1VS_</a> from rs232_protocol.o(.text) referenced from rs232_protocol.o(.constdata)
 <LI><a href="#[64]">ProcCmdZ1_</a> from rs232_protocol.o(.text) referenced from rs232_protocol.o(.constdata)
 <LI><a href="#[73]">ProcCmdZ2M</a> from rs232_protocol.o(.text) referenced from rs232_protocol.o(.constdata)
 <LI><a href="#[70]">ProcCmdZ2P</a> from rs232_protocol.o(.text) referenced from rs232_protocol.o(.constdata)
 <LI><a href="#[71]">ProcCmdZ2S</a> from rs232_protocol.o(.text) referenced from rs232_protocol.o(.constdata)
 <LI><a href="#[72]">ProcCmdZ2V</a> from rs232_protocol.o(.text) referenced from rs232_protocol.o(.constdata)
 <LI><a href="#[74]">ProcCmdZ2_</a> from rs232_protocol.o(.text) referenced from rs232_protocol.o(.constdata)
 <LI><a href="#[10a]">RadioProcMessage</a> from radio_task.o(.text) referenced from task.o(.constdata)
 <LI><a href="#[20]">RearIrModeSetup</a> from setup_func.o(.text) referenced 2 times from menu_tbl.o(.data)
 <LI><a href="#[34]">Reset_Handler</a> from lpc2300.o(RESET) referenced from lpc2300.o(RESET)
 <LI><a href="#[28]">RestoreDefaultSetup</a> from setup_func.o(.text) referenced 2 times from menu_tbl.o(.data)
 <LI><a href="#[36]">SWI_Handler</a> from lpc2300.o(RESET) referenced from lpc2300.o(RESET)
 <LI><a href="#[27]">SetMaxVolumeLevel</a> from setup_func.o(.text) referenced 2 times from menu_tbl.o(.data)
 <LI><a href="#[2c]">SetupExitMenu</a> from setup_menu.o(.text) referenced 2 times from menu_tbl.o(.data)
 <LI><a href="#[5]">SetupMenuDisplay</a> from setup_menu.o(.text) referenced 102 times from menu_tbl.o(.data)
 <LI><a href="#[109]">SetupProcMessage</a> from setup_menu.o(.text) referenced from task.o(.constdata)
 <LI><a href="#[9]">SpkBlanceSetup</a> from setup_func.o(.text) referenced 32 times from menu_tbl.o(.data)
 <LI><a href="#[9]">SpkBlanceSetup</a> from setup_func.o(.text) referenced from setup_menu.o(.text)
 <LI><a href="#[8]">SpkBlanceTestMode</a> from setup_func.o(.text) referenced 4 times from menu_tbl.o(.data)
 <LI><a href="#[6]">SpkConfigSetup</a> from setup_func.o(.text) referenced 32 times from menu_tbl.o(.data)
 <LI><a href="#[a]">SpkCrossoverSetup</a> from setup_func.o(.text) referenced 32 times from menu_tbl.o(.data)
 <LI><a href="#[10]">SpkDelaySetup</a> from setup_func.o(.text) referenced 2 times from menu_tbl.o(.data)
 <LI><a href="#[d]">SpkDimensionSetup</a> from setup_func.o(.text) referenced 2 times from menu_tbl.o(.data)
 <LI><a href="#[7]">SpkDistanceSetup</a> from setup_func.o(.text) referenced 32 times from menu_tbl.o(.data)
 <LI><a href="#[b]">SpkEqSetup</a> from setup_func.o(.text) referenced 320 times from menu_tbl.o(.data)
 <LI><a href="#[e]">SpkPanoramaSetup</a> from setup_func.o(.text) referenced 2 times from menu_tbl.o(.data)
 <LI><a href="#[c]">SpkPhaseSetup</a> from setup_func.o(.text) referenced 32 times from menu_tbl.o(.data)
 <LI><a href="#[f]">SpkWidthSetup</a> from setup_func.o(.text) referenced 2 times from menu_tbl.o(.data)
 <LI><a href="#[22]">TriggerSetup</a> from setup_func.o(.text) referenced 2 times from menu_tbl.o(.data)
 <LI><a href="#[23]">TriggerSetup1</a> from setup_func.o(.text) referenced 2 times from menu_tbl.o(.data)
 <LI><a href="#[24]">TriggerSetup2</a> from setup_func.o(.text) referenced 2 times from menu_tbl.o(.data)
 <LI><a href="#[3d]">Uart0Isr</a> from uart.o(.text) referenced from uart.o(.text)
 <LI><a href="#[3e]">Uart1Isr</a> from uart.o(.text) referenced from uart.o(.text)
 <LI><a href="#[35]">Undef_Handler</a> from lpc2300.o(RESET) referenced from lpc2300.o(RESET)
 <LI><a href="#[19]">Z2MasterVolumeLevel</a> from setup_func.o(.text) referenced 2 times from menu_tbl.o(.data)
 <LI><a href="#[108]">Zone1ProcMessage</a> from zone1_task.o(.text) referenced from task.o(.constdata)
 <LI><a href="#[16]">Zone2InputSetup</a> from setup_func.o(.text) referenced 2 times from menu_tbl.o(.data)
 <LI><a href="#[1f]">Zone2IrControlSetup</a> from setup_func.o(.text) referenced 2 times from menu_tbl.o(.data)
 <LI><a href="#[21]">Zone2IrModeSetup</a> from setup_func.o(.text) referenced 2 times from menu_tbl.o(.data)
 <LI><a href="#[10b]">Zone2ProcMessage</a> from zone2_task.o(.text) referenced from task.o(.constdata)
 <LI><a href="#[17]">Zone2VolumeSetup</a> from setup_func.o(.text) referenced 2 times from menu_tbl.o(.data)
 <LI><a href="#[11d]">__main</a> from __main.o(!!!main) referenced from lpc2300.o(RESET)
 <LI><a href="#[45]">_get_lc_ctype</a> from lc_ctype_c.o(locale$$code) referenced from rt_ctype_table.o(.text)
 <LI><a href="#[44]">_printf_input_char</a> from _printf_char_common.o(.text) referenced from _printf_char_common.o(.text)
 <LI><a href="#[43]">_sputc</a> from _sputc.o(.text) referenced 2 times from c89vsprintf.o(.text)
 <LI><a href="#[40]">exint1</a> from ioport.o(.text) referenced from ioport.o(.text)
 <LI><a href="#[41]">exint2</a> from ioport.o(.text) referenced from ioport.o(.text)
 <LI><a href="#[3f]">exint3</a> from ioport.o(.text) referenced from ioport.o(.text)
 <LI><a href="#[3c]">main</a> from main.o(.text) referenced from rtentry2.o(.ARM.Collect$$rtentry$$0000000D)
 <LI><a href="#[113]">sense_scl1</a> from ioport.o(.text) referenced from eeprom.o(.constdata)
 <LI><a href="#[117]">sense_scl2</a> from ioport.o(.text) referenced from channel.o(.constdata)
 <LI><a href="#[11b]">sense_scl_hdmi</a> from ioport.o(.text) referenced from hdmi.o(.constdata)
 <LI><a href="#[114]">sense_sda1</a> from ioport.o(.text) referenced from eeprom.o(.constdata)
 <LI><a href="#[118]">sense_sda2</a> from ioport.o(.text) referenced from channel.o(.constdata)
 <LI><a href="#[11c]">sense_sda_hdmi</a> from ioport.o(.text) referenced from hdmi.o(.constdata)
 <LI><a href="#[10f]">sense_vfd_scl</a> from ioport.o(.text) referenced 2 times from cs8416.o(.constdata)
 <LI><a href="#[110]">sense_vfd_sda</a> from ioport.o(.text) referenced 2 times from cs8416.o(.constdata)
 <LI><a href="#[111]">set_scl1</a> from ioport.o(.text) referenced from eeprom.o(.constdata)
 <LI><a href="#[115]">set_scl2</a> from ioport.o(.text) referenced from channel.o(.constdata)
 <LI><a href="#[119]">set_scl_hdmi</a> from ioport.o(.text) referenced from hdmi.o(.constdata)
 <LI><a href="#[112]">set_sda1</a> from ioport.o(.text) referenced from eeprom.o(.constdata)
 <LI><a href="#[116]">set_sda2</a> from ioport.o(.text) referenced from channel.o(.constdata)
 <LI><a href="#[11a]">set_sda_hdmi</a> from ioport.o(.text) referenced from hdmi.o(.constdata)
 <LI><a href="#[10d]">set_vfd_scl</a> from ioport.o(.text) referenced 2 times from cs8416.o(.constdata)
 <LI><a href="#[10e]">set_vfd_sda</a> from ioport.o(.text) referenced 2 times from cs8416.o(.constdata)
 <LI><a href="#[42]">timer0_irq</a> from timer.o(.text) referenced from timer.o(.text)
</UL>
<P>
<H3>
Global Symbols
</H3>
<P><STRONG><a name="[34]"></a>Reset_Handler</STRONG> (ARM, 0 bytes, Stack size unknown bytes, lpc2300.o(RESET))
<BR>[Address Reference Count : 1]<UL><LI> lpc2300.o(RESET)
</UL>
<P><STRONG><a name="[11d]"></a>__main</STRONG> (ARM, 8 bytes, Stack size 0 bytes, __main.o(!!!main))
<BR><BR>[Calls]<UL><LI><a href="#[11f]">&gt;&gt;</a>&nbsp;&nbsp;&nbsp;__rt_entry
<LI><a href="#[11e]">&gt;&gt;</a>&nbsp;&nbsp;&nbsp;__scatterload
</UL>

<P><STRONG><a name="[11e]"></a>__scatterload</STRONG> (ARM, 0 bytes, Stack size unknown bytes, __scatter.o(!!!scatter))
<BR><BR>[Called By]<UL><LI><a href="#[11d]">&gt;&gt;</a>&nbsp;&nbsp;&nbsp;__main
</UL>

<P><STRONG><a name="[120]"></a>__scatterload_rt2</STRONG> (ARM, 52 bytes, Stack size unknown bytes, __scatter.o(!!!scatter), UNUSED)
<BR><BR>[Calls]<UL><LI><a href="#[11f]">&gt;&gt;</a>&nbsp;&nbsp;&nbsp;__rt_entry
</UL>

<P><STRONG><a name="[451]"></a>__scatterload_null</STRONG> (ARM, 0 bytes, Stack size unknown bytes, __scatter.o(!!!scatter), UNUSED)

<P><STRONG><a name="[452]"></a>__decompress</STRONG> (ARM, 92 bytes, Stack size unknown bytes, __dczerorl2.o(!!dczerorl2), UNUSED)

<P><STRONG><a name="[453]"></a>__decompress1</STRONG> (ARM, 0 bytes, Stack size unknown bytes, __dczerorl2.o(!!dczerorl2), UNUSED)

<P><STRONG><a name="[454]"></a>__scatterload_zeroinit</STRONG> (ARM, 44 bytes, Stack size unknown bytes, __scatter_zi.o(!!handler_zi), UNUSED)

<P><STRONG><a name="[121]"></a>_printf_n</STRONG> (ARM, 0 bytes, Stack size unknown bytes, _printf_n.o(.ARM.Collect$$_printf_percent$$00000001))
<BR><BR>[Calls]<UL><LI><a href="#[122]">&gt;&gt;</a>&nbsp;&nbsp;&nbsp;_printf_charcount (via Veneer)
</UL>

<P><STRONG><a name="[3fc]"></a>_printf_percent</STRONG> (ARM, 0 bytes, Stack size unknown bytes, _printf_percent.o(.ARM.Collect$$_printf_percent$$00000000))
<BR><BR>[Called By]<UL><LI><a href="#[3fa]">&gt;&gt;</a>&nbsp;&nbsp;&nbsp;__printf (via Veneer)
</UL>

<P><STRONG><a name="[123]"></a>_printf_p</STRONG> (ARM, 0 bytes, Stack size unknown bytes, _printf_p.o(.ARM.Collect$$_printf_percent$$00000002))
<BR><BR>[Stack]<UL><LI>Max Depth = 88 + Unknown Stack Size
<LI>Call Chain = _printf_p &rArr; _printf_hex_ptr &rArr; _printf_longlong_hex &rArr; _printf_int_common &rArr; _printf_post_padding
</UL>
<BR>[Calls]<UL><LI><a href="#[124]">&gt;&gt;</a>&nbsp;&nbsp;&nbsp;_printf_hex_ptr (via Veneer)
</UL>

<P><STRONG><a name="[125]"></a>_printf_f</STRONG> (ARM, 0 bytes, Stack size unknown bytes, _printf_f.o(.ARM.Collect$$_printf_percent$$00000003))
<BR><BR>[Stack]<UL><LI>Max Depth = 312 + Unknown Stack Size
<LI>Call Chain = _printf_f &rArr; _printf_fp_dec &rArr; _printf_fp_dec_real &rArr; _fp_digits &rArr; _btod_etento &rArr; _btod_emul &rArr; _e2e
</UL>
<BR>[Calls]<UL><LI><a href="#[126]">&gt;&gt;</a>&nbsp;&nbsp;&nbsp;_printf_fp_dec
</UL>

<P><STRONG><a name="[127]"></a>_printf_e</STRONG> (ARM, 0 bytes, Stack size unknown bytes, _printf_e.o(.ARM.Collect$$_printf_percent$$00000004))
<BR><BR>[Stack]<UL><LI>Max Depth = 312 + Unknown Stack Size
<LI>Call Chain = _printf_e &rArr; _printf_fp_dec &rArr; _printf_fp_dec_real &rArr; _fp_digits &rArr; _btod_etento &rArr; _btod_emul &rArr; _e2e
</UL>
<BR>[Calls]<UL><LI><a href="#[126]">&gt;&gt;</a>&nbsp;&nbsp;&nbsp;_printf_fp_dec
</UL>

<P><STRONG><a name="[128]"></a>_printf_g</STRONG> (ARM, 0 bytes, Stack size unknown bytes, _printf_g.o(.ARM.Collect$$_printf_percent$$00000005))
<BR><BR>[Stack]<UL><LI>Max Depth = 312 + Unknown Stack Size
<LI>Call Chain = _printf_g &rArr; _printf_fp_dec &rArr; _printf_fp_dec_real &rArr; _fp_digits &rArr; _btod_etento &rArr; _btod_emul &rArr; _e2e
</UL>
<BR>[Calls]<UL><LI><a href="#[126]">&gt;&gt;</a>&nbsp;&nbsp;&nbsp;_printf_fp_dec
</UL>

<P><STRONG><a name="[129]"></a>_printf_a</STRONG> (ARM, 0 bytes, Stack size unknown bytes, _printf_a.o(.ARM.Collect$$_printf_percent$$00000006))
<BR><BR>[Calls]<UL><LI><a href="#[12a]">&gt;&gt;</a>&nbsp;&nbsp;&nbsp;_printf_fp_hex (Weak Reference)
</UL>

<P><STRONG><a name="[455]"></a>_printf_ll</STRONG> (ARM, 0 bytes, Stack size unknown bytes, _printf_ll.o(.ARM.Collect$$_printf_percent$$00000007))

<P><STRONG><a name="[12b]"></a>_printf_i</STRONG> (ARM, 0 bytes, Stack size unknown bytes, _printf_i.o(.ARM.Collect$$_printf_percent$$00000008))
<BR><BR>[Stack]<UL><LI>Max Depth = 88 + Unknown Stack Size
<LI>Call Chain = _printf_i &rArr; _printf_int_dec &rArr; _printf_int_common &rArr; _printf_post_padding
</UL>
<BR>[Calls]<UL><LI><a href="#[12c]">&gt;&gt;</a>&nbsp;&nbsp;&nbsp;_printf_int_dec (via Veneer)
</UL>

<P><STRONG><a name="[12d]"></a>_printf_d</STRONG> (ARM, 0 bytes, Stack size unknown bytes, _printf_d.o(.ARM.Collect$$_printf_percent$$00000009))
<BR><BR>[Stack]<UL><LI>Max Depth = 88 + Unknown Stack Size
<LI>Call Chain = _printf_d &rArr; _printf_int_dec &rArr; _printf_int_common &rArr; _printf_post_padding
</UL>
<BR>[Calls]<UL><LI><a href="#[12c]">&gt;&gt;</a>&nbsp;&nbsp;&nbsp;_printf_int_dec (via Veneer)
</UL>

<P><STRONG><a name="[12e]"></a>_printf_u</STRONG> (ARM, 0 bytes, Stack size unknown bytes, _printf_u.o(.ARM.Collect$$_printf_percent$$0000000A))
<BR><BR>[Stack]<UL><LI>Max Depth = 88 + Unknown Stack Size
<LI>Call Chain = _printf_u &rArr; _printf_int_dec &rArr; _printf_int_common &rArr; _printf_post_padding
</UL>
<BR>[Calls]<UL><LI><a href="#[12c]">&gt;&gt;</a>&nbsp;&nbsp;&nbsp;_printf_int_dec (via Veneer)
</UL>

<P><STRONG><a name="[12f]"></a>_printf_o</STRONG> (ARM, 0 bytes, Stack size unknown bytes, _printf_o.o(.ARM.Collect$$_printf_percent$$0000000B))
<BR><BR>[Stack]<UL><LI>Max Depth = 80 + Unknown Stack Size
<LI>Call Chain = _printf_o &rArr; _printf_int_oct &rArr; _printf_longlong_oct &rArr; _printf_int_common &rArr; _printf_post_padding
</UL>
<BR>[Calls]<UL><LI><a href="#[130]">&gt;&gt;</a>&nbsp;&nbsp;&nbsp;_printf_int_oct (via Veneer)
</UL>

<P><STRONG><a name="[131]"></a>_printf_x</STRONG> (ARM, 0 bytes, Stack size unknown bytes, _printf_x.o(.ARM.Collect$$_printf_percent$$0000000C))
<BR><BR>[Stack]<UL><LI>Max Depth = 96 + Unknown Stack Size
<LI>Call Chain = _printf_x &rArr; _printf_int_hex &rArr; _printf_longlong_hex &rArr; _printf_int_common &rArr; _printf_post_padding
</UL>
<BR>[Calls]<UL><LI><a href="#[132]">&gt;&gt;</a>&nbsp;&nbsp;&nbsp;_printf_int_hex (via Veneer)
</UL>

<P><STRONG><a name="[133]"></a>_printf_lli</STRONG> (ARM, 0 bytes, Stack size unknown bytes, _printf_lli.o(.ARM.Collect$$_printf_percent$$0000000D))
<BR><BR>[Stack]<UL><LI>Max Depth = 88 + Unknown Stack Size
<LI>Call Chain = _printf_lli &rArr; _printf_longlong_dec &rArr; _printf_int_common &rArr; _printf_post_padding
</UL>
<BR>[Calls]<UL><LI><a href="#[134]">&gt;&gt;</a>&nbsp;&nbsp;&nbsp;_printf_longlong_dec (via Veneer)
</UL>

<P><STRONG><a name="[135]"></a>_printf_lld</STRONG> (ARM, 0 bytes, Stack size unknown bytes, _printf_lld.o(.ARM.Collect$$_printf_percent$$0000000E))
<BR><BR>[Stack]<UL><LI>Max Depth = 88 + Unknown Stack Size
<LI>Call Chain = _printf_lld &rArr; _printf_longlong_dec &rArr; _printf_int_common &rArr; _printf_post_padding
</UL>
<BR>[Calls]<UL><LI><a href="#[134]">&gt;&gt;</a>&nbsp;&nbsp;&nbsp;_printf_longlong_dec (via Veneer)
</UL>

<P><STRONG><a name="[136]"></a>_printf_llu</STRONG> (ARM, 0 bytes, Stack size unknown bytes, _printf_llu.o(.ARM.Collect$$_printf_percent$$0000000F))
<BR><BR>[Stack]<UL><LI>Max Depth = 88 + Unknown Stack Size
<LI>Call Chain = _printf_llu &rArr; _printf_longlong_dec &rArr; _printf_int_common &rArr; _printf_post_padding
</UL>
<BR>[Calls]<UL><LI><a href="#[134]">&gt;&gt;</a>&nbsp;&nbsp;&nbsp;_printf_longlong_dec (via Veneer)
</UL>

<P><STRONG><a name="[137]"></a>_printf_llo</STRONG> (ARM, 0 bytes, Stack size unknown bytes, _printf_llo.o(.ARM.Collect$$_printf_percent$$00000010))
<BR><BR>[Stack]<UL><LI>Max Depth = 72 + Unknown Stack Size
<LI>Call Chain = _printf_llo &rArr; _printf_ll_oct &rArr; _printf_longlong_oct &rArr; _printf_int_common &rArr; _printf_post_padding
</UL>
<BR>[Calls]<UL><LI><a href="#[138]">&gt;&gt;</a>&nbsp;&nbsp;&nbsp;_printf_ll_oct (via Veneer)
</UL>

<P><STRONG><a name="[139]"></a>_printf_llx</STRONG> (ARM, 0 bytes, Stack size unknown bytes, _printf_llx.o(.ARM.Collect$$_printf_percent$$00000011))
<BR><BR>[Stack]<UL><LI>Max Depth = 80 + Unknown Stack Size
<LI>Call Chain = _printf_llx &rArr; _printf_ll_hex &rArr; _printf_longlong_hex &rArr; _printf_int_common &rArr; _printf_post_padding
</UL>
<BR>[Calls]<UL><LI><a href="#[13a]">&gt;&gt;</a>&nbsp;&nbsp;&nbsp;_printf_ll_hex (via Veneer)
</UL>

<P><STRONG><a name="[456]"></a>_printf_l</STRONG> (ARM, 0 bytes, Stack size unknown bytes, _printf_l.o(.ARM.Collect$$_printf_percent$$00000012))

<P><STRONG><a name="[13b]"></a>_printf_c</STRONG> (ARM, 0 bytes, Stack size unknown bytes, _printf_c.o(.ARM.Collect$$_printf_percent$$00000013))
<BR><BR>[Stack]<UL><LI>Max Depth = 40 + Unknown Stack Size
<LI>Call Chain = _printf_c &rArr; _printf_char &rArr; _printf_cs_common &rArr; _printf_str &rArr; _printf_post_padding
</UL>
<BR>[Calls]<UL><LI><a href="#[13c]">&gt;&gt;</a>&nbsp;&nbsp;&nbsp;_printf_char (via Veneer)
</UL>

<P><STRONG><a name="[13d]"></a>_printf_s</STRONG> (ARM, 0 bytes, Stack size unknown bytes, _printf_s.o(.ARM.Collect$$_printf_percent$$00000014))
<BR><BR>[Stack]<UL><LI>Max Depth = 40 + Unknown Stack Size
<LI>Call Chain = _printf_s &rArr; _printf_string &rArr; _printf_cs_common &rArr; _printf_str &rArr; _printf_post_padding
</UL>
<BR>[Calls]<UL><LI><a href="#[13e]">&gt;&gt;</a>&nbsp;&nbsp;&nbsp;_printf_string (via Veneer)
</UL>

<P><STRONG><a name="[13f]"></a>_printf_lc</STRONG> (ARM, 0 bytes, Stack size unknown bytes, _printf_lc.o(.ARM.Collect$$_printf_percent$$00000015))
<BR><BR>[Stack]<UL><LI>Max Depth = 88 + Unknown Stack Size
<LI>Call Chain = _printf_lc &rArr; _printf_wchar &rArr; _printf_lcs_common &rArr; _printf_wctomb &rArr; _wcrtomb &rArr; __rt_ctype_table
</UL>
<BR>[Calls]<UL><LI><a href="#[140]">&gt;&gt;</a>&nbsp;&nbsp;&nbsp;_printf_wchar (via Veneer)
</UL>

<P><STRONG><a name="[141]"></a>_printf_ls</STRONG> (ARM, 0 bytes, Stack size unknown bytes, _printf_ls.o(.ARM.Collect$$_printf_percent$$00000016))
<BR><BR>[Stack]<UL><LI>Max Depth = 88 + Unknown Stack Size
<LI>Call Chain = _printf_ls &rArr; _printf_wstring &rArr; _printf_lcs_common &rArr; _printf_wctomb &rArr; _wcrtomb &rArr; __rt_ctype_table
</UL>
<BR>[Calls]<UL><LI><a href="#[142]">&gt;&gt;</a>&nbsp;&nbsp;&nbsp;_printf_wstring (via Veneer)
</UL>

<P><STRONG><a name="[457]"></a>_printf_percent_end</STRONG> (ARM, 0 bytes, Stack size unknown bytes, _printf_percent_end.o(.ARM.Collect$$_printf_percent$$00000017))

<P><STRONG><a name="[14b]"></a>__rt_lib_init</STRONG> (Thumb, 0 bytes, Stack size unknown bytes, libinit.o(.ARM.Collect$$libinit$$00000000))
<BR><BR>[Called By]<UL><LI><a href="#[14a]">&gt;&gt;</a>&nbsp;&nbsp;&nbsp;__rt_entry_li (via Veneer)
</UL>

<P><STRONG><a name="[458]"></a>__rt_lib_init_fp_1</STRONG> (Thumb, 0 bytes, Stack size unknown bytes, libinit2.o(.ARM.Collect$$libinit$$00000002))

<P><STRONG><a name="[459]"></a>__rt_lib_init_heap_1</STRONG> (Thumb, 0 bytes, Stack size unknown bytes, libinit2.o(.ARM.Collect$$libinit$$00000008))

<P><STRONG><a name="[143]"></a>__rt_lib_init_lc_common</STRONG> (Thumb, 0 bytes, Stack size unknown bytes, libinit2.o(.ARM.Collect$$libinit$$0000000D))
<BR><BR>[Calls]<UL><LI><a href="#[144]">&gt;&gt;</a>&nbsp;&nbsp;&nbsp;__rt_locale (via Veneer)
</UL>

<P><STRONG><a name="[45a]"></a>__rt_lib_init_rand_1</STRONG> (Thumb, 0 bytes, Stack size unknown bytes, libinit2.o(.ARM.Collect$$libinit$$0000000C))

<P><STRONG><a name="[45b]"></a>__rt_lib_init_user_alloc_1</STRONG> (Thumb, 0 bytes, Stack size unknown bytes, libinit2.o(.ARM.Collect$$libinit$$0000000A))

<P><STRONG><a name="[45c]"></a>__rt_lib_init_lc_collate_1</STRONG> (Thumb, 0 bytes, Stack size unknown bytes, libinit2.o(.ARM.Collect$$libinit$$0000000F))

<P><STRONG><a name="[145]"></a>__rt_lib_init_lc_ctype_2</STRONG> (Thumb, 0 bytes, Stack size unknown bytes, libinit2.o(.ARM.Collect$$libinit$$00000010))
<BR><BR>[Stack]<UL><LI>Max Depth = 12 + Unknown Stack Size
<LI>Call Chain = __rt_lib_init_lc_ctype_2 &rArr; _get_lc_ctype &rArr; strcmp
</UL>
<BR>[Calls]<UL><LI><a href="#[45]">&gt;&gt;</a>&nbsp;&nbsp;&nbsp;_get_lc_ctype (via Veneer)
</UL>

<P><STRONG><a name="[45d]"></a>__rt_lib_init_lc_ctype_1</STRONG> (Thumb, 0 bytes, Stack size unknown bytes, libinit2.o(.ARM.Collect$$libinit$$00000011))

<P><STRONG><a name="[45e]"></a>__rt_lib_init_lc_monetary_1</STRONG> (Thumb, 0 bytes, Stack size unknown bytes, libinit2.o(.ARM.Collect$$libinit$$00000013))

<P><STRONG><a name="[146]"></a>__rt_lib_init_lc_numeric_2</STRONG> (Thumb, 0 bytes, Stack size unknown bytes, libinit2.o(.ARM.Collect$$libinit$$00000014))
<BR><BR>[Stack]<UL><LI>Max Depth = 12 + Unknown Stack Size
<LI>Call Chain = __rt_lib_init_lc_numeric_2 &rArr; _get_lc_numeric &rArr; strcmp
</UL>
<BR>[Calls]<UL><LI><a href="#[147]">&gt;&gt;</a>&nbsp;&nbsp;&nbsp;_get_lc_numeric (via Veneer)
</UL>

<P><STRONG><a name="[45f]"></a>__rt_lib_init_alloca_1</STRONG> (Thumb, 0 bytes, Stack size unknown bytes, libinit2.o(.ARM.Collect$$libinit$$0000002C))

<P><STRONG><a name="[460]"></a>__rt_lib_init_argv_1</STRONG> (Thumb, 0 bytes, Stack size unknown bytes, libinit2.o(.ARM.Collect$$libinit$$0000002A))

<P><STRONG><a name="[461]"></a>__rt_lib_init_atexit_1</STRONG> (Thumb, 0 bytes, Stack size unknown bytes, libinit2.o(.ARM.Collect$$libinit$$00000019))

<P><STRONG><a name="[462]"></a>__rt_lib_init_clock_1</STRONG> (Thumb, 0 bytes, Stack size unknown bytes, libinit2.o(.ARM.Collect$$libinit$$0000001F))

<P><STRONG><a name="[463]"></a>__rt_lib_init_cpp_1</STRONG> (Thumb, 0 bytes, Stack size unknown bytes, libinit2.o(.ARM.Collect$$libinit$$00000030))

<P><STRONG><a name="[464]"></a>__rt_lib_init_exceptions_1</STRONG> (Thumb, 0 bytes, Stack size unknown bytes, libinit2.o(.ARM.Collect$$libinit$$0000002E))

<P><STRONG><a name="[465]"></a>__rt_lib_init_fp_trap_1</STRONG> (Thumb, 0 bytes, Stack size unknown bytes, libinit2.o(.ARM.Collect$$libinit$$0000001D))

<P><STRONG><a name="[466]"></a>__rt_lib_init_getenv_1</STRONG> (Thumb, 0 bytes, Stack size unknown bytes, libinit2.o(.ARM.Collect$$libinit$$00000021))

<P><STRONG><a name="[467]"></a>__rt_lib_init_lc_numeric_1</STRONG> (Thumb, 0 bytes, Stack size unknown bytes, libinit2.o(.ARM.Collect$$libinit$$00000015))

<P><STRONG><a name="[468]"></a>__rt_lib_init_lc_time_1</STRONG> (Thumb, 0 bytes, Stack size unknown bytes, libinit2.o(.ARM.Collect$$libinit$$00000017))

<P><STRONG><a name="[469]"></a>__rt_lib_init_return</STRONG> (Thumb, 0 bytes, Stack size unknown bytes, libinit2.o(.ARM.Collect$$libinit$$00000031))

<P><STRONG><a name="[46a]"></a>__rt_lib_init_signal_1</STRONG> (Thumb, 0 bytes, Stack size unknown bytes, libinit2.o(.ARM.Collect$$libinit$$0000001B))

<P><STRONG><a name="[46b]"></a>__rt_lib_init_stdio_1</STRONG> (Thumb, 0 bytes, Stack size unknown bytes, libinit2.o(.ARM.Collect$$libinit$$00000023))

<P><STRONG><a name="[14f]"></a>__rt_lib_shutdown</STRONG> (Thumb, 0 bytes, Stack size unknown bytes, libshutdown.o(.ARM.Collect$$libshutdown$$00000000))
<BR><BR>[Called By]<UL><LI><a href="#[14e]">&gt;&gt;</a>&nbsp;&nbsp;&nbsp;__rt_exit_ls (via Veneer)
</UL>

<P><STRONG><a name="[46c]"></a>__rt_lib_shutdown_fp_trap_1</STRONG> (Thumb, 0 bytes, Stack size unknown bytes, libshutdown2.o(.ARM.Collect$$libshutdown$$00000006))

<P><STRONG><a name="[46d]"></a>__rt_lib_shutdown_heap_1</STRONG> (Thumb, 0 bytes, Stack size unknown bytes, libshutdown2.o(.ARM.Collect$$libshutdown$$0000000E))

<P><STRONG><a name="[46e]"></a>__rt_lib_shutdown_return</STRONG> (Thumb, 0 bytes, Stack size unknown bytes, libshutdown2.o(.ARM.Collect$$libshutdown$$0000000F))

<P><STRONG><a name="[46f]"></a>__rt_lib_shutdown_signal_1</STRONG> (Thumb, 0 bytes, Stack size unknown bytes, libshutdown2.o(.ARM.Collect$$libshutdown$$00000009))

<P><STRONG><a name="[470]"></a>__rt_lib_shutdown_stdio_1</STRONG> (Thumb, 0 bytes, Stack size unknown bytes, libshutdown2.o(.ARM.Collect$$libshutdown$$00000003))

<P><STRONG><a name="[471]"></a>__rt_lib_shutdown_user_alloc_1</STRONG> (Thumb, 0 bytes, Stack size unknown bytes, libshutdown2.o(.ARM.Collect$$libshutdown$$0000000B))

<P><STRONG><a name="[11f]"></a>__rt_entry</STRONG> (ARM, 0 bytes, Stack size unknown bytes, rtentry.o(.ARM.Collect$$rtentry$$00000000))
<BR><BR>[Called By]<UL><LI><a href="#[11d]">&gt;&gt;</a>&nbsp;&nbsp;&nbsp;__main
<LI><a href="#[120]">&gt;&gt;</a>&nbsp;&nbsp;&nbsp;__scatterload_rt2
</UL>

<P><STRONG><a name="[472]"></a>__rt_entry_presh_1</STRONG> (ARM, 0 bytes, Stack size unknown bytes, rtentry2.o(.ARM.Collect$$rtentry$$00000002))

<P><STRONG><a name="[148]"></a>__rt_entry_sh</STRONG> (ARM, 0 bytes, Stack size unknown bytes, rtentry4.o(.ARM.Collect$$rtentry$$00000004))
<BR><BR>[Stack]<UL><LI>Max Depth = 8 + Unknown Stack Size
<LI>Call Chain = __rt_entry_sh &rArr; __user_setup_stackheap
</UL>
<BR>[Calls]<UL><LI><a href="#[149]">&gt;&gt;</a>&nbsp;&nbsp;&nbsp;__user_setup_stackheap
</UL>

<P><STRONG><a name="[14a]"></a>__rt_entry_li</STRONG> (ARM, 0 bytes, Stack size unknown bytes, rtentry2.o(.ARM.Collect$$rtentry$$0000000A))
<BR><BR>[Calls]<UL><LI><a href="#[14b]">&gt;&gt;</a>&nbsp;&nbsp;&nbsp;__rt_lib_init (via Veneer)
</UL>

<P><STRONG><a name="[473]"></a>__rt_entry_postsh_1</STRONG> (ARM, 0 bytes, Stack size unknown bytes, rtentry2.o(.ARM.Collect$$rtentry$$00000009))

<P><STRONG><a name="[14c]"></a>__rt_entry_main</STRONG> (ARM, 0 bytes, Stack size unknown bytes, rtentry2.o(.ARM.Collect$$rtentry$$0000000D))
<BR><BR>[Calls]<UL><LI><a href="#[14d]">&gt;&gt;</a>&nbsp;&nbsp;&nbsp;exit (via BX)
</UL>

<P><STRONG><a name="[474]"></a>__rt_entry_postli_1</STRONG> (ARM, 0 bytes, Stack size unknown bytes, rtentry2.o(.ARM.Collect$$rtentry$$0000000C))

<P><STRONG><a name="[41a]"></a>__rt_exit</STRONG> (ARM, 0 bytes, Stack size unknown bytes, rtexit.o(.ARM.Collect$$rtexit$$00000000))
<BR><BR>[Called By]<UL><LI><a href="#[14d]">&gt;&gt;</a>&nbsp;&nbsp;&nbsp;exit (via Veneer)
</UL>

<P><STRONG><a name="[14e]"></a>__rt_exit_ls</STRONG> (ARM, 0 bytes, Stack size unknown bytes, rtexit2.o(.ARM.Collect$$rtexit$$00000003))
<BR><BR>[Calls]<UL><LI><a href="#[14f]">&gt;&gt;</a>&nbsp;&nbsp;&nbsp;__rt_lib_shutdown (via Veneer)
</UL>

<P><STRONG><a name="[475]"></a>__rt_exit_prels_1</STRONG> (ARM, 0 bytes, Stack size unknown bytes, rtexit2.o(.ARM.Collect$$rtexit$$00000002))

<P><STRONG><a name="[150]"></a>__rt_exit_exit</STRONG> (ARM, 0 bytes, Stack size unknown bytes, rtexit2.o(.ARM.Collect$$rtexit$$00000004))
<BR><BR>[Calls]<UL><LI><a href="#[151]">&gt;&gt;</a>&nbsp;&nbsp;&nbsp;_sys_exit (via Veneer)
</UL>

<P><STRONG><a name="[418]"></a>__user_initial_stackheap</STRONG> (ARM, 0 bytes, Stack size unknown bytes, lpc2300.o(.text))
<BR><BR>[Called By]<UL><LI><a href="#[149]">&gt;&gt;</a>&nbsp;&nbsp;&nbsp;__user_setup_stackheap
</UL>

<P><STRONG><a name="[152]"></a>Systeminit</STRONG> (Thumb, 36 bytes, Stack size 8 bytes, main.o(.text))
<BR><BR>[Stack]<UL><LI>Max Depth = 448 + Unknown Stack Size
<LI>Call Chain = Systeminit &rArr; HardwareInit &rArr; SetTrigerOut2 &rArr; DigiSendByte &rArr; I2C_bytewrite &rArr; i2c_writebyte &rArr; debug_printf &rArr; __c89vsprintf &rArr; _printf_char_common &rArr; __printf
</UL>
<BR>[Calls]<UL><LI><a href="#[154]">&gt;&gt;</a>&nbsp;&nbsp;&nbsp;UartInit
<LI><a href="#[155]">&gt;&gt;</a>&nbsp;&nbsp;&nbsp;Timer0Init
<LI><a href="#[156]">&gt;&gt;</a>&nbsp;&nbsp;&nbsp;InitRemoteRepeatKey
<LI><a href="#[153]">&gt;&gt;</a>&nbsp;&nbsp;&nbsp;HardwareInit
<LI><a href="#[157]">&gt;&gt;</a>&nbsp;&nbsp;&nbsp;AddRemoteRepeatKey
</UL>
<BR>[Called By]<UL><LI><a href="#[3c]">&gt;&gt;</a>&nbsp;&nbsp;&nbsp;main
</UL>

<P><STRONG><a name="[158]"></a>ProcDimerOff</STRONG> (Thumb, 42 bytes, Stack size 8 bytes, main.o(.text))
<BR><BR>[Stack]<UL><LI>Max Depth = 424 + Unknown Stack Size
<LI>Call Chain = ProcDimerOff &rArr; VfdSetDimerValue &rArr; VfdSendByte &rArr; I2CWriteNByte &rArr; i2c_writebyte &rArr; debug_printf &rArr; __c89vsprintf &rArr; _printf_char_common &rArr; __printf
</UL>
<BR>[Calls]<UL><LI><a href="#[159]">&gt;&gt;</a>&nbsp;&nbsp;&nbsp;VfdSetDimerValue
</UL>
<BR>[Called By]<UL><LI><a href="#[10b]">&gt;&gt;</a>&nbsp;&nbsp;&nbsp;Zone2ProcMessage
<LI><a href="#[10a]">&gt;&gt;</a>&nbsp;&nbsp;&nbsp;RadioProcMessage
<LI><a href="#[108]">&gt;&gt;</a>&nbsp;&nbsp;&nbsp;Zone1ProcMessage
<LI><a href="#[109]">&gt;&gt;</a>&nbsp;&nbsp;&nbsp;SetupProcMessage
</UL>

<P><STRONG><a name="[3c]"></a>main</STRONG> (Thumb, 136 bytes, Stack size 16 bytes, main.o(.text))
<BR><BR>[Stack]<UL><LI>Max Depth = 608 + Unknown Stack Size
<LI>Call Chain = main &rArr; Timer0_Handler &rArr; RadioDisplay &rArr; VfdDisplay &rArr; VfdUpdateBuffer &rArr; VfdSendNByte &rArr; I2CWriteNByte &rArr; i2c_writebyte &rArr; debug_printf &rArr; __c89vsprintf &rArr; _printf_char_common &rArr; __printf
</UL>
<BR>[Calls]<UL><LI><a href="#[15b]">&gt;&gt;</a>&nbsp;&nbsp;&nbsp;assert_Function
<LI><a href="#[159]">&gt;&gt;</a>&nbsp;&nbsp;&nbsp;VfdSetDimerValue
<LI><a href="#[166]">&gt;&gt;</a>&nbsp;&nbsp;&nbsp;VfdRefresh
<LI><a href="#[161]">&gt;&gt;</a>&nbsp;&nbsp;&nbsp;Timer0_Handler
<LI><a href="#[15e]">&gt;&gt;</a>&nbsp;&nbsp;&nbsp;SetIoStandby
<LI><a href="#[167]">&gt;&gt;</a>&nbsp;&nbsp;&nbsp;RadioLoop
<LI><a href="#[163]">&gt;&gt;</a>&nbsp;&nbsp;&nbsp;ProcMessage
<LI><a href="#[15d]">&gt;&gt;</a>&nbsp;&nbsp;&nbsp;LoadSystemStartupValue
<LI><a href="#[15c]">&gt;&gt;</a>&nbsp;&nbsp;&nbsp;LedStandby
<LI><a href="#[15a]">&gt;&gt;</a>&nbsp;&nbsp;&nbsp;InitMsgQueue
<LI><a href="#[15f]">&gt;&gt;</a>&nbsp;&nbsp;&nbsp;InitDSDMode
<LI><a href="#[165]">&gt;&gt;</a>&nbsp;&nbsp;&nbsp;HDMI_DSD_Loop
<LI><a href="#[162]">&gt;&gt;</a>&nbsp;&nbsp;&nbsp;GetMessage
<LI><a href="#[164]">&gt;&gt;</a>&nbsp;&nbsp;&nbsp;DspLoop
<LI><a href="#[160]">&gt;&gt;</a>&nbsp;&nbsp;&nbsp;__ARM_common_call_via_r0
<LI><a href="#[152]">&gt;&gt;</a>&nbsp;&nbsp;&nbsp;Systeminit
</UL>
<BR>[Address Reference Count : 1]<UL><LI> rtentry2.o(.ARM.Collect$$rtentry$$0000000D)
</UL>
<P><STRONG><a name="[168]"></a>debug_printf</STRONG> (Thumb, 66 bytes, Stack size 160 bytes, debug.o(.text))
<BR><BR>[Stack]<UL><LI>Max Depth = 272 + Unknown Stack Size
<LI>Call Chain = debug_printf &rArr; __c89vsprintf &rArr; _printf_char_common &rArr; __printf
</UL>
<BR>[Calls]<UL><LI><a href="#[16b]">&gt;&gt;</a>&nbsp;&nbsp;&nbsp;Uart0Send
<LI><a href="#[16a]">&gt;&gt;</a>&nbsp;&nbsp;&nbsp;strlen
<LI><a href="#[169]">&gt;&gt;</a>&nbsp;&nbsp;&nbsp;__c89vsprintf
</UL>
<BR>[Called By]<UL><LI><a href="#[5]">&gt;&gt;</a>&nbsp;&nbsp;&nbsp;SetupMenuDisplay
<LI><a href="#[2c]">&gt;&gt;</a>&nbsp;&nbsp;&nbsp;SetupExitMenu
<LI><a href="#[18c]">&gt;&gt;</a>&nbsp;&nbsp;&nbsp;key_task
<LI><a href="#[176]">&gt;&gt;</a>&nbsp;&nbsp;&nbsp;DspProcPower
<LI><a href="#[15b]">&gt;&gt;</a>&nbsp;&nbsp;&nbsp;assert_Function
<LI><a href="#[161]">&gt;&gt;</a>&nbsp;&nbsp;&nbsp;Timer0_Handler
<LI><a href="#[15d]">&gt;&gt;</a>&nbsp;&nbsp;&nbsp;LoadSystemStartupValue
<LI><a href="#[15f]">&gt;&gt;</a>&nbsp;&nbsp;&nbsp;InitDSDMode
<LI><a href="#[165]">&gt;&gt;</a>&nbsp;&nbsp;&nbsp;HDMI_DSD_Loop
<LI><a href="#[164]">&gt;&gt;</a>&nbsp;&nbsp;&nbsp;DspLoop
<LI><a href="#[2c4]">&gt;&gt;</a>&nbsp;&nbsp;&nbsp;Radio_GetStatus
<LI><a href="#[2af]">&gt;&gt;</a>&nbsp;&nbsp;&nbsp;CalcCurrenTunerFreq
<LI><a href="#[2ac]">&gt;&gt;</a>&nbsp;&nbsp;&nbsp;RadioChangeMode
<LI><a href="#[2a9]">&gt;&gt;</a>&nbsp;&nbsp;&nbsp;GetTextDispBuffer
<LI><a href="#[29d]">&gt;&gt;</a>&nbsp;&nbsp;&nbsp;DspMasterBoot
<LI><a href="#[30]">&gt;&gt;</a>&nbsp;&nbsp;&nbsp;ASProcSetBalance
<LI><a href="#[2e]">&gt;&gt;</a>&nbsp;&nbsp;&nbsp;ASProcSpeakerCheck
<LI><a href="#[289]">&gt;&gt;</a>&nbsp;&nbsp;&nbsp;Tuner_Write_Freq_Command
<LI><a href="#[284]">&gt;&gt;</a>&nbsp;&nbsp;&nbsp;ProcZone2PowerOff
<LI><a href="#[283]">&gt;&gt;</a>&nbsp;&nbsp;&nbsp;ProcZone2PowerOn
<LI><a href="#[255]">&gt;&gt;</a>&nbsp;&nbsp;&nbsp;InitCs8416
<LI><a href="#[248]">&gt;&gt;</a>&nbsp;&nbsp;&nbsp;HDMI_Port_Select
<LI><a href="#[280]">&gt;&gt;</a>&nbsp;&nbsp;&nbsp;DspLoadDefaultSetting
<LI><a href="#[27a]">&gt;&gt;</a>&nbsp;&nbsp;&nbsp;IsHidenKey
<LI><a href="#[278]">&gt;&gt;</a>&nbsp;&nbsp;&nbsp;Ac3ProcSurKey
<LI><a href="#[275]">&gt;&gt;</a>&nbsp;&nbsp;&nbsp;Ac3ProcPliiKey
<LI><a href="#[26d]">&gt;&gt;</a>&nbsp;&nbsp;&nbsp;Zone1ProcAutoSeek
<LI><a href="#[26c]">&gt;&gt;</a>&nbsp;&nbsp;&nbsp;ProcZone1PowerOff
<LI><a href="#[268]">&gt;&gt;</a>&nbsp;&nbsp;&nbsp;ProcZone1PowerOn
<LI><a href="#[266]">&gt;&gt;</a>&nbsp;&nbsp;&nbsp;ProcAutoSeekSur
<LI><a href="#[265]">&gt;&gt;</a>&nbsp;&nbsp;&nbsp;SeekSelect
<LI><a href="#[25d]">&gt;&gt;</a>&nbsp;&nbsp;&nbsp;SystemPowerOff
<LI><a href="#[24f]">&gt;&gt;</a>&nbsp;&nbsp;&nbsp;SystemPowerOn
<LI><a href="#[245]">&gt;&gt;</a>&nbsp;&nbsp;&nbsp;SelectSource
<LI><a href="#[243]">&gt;&gt;</a>&nbsp;&nbsp;&nbsp;VfdUpdateStreamType
<LI><a href="#[27c]">&gt;&gt;</a>&nbsp;&nbsp;&nbsp;Zone1ProcessKey
<LI><a href="#[10a]">&gt;&gt;</a>&nbsp;&nbsp;&nbsp;RadioProcMessage
<LI><a href="#[108]">&gt;&gt;</a>&nbsp;&nbsp;&nbsp;Zone1ProcMessage
<LI><a href="#[230]">&gt;&gt;</a>&nbsp;&nbsp;&nbsp;SetupKeyService
<LI><a href="#[22f]">&gt;&gt;</a>&nbsp;&nbsp;&nbsp;PwdKeyService
<LI><a href="#[222]">&gt;&gt;</a>&nbsp;&nbsp;&nbsp;SetupInit
<LI><a href="#[21d]">&gt;&gt;</a>&nbsp;&nbsp;&nbsp;MenuDisplay
<LI><a href="#[21b]">&gt;&gt;</a>&nbsp;&nbsp;&nbsp;MenuItemShow
<LI><a href="#[21a]">&gt;&gt;</a>&nbsp;&nbsp;&nbsp;VfdShowMenuOption
<LI><a href="#[219]">&gt;&gt;</a>&nbsp;&nbsp;&nbsp;MenuHeaderShow
<LI><a href="#[218]">&gt;&gt;</a>&nbsp;&nbsp;&nbsp;MenuCaptionShow
<LI><a href="#[205]">&gt;&gt;</a>&nbsp;&nbsp;&nbsp;Zone2SelectChannel
<LI><a href="#[200]">&gt;&gt;</a>&nbsp;&nbsp;&nbsp;SoftMute
<LI><a href="#[206]">&gt;&gt;</a>&nbsp;&nbsp;&nbsp;SetZone2Volume
<LI><a href="#[20a]">&gt;&gt;</a>&nbsp;&nbsp;&nbsp;HdmiSendByte
<LI><a href="#[201]">&gt;&gt;</a>&nbsp;&nbsp;&nbsp;Change_DSP_Decoder_Code
<LI><a href="#[20e]">&gt;&gt;</a>&nbsp;&nbsp;&nbsp;ChanegName
<LI><a href="#[1c0]">&gt;&gt;</a>&nbsp;&nbsp;&nbsp;UpdateMax335
<LI><a href="#[1da]">&gt;&gt;</a>&nbsp;&nbsp;&nbsp;Set2ChVolume
<LI><a href="#[19f]">&gt;&gt;</a>&nbsp;&nbsp;&nbsp;RadioInit
<LI><a href="#[1e0]">&gt;&gt;</a>&nbsp;&nbsp;&nbsp;LoadRadioPreset
<LI><a href="#[1c3]">&gt;&gt;</a>&nbsp;&nbsp;&nbsp;GetSrcName
<LI><a href="#[1b9]">&gt;&gt;</a>&nbsp;&nbsp;&nbsp;EqOn
<LI><a href="#[1b0]">&gt;&gt;</a>&nbsp;&nbsp;&nbsp;EqModuleconfig
<LI><a href="#[1b2]">&gt;&gt;</a>&nbsp;&nbsp;&nbsp;EepromWriteByte
<LI><a href="#[1a8]">&gt;&gt;</a>&nbsp;&nbsp;&nbsp;DspSetCrossbarEffect
<LI><a href="#[1ab]">&gt;&gt;</a>&nbsp;&nbsp;&nbsp;DspDecodePcm
<LI><a href="#[1a4]">&gt;&gt;</a>&nbsp;&nbsp;&nbsp;DspDecodeDTS
<LI><a href="#[1a6]">&gt;&gt;</a>&nbsp;&nbsp;&nbsp;DspDecodeAc3
<LI><a href="#[1c1]">&gt;&gt;</a>&nbsp;&nbsp;&nbsp;DigiSendByte
<LI><a href="#[1cd]">&gt;&gt;</a>&nbsp;&nbsp;&nbsp;ChangeListenProfileMode
<LI><a href="#[38e]">&gt;&gt;</a>&nbsp;&nbsp;&nbsp;ReadDsp
<LI><a href="#[358]">&gt;&gt;</a>&nbsp;&nbsp;&nbsp;RBDS_Decode
<LI><a href="#[34c]">&gt;&gt;</a>&nbsp;&nbsp;&nbsp;IdmSerialRead
<LI><a href="#[347]">&gt;&gt;</a>&nbsp;&nbsp;&nbsp;DspSpiWriteNByte
<LI><a href="#[340]">&gt;&gt;</a>&nbsp;&nbsp;&nbsp;DSD_Loop
<LI><a href="#[33f]">&gt;&gt;</a>&nbsp;&nbsp;&nbsp;HDMI_Loop
<LI><a href="#[32f]">&gt;&gt;</a>&nbsp;&nbsp;&nbsp;VfdSendByte
<LI><a href="#[32e]">&gt;&gt;</a>&nbsp;&nbsp;&nbsp;VfdSendNByte
<LI><a href="#[2f1]">&gt;&gt;</a>&nbsp;&nbsp;&nbsp;Set_Mas9116_HardMute
<LI><a href="#[2e1]">&gt;&gt;</a>&nbsp;&nbsp;&nbsp;i2c_writebyte
<LI><a href="#[2dd]">&gt;&gt;</a>&nbsp;&nbsp;&nbsp;DebugEepromValue
<LI><a href="#[2ca]">&gt;&gt;</a>&nbsp;&nbsp;&nbsp;Cs8416WriteByte
<LI><a href="#[3de]">&gt;&gt;</a>&nbsp;&nbsp;&nbsp;DspReadEq
<LI><a href="#[3bf]">&gt;&gt;</a>&nbsp;&nbsp;&nbsp;Change_Input_Audio_Source
<LI><a href="#[3b0]">&gt;&gt;</a>&nbsp;&nbsp;&nbsp;Change_DSP_VIRTUALIZER_Code
<LI><a href="#[3c2]">&gt;&gt;</a>&nbsp;&nbsp;&nbsp;Change_DSP_MATRIX_Code
<LI><a href="#[3ce]">&gt;&gt;</a>&nbsp;&nbsp;&nbsp;ProcAutodetecResponse
<LI><a href="#[3ca]">&gt;&gt;</a>&nbsp;&nbsp;&nbsp;DtsHD_Cfg_Change_Deal
<LI><a href="#[3c9]">&gt;&gt;</a>&nbsp;&nbsp;&nbsp;DTS_Cfg_Change_Deal
<LI><a href="#[3c7]">&gt;&gt;</a>&nbsp;&nbsp;&nbsp;TureHD_Cfg_Change_Deal
<LI><a href="#[3c6]">&gt;&gt;</a>&nbsp;&nbsp;&nbsp;AC3_Cfg_Change_Deal
<LI><a href="#[3bd]">&gt;&gt;</a>&nbsp;&nbsp;&nbsp;CheckDspMessage
<LI><a href="#[3a6]">&gt;&gt;</a>&nbsp;&nbsp;&nbsp;DspProcUnsolicitedMsg
<LI><a href="#[3a9]">&gt;&gt;</a>&nbsp;&nbsp;&nbsp;AnalyseTureHDCfg
<LI><a href="#[3ab]">&gt;&gt;</a>&nbsp;&nbsp;&nbsp;AnalyseDtsHRACfg
<LI><a href="#[3aa]">&gt;&gt;</a>&nbsp;&nbsp;&nbsp;AnalyseDtsHDCfg
<LI><a href="#[3a7]">&gt;&gt;</a>&nbsp;&nbsp;&nbsp;AnalyseAc3Cfg
<LI><a href="#[3a5]">&gt;&gt;</a>&nbsp;&nbsp;&nbsp;AnalyseDspMsg
<LI><a href="#[3a4]">&gt;&gt;</a>&nbsp;&nbsp;&nbsp;DisplayBuffer
<LI><a href="#[3a3]">&gt;&gt;</a>&nbsp;&nbsp;&nbsp;DispBuffer
</UL>

<P><STRONG><a name="[15b]"></a>assert_Function</STRONG> (Thumb, 42 bytes, Stack size 24 bytes, debug.o(.text))
<BR><BR>[Stack]<UL><LI>Max Depth = 296 + Unknown Stack Size
<LI>Call Chain = assert_Function &rArr; debug_printf &rArr; __c89vsprintf &rArr; _printf_char_common &rArr; __printf
</UL>
<BR>[Calls]<UL><LI><a href="#[168]">&gt;&gt;</a>&nbsp;&nbsp;&nbsp;debug_printf
</UL>
<BR>[Called By]<UL><LI><a href="#[190]">&gt;&gt;</a>&nbsp;&nbsp;&nbsp;SendMessage
<LI><a href="#[18e]">&gt;&gt;</a>&nbsp;&nbsp;&nbsp;PostMessage
<LI><a href="#[3c]">&gt;&gt;</a>&nbsp;&nbsp;&nbsp;main
<LI><a href="#[31]">&gt;&gt;</a>&nbsp;&nbsp;&nbsp;ASProcSetRoomEQ
<LI><a href="#[32]">&gt;&gt;</a>&nbsp;&nbsp;&nbsp;ASProcSetCrossoverPoints
<LI><a href="#[30]">&gt;&gt;</a>&nbsp;&nbsp;&nbsp;ASProcSetBalance
<LI><a href="#[2f]">&gt;&gt;</a>&nbsp;&nbsp;&nbsp;ASProcSetDistance
<LI><a href="#[2e]">&gt;&gt;</a>&nbsp;&nbsp;&nbsp;ASProcSpeakerCheck
<LI><a href="#[2d]">&gt;&gt;</a>&nbsp;&nbsp;&nbsp;ASProcSetupConfig
</UL>

<P><STRONG><a name="[16c]"></a>rs232_printf</STRONG> (Thumb, 66 bytes, Stack size 160 bytes, debug.o(.text))
<BR><BR>[Stack]<UL><LI>Max Depth = 272 + Unknown Stack Size
<LI>Call Chain = rs232_printf &rArr; __c89vsprintf &rArr; _printf_char_common &rArr; __printf
</UL>
<BR>[Calls]<UL><LI><a href="#[16b]">&gt;&gt;</a>&nbsp;&nbsp;&nbsp;Uart0Send
<LI><a href="#[16a]">&gt;&gt;</a>&nbsp;&nbsp;&nbsp;strlen
<LI><a href="#[169]">&gt;&gt;</a>&nbsp;&nbsp;&nbsp;__c89vsprintf
</UL>
<BR>[Called By]<UL><LI><a href="#[88]">&gt;&gt;</a>&nbsp;&nbsp;&nbsp;ProcCmdSZSL
<LI><a href="#[87]">&gt;&gt;</a>&nbsp;&nbsp;&nbsp;ProcCmdSZR
<LI><a href="#[86]">&gt;&gt;</a>&nbsp;&nbsp;&nbsp;ProcCmdSZL
<LI><a href="#[85]">&gt;&gt;</a>&nbsp;&nbsp;&nbsp;ProcCmdSPs
<LI><a href="#[84]">&gt;&gt;</a>&nbsp;&nbsp;&nbsp;ProcCmdSPBL
<LI><a href="#[83]">&gt;&gt;</a>&nbsp;&nbsp;&nbsp;ProcCmdSPBR
<LI><a href="#[82]">&gt;&gt;</a>&nbsp;&nbsp;&nbsp;ProcCmdSPSL
<LI><a href="#[81]">&gt;&gt;</a>&nbsp;&nbsp;&nbsp;ProcCmdSPSR
<LI><a href="#[80]">&gt;&gt;</a>&nbsp;&nbsp;&nbsp;ProcCmdSPR
<LI><a href="#[7f]">&gt;&gt;</a>&nbsp;&nbsp;&nbsp;ProcCmdSPC
<LI><a href="#[7e]">&gt;&gt;</a>&nbsp;&nbsp;&nbsp;ProcCmdSPL
<LI><a href="#[7d]">&gt;&gt;</a>&nbsp;&nbsp;&nbsp;ProcCmdSLSW
<LI><a href="#[7c]">&gt;&gt;</a>&nbsp;&nbsp;&nbsp;ProcCmdSLBL
<LI><a href="#[7b]">&gt;&gt;</a>&nbsp;&nbsp;&nbsp;ProcCmdSLBR
<LI><a href="#[7a]">&gt;&gt;</a>&nbsp;&nbsp;&nbsp;ProcCmdSLSL
<LI><a href="#[79]">&gt;&gt;</a>&nbsp;&nbsp;&nbsp;ProcCmdSLSR
<LI><a href="#[78]">&gt;&gt;</a>&nbsp;&nbsp;&nbsp;ProcCmdSLR
<LI><a href="#[77]">&gt;&gt;</a>&nbsp;&nbsp;&nbsp;ProcCmdSLC
<LI><a href="#[76]">&gt;&gt;</a>&nbsp;&nbsp;&nbsp;ProcCmdSLL
<LI><a href="#[47]">&gt;&gt;</a>&nbsp;&nbsp;&nbsp;ProcCmdRSN
<LI><a href="#[75]">&gt;&gt;</a>&nbsp;&nbsp;&nbsp;ProCmdZ2VFD_
<LI><a href="#[74]">&gt;&gt;</a>&nbsp;&nbsp;&nbsp;ProcCmdZ2_
<LI><a href="#[73]">&gt;&gt;</a>&nbsp;&nbsp;&nbsp;ProcCmdZ2M
<LI><a href="#[72]">&gt;&gt;</a>&nbsp;&nbsp;&nbsp;ProcCmdZ2V
<LI><a href="#[71]">&gt;&gt;</a>&nbsp;&nbsp;&nbsp;ProcCmdZ2S
<LI><a href="#[70]">&gt;&gt;</a>&nbsp;&nbsp;&nbsp;ProcCmdZ2P
<LI><a href="#[6f]">&gt;&gt;</a>&nbsp;&nbsp;&nbsp;ProcCmdZ1EQ
<LI><a href="#[6e]">&gt;&gt;</a>&nbsp;&nbsp;&nbsp;ProcCmdZ1EQSW
<LI><a href="#[6d]">&gt;&gt;</a>&nbsp;&nbsp;&nbsp;ProcCmdZ1EQSL
<LI><a href="#[6c]">&gt;&gt;</a>&nbsp;&nbsp;&nbsp;ProcCmdZ1EQBSL
<LI><a href="#[6b]">&gt;&gt;</a>&nbsp;&nbsp;&nbsp;ProcCmdZ1EQBSR
<LI><a href="#[6a]">&gt;&gt;</a>&nbsp;&nbsp;&nbsp;ProcCmdZ1EQSR
<LI><a href="#[69]">&gt;&gt;</a>&nbsp;&nbsp;&nbsp;ProcCmdZ1EQR
<LI><a href="#[68]">&gt;&gt;</a>&nbsp;&nbsp;&nbsp;ProcCmdZ1EQC
<LI><a href="#[67]">&gt;&gt;</a>&nbsp;&nbsp;&nbsp;ProcCmdZ1EQL
<LI><a href="#[66]">&gt;&gt;</a>&nbsp;&nbsp;&nbsp;ProcCmdZ1DF_
<LI><a href="#[65]">&gt;&gt;</a>&nbsp;&nbsp;&nbsp;ProcCmdZ1VM
<LI><a href="#[5f]">&gt;&gt;</a>&nbsp;&nbsp;&nbsp;ProcCmdZ1EU
<LI><a href="#[5a]">&gt;&gt;</a>&nbsp;&nbsp;&nbsp;ProcCmdZ1E
<LI><a href="#[5b]">&gt;&gt;</a>&nbsp;&nbsp;&nbsp;ProcCmdZ1EX
<LI><a href="#[5e]">&gt;&gt;</a>&nbsp;&nbsp;&nbsp;ProcCmdZ1ES
<LI><a href="#[5d]">&gt;&gt;</a>&nbsp;&nbsp;&nbsp;ProcCmdZ1EE
<LI><a href="#[5c]">&gt;&gt;</a>&nbsp;&nbsp;&nbsp;ProcCmdZ1EF
<LI><a href="#[60]">&gt;&gt;</a>&nbsp;&nbsp;&nbsp;ProcCmdZ1ED
<LI><a href="#[61]">&gt;&gt;</a>&nbsp;&nbsp;&nbsp;ProcCmdZ1D
<LI><a href="#[62]">&gt;&gt;</a>&nbsp;&nbsp;&nbsp;ProcCmdZ1C
<LI><a href="#[63]">&gt;&gt;</a>&nbsp;&nbsp;&nbsp;ProcCmdZ1A_
<LI><a href="#[59]">&gt;&gt;</a>&nbsp;&nbsp;&nbsp;ProcCmdZ1M
<LI><a href="#[58]">&gt;&gt;</a>&nbsp;&nbsp;&nbsp;ProcCmdZ1P
<LI><a href="#[57]">&gt;&gt;</a>&nbsp;&nbsp;&nbsp;ProcCmdZ1S
<LI><a href="#[64]">&gt;&gt;</a>&nbsp;&nbsp;&nbsp;ProcCmdZ1_
<LI><a href="#[192]">&gt;&gt;</a>&nbsp;&nbsp;&nbsp;GetProtocolFloatValue
<LI><a href="#[4]">&gt;&gt;</a>&nbsp;&nbsp;&nbsp;C11Rs232
<LI><a href="#[1f0]">&gt;&gt;</a>&nbsp;&nbsp;&nbsp;ProcRs232Msg
<LI><a href="#[107]">&gt;&gt;</a>&nbsp;&nbsp;&nbsp;ProcCmdAZ2SMV
<LI><a href="#[106]">&gt;&gt;</a>&nbsp;&nbsp;&nbsp;ProcCmdAZ1SMV
<LI><a href="#[105]">&gt;&gt;</a>&nbsp;&nbsp;&nbsp;ProcCmdASMVO
<LI><a href="#[104]">&gt;&gt;</a>&nbsp;&nbsp;&nbsp;ProcCmdASPAO
<LI><a href="#[103]">&gt;&gt;</a>&nbsp;&nbsp;&nbsp;ProcCmdASRD
<LI><a href="#[102]">&gt;&gt;</a>&nbsp;&nbsp;&nbsp;ProcCmdASDD
<LI><a href="#[101]">&gt;&gt;</a>&nbsp;&nbsp;&nbsp;ProcCmdASAIS
<LI><a href="#[100]">&gt;&gt;</a>&nbsp;&nbsp;&nbsp;ProcCmdASTO3
<LI><a href="#[ff]">&gt;&gt;</a>&nbsp;&nbsp;&nbsp;ProcCmdASTO2
<LI><a href="#[fe]">&gt;&gt;</a>&nbsp;&nbsp;&nbsp;ProcCmdASTO1
<LI><a href="#[fd]">&gt;&gt;</a>&nbsp;&nbsp;&nbsp;ProcCmdASIR2M
<LI><a href="#[fc]">&gt;&gt;</a>&nbsp;&nbsp;&nbsp;ProcCmdASIRM
<LI><a href="#[fb]">&gt;&gt;</a>&nbsp;&nbsp;&nbsp;ProcCmdASIR2C
<LI><a href="#[fa]">&gt;&gt;</a>&nbsp;&nbsp;&nbsp;ProcCmdASIRC
<LI><a href="#[f9]">&gt;&gt;</a>&nbsp;&nbsp;&nbsp;ProcCmdASRSN
<LI><a href="#[f8]">&gt;&gt;</a>&nbsp;&nbsp;&nbsp;ProcCmdASFP
<LI><a href="#[f7]">&gt;&gt;</a>&nbsp;&nbsp;&nbsp;ProcCmdASAVD
<LI><a href="#[f6]">&gt;&gt;</a>&nbsp;&nbsp;&nbsp;ProcCmdASHDMIAO
<LI><a href="#[f5]">&gt;&gt;</a>&nbsp;&nbsp;&nbsp;ProcCmdASSP
<LI><a href="#[55]">&gt;&gt;</a>&nbsp;&nbsp;&nbsp;ProcCmdTT_
<LI><a href="#[54]">&gt;&gt;</a>&nbsp;&nbsp;&nbsp;ProcCmdTAHDF
<LI><a href="#[53]">&gt;&gt;</a>&nbsp;&nbsp;&nbsp;ProcCmdTAF
<LI><a href="#[52]">&gt;&gt;</a>&nbsp;&nbsp;&nbsp;ProcCmdTAHDS
<LI><a href="#[51]">&gt;&gt;</a>&nbsp;&nbsp;&nbsp;ProcCmdTAS
<LI><a href="#[1df]">&gt;&gt;</a>&nbsp;&nbsp;&nbsp;GetTunerPosition
<LI><a href="#[50]">&gt;&gt;</a>&nbsp;&nbsp;&nbsp;ProcCmdT
<LI><a href="#[4f]">&gt;&gt;</a>&nbsp;&nbsp;&nbsp;ProcCmdTFHDP
<LI><a href="#[4e]">&gt;&gt;</a>&nbsp;&nbsp;&nbsp;ProcCmdTFP
<LI><a href="#[4d]">&gt;&gt;</a>&nbsp;&nbsp;&nbsp;ProcCmdTAHDP
<LI><a href="#[4c]">&gt;&gt;</a>&nbsp;&nbsp;&nbsp;ProcCmdTAP
<LI><a href="#[4b]">&gt;&gt;</a>&nbsp;&nbsp;&nbsp;ProcCmdTFHDT
<LI><a href="#[4a]">&gt;&gt;</a>&nbsp;&nbsp;&nbsp;ProcCmdTFT
<LI><a href="#[49]">&gt;&gt;</a>&nbsp;&nbsp;&nbsp;ProcCmdTAHDT
<LI><a href="#[48]">&gt;&gt;</a>&nbsp;&nbsp;&nbsp;ProcCmdTAT
<LI><a href="#[f4]">&gt;&gt;</a>&nbsp;&nbsp;&nbsp;ProcCmdZ1ACNR
<LI><a href="#[f3]">&gt;&gt;</a>&nbsp;&nbsp;&nbsp;ProcCmdZ1ACN7_1
<LI><a href="#[f2]">&gt;&gt;</a>&nbsp;&nbsp;&nbsp;ProcCmdZ1ACN8
<LI><a href="#[f1]">&gt;&gt;</a>&nbsp;&nbsp;&nbsp;ProcCmdZ1ACN7
<LI><a href="#[f0]">&gt;&gt;</a>&nbsp;&nbsp;&nbsp;ProcCmdZ1ACN6
<LI><a href="#[ef]">&gt;&gt;</a>&nbsp;&nbsp;&nbsp;ProcCmdZ1ACN5
<LI><a href="#[ee]">&gt;&gt;</a>&nbsp;&nbsp;&nbsp;ProcCmdZ1ACN4
<LI><a href="#[ed]">&gt;&gt;</a>&nbsp;&nbsp;&nbsp;ProcCmdZ1ACN3
<LI><a href="#[ec]">&gt;&gt;</a>&nbsp;&nbsp;&nbsp;ProcCmdZ1ACN2
<LI><a href="#[eb]">&gt;&gt;</a>&nbsp;&nbsp;&nbsp;ProcCmdZ1ACN1
<LI><a href="#[ea]">&gt;&gt;</a>&nbsp;&nbsp;&nbsp;ProcCmdZ1SAL8
<LI><a href="#[e9]">&gt;&gt;</a>&nbsp;&nbsp;&nbsp;ProcCmdZ1SAL7
<LI><a href="#[e8]">&gt;&gt;</a>&nbsp;&nbsp;&nbsp;ProcCmdZ1SAL6
<LI><a href="#[e7]">&gt;&gt;</a>&nbsp;&nbsp;&nbsp;ProcCmdZ1SAL5
<LI><a href="#[e6]">&gt;&gt;</a>&nbsp;&nbsp;&nbsp;ProcCmdZ1SAL4
<LI><a href="#[e5]">&gt;&gt;</a>&nbsp;&nbsp;&nbsp;ProcCmdZ1SAL3
<LI><a href="#[e4]">&gt;&gt;</a>&nbsp;&nbsp;&nbsp;ProcCmdZ1SAL2
<LI><a href="#[e3]">&gt;&gt;</a>&nbsp;&nbsp;&nbsp;ProcCmdZ1SAL1
<LI><a href="#[e2]">&gt;&gt;</a>&nbsp;&nbsp;&nbsp;ProcCmdZ1IN8
<LI><a href="#[e1]">&gt;&gt;</a>&nbsp;&nbsp;&nbsp;ProcCmdZ1IN7
<LI><a href="#[e0]">&gt;&gt;</a>&nbsp;&nbsp;&nbsp;ProcCmdZ1IN6
<LI><a href="#[df]">&gt;&gt;</a>&nbsp;&nbsp;&nbsp;ProcCmdZ1IN5
<LI><a href="#[de]">&gt;&gt;</a>&nbsp;&nbsp;&nbsp;ProcCmdZ1IN4
<LI><a href="#[dd]">&gt;&gt;</a>&nbsp;&nbsp;&nbsp;ProcCmdZ1IN3
<LI><a href="#[dc]">&gt;&gt;</a>&nbsp;&nbsp;&nbsp;ProcCmdZ1IN2
<LI><a href="#[db]">&gt;&gt;</a>&nbsp;&nbsp;&nbsp;ProcCmdZ1IN1
<LI><a href="#[da]">&gt;&gt;</a>&nbsp;&nbsp;&nbsp;ProCmdZ1VFD_
<LI><a href="#[1d4]">&gt;&gt;</a>&nbsp;&nbsp;&nbsp;Rs232UpdateStreamType
<LI><a href="#[d9]">&gt;&gt;</a>&nbsp;&nbsp;&nbsp;ProcCmdZ1VS_
<LI><a href="#[d8]">&gt;&gt;</a>&nbsp;&nbsp;&nbsp;ProcCmdZ1VBR_
<LI><a href="#[d7]">&gt;&gt;</a>&nbsp;&nbsp;&nbsp;ProcCmdZ1VBL_
<LI><a href="#[d6]">&gt;&gt;</a>&nbsp;&nbsp;&nbsp;ProcCmdZ1VSR_
<LI><a href="#[d5]">&gt;&gt;</a>&nbsp;&nbsp;&nbsp;ProcCmdZ1VSL_
<LI><a href="#[d4]">&gt;&gt;</a>&nbsp;&nbsp;&nbsp;ProcCmdZ1VC_
<LI><a href="#[d3]">&gt;&gt;</a>&nbsp;&nbsp;&nbsp;ProcCmdZ1VFR_
<LI><a href="#[d2]">&gt;&gt;</a>&nbsp;&nbsp;&nbsp;ProcCmdZ1VFL_
<LI><a href="#[d1]">&gt;&gt;</a>&nbsp;&nbsp;&nbsp;ProcCmdZ1EMDEL
<LI><a href="#[d0]">&gt;&gt;</a>&nbsp;&nbsp;&nbsp;ProcCmdZ1EMC
<LI><a href="#[cf]">&gt;&gt;</a>&nbsp;&nbsp;&nbsp;ProcCmdZ1EMP
<LI><a href="#[ce]">&gt;&gt;</a>&nbsp;&nbsp;&nbsp;ProcCmdZ1EMDIM
<LI><a href="#[cd]">&gt;&gt;</a>&nbsp;&nbsp;&nbsp;ProcCmdMSSPSW
<LI><a href="#[cc]">&gt;&gt;</a>&nbsp;&nbsp;&nbsp;ProcCmdMSSPSBL
<LI><a href="#[cb]">&gt;&gt;</a>&nbsp;&nbsp;&nbsp;ProcCmdMSSPSBR
<LI><a href="#[ca]">&gt;&gt;</a>&nbsp;&nbsp;&nbsp;ProcCmdMSSPSL
<LI><a href="#[c9]">&gt;&gt;</a>&nbsp;&nbsp;&nbsp;ProcCmdMSSPSR
<LI><a href="#[c8]">&gt;&gt;</a>&nbsp;&nbsp;&nbsp;ProcCmdMSSPR
<LI><a href="#[c7]">&gt;&gt;</a>&nbsp;&nbsp;&nbsp;ProcCmdMSSPC
<LI><a href="#[c6]">&gt;&gt;</a>&nbsp;&nbsp;&nbsp;ProcCmdMSSPL
<LI><a href="#[c5]">&gt;&gt;</a>&nbsp;&nbsp;&nbsp;ProcCmdMZ1EQSW
<LI><a href="#[c4]">&gt;&gt;</a>&nbsp;&nbsp;&nbsp;ProcCmdMZ1EQSL
<LI><a href="#[c3]">&gt;&gt;</a>&nbsp;&nbsp;&nbsp;ProcCmdMZ1EQBSL
<LI><a href="#[c2]">&gt;&gt;</a>&nbsp;&nbsp;&nbsp;ProcCmdMZ1EQBSR
<LI><a href="#[c1]">&gt;&gt;</a>&nbsp;&nbsp;&nbsp;ProcCmdMZ1EQSR
<LI><a href="#[c0]">&gt;&gt;</a>&nbsp;&nbsp;&nbsp;ProcCmdMZ1EQR
<LI><a href="#[bf]">&gt;&gt;</a>&nbsp;&nbsp;&nbsp;ProcCmdMZ1EQC
<LI><a href="#[be]">&gt;&gt;</a>&nbsp;&nbsp;&nbsp;ProcCmdMZ1EQL
<LI><a href="#[bd]">&gt;&gt;</a>&nbsp;&nbsp;&nbsp;ProcCmdMSZX
<LI><a href="#[bc]">&gt;&gt;</a>&nbsp;&nbsp;&nbsp;ProcCmdMSZXSL
<LI><a href="#[bb]">&gt;&gt;</a>&nbsp;&nbsp;&nbsp;ProcCmdMSZXSBL
<LI><a href="#[ba]">&gt;&gt;</a>&nbsp;&nbsp;&nbsp;ProcCmdMSZXSBR
<LI><a href="#[b9]">&gt;&gt;</a>&nbsp;&nbsp;&nbsp;ProcCmdMSZXSR
<LI><a href="#[b8]">&gt;&gt;</a>&nbsp;&nbsp;&nbsp;ProcCmdMSZXFR
<LI><a href="#[b7]">&gt;&gt;</a>&nbsp;&nbsp;&nbsp;ProcCmdMSZXFC
<LI><a href="#[b6]">&gt;&gt;</a>&nbsp;&nbsp;&nbsp;ProcCmdMSZXFL
<LI><a href="#[b5]">&gt;&gt;</a>&nbsp;&nbsp;&nbsp;ProcCmdMSLSW
<LI><a href="#[b4]">&gt;&gt;</a>&nbsp;&nbsp;&nbsp;ProcCmdMSLBL
<LI><a href="#[b3]">&gt;&gt;</a>&nbsp;&nbsp;&nbsp;ProcCmdMSLBR
<LI><a href="#[b2]">&gt;&gt;</a>&nbsp;&nbsp;&nbsp;ProcCmdMSLSL
<LI><a href="#[b1]">&gt;&gt;</a>&nbsp;&nbsp;&nbsp;ProcCmdMSLSR
<LI><a href="#[b0]">&gt;&gt;</a>&nbsp;&nbsp;&nbsp;ProcCmdMSLR
<LI><a href="#[af]">&gt;&gt;</a>&nbsp;&nbsp;&nbsp;ProcCmdMSLC
<LI><a href="#[ae]">&gt;&gt;</a>&nbsp;&nbsp;&nbsp;ProcCmdMSLL
<LI><a href="#[ad]">&gt;&gt;</a>&nbsp;&nbsp;&nbsp;ProcCmdMSPs
<LI><a href="#[ac]">&gt;&gt;</a>&nbsp;&nbsp;&nbsp;ProcCmdMSPBL
<LI><a href="#[ab]">&gt;&gt;</a>&nbsp;&nbsp;&nbsp;ProcCmdMSPBR
<LI><a href="#[aa]">&gt;&gt;</a>&nbsp;&nbsp;&nbsp;ProcCmdMSPSL
<LI><a href="#[a9]">&gt;&gt;</a>&nbsp;&nbsp;&nbsp;ProcCmdMSPSR
<LI><a href="#[a8]">&gt;&gt;</a>&nbsp;&nbsp;&nbsp;ProcCmdMSPR
<LI><a href="#[a7]">&gt;&gt;</a>&nbsp;&nbsp;&nbsp;ProcCmdMSPC
<LI><a href="#[a6]">&gt;&gt;</a>&nbsp;&nbsp;&nbsp;ProcCmdMSPL
<LI><a href="#[a5]">&gt;&gt;</a>&nbsp;&nbsp;&nbsp;ProcCmdMSZS
<LI><a href="#[a4]">&gt;&gt;</a>&nbsp;&nbsp;&nbsp;ProcCmdMSZC
<LI><a href="#[a3]">&gt;&gt;</a>&nbsp;&nbsp;&nbsp;ProcCmdMSZSBR
<LI><a href="#[a2]">&gt;&gt;</a>&nbsp;&nbsp;&nbsp;ProcCmdMSZSBL
<LI><a href="#[a1]">&gt;&gt;</a>&nbsp;&nbsp;&nbsp;ProcCmdMSZSR
<LI><a href="#[a0]">&gt;&gt;</a>&nbsp;&nbsp;&nbsp;ProcCmdMSZSL
<LI><a href="#[9f]">&gt;&gt;</a>&nbsp;&nbsp;&nbsp;ProcCmdMSZR
<LI><a href="#[9e]">&gt;&gt;</a>&nbsp;&nbsp;&nbsp;ProcCmdMSZL
<LI><a href="#[9d]">&gt;&gt;</a>&nbsp;&nbsp;&nbsp;ProcCmdSSPSW
<LI><a href="#[9c]">&gt;&gt;</a>&nbsp;&nbsp;&nbsp;ProcCmdSSPSBL
<LI><a href="#[9b]">&gt;&gt;</a>&nbsp;&nbsp;&nbsp;ProcCmdSSPSBR
<LI><a href="#[9a]">&gt;&gt;</a>&nbsp;&nbsp;&nbsp;ProcCmdSSPSL
<LI><a href="#[99]">&gt;&gt;</a>&nbsp;&nbsp;&nbsp;ProcCmdSSPSR
<LI><a href="#[98]">&gt;&gt;</a>&nbsp;&nbsp;&nbsp;ProcCmdSSPR
<LI><a href="#[97]">&gt;&gt;</a>&nbsp;&nbsp;&nbsp;ProcCmdSSPC
<LI><a href="#[96]">&gt;&gt;</a>&nbsp;&nbsp;&nbsp;ProcCmdSSPL
<LI><a href="#[56]">&gt;&gt;</a>&nbsp;&nbsp;&nbsp;ProcCmdZ1LPS
<LI><a href="#[95]">&gt;&gt;</a>&nbsp;&nbsp;&nbsp;ProcCmdSZX
<LI><a href="#[94]">&gt;&gt;</a>&nbsp;&nbsp;&nbsp;ProcCmdSZXSBL
<LI><a href="#[93]">&gt;&gt;</a>&nbsp;&nbsp;&nbsp;ProcCmdSZXSBR
<LI><a href="#[92]">&gt;&gt;</a>&nbsp;&nbsp;&nbsp;ProcCmdSZXSL
<LI><a href="#[91]">&gt;&gt;</a>&nbsp;&nbsp;&nbsp;ProcCmdSZXSR
<LI><a href="#[90]">&gt;&gt;</a>&nbsp;&nbsp;&nbsp;ProcCmdSZXFR
<LI><a href="#[8f]">&gt;&gt;</a>&nbsp;&nbsp;&nbsp;ProcCmdSZXFC
<LI><a href="#[8e]">&gt;&gt;</a>&nbsp;&nbsp;&nbsp;ProcCmdSZXFL
<LI><a href="#[8d]">&gt;&gt;</a>&nbsp;&nbsp;&nbsp;ProcCmdSZS
<LI><a href="#[8c]">&gt;&gt;</a>&nbsp;&nbsp;&nbsp;ProcCmdSZC
<LI><a href="#[8b]">&gt;&gt;</a>&nbsp;&nbsp;&nbsp;ProcCmdSZSBR
<LI><a href="#[8a]">&gt;&gt;</a>&nbsp;&nbsp;&nbsp;ProcCmdSZSBL
<LI><a href="#[89]">&gt;&gt;</a>&nbsp;&nbsp;&nbsp;ProcCmdSZSR
</UL>

<P><STRONG><a name="[476]"></a>debug_message</STRONG> (Thumb, 2 bytes, Stack size 0 bytes, debug.o(.text), UNUSED)

<P><STRONG><a name="[2c7]"></a>InitQueue</STRONG> (Thumb, 10 bytes, Stack size 0 bytes, queue.o(.text))
<BR><BR>[Called By]<UL><LI><a href="#[161]">&gt;&gt;</a>&nbsp;&nbsp;&nbsp;Timer0_Handler
<LI><a href="#[2c9]">&gt;&gt;</a>&nbsp;&nbsp;&nbsp;Uart1Init
<LI><a href="#[2c6]">&gt;&gt;</a>&nbsp;&nbsp;&nbsp;Uart0Init
</UL>

<P><STRONG><a name="[16d]"></a>IsQueueEmpty</STRONG> (Thumb, 36 bytes, Stack size 8 bytes, queue.o(.text))
<BR><BR>[Stack]<UL><LI>Max Depth = 16<LI>Call Chain = IsQueueEmpty &rArr; __aeabi_idivmod
</UL>
<BR>[Calls]<UL><LI><a href="#[16e]">&gt;&gt;</a>&nbsp;&nbsp;&nbsp;__aeabi_idivmod (via Veneer)
</UL>
<BR>[Called By]<UL><LI><a href="#[172]">&gt;&gt;</a>&nbsp;&nbsp;&nbsp;GetQueueElementNum
<LI><a href="#[170]">&gt;&gt;</a>&nbsp;&nbsp;&nbsp;DeQueue
<LI><a href="#[4]">&gt;&gt;</a>&nbsp;&nbsp;&nbsp;C11Rs232
<LI><a href="#[34c]">&gt;&gt;</a>&nbsp;&nbsp;&nbsp;IdmSerialRead
</UL>

<P><STRONG><a name="[16f]"></a>IsQueueFull</STRONG> (Thumb, 38 bytes, Stack size 8 bytes, queue.o(.text))
<BR><BR>[Stack]<UL><LI>Max Depth = 16<LI>Call Chain = IsQueueFull &rArr; __aeabi_idivmod
</UL>
<BR>[Calls]<UL><LI><a href="#[16e]">&gt;&gt;</a>&nbsp;&nbsp;&nbsp;__aeabi_idivmod (via Veneer)
</UL>
<BR>[Called By]<UL><LI><a href="#[172]">&gt;&gt;</a>&nbsp;&nbsp;&nbsp;GetQueueElementNum
<LI><a href="#[171]">&gt;&gt;</a>&nbsp;&nbsp;&nbsp;InQueue
</UL>

<P><STRONG><a name="[477]"></a>QueueFront</STRONG> (Thumb, 8 bytes, Stack size 0 bytes, queue.o(.text), UNUSED)

<P><STRONG><a name="[170]"></a>DeQueue</STRONG> (Thumb, 58 bytes, Stack size 16 bytes, queue.o(.text))
<BR><BR>[Stack]<UL><LI>Max Depth = 32<LI>Call Chain = DeQueue &rArr; IsQueueEmpty &rArr; __aeabi_idivmod
</UL>
<BR>[Calls]<UL><LI><a href="#[16d]">&gt;&gt;</a>&nbsp;&nbsp;&nbsp;IsQueueEmpty
<LI><a href="#[16e]">&gt;&gt;</a>&nbsp;&nbsp;&nbsp;__aeabi_idivmod (via Veneer)
</UL>
<BR>[Called By]<UL><LI><a href="#[4]">&gt;&gt;</a>&nbsp;&nbsp;&nbsp;C11Rs232
<LI><a href="#[34c]">&gt;&gt;</a>&nbsp;&nbsp;&nbsp;IdmSerialRead
</UL>

<P><STRONG><a name="[171]"></a>InQueue</STRONG> (Thumb, 56 bytes, Stack size 16 bytes, queue.o(.text))
<BR><BR>[Stack]<UL><LI>Max Depth = 32<LI>Call Chain = InQueue &rArr; IsQueueFull &rArr; __aeabi_idivmod
</UL>
<BR>[Calls]<UL><LI><a href="#[16f]">&gt;&gt;</a>&nbsp;&nbsp;&nbsp;IsQueueFull
<LI><a href="#[16e]">&gt;&gt;</a>&nbsp;&nbsp;&nbsp;__aeabi_idivmod (via Veneer)
</UL>
<BR>[Called By]<UL><LI><a href="#[3e]">&gt;&gt;</a>&nbsp;&nbsp;&nbsp;Uart1Isr (via Veneer)
<LI><a href="#[3d]">&gt;&gt;</a>&nbsp;&nbsp;&nbsp;Uart0Isr (via Veneer)
</UL>

<P><STRONG><a name="[172]"></a>GetQueueElementNum</STRONG> (Thumb, 80 bytes, Stack size 8 bytes, queue.o(.text), UNUSED)
<BR><BR>[Calls]<UL><LI><a href="#[16f]">&gt;&gt;</a>&nbsp;&nbsp;&nbsp;IsQueueFull
<LI><a href="#[16d]">&gt;&gt;</a>&nbsp;&nbsp;&nbsp;IsQueueEmpty
</UL>
<BR>[Called By]<UL><LI><a href="#[173]">&gt;&gt;</a>&nbsp;&nbsp;&nbsp;GetQueueElementRemain
</UL>

<P><STRONG><a name="[173]"></a>GetQueueElementRemain</STRONG> (Thumb, 22 bytes, Stack size 8 bytes, queue.o(.text), UNUSED)
<BR><BR>[Calls]<UL><LI><a href="#[172]">&gt;&gt;</a>&nbsp;&nbsp;&nbsp;GetQueueElementNum
</UL>

<P><STRONG><a name="[174]"></a>GetQueueElement</STRONG> (Thumb, 48 bytes, Stack size 40 bytes, queue.o(.text), UNUSED)
<BR><BR>[Calls]<UL><LI><a href="#[16e]">&gt;&gt;</a>&nbsp;&nbsp;&nbsp;__aeabi_idivmod (via Veneer)
</UL>

[...]
</UL>
<BR>[Called By]<UL><LI><a href="#[18b]">&gt;&gt;</a>&nbsp;&nbsp;&nbsp;GetPanelKeyThread
</UL>

<P><STRONG><a name="[189]"></a>proc_key_press</STRONG> (Thumb, 148 bytes, Stack size 8 bytes, key_task.o(.text))
<BR><BR>[Stack]<UL><LI>Max Depth = 344 + Unknown Stack Size
<LI>Call Chain = proc_key_press &rArr; MsgSetKey &rArr; SendMessage &rArr; assert_Function &rArr; debug_printf &rArr; __c89vsprintf &rArr; _printf_char_common &rArr; __printf
</UL>
<BR>[Calls]<UL><LI><a href="#[182]">&gt;&gt;</a>&nbsp;&nbsp;&nbsp;MsgSetKey
</UL>
<BR>[Called By]<UL><LI><a href="#[18b]">&gt;&gt;</a>&nbsp;&nbsp;&nbsp;GetPanelKeyThread
</UL>

<P><STRONG><a name="[18a]"></a>proc_key_hold</STRONG> (Thumb, 30 bytes, Stack size 16 bytes, key_task.o(.text))
<BR><BR>[Stack]<UL><LI>Max Depth = 352 + Unknown Stack Size
<LI>Call Chain = proc_key_hold &rArr; MsgSetKey &rArr; SendMessage &rArr; assert_Function &rArr; debug_printf &rArr; __c89vsprintf &rArr; _printf_char_common &rArr; __printf
</UL>
<BR>[Calls]<UL><LI><a href="#[182]">&gt;&gt;</a>&nbsp;&nbsp;&nbsp;MsgSetKey
</UL>
<BR>[Called By]<UL><LI><a href="#[18b]">&gt;&gt;</a>&nbsp;&nbsp;&nbsp;GetPanelKeyThread
</UL>

<P><STRONG><a name="[18b]"></a>GetPanelKeyThread</STRONG> (Thumb, 86 bytes, Stack size 8 bytes, key_task.o(.text))
<BR><BR>[Stack]<UL><LI>Max Depth = 376 + Unknown Stack Size
<LI>Call Chain = GetPanelKeyThread &rArr; read_key &rArr; HeadphoneDetect &rArr; MsgSetKey &rArr; SendMessage &rArr; assert_Function &rArr; debug_printf &rArr; __c89vsprintf &rArr; _printf_char_common &rArr; __printf
</UL>
<BR>[Calls]<UL><LI><a href="#[18a]">&gt;&gt;</a>&nbsp;&nbsp;&nbsp;proc_key_hold
<LI><a href="#[189]">&gt;&gt;</a>&nbsp;&nbsp;&nbsp;proc_key_press
<LI><a href="#[183]">&gt;&gt;</a>&nbsp;&nbsp;&nbsp;read_key
</UL>
<BR>[Called By]<UL><LI><a href="#[18c]">&gt;&gt;</a>&nbsp;&nbsp;&nbsp;key_task
</UL>

<P><STRONG><a name="[191]"></a>IsMsgQueueEmpty</STRONG> (Thumb, 24 bytes, Stack size 0 bytes, message.o(.text))
<BR><BR>[Called By]<UL><LI><a href="#[162]">&gt;&gt;</a>&nbsp;&nbsp;&nbsp;GetMessage
</UL>

<P><STRONG><a name="[18d]"></a>IsMsgQueueFull</STRONG> (Thumb, 38 bytes, Stack size 8 bytes, message.o(.text))
<BR><BR>[Stack]<UL><LI>Max Depth = 16<LI>Call Chain = IsMsgQueueFull &rArr; __aeabi_idivmod
</UL>
<BR>[Calls]<UL><LI><a href="#[16e]">&gt;&gt;</a>&nbsp;&nbsp;&nbsp;__aeabi_idivmod (via Veneer)
</UL>
<BR>[Called By]<UL><LI><a href="#[190]">&gt;&gt;</a>&nbsp;&nbsp;&nbsp;SendMessage
<LI><a href="#[18e]">&gt;&gt;</a>&nbsp;&nbsp;&nbsp;PostMessage
</UL>

<P><STRONG><a name="[27c]"></a>Zone1ProcessKey</STRONG> (Thumb, 1720 bytes, Stack size 8 bytes, zone1_task.o(.text))
<BR><BR>[Stack]<UL><LI>Max Depth = 768 + Unknown Stack Size
<LI>Call Chain = Zone1ProcessKey &rArr; ChangeListenProfileMode &rArr; SetCrossoverPointsMode &rArr; SetBassManagerSpeaker &rArr; C11SetBass &rArr; DSP_BASS_X_INPUT_LEVEL_BACK &rArr; ConvertDbValue &rArr; pow &rArr; sqrt &rArr; _dsqrt &rArr; __fpl_dnaninf
</UL>
<BR>[Calls]<UL><LI><a href="#[168]">&gt;&gt;</a>&nbsp;&nbsp;&nbsp;debug_printf
<LI><a href="#[27f]">&gt;&gt;</a>&nbsp;&nbsp;&nbsp;SetDh2On
<LI><a href="#[27d]">&gt;&gt;</a>&nbsp;&nbsp;&nbsp;HDMI_Software_Update
<LI><a href="#[27e]">&gt;&gt;</a>&nbsp;&nbsp;&nbsp;AutoSoundInit
<LI><a href="#[27a]">&gt;&gt;</a>&nbsp;&nbsp;&nbsp;IsHidenKey
<LI><a href="#[278]">&gt;&gt;</a>&nbsp;&nbsp;&nbsp;Ac3ProcSurKey
<LI><a href="#[277]">&gt;&gt;</a>&nbsp;&nbsp;&nbsp;DtsProcPliiKey
<LI><a href="#[275]">&gt;&gt;</a>&nbsp;&nbsp;&nbsp;Ac3ProcPliiKey
<LI><a href="#[273]">&gt;&gt;</a>&nbsp;&nbsp;&nbsp;PcmProcSurKey
<LI><a href="#[272]">&gt;&gt;</a>&nbsp;&nbsp;&nbsp;PcmProcPliiKey
<LI><a href="#[271]">&gt;&gt;</a>&nbsp;&nbsp;&nbsp;PcmProcNeoKey
<LI><a href="#[270]">&gt;&gt;</a>&nbsp;&nbsp;&nbsp;DtsProcCesKey
<LI><a href="#[26f]">&gt;&gt;</a>&nbsp;&nbsp;&nbsp;Ac3ProcCesKey
<LI><a href="#[26e]">&gt;&gt;</a>&nbsp;&nbsp;&nbsp;PcmProcCesKey
<LI><a href="#[266]">&gt;&gt;</a>&nbsp;&nbsp;&nbsp;ProcAutoSeekSur
<LI><a href="#[262]">&gt;&gt;</a>&nbsp;&nbsp;&nbsp;SetAutoseekFlag
<LI><a href="#[25f]">&gt;&gt;</a>&nbsp;&nbsp;&nbsp;Zone1Mute
<LI><a href="#[24d]">&gt;&gt;</a>&nbsp;&nbsp;&nbsp;ProcInputSelect
<LI><a href="#[240]">&gt;&gt;</a>&nbsp;&nbsp;&nbsp;ShowVersion
<LI><a href="#[236]">&gt;&gt;</a>&nbsp;&nbsp;&nbsp;SetVfdOwner
<LI><a href="#[21e]">&gt;&gt;</a>&nbsp;&nbsp;&nbsp;VfdDisplayBlank
<LI><a href="#[222]">&gt;&gt;</a>&nbsp;&nbsp;&nbsp;SetupInit
<LI><a href="#[202]">&gt;&gt;</a>&nbsp;&nbsp;&nbsp;VfdDisplay
<LI><a href="#[1b7]">&gt;&gt;</a>&nbsp;&nbsp;&nbsp;VfdTempDispBlank
<LI><a href="#[1b8]">&gt;&gt;</a>&nbsp;&nbsp;&nbsp;VfdTempDisp
<LI><a href="#[1e9]">&gt;&gt;</a>&nbsp;&nbsp;&nbsp;SetupLoadDefault
<LI><a href="#[1a3]">&gt;&gt;</a>&nbsp;&nbsp;&nbsp;SetLate
<LI><a href="#[19f]">&gt;&gt;</a>&nbsp;&nbsp;&nbsp;RadioInit
<LI><a href="#[19e]">&gt;&gt;</a>&nbsp;&nbsp;&nbsp;RadioExit
<LI><a href="#[1ac]">&gt;&gt;</a>&nbsp;&nbsp;&nbsp;MsgSetVolume
<LI><a href="#[1a9]">&gt;&gt;</a>&nbsp;&nbsp;&nbsp;MsgSetVfdShow
<LI><a href="#[1a0]">&gt;&gt;</a>&nbsp;&nbsp;&nbsp;MsgSetPower
<LI><a href="#[1a2]">&gt;&gt;</a>&nbsp;&nbsp;&nbsp;MsgSetMute
<LI><a href="#[19d]">&gt;&gt;</a>&nbsp;&nbsp;&nbsp;MsgSetInputSource
<LI><a href="#[1e4]">&gt;&gt;</a>&nbsp;&nbsp;&nbsp;MsgSetDimer
<LI><a href="#[1b9]">&gt;&gt;</a>&nbsp;&nbsp;&nbsp;EqOn
<LI><a href="#[1b2]">&gt;&gt;</a>&nbsp;&nbsp;&nbsp;EepromWriteByte
<LI><a href="#[1cd]">&gt;&gt;</a>&nbsp;&nbsp;&nbsp;ChangeListenProfileMode
<LI><a href="#[199]">&gt;&gt;</a>&nbsp;&nbsp;&nbsp;__ARM_common_switch8 (via Veneer)
<LI><a href="#[16e]">&gt;&gt;</a>&nbsp;&nbsp;&nbsp;__aeabi_idivmod (via Veneer)
</UL>
<BR>[Called By]<UL><LI><a href="#[108]">&gt;&gt;</a>&nbsp;&nbsp;&nbsp;Zone1ProcMessage
</UL>

<P><STRONG><a name="[28c]"></a>Zone2ProcessKey</STRONG> (Thumb, 866 bytes, Stack size 16 bytes, zone2_task.o(.text))
<BR><BR>[Stack]<UL><LI>Max Depth = 560 + Unknown Stack Size
<LI>Call Chain = Zone2ProcessKey &rArr; Zone2RadioMode &rArr; VfdTempDisp &rArr; VfdUpdateBuffer &rArr; VfdSendNByte &rArr; I2CWriteNByte &rArr; i2c_writebyte &rArr; debug_printf &rArr; __c89vsprintf &rArr; _printf_char_common &rArr; __printf
</UL>
<BR>[Calls]<UL><LI><a href="#[28d]">&gt;&gt;</a>&nbsp;&nbsp;&nbsp;CalcRadioPosition
<LI><a href="#[204]">&gt;&gt;</a>&nbsp;&nbsp;&nbsp;DSPFirmwareWrite
<LI><a href="#[1bd]">&gt;&gt;</a>&nbsp;&nbsp;&nbsp;Zone2RadioMode
<LI><a href="#[1be]">&gt;&gt;</a>&nbsp;&nbsp;&nbsp;Zone2AnalogInOff
<LI><a href="#[1c0]">&gt;&gt;</a>&nbsp;&nbsp;&nbsp;UpdateMax335
<LI><a href="#[1bf]">&gt;&gt;</a>&nbsp;&nbsp;&nbsp;SetMax335Switch
<LI><a href="#[1ac]">&gt;&gt;</a>&nbsp;&nbsp;&nbsp;MsgSetVolume
<LI><a href="#[1a9]">&gt;&gt;</a>&nbsp;&nbsp;&nbsp;MsgSetVfdShow
<LI><a href="#[1de]">&gt;&gt;</a>&nbsp;&nbsp;&nbsp;MsgSetRadioLoadPreset
<LI><a href="#[1a0]">&gt;&gt;</a>&nbsp;&nbsp;&nbsp;MsgSetPower
<LI><a href="#[1a2]">&gt;&gt;</a>&nbsp;&nbsp;&nbsp;MsgSetMute
<LI><a href="#[19d]">&gt;&gt;</a>&nbsp;&nbsp;&nbsp;MsgSetInputSource
<LI><a href="#[1bc]">&gt;&gt;</a>&nbsp;&nbsp;&nbsp;IsCurFocusTid
<LI><a href="#[1c2]">&gt;&gt;</a>&nbsp;&nbsp;&nbsp;HdmiReadByte
<LI><a href="#[1c3]">&gt;&gt;</a>&nbsp;&nbsp;&nbsp;GetSrcName
<LI><a href="#[1c1]">&gt;&gt;</a>&nbsp;&nbsp;&nbsp;DigiSendByte
<LI><a href="#[199]">&gt;&gt;</a>&nbsp;&nbsp;&nbsp;__ARM_common_switch8 (via Veneer)
</UL>
<BR>[Called By]<UL><LI><a href="#[10b]">&gt;&gt;</a>&nbsp;&nbsp;&nbsp;Zone2ProcMessage
</UL>

<P><STRONG><a name="[2a3]"></a>GetCrossoverPoint</STRONG> (Thumb, 48 bytes, Stack size 16 bytes, auto_sound.o(.text))
<BR><BR>[Stack]<UL><LI>Max Depth = 32<LI>Call Chain = GetCrossoverPoint &rArr; __aeabi_f2uiz
</UL>
<BR>[Calls]<UL><LI><a href="#[1cc]">&gt;&gt;</a>&nbsp;&nbsp;&nbsp;__aeabi_ui2f (via Veneer)
<LI><a href="#[1c9]">&gt;&gt;</a>&nbsp;&nbsp;&nbsp;__aeabi_f2uiz (via Veneer)
<LI><a href="#[196]">&gt;&gt;</a>&nbsp;&nbsp;&nbsp;__aeabi_fdiv (via Veneer)
<LI><a href="#[2a2]">&gt;&gt;</a>&nbsp;&nbsp;&nbsp;__aeabi_fsub (via Veneer)
</UL>
<BR>[Called By]<UL><LI><a href="#[33]">&gt;&gt;</a>&nbsp;&nbsp;&nbsp;ASProcSetSpeakerphase
</UL>

<P><STRONG><a name="[2c3]"></a>get_freq</STRONG> (Thumb, 26 bytes, Stack size 0 bytes, radio_task.o(.text))
<BR><BR>[Called By]<UL><LI><a href="#[10a]">&gt;&gt;</a>&nbsp;&nbsp;&nbsp;RadioProcMessage
</UL>

<P><STRONG><a name="[2b0]"></a>PreProcDigitKey</STRONG> (Thumb, 144 bytes, Stack size 4 bytes, radio_task.o(.text))
<BR><BR>[Stack]<UL><LI>Max Depth = 4<LI>Call Chain = PreProcDigitKey
</UL>
<BR>[Calls]<UL><LI><a href="#[199]">&gt;&gt;</a>&nbsp;&nbsp;&nbsp;__ARM_common_switch8 (via Veneer)
</UL>
<BR>[Called By]<UL><LI><a href="#[2bb]">&gt;&gt;</a>&nbsp;&nbsp;&nbsp;RadioKeyService
</UL>

<P><STRONG><a name="[2b1]"></a>SaveExit</STRONG> (Thumb, 22 bytes, Stack size 8 bytes, radio_task.o(.text))
<BR><BR>[Stack]<UL><LI>Max Depth = 344 + Unknown Stack Size
<LI>Call Chain = SaveExit &rArr; MsgSetVfdShow &rArr; SendMessage &rArr; assert_Function &rArr; debug_printf &rArr; __c89vsprintf &rArr; _printf_char_common &rArr; __printf
</UL>
<BR>[Calls]<UL><LI><a href="#[2b2]">&gt;&gt;</a>&nbsp;&nbsp;&nbsp;SetRadioStatus
<LI><a href="#[1a9]">&gt;&gt;</a>&nbsp;&nbsp;&nbsp;MsgSetVfdShow
</UL>
<BR>[Called By]<UL><LI><a href="#[2b9]">&gt;&gt;</a>&nbsp;&nbsp;&nbsp;PreProcSaveKey
</UL>

<P><STRONG><a name="[2b4]"></a>SaveInit</STRONG> (Thumb, 30 bytes, Stack size 8 bytes, radio_task.o(.text))
<BR><BR>[Stack]<UL><LI>Max Depth = 560 + Unknown Stack Size
<LI>Call Chain = SaveInit &rArr; UpdateSaveVfd &rArr; VfdDisplay &rArr; VfdUpdateBuffer &rArr; VfdSendNByte &rArr; I2CWriteNByte &rArr; i2c_writebyte &rArr; debug_printf &rArr; __c89vsprintf &rArr; _printf_char_common &rArr; __printf
</UL>
<BR>[Calls]<UL><LI><a href="#[2b3]">&gt;&gt;</a>&nbsp;&nbsp;&nbsp;UpdateSaveVfd
<LI><a href="#[2b2]">&gt;&gt;</a>&nbsp;&nbsp;&nbsp;SetRadioStatus
</UL>
<BR>[Called By]<UL><LI><a href="#[2bb]">&gt;&gt;</a>&nbsp;&nbsp;&nbsp;RadioKeyService
</UL>

<P><STRONG><a name="[2de]"></a>i2c_ack</STRONG> (Thumb, 278 bytes, Stack size 24 bytes, i2cdrv.o(.text))
<BR><BR>[Stack]<UL><LI>Max Depth = 24<LI>Call Chain = i2c_ack
</UL>
<BR>[Calls]<UL><LI><a href="#[160]">&gt;&gt;</a>&nbsp;&nbsp;&nbsp;__ARM_common_call_via_r0
<LI><a href="#[234]">&gt;&gt;</a>&nbsp;&nbsp;&nbsp;__ARM_common_call_via_r1
<LI><a href="#[2d6]">&gt;&gt;</a>&nbsp;&nbsp;&nbsp;wait_timer
</UL>
<BR>[Called By]<UL><LI><a href="#[2e4]">&gt;&gt;</a>&nbsp;&nbsp;&nbsp;I2CReadNByte
<LI><a href="#[2e1]">&gt;&gt;</a>&nbsp;&nbsp;&nbsp;i2c_writebyte
<LI><a href="#[2cd]">&gt;&gt;</a>&nbsp;&nbsp;&nbsp;I2C_byteread
</UL>

<P><STRONG><a name="[2df]"></a>i2c_start</STRONG> (Thumb, 102 bytes, Stack size 8 bytes, i2cdrv.o(.text))
<BR><BR>[Stack]<UL><LI>Max Depth = 8<LI>Call Chain = i2c_start
</UL>
<BR>[Calls]<UL><LI><a href="#[234]">&gt;&gt;</a>&nbsp;&nbsp;&nbsp;__ARM_common_call_via_r1
<LI><a href="#[2d6]">&gt;&gt;</a>&nbsp;&nbsp;&nbsp;wait_timer
</UL>
<BR>[Called By]<UL><LI><a href="#[2e4]">&gt;&gt;</a>&nbsp;&nbsp;&nbsp;I2CReadNByte
<LI><a href="#[2e3]">&gt;&gt;</a>&nbsp;&nbsp;&nbsp;I2CWriteNByte
<LI><a href="#[2cb]">&gt;&gt;</a>&nbsp;&nbsp;&nbsp;I2C_bytewrite
<LI><a href="#[2cd]">&gt;&gt;</a>&nbsp;&nbsp;&nbsp;I2C_byteread
</UL>

<P><STRONG><a name="[2e0]"></a>i2c_stop</STRONG> (Thumb, 72 bytes, Stack size 8 bytes, i2cdrv.o(.text))
<BR><BR>[Stack]<UL><LI>Max Depth = 8<LI>Call Chain = i2c_stop
</UL>
<BR>[Calls]<UL><LI><a href="#[234]">&gt;&gt;</a>&nbsp;&nbsp;&nbsp;__ARM_common_call_via_r1
<LI><a href="#[2d6]">&gt;&gt;</a>&nbsp;&nbsp;&nbsp;wait_timer
</UL>
<BR>[Called By]<UL><LI><a href="#[2e4]">&gt;&gt;</a>&nbsp;&nbsp;&nbsp;I2CReadNByte
<LI><a href="#[2e3]">&gt;&gt;</a>&nbsp;&nbsp;&nbsp;I2CWriteNByte
<LI><a href="#[2cb]">&gt;&gt;</a>&nbsp;&nbsp;&nbsp;I2C_bytewrite
<LI><a href="#[2cd]">&gt;&gt;</a>&nbsp;&nbsp;&nbsp;I2C_byteread
</UL>

<P><STRONG><a name="[2e1]"></a>i2c_writebyte</STRONG> (Thumb, 166 bytes, Stack size 16 bytes, i2cdrv.o(.text))
<BR><BR>[Stack]<UL><LI>Max Depth = 288 + Unknown Stack Size
<LI>Call Chain = i2c_writebyte &rArr; debug_printf &rArr; __c89vsprintf &rArr; _printf_char_common &rArr; __printf
</UL>
<BR>[Calls]<UL><LI><a href="#[168]">&gt;&gt;</a>&nbsp;&nbsp;&nbsp;debug_printf
<LI><a href="#[234]">&gt;&gt;</a>&nbsp;&nbsp;&nbsp;__ARM_common_call_via_r1
<LI><a href="#[2de]">&gt;&gt;</a>&nbsp;&nbsp;&nbsp;i2c_ack
<LI><a href="#[2d6]">&gt;&gt;</a>&nbsp;&nbsp;&nbsp;wait_timer
</UL>
<BR>[Called By]<UL><LI><a href="#[2e4]">&gt;&gt;</a>&nbsp;&nbsp;&nbsp;I2CReadNByte
<LI><a href="#[2e3]">&gt;&gt;</a>&nbsp;&nbsp;&nbsp;I2CWriteNByte
<LI><a href="#[2cb]">&gt;&gt;</a>&nbsp;&nbsp;&nbsp;I2C_bytewrite
<LI><a href="#[2cd]">&gt;&gt;</a>&nbsp;&nbsp;&nbsp;I2C_byteread
</UL>

<P><STRONG><a name="[2e2]"></a>i2c_readbyte</STRONG> (Thumb, 130 bytes, Stack size 16 bytes, i2cdrv.o(.text))
<BR><BR>[Stack]<UL><LI>Max Depth = 16<LI>Call Chain = i2c_readbyte
</UL>
<BR>[Calls]<UL><LI><a href="#[160]">&gt;&gt;</a>&nbsp;&nbsp;&nbsp;__ARM_common_call_via_r0
<LI><a href="#[234]">&gt;&gt;</a>&nbsp;&nbsp;&nbsp;__ARM_common_call_via_r1
<LI><a href="#[2d6]">&gt;&gt;</a>&nbsp;&nbsp;&nbsp;wait_timer
</UL>
<BR>[Called By]<UL><LI><a href="#[2e4]">&gt;&gt;</a>&nbsp;&nbsp;&nbsp;I2CReadNByte
<LI><a href="#[2cd]">&gt;&gt;</a>&nbsp;&nbsp;&nbsp;I2C_byteread
</UL>

<P><STRONG><a name="[2e6]"></a>Iec4094Sendbyte</STRONG> (Thumb, 68 bytes, Stack size 16 bytes, ic4094.o(.text))
<BR><BR>[Stack]<UL><LI>Max Depth = 16<LI>Call Chain = Iec4094Sendbyte
</UL>
<BR>[Calls]<UL><LI><a href="#[2e7]">&gt;&gt;</a>&nbsp;&nbsp;&nbsp;SetData4094
<LI><a href="#[2e8]">&gt;&gt;</a>&nbsp;&nbsp;&nbsp;Set4094Clk
<LI><a href="#[2d6]">&gt;&gt;</a>&nbsp;&nbsp;&nbsp;wait_timer
</UL>
<BR>[Called By]<UL><LI><a href="#[2e9]">&gt;&gt;</a>&nbsp;&nbsp;&nbsp;Ext4094Sendbyte
</UL>

<P><STRONG><a name="[330]"></a>Mas9116WriteWord</STRONG> (Thumb, 84 bytes, Stack size 16 bytes, mas9116.o(.text))
<BR><BR>[Stack]<UL><LI>Max Depth = 16<LI>Call Chain = Mas9116WriteWord
</UL>
<BR>[Calls]<UL><LI><a href="#[1fa]">&gt;&gt;</a>&nbsp;&nbsp;&nbsp;SetIoport0
<LI><a href="#[2d6]">&gt;&gt;</a>&nbsp;&nbsp;&nbsp;wait_timer
<LI><a href="#[2d4]">&gt;&gt;</a>&nbsp;&nbsp;&nbsp;SetIoport1
</UL>
<BR>[Called By]<UL><LI><a href="#[334]">&gt;&gt;</a>&nbsp;&nbsp;&nbsp;Mas9116Reset
<LI><a href="#[333]">&gt;&gt;</a>&nbsp;&nbsp;&nbsp;Mas9116SetGain
</UL>

<P><STRONG><a name="[33d]"></a>CheckInputChannel</STRONG> (Thumb, 472 bytes, Stack size 16 bytes, channel.o(.text))
<BR><BR>[Stack]<UL><LI>Max Depth = 448 + Unknown Stack Size
<LI>Call Chain = CheckInputChannel &rArr; DigitalInSelect71Channel &rArr; DigiSendByte &rArr; I2C_bytewrite &rArr; i2c_writebyte &rArr; debug_printf &rArr; __c89vsprintf &rArr; _printf_char_common &rArr; __printf
</UL>
<BR>[Calls]<UL><LI><a href="#[2ad]">&gt;&gt;</a>&nbsp;&nbsp;&nbsp;AnalogInSelectChannel
<LI><a href="#[24b]">&gt;&gt;</a>&nbsp;&nbsp;&nbsp;DigitalInSelect71Channel
<LI><a href="#[24a]">&gt;&gt;</a>&nbsp;&nbsp;&nbsp;AnalogInputTypeSelect
<LI><a href="#[247]">&gt;&gt;</a>&nbsp;&nbsp;&nbsp;Analog7CH1OutSelectChannel
<LI><a href="#[33a]">&gt;&gt;</a>&nbsp;&nbsp;&nbsp;CheckAnalogIn
<LI><a href="#[338]">&gt;&gt;</a>&nbsp;&nbsp;&nbsp;DigitalInSelectChannel
<LI><a href="#[2cf]">&gt;&gt;</a>&nbsp;&nbsp;&nbsp;CheckCs8416Unlock
</UL>
<BR>[Called By]<UL><LI><a href="#[24c]">&gt;&gt;</a>&nbsp;&nbsp;&nbsp;SystemSearchInputChannel
<LI><a href="#[267]">&gt;&gt;</a>&nbsp;&nbsp;&nbsp;CheckInput
<LI><a href="#[33e]">&gt;&gt;</a>&nbsp;&nbsp;&nbsp;SystemSelectInputChannel
</UL>

<P><STRONG><a name="[344]"></a>Write_Byte</STRONG> (Thumb, 56 bytes, Stack size 16 bytes, dsp_spi.o(.text))
<BR><BR>[Stack]<UL><LI>Max Depth = 16<LI>Call Chain = Write_Byte
</UL>
<BR>[Calls]<UL><LI><a href="#[313]">&gt;&gt;</a>&nbsp;&nbsp;&nbsp;Set_Spi_MOSI
<LI><a href="#[312]">&gt;&gt;</a>&nbsp;&nbsp;&nbsp;Set_Spi_Clk
</UL>
<BR>[Called By]<UL><LI><a href="#[348]">&gt;&gt;</a>&nbsp;&nbsp;&nbsp;DspSpiReadNByte
<LI><a href="#[347]">&gt;&gt;</a>&nbsp;&nbsp;&nbsp;DspSpiWriteNByte
</UL>

<P><STRONG><a name="[345]"></a>ReadByteDsp</STRONG> (Thumb, 82 bytes, Stack size 16 bytes, dsp_spi.o(.text))
<BR><BR>[Stack]<UL><LI>Max Depth = 20<LI>Call Chain = ReadByteDsp &rArr; SenseDspIrq
</UL>
<BR>[Calls]<UL><LI><a href="#[346]">&gt;&gt;</a>&nbsp;&nbsp;&nbsp;Sense_Spi_MISO
<LI><a href="#[312]">&gt;&gt;</a>&nbsp;&nbsp;&nbsp;Set_Spi_Clk
<LI><a href="#[30d]">&gt;&gt;</a>&nbsp;&nbsp;&nbsp;SenseDspIrq
</UL>
<BR>[Called By]<UL><LI><a href="#[348]">&gt;&gt;</a>&nbsp;&nbsp;&nbsp;DspSpiReadNByte
</UL>

<P><STRONG><a name="[41d]"></a>__arm_div8</STRONG> (ARM, 0 bytes, Stack size unknown bytes, aeabi_sdiv.o(.text))
<BR><BR>[Called By]<UL><LI><a href="#[1e2]">&gt;&gt;</a>&nbsp;&nbsp;&nbsp;__aeabi_uidivmod
</UL>

<P><STRONG><a name="[41c]"></a>__arm_div5</STRONG> (ARM, 0 bytes, Stack size unknown bytes, aeabi_sdiv.o(.text))
<BR><BR>[Called By]<UL><LI><a href="#[1e2]">&gt;&gt;</a>&nbsp;&nbsp;&nbsp;__aeabi_uidivmod
</UL>

<P><STRONG><a name="[41b]"></a>__arm_div2</STRONG> (ARM, 0 bytes, Stack size unknown bytes, aeabi_sdiv.o(.text))
<BR><BR>[Called By]<UL><LI><a href="#[1e2]">&gt;&gt;</a>&nbsp;&nbsp;&nbsp;__aeabi_uidivmod
</UL>

<P><STRONG><a name="[41e]"></a>__arm_div_large</STRONG> (ARM, 0 bytes, Stack size unknown bytes, aeabi_sdiv.o(.text))
<BR><BR>[Called By]<UL><LI><a href="#[1e2]">&gt;&gt;</a>&nbsp;&nbsp;&nbsp;__aeabi_uidivmod
</UL>

<P><STRONG><a name="[43d]"></a>_dadd1</STRONG> (ARM, 0 bytes, Stack size unknown bytes, daddsub_noclz.o(x$fpl$dadd), UNUSED)
<BR><BR>[Called By]<UL><LI><a href="#[43e]">&gt;&gt;</a>&nbsp;&nbsp;&nbsp;_dsub
<LI><a href="#[43c]">&gt;&gt;</a>&nbsp;&nbsp;&nbsp;_drsb
</UL>

<P><STRONG><a name="[430]"></a>_dsub1</STRONG> (ARM, 0 bytes, Stack size unknown bytes, daddsub_noclz.o(x$fpl$dsub), UNUSED)
<BR><BR>[Called By]<UL><LI><a href="#[43c]">&gt;&gt;</a>&nbsp;&nbsp;&nbsp;_drsb
<LI><a href="#[42f]">&gt;&gt;</a>&nbsp;&nbsp;&nbsp;_dadd
</UL>

<P><STRONG><a name="[44f]"></a>_fadd1</STRONG> (ARM, 0 bytes, Stack size unknown bytes, faddsub_noclz.o(x$fpl$fadd), UNUSED)
<BR><BR>[Called By]<UL><LI><a href="#[44e]">&gt;&gt;</a>&nbsp;&nbsp;&nbsp;_fsub
</UL>

<P><STRONG><a name="[442]"></a>_fsub1</STRONG> (ARM, 0 bytes, Stack size unknown bytes, faddsub_noclz.o(x$fpl$fsub), UNUSED)
<BR><BR>[Called By]<UL><LI><a href="#[441]">&gt;&gt;</a>&nbsp;&nbsp;&nbsp;_fadd
</UL>

<P><STRONG><a name="[405]"></a>_fp_digits</STRONG> (Thumb, 414 bytes, Stack size 96 bytes, _printf_fp_dec.o(.text))
<BR><BR>[Stack]<UL><LI>Max Depth = 216<LI>Call Chain = _fp_digits &rArr; _btod_etento &rArr; _btod_emul &rArr; _e2e
</UL>
<BR>[Calls]<UL><LI><a href="#[2]">&gt;&gt;</a>&nbsp;&nbsp;&nbsp;__ieee_status (via Veneer)
<LI><a href="#[409]">&gt;&gt;</a>&nbsp;&nbsp;&nbsp;_btod_emul (via Veneer)
<LI><a href="#[408]">&gt;&gt;</a>&nbsp;&nbsp;&nbsp;_btod_ediv (via Veneer)
<LI><a href="#[407]">&gt;&gt;</a>&nbsp;&nbsp;&nbsp;_btod_d2e (via Veneer)
<LI><a href="#[406]">&gt;&gt;</a>&nbsp;&nbsp;&nbsp;_btod_etento
<LI><a href="#[40a]">&gt;&gt;</a>&nbsp;&nbsp;&nbsp;_ll_udiv10 (via Veneer)
</UL>
<BR>[Called By]<UL><LI><a href="#[40b]">&gt;&gt;</a>&nbsp;&nbsp;&nbsp;_printf_fp_dec_real
</UL>

<P><STRONG><a name="[44]"></a>_printf_input_char</STRONG> (Thumb, 10 bytes, Stack size 0 bytes, _printf_char_common.o(.text))
<BR>[Address Reference Count : 1]<UL><LI> _printf_char_common.o(.text)
</UL><P>
<H3>
Undefined Global Symbols
</H3>
<P><STRONG><a name="[419]"></a>_call_atexit_fns</STRONG> (ARM, 0 bytes, Stack size 0 bytes, UNDEFINED)
<BR><BR>[Called By]<UL><LI><a href="#[14d]">&gt;&gt;</a>&nbsp;&nbsp;&nbsp;exit
</UL>

<P><STRONG><a name="[12a]"></a>_printf_fp_hex</STRONG> (Unknown, 0 bytes, Stack size 0 bytes, UNDEFINED)
<BR><BR>[Called By]<UL><LI><a href="#[129]">&gt;&gt;</a>&nbsp;&nbsp;&nbsp;_printf_a
</UL>

<P><STRONG><a name="[413]"></a>_printf_mbtowc</STRONG> (ARM, 0 bytes, Stack size 0 bytes, UNDEFINED)
<BR><BR>[Called By]<UL><LI><a href="#[412]">&gt;&gt;</a>&nbsp;&nbsp;&nbsp;_printf_cs_common
</UL>

<P><STRONG><a name="[415]"></a>_printf_wc</STRONG> (ARM, 0 bytes, Stack size 0 bytes, UNDEFINED)
<BR><BR>[Called By]<UL><LI><a href="#[414]">&gt;&gt;</a>&nbsp;&nbsp;&nbsp;_printf_lcs_common
</UL>
<HR></body></html>
