<!doctype html public "-//w3c//dtd html 4.0 transitional//en">
<html><head>
<title>Static Call Graph - [.\obj\C11_Audio.axf]</title></head>
<body><HR>
<H1>Static Call Graph for image .\obj\C11_Audio.axf</H1><HR>
<BR><P>#&#060CALLGRAPH&#062# ARM Linker, RVCT3.0 [Build 951]: Last Updated: Wed Apr 08 17:50:34 2009
<BR><P>
<H3>Maximum Stack Usage =        820 bytes + Unknown(Functions without stacksize,Cycles,Untraceable Function Pointers)</H3><H3>
Call chain for Maximum Stack Depth:</H3>
ASProcSetBalance -> GetIrc2EqValue -> DspReadIrc1 -> DspSpiWriteNByte -> SetDspPower -> DspProcPower -> DspMasterBoot -> CheckDspMessage -> DspSpiReadNByte -> ReadByteDsp -> SenseDspIrq<P>
<H3>
Functions with no stack information
</H3><UL>
 <LI><a href="#[b46694]">Reset_Handler</a>
 <LI><a href="#[11c5d1c]">__scatterload</a>
 <LI><a href="#[11c5c4c]">__scatterload_rt2</a>
 <LI><a href="#[11c5c9c]">__scatterload_null</a>
 <LI><a href="#[11c6478]">__decompress</a>
 <LI><a href="#[11c6428]">__decompress1</a>
 <LI><a href="#[11c576c]">__scatterload_zeroinit</a>
 <LI><a href="#[b46514]">__user_initial_stackheap</a>
 <LI><a href="#[11b7acc]">_memcpy_lastbytes</a>
 <LI><a href="#[11b74d4]">_memcpy_lastbytes_aligned</a>
 <LI><a href="#[1269c48]">__ARM_call_via_r0</a>
 <LI><a href="#[1269c98]">__call_via_r0</a>
 <LI><a href="#[1269b7c]">__ARM_call_via_r1</a>
 <LI><a href="#[1269bcc]">__call_via_r1</a>
 <LI><a href="#[1269ab0]">__ARM_call_via_r2</a>
 <LI><a href="#[1269b00]">__call_via_r2</a>
 <LI><a href="#[12699e4]">__ARM_call_via_r3</a>
 <LI><a href="#[1269a34]">__call_via_r3</a>
 <LI><a href="#[12698e8]">__ARM_call_via_r4</a>
 <LI><a href="#[1269968]">__call_via_r4</a>
 <LI><a href="#[12697ec]">__ARM_call_via_r5</a>
 <LI><a href="#[126986c]">__call_via_r5</a>
 <LI><a href="#[12696f0]">__ARM_call_via_r6</a>
 <LI><a href="#[1269770]">__call_via_r6</a>
 <LI><a href="#[12695f4]">__ARM_call_via_r7</a>
 <LI><a href="#[1269674]">__call_via_r7</a>
 <LI><a href="#[127ef10]">_memset</a>
 <LI><a href="#[128e6c8]">_memset_w</a>
 <LI><a href="#[11b26dc]">__fpl_inf_d2f</a>
 <LI><a href="#[11b1c80]">__fpl_inf_dadd</a>
 <LI><a href="#[127d894]">__fpl_inf_dcmp</a>
 <LI><a href="#[127c3cc]">__fpl_inf_fcmp</a>
 <LI><a href="#[11b085c]">__fpl_inf_ddiv</a>
 <LI><a href="#[11af870]">__dflt_normalise</a>
 <LI><a href="#[11aef58]">__fpl_inf_dmul</a>
 <LI><a href="#[12890f8]">__fpl_inf_dsqrt</a>
 <LI><a href="#[11b1c04]">__fpl_inf_dsub</a>
 <LI><a href="#[1271070]">__fpl_inf_f2d</a>
 <LI><a href="#[12706d4]">__fpl_inf_fadd</a>
 <LI><a href="#[126f4bc]">__fpl_inf_fdiv</a>
 <LI><a href="#[126e8e0]">__fpl_inf_ffix</a>
 <LI><a href="#[126dda4]">__fpl_inf_ffixu</a>
 <LI><a href="#[126d2a0]">__fflt_normalise</a>
 <LI><a href="#[126c9b0]">__fpl_inf_fmul</a>
 <LI><a href="#[1283d08]">__fplib_config_pureend_doubles</a>
 <LI><a href="#[1270658]">__fpl_inf_fsub</a>
 <LI><a href="#[127b3dc]">__fpl_inf_scalbn</a>
 <LI><a href="#[b46c84]">Undef_Handler</a>
 <LI><a href="#[b46c0c]">SWI_Handler</a>
 <LI><a href="#[b46b90]">PAbt_Handler</a>
 <LI><a href="#[b46b14]">DAbt_Handler</a>
 <LI><a href="#[b46a9c]">IRQ_Handler</a>
 <LI><a href="#[b46a24]">FIQ_Handler</a>
 <LI><a href="#[11b6570]">__arm_div4</a>
 <LI><a href="#[11b64f8]">__arm_div8</a>
 <LI><a href="#[11b647c]">__arm_div_large</a>
 <LI><a href="#[11b2048]">_dadd1</a>
 <LI><a href="#[11b1e6c]">_dsub1</a>
 <LI><a href="#[1270a24]">_fadd1</a>
 <LI><a href="#[1270848]">_fsub1</a>
</UL>
<P>
<H3>
Mutually Recursive functions
</H3><UL>
 <LI><a href="#[109fb90]">DSP_CFG_VIRTUALIZER</a>&nbsp;&nbsp;&nbsp;->&nbsp;&nbsp;&nbsp;<a href="#[10b5108]">DspSpiWriteNByte</a><BR>
 <LI><a href="#[109fc10]">DSP_CFG_PPM_Mode</a>&nbsp;&nbsp;&nbsp;->&nbsp;&nbsp;&nbsp;<a href="#[10b5108]">DspSpiWriteNByte</a><BR>
 <LI><a href="#[109fc90]">DSP_CFG_PPM</a>&nbsp;&nbsp;&nbsp;->&nbsp;&nbsp;&nbsp;<a href="#[10b5108]">DspSpiWriteNByte</a><BR>
 <LI><a href="#[109fd08]">DSP_CFG_MATRIX</a>&nbsp;&nbsp;&nbsp;->&nbsp;&nbsp;&nbsp;<a href="#[10b5108]">DspSpiWriteNByte</a><BR>
 <LI><a href="#[109fd84]">DSP_CFG_DECODER</a>&nbsp;&nbsp;&nbsp;->&nbsp;&nbsp;&nbsp;<a href="#[10b5108]">DspSpiWriteNByte</a><BR>
 <LI><a href="#[109fe00]">DSP_BOOT</a>&nbsp;&nbsp;&nbsp;->&nbsp;&nbsp;&nbsp;<a href="#[10b5108]">DspSpiWriteNByte</a><BR>
 <LI><a href="#[1193aec]">DSP_CFG_MCLK_FACTOR</a>&nbsp;&nbsp;&nbsp;->&nbsp;&nbsp;&nbsp;<a href="#[10b5108]">DspSpiWriteNByte</a><BR>
 <LI><a href="#[1193bf0]">DSP_CFG_AUDIO_SRC</a>&nbsp;&nbsp;&nbsp;->&nbsp;&nbsp;&nbsp;<a href="#[10b5108]">DspSpiWriteNByte</a><BR>
 <LI><a href="#[b46c84]">Undef_Handler</a>&nbsp;&nbsp;&nbsp;->&nbsp;&nbsp;&nbsp;<a href="#[b46c84]">Undef_Handler</a><BR>
 <LI><a href="#[b46c0c]">SWI_Handler</a>&nbsp;&nbsp;&nbsp;->&nbsp;&nbsp;&nbsp;<a href="#[b46c0c]">SWI_Handler</a><BR>
 <LI><a href="#[b46b90]">PAbt_Handler</a>&nbsp;&nbsp;&nbsp;->&nbsp;&nbsp;&nbsp;<a href="#[b46b90]">PAbt_Handler</a><BR>
 <LI><a href="#[b46b14]">DAbt_Handler</a>&nbsp;&nbsp;&nbsp;->&nbsp;&nbsp;&nbsp;<a href="#[b46b14]">DAbt_Handler</a><BR>
 <LI><a href="#[b46a9c]">IRQ_Handler</a>&nbsp;&nbsp;&nbsp;->&nbsp;&nbsp;&nbsp;<a href="#[b46a9c]">IRQ_Handler</a><BR>
 <LI><a href="#[b46a24]">FIQ_Handler</a>&nbsp;&nbsp;&nbsp;->&nbsp;&nbsp;&nbsp;<a href="#[b46a24]">FIQ_Handler</a><BR>
</UL>
<BR>
<P><STRONG><a name="[b46694]"></a>Reset_Handler</STRONG> (ARM, 0 bytes, Stack size unknown bytes, lpc2300.o(RESET))
<BR>[Address Reference Count : 1]<UL><LI> lpc2300.o(RESET)
</UL>
<P><STRONG><a name="[11b2e04]"></a>__main</STRONG> (ARM, 8 bytes, Stack size 0 bytes, __main.o(!!!main))
<BR><BR>[Stack]<UL><LI>Max Depth = 68 + Unknown Stack Size
<LI>Call Chain = __main -> __rt_entry -> __rt_lib_init -> _get_lc_ctype -> strcmp</UL>
<BR>[Calls]<UL><LI><a href="#[11c5d1c]">&gt;&gt;</a>&nbsp;&nbsp;&nbsp;__scatterload
<LI><a href="#[12667f4]">&gt;&gt;</a>&nbsp;&nbsp;&nbsp;__rt_entry
</UL>

<P><STRONG><a name="[11c5d1c]"></a>__scatterload</STRONG> (ARM, 0 bytes, Stack size unknown bytes, __scatter.o(!!!scatter))
<BR><BR>[Called By]<UL><LI><a href="#[11b2e04]">&lt;&lt;</a>&nbsp;&nbsp;&nbsp;__main
</UL>

<P><STRONG><a name="[11c5c4c]"></a>__scatterload_rt2</STRONG> (ARM, 48 bytes, Stack size unknown bytes, __scatter.o(!!!scatter), UNUSED)
<BR><BR>[Calls]<UL><LI><a href="#[12667f4]">&gt;&gt;</a>&nbsp;&nbsp;&nbsp;__rt_entry
</UL>

<P><STRONG><a name="[11c5c9c]"></a>__scatterload_null</STRONG> (ARM, 0 bytes, Stack size unknown bytes, __scatter.o(!!!scatter), UNUSED)

<P><STRONG><a name="[11c6478]"></a>__decompress</STRONG> (ARM, 92 bytes, Stack size unknown bytes, __dczerorl2.o(!!dczerorl2), UNUSED)

<P><STRONG><a name="[11c6428]"></a>__decompress1</STRONG> (ARM, 0 bytes, Stack size unknown bytes, __dczerorl2.o(!!dczerorl2), UNUSED)

<P><STRONG><a name="[11c576c]"></a>__scatterload_zeroinit</STRONG> (ARM, 44 bytes, Stack size unknown bytes, __scatter_zi.o(!!handler_zi), UNUSED)

<P><STRONG><a name="[128b598]"></a>__ARM_argv_veneer</STRONG> (ARM, 16 bytes, Stack size 0 bytes, lib_init.o(.emb_text))
<BR><BR>[Called By]<UL><LI><a href="#[128b4cc]">&lt;&lt;</a>&nbsp;&nbsp;&nbsp;__rt_lib_init (via Veneer)
</UL>

<P><STRONG><a name="[b46514]"></a>__user_initial_stackheap</STRONG> (ARM, 0 bytes, Stack size unknown bytes, lpc2300.o(.text))
<BR><BR>[Called By]<UL><LI><a href="#[1265e74]">&lt;&lt;</a>&nbsp;&nbsp;&nbsp;__user_setup_stackheap
</UL>

<P><STRONG><a name="[b40638]"></a>Systeminit</STRONG> (Thumb, 36 bytes, Stack size 8 bytes, main.o(.text))
<BR><BR>[Stack]<UL><LI>Max Depth = 200 + Unknown Stack Size
<LI>Call Chain = Systeminit -> HardwareInit -> SetTrigerOut -> DigiSendByte -> I2C_bytewrite -> i2c_writebyte -> i2c_ack</UL>
<BR>[Calls]<UL><LI><a href="#[b40170]">&gt;&gt;</a>&nbsp;&nbsp;&nbsp;InitRemoteRepeatKey
<LI><a href="#[b4026c]">&gt;&gt;</a>&nbsp;&nbsp;&nbsp;HardwareInit
<LI><a href="#[b404c8]">&gt;&gt;</a>&nbsp;&nbsp;&nbsp;AddRemoteRepeatKey
<LI><a href="#[c21c00]">&gt;&gt;</a>&nbsp;&nbsp;&nbsp;UartInit
<LI><a href="#[c21cf4]">&gt;&gt;</a>&nbsp;&nbsp;&nbsp;Timer0Init
</UL>
<BR>[Called By]<UL><LI><a href="#[b40548]">&lt;&lt;</a>&nbsp;&nbsp;&nbsp;main
</UL>

<P><STRONG><a name="[b405bc]"></a>ProcDimerOff</STRONG> (Thumb, 42 bytes, Stack size 8 bytes, main.o(.text))
<BR><BR>[Stack]<UL><LI>Max Depth = 176 + Unknown Stack Size
<LI>Call Chain = ProcDimerOff -> VfdSetDimerValue -> VfdSendByte -> I2CWriteNByte -> i2c_writebyte -> i2c_ack</UL>
<BR>[Calls]<UL><LI><a href="#[c21b08]">&gt;&gt;</a>&nbsp;&nbsp;&nbsp;VfdSetDimerValue
</UL>
<BR>[Called By]<UL><LI><a href="#[1064590]">&lt;&lt;</a>&nbsp;&nbsp;&nbsp;Zone2ProcMessage
<LI><a href="#[1064610]">&lt;&lt;</a>&nbsp;&nbsp;&nbsp;RadioProcMessage
<LI><a href="#[106cfc0]">&lt;&lt;</a>&nbsp;&nbsp;&nbsp;Zone1ProcMessage
<LI><a href="#[106d2b4]">&lt;&lt;</a>&nbsp;&nbsp;&nbsp;SetupProcMessage
</UL>

<P><STRONG><a name="[b40548]"></a>main</STRONG> (Thumb, 108 bytes, Stack size 16 bytes, main.o(.text))
<BR><BR>[Stack]<UL><LI>Max Depth = 672 + Unknown Stack Size
<LI>Call Chain = main -> Timer0_Handler -> RadioDisplay -> VfdDisplay -> vsprintf -> _printf_char_common -> __printf -> _printf_fp_dec -> _printf_fp_dec_real -> _fp_display -> _fp_digits -> _btod_etento -> _btod_emul -> _e2e</UL>
<BR>[Calls]<UL><LI><a href="#[b40074]">&gt;&gt;</a>&nbsp;&nbsp;&nbsp;PowerLed
<LI><a href="#[b400ec]">&gt;&gt;</a>&nbsp;&nbsp;&nbsp;LoadSystemStartupValue
<LI><a href="#[b401f0]">&gt;&gt;</a>&nbsp;&nbsp;&nbsp;InitMsgQueue
<LI><a href="#[b402e8]">&gt;&gt;</a>&nbsp;&nbsp;&nbsp;HDMI_DSD_Loop
<LI><a href="#[b40364]">&gt;&gt;</a>&nbsp;&nbsp;&nbsp;GetMessage
<LI><a href="#[b403dc]">&gt;&gt;</a>&nbsp;&nbsp;&nbsp;DspLoop
<LI><a href="#[b40638]">&gt;&gt;</a>&nbsp;&nbsp;&nbsp;Systeminit
<LI><a href="#[c21b08]">&gt;&gt;</a>&nbsp;&nbsp;&nbsp;VfdSetDimerValue
<LI><a href="#[c21b88]">&gt;&gt;</a>&nbsp;&nbsp;&nbsp;VfdRefresh
<LI><a href="#[c21c78]">&gt;&gt;</a>&nbsp;&nbsp;&nbsp;Timer0_Handler
<LI><a href="#[c21d6c]">&gt;&gt;</a>&nbsp;&nbsp;&nbsp;SetIoStandby
<LI><a href="#[c21de8]">&gt;&gt;</a>&nbsp;&nbsp;&nbsp;RadioLoop
<LI><a href="#[c21e60]">&gt;&gt;</a>&nbsp;&nbsp;&nbsp;ProcMessage
<LI><a href="#[1269c48]">&gt;&gt;</a>&nbsp;&nbsp;&nbsp;__ARM_call_via_r0
</UL>
<BR>[Address Reference Count : 1]<UL><LI> kernel.o(.text)
</UL>
<P><STRONG><a name="[c0110c]"></a>rs232_printf</STRONG> (Thumb, 62 bytes, Stack size 160 bytes, debug.o(.text))
<BR><BR>[Stack]<UL><LI>Max Depth = 648 + Unknown Stack Size
<LI>Call Chain = rs232_printf -> vsprintf -> _printf_char_common -> __printf -> _printf_fp_dec -> _printf_fp_dec_real -> _fp_display -> _fp_digits -> _btod_etento -> _btod_emul -> _e2e</UL>
<BR>[Calls]<UL><LI><a href="#[c01094]">&gt;&gt;</a>&nbsp;&nbsp;&nbsp;Uart0Send
<LI><a href="#[11b6a14]">&gt;&gt;</a>&nbsp;&nbsp;&nbsp;strlen
<LI><a href="#[11b8e44]">&gt;&gt;</a>&nbsp;&nbsp;&nbsp;vsprintf
</UL>
<BR>[Called By]<UL><LI><a href="#[b40450]">&lt;&lt;</a>&nbsp;&nbsp;&nbsp;C11Rs232
<LI><a href="#[ff7c8c]">&lt;&lt;</a>&nbsp;&nbsp;&nbsp;ProcCmdASRD
<LI><a href="#[ff82c4]">&lt;&lt;</a>&nbsp;&nbsp;&nbsp;ProcCmdTT_
<LI><a href="#[ff833c]">&lt;&lt;</a>&nbsp;&nbsp;&nbsp;ProcCmdTAHDF
<LI><a href="#[ff83b8]">&lt;&lt;</a>&nbsp;&nbsp;&nbsp;ProcCmdTAF
<LI><a href="#[ff8430]">&lt;&lt;</a>&nbsp;&nbsp;&nbsp;ProcCmdTAHDS
<LI><a href="#[ff84ac]">&lt;&lt;</a>&nbsp;&nbsp;&nbsp;ProcCmdTAS
<LI><a href="#[ff9784]">&lt;&lt;</a>&nbsp;&nbsp;&nbsp;ProCmdZ1VFD_
<LI><a href="#[ff9800]">&lt;&lt;</a>&nbsp;&nbsp;&nbsp;Rs232UpdateStreamType
<LI><a href="#[ff9884]">&lt;&lt;</a>&nbsp;&nbsp;&nbsp;ProcCmdZ1VS_
<LI><a href="#[ff9900]">&lt;&lt;</a>&nbsp;&nbsp;&nbsp;ProcCmdZ1VBR_
<LI><a href="#[ff997c]">&lt;&lt;</a>&nbsp;&nbsp;&nbsp;ProcCmdZ1VBL_
<LI><a href="#[ff99f8]">&lt;&lt;</a>&nbsp;&nbsp;&nbsp;ProcCmdZ1VSR_
<LI><a href="#[ff9a74]">&lt;&lt;</a>&nbsp;&nbsp;&nbsp;ProcCmdZ1VSL_
<LI><a href="#[ff9af0]">&lt;&lt;</a>&nbsp;&nbsp;&nbsp;ProcCmdZ1VC_
<LI><a href="#[ff9b6c]">&lt;&lt;</a>&nbsp;&nbsp;&nbsp;ProcCmdZ1VFR_
<LI><a href="#[ff9be8]">&lt;&lt;</a>&nbsp;&nbsp;&nbsp;ProcCmdZ1VFL_
<LI><a href="#[ff9c64]">&lt;&lt;</a>&nbsp;&nbsp;&nbsp;ProcCmdZ1EMDEL
<LI><a href="#[ff9ce0]">&lt;&lt;</a>&nbsp;&nbsp;&nbsp;ProcCmdZ1EMC
<LI><a href="#[ff9d5c]">&lt;&lt;</a>&nbsp;&nbsp;&nbsp;ProcCmdZ1EMP
<LI><a href="#[ff9dd8]">&lt;&lt;</a>&nbsp;&nbsp;&nbsp;ProcCmdZ1EMDIM
<LI><a href="#[ffcacc]">&lt;&lt;</a>&nbsp;&nbsp;&nbsp;ProCmdZ2VFD_
<LI><a href="#[ffcb48]">&lt;&lt;</a>&nbsp;&nbsp;&nbsp;ProcCmdZ2_
<LI><a href="#[ffcc38]">&lt;&lt;</a>&nbsp;&nbsp;&nbsp;ProcCmdZ2V
<LI><a href="#[ffccb0]">&lt;&lt;</a>&nbsp;&nbsp;&nbsp;ProcCmdZ2S
<LI><a href="#[ffcda4]">&lt;&lt;</a>&nbsp;&nbsp;&nbsp;ProcCmdZ2P
<LI><a href="#[ffd3f0]">&lt;&lt;</a>&nbsp;&nbsp;&nbsp;ProcCmdZ1DF_
<LI><a href="#[ffd46c]">&lt;&lt;</a>&nbsp;&nbsp;&nbsp;ProcCmdZ1VM
<LI><a href="#[ffd4e4]">&lt;&lt;</a>&nbsp;&nbsp;&nbsp;ProcCmdZ1EU
<LI><a href="#[ffd55c]">&lt;&lt;</a>&nbsp;&nbsp;&nbsp;ProcCmdZ1E
<LI><a href="#[ffd5d4]">&lt;&lt;</a>&nbsp;&nbsp;&nbsp;ProcCmdZ1EX
<LI><a href="#[ffd6d0]">&lt;&lt;</a>&nbsp;&nbsp;&nbsp;ProcCmdZ1ES
<LI><a href="#[ffd748]">&lt;&lt;</a>&nbsp;&nbsp;&nbsp;ProcCmdZ1EE
<LI><a href="#[ffd7c0]">&lt;&lt;</a>&nbsp;&nbsp;&nbsp;ProcCmdZ1EF
<LI><a href="#[ffd8bc]">&lt;&lt;</a>&nbsp;&nbsp;&nbsp;ProcCmdZ1ED
<LI><a href="#[ffd934]">&lt;&lt;</a>&nbsp;&nbsp;&nbsp;ProcCmdZ1D
<LI><a href="#[ffd9ac]">&lt;&lt;</a>&nbsp;&nbsp;&nbsp;ProcCmdZ1C
<LI><a href="#[ffda24]">&lt;&lt;</a>&nbsp;&nbsp;&nbsp;ProcCmdZ1A_
<LI><a href="#[ffdb14]">&lt;&lt;</a>&nbsp;&nbsp;&nbsp;ProcCmdZ1P
<LI><a href="#[ffdb8c]">&lt;&lt;</a>&nbsp;&nbsp;&nbsp;ProcCmdZ1S
<LI><a href="#[ffdc80]">&lt;&lt;</a>&nbsp;&nbsp;&nbsp;ProcCmdZ1_
</UL>

<P><STRONG><a name="[bfd3a4]"></a>InitQueue</STRONG> (Thumb, 10 bytes, Stack size 0 bytes, queue.o(.text))
<BR><BR>[Called By]<UL><LI><a href="#[c21c78]">&lt;&lt;</a>&nbsp;&nbsp;&nbsp;Timer0_Handler
<LI><a href="#[10dc658]">&lt;&lt;</a>&nbsp;&nbsp;&nbsp;Uart1Init
<LI><a href="#[10dc7c8]">&lt;&lt;</a>&nbsp;&nbsp;&nbsp;Uart0Init
</UL>

<P><STRONG><a name="[bfd328]"></a>IsQueueEmpty</STRONG> (Thumb, 36 bytes, Stack size 8 bytes, queue.o(.text))
<BR><BR>[Stack]<UL><LI>Max Depth = 8<LI>Call Chain = IsQueueEmpty</UL>
<BR>[Calls]<UL><LI><a href="#[11b6294]">&gt;&gt;</a>&nbsp;&nbsp;&nbsp;__aeabi_idivmod (via Veneer)
</UL>
<BR>[Called By]<UL><LI><a href="#[b40450]">&lt;&lt;</a>&nbsp;&nbsp;&nbsp;C11Rs232
<LI><a href="#[bfd0d0]">&lt;&lt;</a>&nbsp;&nbsp;&nbsp;GetQueueElementNum
<LI><a href="#[bfd1c4]">&lt;&lt;</a>&nbsp;&nbsp;&nbsp;DeQueue
<LI><a href="#[1018730]">&lt;&lt;</a>&nbsp;&nbsp;&nbsp;C11_Tuner_PSD_Change
<LI><a href="#[10187b4]">&lt;&lt;</a>&nbsp;&nbsp;&nbsp;C11_Tuner_SIS_Change
</UL>

<P><STRONG><a name="[bfd2b0]"></a>IsQueueFull</STRONG> (Thumb, 38 bytes, Stack size 8 bytes, queue.o(.text))
<BR><BR>[Stack]<UL><LI>Max Depth = 8<LI>Call Chain = IsQueueFull</UL>
<BR>[Calls]<UL><LI><a href="#[11b6294]">&gt;&gt;</a>&nbsp;&nbsp;&nbsp;__aeabi_idivmod (via Veneer)
</UL>
<BR>[Called By]<UL><LI><a href="#[bfd0d0]">&lt;&lt;</a>&nbsp;&nbsp;&nbsp;GetQueueElementNum
<LI><a href="#[bfd150]">&lt;&lt;</a>&nbsp;&nbsp;&nbsp;InQueue
</UL>

<P><STRONG><a name="[bfd238]"></a>QueueFront</STRONG> (Thumb, 8 bytes, Stack size 0 bytes, queue.o(.text), UNUSED)

<P><STRONG><a name="[bfd1c4]"></a>DeQueue</STRONG> (Thumb, 58 bytes, Stack size 16 bytes, queue.o(.text))
<BR><BR>[Stack]<UL><LI>Max Depth = 24<LI>Call Chain = DeQueue -> IsQueueEmpty</UL>
<BR>[Calls]<UL><LI><a href="#[bfd328]">&gt;&gt;</a>&nbsp;&nbsp;&nbsp;IsQueueEmpty
<LI><a href="#[11b6294]">&gt;&gt;</a>&nbsp;&nbsp;&nbsp;__aeabi_idivmod (via Veneer)
</UL>
<BR>[Called By]<UL><LI><a href="#[b40450]">&lt;&lt;</a>&nbsp;&nbsp;&nbsp;C11Rs232
<LI><a href="#[1018730]">&lt;&lt;</a>&nbsp;&nbsp;&nbsp;C11_Tuner_PSD_Change
<LI><a href="#[10187b4]">&lt;&lt;</a>&nbsp;&nbsp;&nbsp;C11_Tuner_SIS_Change
</UL>

<P><STRONG><a name="[bfd150]"></a>InQueue</STRONG> (Thumb, 56 bytes, Stack size 16 bytes, queue.o(.text))
<BR><BR>[Stack]<UL><LI>Max Depth = 24<LI>Call Chain = InQueue -> IsQueueFull</UL>
<BR>[Calls]<UL><LI><a href="#[bfd2b0]">&gt;&gt;</a>&nbsp;&nbsp;&nbsp;IsQueueFull
<LI><a href="#[11b6294]">&gt;&gt;</a>&nbsp;&nbsp;&nbsp;__aeabi_idivmod (via Veneer)
</UL>
<BR>[Called By]<UL><LI><a href="#[10dc750]">&lt;&lt;</a>&nbsp;&nbsp;&nbsp;Uart1Isr (via Veneer)
<LI><a href="#[10dc8c0]">&lt;&lt;</a>&nbsp;&nbsp;&nbsp;Uart0Isr (via Veneer)
</UL>

<P><STRONG><a name="[bfd0d0]"></a>GetQueueElementNum</STRONG> (Thumb, 80 bytes, Stack size 8 bytes, queue.o(.text), UNUSED)
<BR><BR>[Calls]<UL><LI><a href="#[bfd2b0]">&gt;&gt;</a>&nbsp;&nbsp;&nbsp;IsQueueFull
<LI><a href="#[bfd328]">&gt;&gt;</a>&nbsp;&nbsp;&nbsp;IsQueueEmpty
</UL>
<BR>[Called By]<UL><LI><a href="#[bfd04c]">&lt;&lt;</a>&nbsp;&nbsp;&nbsp;GetQueueElementRemain
</UL>

<P><STRONG><a name="[bfd04c]"></a>GetQueueElementRemain</STRONG> (Thumb, 22 bytes, Stack size 8 bytes, queue.o(.text), UNUSED)
<BR><BR>[Calls]<UL><LI><a href="#[bfd0d0]">&gt;&gt;</a>&nbsp;&nbsp;&nbsp;GetQueueElementNum
</UL>

<P><STRONG><a name="[bfcfd0]"></a>GetQueueElement</STRONG> (Thumb, 48 bytes, Stack size 40 bytes, queue.o(.text), UNUSED)
<BR><BR>[Calls]<UL><LI><a href="#[11b6294]">&gt;&gt;</a>&nbsp;&nbsp;&nbsp;__aeabi_idivmod (via Veneer)
</UL>

<P><STRONG><a name="[bf992c]"></a>SetDspPower</STRONG> (Thumb, 18 bytes, Stack size 8 bytes, c11_msg_handler.o(.text))
<BR><BR>[Stack]<UL><LI>Max Depth = 84<LI>Call Chain = SetDspPower -> DspProcPower -> DspMasterBoot -> CheckDspMessage -> DspSpiReadNByte -> ReadByteDsp -> SenseDspIrq</UL>
<BR>[Calls]<UL><LI><a href="#[bf94dc]">&gt;&gt;</a>&nbsp;&nbsp;&nbsp;DspProcPower
</UL>
<BR>[Called By]<UL><LI><a href="#[ff6758]">&lt;&lt;</a>&nbsp;&nbsp;&nbsp;RadioInit
<LI><a href="#[10185b4]">&lt;&lt;</a>&nbsp;&nbsp;&nbsp;RadioKeyService
<LI><a href="#[1018a2c]">&lt;&lt;</a>&nbsp;&nbsp;&nbsp;RadioChangeMode
<LI><a href="#[10482c0]">&lt;&lt;</a>&nbsp;&nbsp;&nbsp;ProcZone1PowerOff
<LI><a href="#[104843c]">&lt;&lt;</a>&nbsp;&nbsp;&nbsp;SeekSelect
<LI><a href="#[1048914]">&lt;&lt;</a>&nbsp;&nbsp;&nbsp;SelectSource
<LI><a href="#[109ffe0]">&lt;&lt;</a>&nbsp;&nbsp;&nbsp;ProcAutodetecResponse
<LI><a href="#[10b5108]">&lt;&lt;</a>&nbsp;&nbsp;&nbsp;DspSpiWriteNByte
<LI><a href="#[10bb6f0]">&lt;&lt;</a>&nbsp;&nbsp;&nbsp;HDMI_Loop
</UL>

<P><STRONG><a name="[bf98b4]"></a>SetDspDelay</STRONG> (Thumb, 22 bytes, Stack size 16 bytes, c11_msg_handler.o(.text))
<BR><BR>[Stack]<UL><LI>Max Depth = 172<LI>Call Chain = SetDspDelay -> DspProcDelay -> DSP_Delay_Channel_Setting -> DspSpiWriteNByte -> SetDspPower -> DspProcPower -> DspMasterBoot -> CheckDspMessage -> DspSpiReadNByte -> ReadByteDsp -> SenseDspIrq</UL>
<BR>[Calls]<UL><LI><a href="#[bf95d0]">&gt;&gt;</a>&nbsp;&nbsp;&nbsp;DspProcDelay
</UL>
<BR>[Called By]<UL><LI><a href="#[ff21a8]">&lt;&lt;</a>&nbsp;&nbsp;&nbsp;SetSpkDistance
</UL>

<P><STRONG><a name="[bf9838]"></a>SetDspCorner</STRONG> (Thumb, 22 bytes, Stack size 16 bytes, c11_msg_handler.o(.text))
<BR><BR>[Stack]<UL><LI>Max Depth = 384<LI>Call Chain = SetDspCorner -> DspProcCorner -> SetBassManagerSpeaker -> C11SetBass -> DSP_BASS_X_INPUT_LEVEL_BACK -> ConvertDbValue -> pow -> __kernel_poly -> __aeabi_dmul</UL>
<BR>[Calls]<UL><LI><a href="#[bf964c]">&gt;&gt;</a>&nbsp;&nbsp;&nbsp;DspProcCorner
</UL>
<BR>[Called By]<UL><LI><a href="#[be59bc]">&lt;&lt;</a>&nbsp;&nbsp;&nbsp;SpkCrossoverSetup
</UL>

<P><STRONG><a name="[bf97bc]"></a>SetDspSpkMode</STRONG> (Thumb, 22 bytes, Stack size 16 bytes, c11_msg_handler.o(.text))
<BR><BR>[Stack]<UL><LI>Max Depth = 384<LI>Call Chain = SetDspSpkMode -> DspProcSpkMode -> SetBassManagerSpeaker -> C11SetBass -> DSP_BASS_X_INPUT_LEVEL_BACK -> ConvertDbValue -> pow -> __kernel_poly -> __aeabi_dmul</UL>
<BR>[Calls]<UL><LI><a href="#[bf93e4]">&gt;&gt;</a>&nbsp;&nbsp;&nbsp;DspProcSpkMode
</UL>
<BR>[Called By]<UL><LI><a href="#[be5a3c]">&lt;&lt;</a>&nbsp;&nbsp;&nbsp;SpkConfigSetup
<LI><a href="#[ffb194]">&lt;&lt;</a>&nbsp;&nbsp;&nbsp;ProcCmdMSZS
<LI><a href="#[ffb20c]">&lt;&lt;</a>&nbsp;&nbsp;&nbsp;ProcCmdMSZC
<LI><a href="#[ffb284]">&lt;&lt;</a>&nbsp;&nbsp;&nbsp;ProcCmdMSZSBR
<LI><a href="#[ffb300]">&lt;&lt;</a>&nbsp;&nbsp;&nbsp;ProcCmdMSZSBL
<LI><a href="#[ffb37c]">&lt;&lt;</a>&nbsp;&nbsp;&nbsp;ProcCmdMSZSR
<LI><a href="#[ffb3f8]">&lt;&lt;</a>&nbsp;&nbsp;&nbsp;ProcCmdMSZSL
<LI><a href="#[ffb474]">&lt;&lt;</a>&nbsp;&nbsp;&nbsp;ProcCmdMSZR
<LI><a href="#[ffb4ec]">&lt;&lt;</a>&nbsp;&nbsp;&nbsp;ProcCmdMSZL
<LI><a href="#[ffbe90]">&lt;&lt;</a>&nbsp;&nbsp;&nbsp;ProcCmdSZS
<LI><a href="#[ffbf08]">&lt;&lt;</a>&nbsp;&nbsp;&nbsp;ProcCmdSZC
<LI><a href="#[ffbf80]">&lt;&lt;</a>&nbsp;&nbsp;&nbsp;ProcCmdSZSBR
<LI><a href="#[ffbffc]">&lt;&lt;</a>&nbsp;&nbsp;&nbsp;ProcCmdSZSBL
<LI><a href="#[ffc078]">&lt;&lt;</a>&nbsp;&nbsp;&nbsp;ProcCmdSZSR
<LI><a href="#[ffc0f0]">&lt;&lt;</a>&nbsp;&nbsp;&nbsp;ProcCmdSZSL
<LI><a href="#[ffc168]">&lt;&lt;</a>&nbsp;&nbsp;&nbsp;ProcCmdSZR
<LI><a href="#[ffc1e0]">&lt;&lt;</a>&nbsp;&nbsp;&nbsp;ProcCmdSZL
</UL>

<P><STRONG><a name="[bf9740]"></a>SetDspSignal</STRONG> (Thumb, 26 bytes, Stack size 16 bytes, c11_msg_handler.o(.text))
<BR><BR>[Stack]<UL><LI>Max Depth = 172<LI>Call Chain = SetDspSignal -> DspProcSignal -> DSP_SGEN_ENABLE -> DSPFirmwareWrite -> DspSpiWriteNByte -> SetDspPower -> DspProcPower -> DspMasterBoot -> CheckDspMessage -> DspSpiReadNByte -> ReadByteDsp -> SenseDspIrq</UL>
<BR>[Calls]<UL><LI><a href="#[bf9460]">&gt;&gt;</a>&nbsp;&nbsp;&nbsp;DspProcSignal
</UL>
<BR>[Called By]<UL><LI><a href="#[be5ab8]">&lt;&lt;</a>&nbsp;&nbsp;&nbsp;SpkBlanceTestMode
<LI><a href="#[ff2124]">&lt;&lt;</a>&nbsp;&nbsp;&nbsp;SetBalanceTestSignal
</UL>

<P><STRONG><a name="[bf96c8]"></a>SetDspIrc</STRONG> (Thumb, 22 bytes, Stack size 16 bytes, c11_msg_handler.o(.text))
<BR><BR>[Stack]<UL><LI>Max Depth = 180<LI>Call Chain = SetDspIrc -> DspProcIrc -> InitMicParameter -> DSPFirmwareWrite -> DspSpiWriteNByte -> SetDspPower -> DspProcPower -> DspMasterBoot -> CheckDspMessage -> DspSpiReadNByte -> ReadByteDsp -> SenseDspIrq</UL>
<BR>[Calls]<UL><LI><a href="#[bf9558]">&gt;&gt;</a>&nbsp;&nbsp;&nbsp;DspProcIrc
</UL>
<BR>[Called By]<UL><LI><a href="#[102b588]">&lt;&lt;</a>&nbsp;&nbsp;&nbsp;ASProcSetRoomEQ
<LI><a href="#[102b604]">&lt;&lt;</a>&nbsp;&nbsp;&nbsp;ASProcSetCrossoverPoints
<LI><a href="#[102b700]">&lt;&lt;</a>&nbsp;&nbsp;&nbsp;ASProcSetBalance
<LI><a href="#[102b800]">&lt;&lt;</a>&nbsp;&nbsp;&nbsp;ASProcSpeakerCheck
</UL>

<P><STRONG><a name="[bf0cf8]"></a>HeadphoneDetect</STRONG> (Thumb, 154 bytes, Stack size 8 bytes, key_task.o(.text))
<BR><BR>[Stack]<UL><LI>Max Depth = 56<LI>Call Chain = HeadphoneDetect -> MsgSetKey -> SendMessage -> IsMsgQueueFull</UL>
<BR>[Calls]<UL><LI><a href="#[bf0b84]">&gt;&gt;</a>&nbsp;&nbsp;&nbsp;MsgSetKey
</UL>
<BR>[Called By]<UL><LI><a href="#[bf1f7c]">&lt;&lt;</a>&nbsp;&nbsp;&nbsp;read_key
</UL>

<P><STRONG><a name="[bf0c74]"></a>GetEncoderSwitchThread</STRONG> (Thumb, 378 bytes, Stack size 8 bytes, key_task.o(.text))
<BR><BR>[Stack]<UL><LI>Max Depth = 8<LI>Call Chain = GetEncoderSwitchThread</UL>
<BR>[Calls]<UL><LI><a href="#[bf0a7c]">&gt;&gt;</a>&nbsp;&nbsp;&nbsp;SenseEncoderSwitchPlus
<LI><a href="#[bf0b00]">&gt;&gt;</a>&nbsp;&nbsp;&nbsp;SenseEncoderSwitchMinus
</UL>
<BR>[Called By]<UL><LI><a href="#[c21c78]">&lt;&lt;</a>&nbsp;&nbsp;&nbsp;Timer0_Handler
</UL>

<P><STRONG><a name="[bf0bfc]"></a>key_task</STRONG> (Thumb, 168 bytes, Stack size 8 bytes, key_task.o(.text))
<BR><BR>[Stack]<UL><LI>Max Depth = 96<LI>Call Chain = key_task -> GetPanelKeyThread -> read_key -> HeadphoneDetect -> MsgSetKey -> SendMessage -> IsMsgQueueFull</UL>
<BR>[Calls]<UL><LI><a href="#[bf0b84]">&gt;&gt;</a>&nbsp;&nbsp;&nbsp;MsgSetKey
<LI><a href="#[bf1e04]">&gt;&gt;</a>&nbsp;&nbsp;&nbsp;GetPanelKeyThread
</UL>
<BR>[Called By]<UL><LI><a href="#[c21c78]">&lt;&lt;</a>&nbsp;&nbsp;&nbsp;Timer0_Handler
</UL>

<P><STRONG><a name="[b401f0]"></a>InitMsgQueue</STRONG> (Thumb, 16 bytes, Stack size 0 bytes, message.o(.text))
<BR><BR>[Called By]<UL><LI><a href="#[b40548]">&lt;&lt;</a>&nbsp;&nbsp;&nbsp;main
</UL>

<P><STRONG><a name="[1009f4c]"></a>PostMessage</STRONG> (Thumb, 88 bytes, Stack size 16 bytes, message.o(.text), UNUSED)
<BR><BR>[Calls]<UL><LI><a href="#[100a688]">&gt;&gt;</a>&nbsp;&nbsp;&nbsp;IsMsgQueueFull
<LI><a href="#[11b6294]">&gt;&gt;</a>&nbsp;&nbsp;&nbsp;__aeabi_idivmod (via Veneer)
<LI><a href="#[11b7a7c]">&gt;&gt;</a>&nbsp;&nbsp;&nbsp;__aeabi_memcpy (via Veneer)
</UL>

<P><STRONG><a name="[1009ed4]"></a>SendMessage</STRONG> (Thumb, 86 bytes, Stack size 16 bytes, message.o(.text))
<BR><BR>[Stack]<UL><LI>Max Depth = 24<LI>Call Chain = SendMessage -> IsMsgQueueFull</UL>
<BR>[Calls]<UL><LI><a href="#[100a688]">&gt;&gt;</a>&nbsp;&nbsp;&nbsp;IsMsgQueueFull
<LI><a href="#[11b6294]">&gt;&gt;</a>&nbsp;&nbsp;&nbsp;__aeabi_idivmod (via Veneer)
<LI><a href="#[11b7a7c]">&gt;&gt;</a>&nbsp;&nbsp;&nbsp;__aeabi_memcpy (via Veneer)
</UL>
<BR>[Called By]<UL><LI><a href="#[bf0b84]">&lt;&lt;</a>&nbsp;&nbsp;&nbsp;MsgSetKey
<LI><a href="#[ff68bc]">&lt;&lt;</a>&nbsp;&nbsp;&nbsp;MsgSetVolume
<LI><a href="#[ff6938]">&lt;&lt;</a>&nbsp;&nbsp;&nbsp;MsgSetVfdShow
<LI><a href="#[ff69b4]">&lt;&lt;</a>&nbsp;&nbsp;&nbsp;MsgSetRadioSearch
<LI><a href="#[ff6a34]">&lt;&lt;</a>&nbsp;&nbsp;&nbsp;MsgSetRadioLoadPreset
<LI><a href="#[ff6ab8]">&lt;&lt;</a>&nbsp;&nbsp;&nbsp;MsgSetRadioFreq
<LI><a href="#[ff6b34]">&lt;&lt;</a>&nbsp;&nbsp;&nbsp;MsgSetPower
<LI><a href="#[ff6bac]">&lt;&lt;</a>&nbsp;&nbsp;&nbsp;MsgSetMute
<LI><a href="#[ff6c24]">&lt;&lt;</a>&nbsp;&nbsp;&nbsp;MsgSetInputSource
<LI><a href="#[ff6ca4]">&lt;&lt;</a>&nbsp;&nbsp;&nbsp;MsgSetDimer
<LI><a href="#[1018d24]">&lt;&lt;</a>&nbsp;&nbsp;&nbsp;MsgSetRadioSavePreset
<LI><a href="#[1018da8]">&lt;&lt;</a>&nbsp;&nbsp;&nbsp;MsgTextDisplay
<LI><a href="#[102bbe4]">&lt;&lt;</a>&nbsp;&nbsp;&nbsp;MsgSetIrc
<LI><a href="#[1048c7c]">&lt;&lt;</a>&nbsp;&nbsp;&nbsp;MsgSetDspChannel
<LI><a href="#[1048cfc]">&lt;&lt;</a>&nbsp;&nbsp;&nbsp;MsgSetDSPHDMISetting
<LI><a href="#[1048d80]">&lt;&lt;</a>&nbsp;&nbsp;&nbsp;MsgSetDSPSetting
<LI><a href="#[1048e00]">&lt;&lt;</a>&nbsp;&nbsp;&nbsp;MsgSetStream
<LI><a href="#[106d138]">&lt;&lt;</a>&nbsp;&nbsp;&nbsp;MsgSetFlash
</UL>

<P><STRONG><a name="[b40364]"></a>GetMessage</STRONG> (Thumb, 68 bytes, Stack size 8 bytes, message.o(.text))
<BR><BR>[Stack]<UL><LI>Max Depth = 8<LI>Call Chain = GetMessage</UL>
<BR>[Calls]<UL><LI><a href="#[100a704]">&gt;&gt;</a>&nbsp;&nbsp;&nbsp;IsMsgQueueEmpty
<LI><a href="#[11b6294]">&gt;&gt;</a>&nbsp;&nbsp;&nbsp;__aeabi_idivmod (via Veneer)
<LI><a href="#[11b7a7c]">&gt;&gt;</a>&nbsp;&nbsp;&nbsp;__aeabi_memcpy (via Veneer)
</UL>
<BR>[Called By]<UL><LI><a href="#[b40548]">&lt;&lt;</a>&nbsp;&nbsp;&nbsp;main
</UL>

<P><STRONG><a name="[ffdef8]"></a>GetProtocolFloatValue</STRONG> (Thumb, 180 bytes, Stack size 32 bytes, rs232_protocol.o(.text))
<BR><BR>[Stack]<UL><LI>Max Depth = 36<LI>Call Chain = GetProtocolFloatValue -> __aeabi_fdiv</UL>
<BR>[Calls]<UL><LI><a href="#[126c960]">&gt;&gt;</a>&nbsp;&nbsp;&nbsp;__aeabi_fmul (via Veneer)
<LI><a href="#[126d18c]">&gt;&gt;</a>&nbsp;&nbsp;&nbsp;__aeabi_i2f (via Veneer)
<LI><a href="#[126f3f8]">&gt;&gt;</a>&nbsp;&nbsp;&nbsp;__aeabi_fdiv (via Veneer)
<LI><a href="#[1270608]">&gt;&gt;</a>&nbsp;&nbsp;&nbsp;__aeabi_fadd (via Veneer)
</UL>
<BR>[Called By]<UL><LI><a href="#[ff8154]">&lt;&lt;</a>&nbsp;&nbsp;&nbsp;ProcCmdASAVD
<LI><a href="#[ff833c]">&lt;&lt;</a>&nbsp;&nbsp;&nbsp;ProcCmdTAHDF
<LI><a href="#[ff83b8]">&lt;&lt;</a>&nbsp;&nbsp;&nbsp;ProcCmdTAF
<LI><a href="#[ff8430]">&lt;&lt;</a>&nbsp;&nbsp;&nbsp;ProcCmdTAHDS
<LI><a href="#[ff84ac]">&lt;&lt;</a>&nbsp;&nbsp;&nbsp;ProcCmdTAS
<LI><a href="#[ff861c]">&lt;&lt;</a>&nbsp;&nbsp;&nbsp;ProcCmdTFHDP
<LI><a href="#[ff8698]">&lt;&lt;</a>&nbsp;&nbsp;&nbsp;ProcCmdTFP
<LI><a href="#[ff8710]">&lt;&lt;</a>&nbsp;&nbsp;&nbsp;ProcCmdTAHDP
<LI><a href="#[ff878c]">&lt;&lt;</a>&nbsp;&nbsp;&nbsp;ProcCmdTAP
<LI><a href="#[ff8804]">&lt;&lt;</a>&nbsp;&nbsp;&nbsp;ProcCmdTFHDT
<LI><a href="#[ff8880]">&lt;&lt;</a>&nbsp;&nbsp;&nbsp;ProcCmdTFT
<LI><a href="#[ff88f8]">&lt;&lt;</a>&nbsp;&nbsp;&nbsp;ProcCmdTAHDT
<LI><a href="#[ff8974]">&lt;&lt;</a>&nbsp;&nbsp;&nbsp;ProcCmdTAT
<LI><a href="#[ff8ec4]">&lt;&lt;</a>&nbsp;&nbsp;&nbsp;ProcCmdZ1SAL8
<LI><a href="#[ff8f40]">&lt;&lt;</a>&nbsp;&nbsp;&nbsp;ProcCmdZ1SAL7
<LI><a href="#[ff8fbc]">&lt;&lt;</a>&nbsp;&nbsp;&nbsp;ProcCmdZ1SAL6
<LI><a href="#[ff9038]">&lt;&lt;</a>&nbsp;&nbsp;&nbsp;ProcCmdZ1SAL5
<LI><a href="#[ff90b4]">&lt;&lt;</a>&nbsp;&nbsp;&nbsp;ProcCmdZ1SAL4
<LI><a href="#[ff9130]">&lt;&lt;</a>&nbsp;&nbsp;&nbsp;ProcCmdZ1SAL3
<LI><a href="#[ff91ac]">&lt;&lt;</a>&nbsp;&nbsp;&nbsp;ProcCmdZ1SAL2
<LI><a href="#[ff9228]">&lt;&lt;</a>&nbsp;&nbsp;&nbsp;ProcCmdZ1SAL1
<LI><a href="#[ffa234]">&lt;&lt;</a>&nbsp;&nbsp;&nbsp;ProcCmdMZ1EQSW
<LI><a href="#[ffa2b0]">&lt;&lt;</a>&nbsp;&nbsp;&nbsp;ProcCmdMZ1EQSL
<LI><a href="#[ffa32c]">&lt;&lt;</a>&nbsp;&nbsp;&nbsp;ProcCmdMZ1EQBSL
<LI><a href="#[ffa3a8]">&lt;&lt;</a>&nbsp;&nbsp;&nbsp;ProcCmdMZ1EQBSR
<LI><a href="#[ffa424]">&lt;&lt;</a>&nbsp;&nbsp;&nbsp;ProcCmdMZ1EQSR
<LI><a href="#[ffa4a0]">&lt;&lt;</a>&nbsp;&nbsp;&nbsp;ProcCmdMZ1EQR
<LI><a href="#[ffa51c]">&lt;&lt;</a>&nbsp;&nbsp;&nbsp;ProcCmdMZ1EQC
<LI><a href="#[ffa598]">&lt;&lt;</a>&nbsp;&nbsp;&nbsp;ProcCmdMZ1EQL
<LI><a href="#[ffa614]">&lt;&lt;</a>&nbsp;&nbsp;&nbsp;ProcCmdMSZX
<LI><a href="#[ffa68c]">&lt;&lt;</a>&nbsp;&nbsp;&nbsp;ProcCmdMSZXSL
<LI><a href="#[ffa708]">&lt;&lt;</a>&nbsp;&nbsp;&nbsp;ProcCmdMSZXSBL
<LI><a href="#[ffa784]">&lt;&lt;</a>&nbsp;&nbsp;&nbsp;ProcCmdMSZXSBR
<LI><a href="#[ffa800]">&lt;&lt;</a>&nbsp;&nbsp;&nbsp;ProcCmdMSZXSR
<LI><a href="#[ffa87c]">&lt;&lt;</a>&nbsp;&nbsp;&nbsp;ProcCmdMSZXFR
<LI><a href="#[ffa8f8]">&lt;&lt;</a>&nbsp;&nbsp;&nbsp;ProcCmdMSZXFC
<LI><a href="#[ffa974]">&lt;&lt;</a>&nbsp;&nbsp;&nbsp;ProcCmdMSZXFL
<LI><a href="#[ffa9f0]">&lt;&lt;</a>&nbsp;&nbsp;&nbsp;ProcCmdMSLSW
<LI><a href="#[ffaa6c]">&lt;&lt;</a>&nbsp;&nbsp;&nbsp;ProcCmdMSLBL
<LI><a href="#[ffaae8]">&lt;&lt;</a>&nbsp;&nbsp;&nbsp;ProcCmdMSLBR
<LI><a href="#[ffab64]">&lt;&lt;</a>&nbsp;&nbsp;&nbsp;ProcCmdMSLSL
<LI><a href="#[ffabe0]">&lt;&lt;</a>&nbsp;&nbsp;&nbsp;ProcCmdMSLSR
<LI><a href="#[ffac5c]">&lt;&lt;</a>&nbsp;&nbsp;&nbsp;ProcCmdMSLR
<LI><a href="#[ffacd4]">&lt;&lt;</a>&nbsp;&nbsp;&nbsp;ProcCmdMSLC
<LI><a href="#[ffad4c]">&lt;&lt;</a>&nbsp;&nbsp;&nbsp;ProcCmdMSLL
<LI><a href="#[ffadc4]">&lt;&lt;</a>&nbsp;&nbsp;&nbsp;ProcCmdMSPs
<LI><a href="#[ffae3c]">&lt;&lt;</a>&nbsp;&nbsp;&nbsp;ProcCmdMSPBL
<LI><a href="#[ffaeb8]">&lt;&lt;</a>&nbsp;&nbsp;&nbsp;ProcCmdMSPBR
<LI><a href="#[ffaf34]">&lt;&lt;</a>&nbsp;&nbsp;&nbsp;ProcCmdMSPSL
<LI><a href="#[ffafb0]">&lt;&lt;</a>&nbsp;&nbsp;&nbsp;ProcCmdMSPSR
<LI><a href="#[ffb02c]">&lt;&lt;</a>&nbsp;&nbsp;&nbsp;ProcCmdMSPR
<LI><a href="#[ffb0a4]">&lt;&lt;</a>&nbsp;&nbsp;&nbsp;ProcCmdMSPC
<LI><a href="#[ffb11c]">&lt;&lt;</a>&nbsp;&nbsp;&nbsp;ProcCmdMSPL
<LI><a href="#[ffb9b4]">&lt;&lt;</a>&nbsp;&nbsp;&nbsp;ProcCmdSZX
<LI><a href="#[ffba2c]">&lt;&lt;</a>&nbsp;&nbsp;&nbsp;ProcCmdSZXSBL
<LI><a href="#[ffbaa8]">&lt;&lt;</a>&nbsp;&nbsp;&nbsp;ProcCmdSZXSBR
<LI><a href="#[ffbb24]">&lt;&lt;</a>&nbsp;&nbsp;&nbsp;ProcCmdSZXSL
<LI><a href="#[ffbba0]">&lt;&lt;</a>&nbsp;&nbsp;&nbsp;ProcCmdSZXSR
<LI><a href="#[ffbc1c]">&lt;&lt;</a>&nbsp;&nbsp;&nbsp;ProcCmdSZXFR
<LI><a href="#[ffbc98]">&lt;&lt;</a>&nbsp;&nbsp;&nbsp;ProcCmdSZXFC
<LI><a href="#[ffbd14]">&lt;&lt;</a>&nbsp;&nbsp;&nbsp;ProcCmdSZXFL
<LI><a href="#[ffc258]">&lt;&lt;</a>&nbsp;&nbsp;&nbsp;ProcCmdSPs
<LI><a href="#[ffc2d0]">&lt;&lt;</a>&nbsp;&nbsp;&nbsp;ProcCmdSPBL
<LI><a href="#[ffc348]">&lt;&lt;</a>&nbsp;&nbsp;&nbsp;ProcCmdSPBR
<LI><a href="#[ffc3c0]">&lt;&lt;</a>&nbsp;&nbsp;&nbsp;ProcCmdSPSL
<LI><a href="#[ffc438]">&lt;&lt;</a>&nbsp;&nbsp;&nbsp;ProcCmdSPSR
<LI><a href="#[ffc4b0]">&lt;&lt;</a>&nbsp;&nbsp;&nbsp;ProcCmdSPR
<LI><a href="#[ffc528]">&lt;&lt;</a>&nbsp;&nbsp;&nbsp;ProcCmdSPC
<LI><a href="#[ffc5a0]">&lt;&lt;</a>&nbsp;&nbsp;&nbsp;ProcCmdSPL
<LI><a href="#[ffc694]">&lt;&lt;</a>&nbsp;&nbsp;&nbsp;ProcCmdSLSW
<LI><a href="#[ffc70c]">&lt;&lt;</a>&nbsp;&nbsp;&nbsp;ProcCmdSLBL
<LI><a href="#[ffc784]">&lt;&lt;</a>&nbsp;&nbsp;&nbsp;ProcCmdSLBR
<LI><a href="#[ffc7fc]">&lt;&lt;</a>&nbsp;&nbsp;&nbsp;ProcCmdSLSL
<LI><a href="#[ffc874]">&lt;&lt;</a>&nbsp;&nbsp;&nbsp;ProcCmdSLSR
<LI><a href="#[ffc8ec]">&lt;&lt;</a>&nbsp;&nbsp;&nbsp;ProcCmdSLR
<LI><a href="#[ffc964]">&lt;&lt;</a>&nbsp;&nbsp;&nbsp;ProcCmdSLC
<LI><a href="#[ffc9dc]">&lt;&lt;</a>&nbsp;&nbsp;&nbsp;ProcCmdSLL
<LI><a href="#[ffcc38]">&lt;&lt;</a>&nbsp;&nbsp;&nbsp;ProcCmdZ2V
<LI><a href="#[ffce94]">&lt;&lt;</a>&nbsp;&nbsp;&nbsp;ProcCmdZ1EQSW
<LI><a href="#[ffcf10]">&lt;&lt;</a>&nbsp;&nbsp;&nbsp;ProcCmdZ1EQSL
<LI><a href="#[ffcf8c]">&lt;&lt;</a>&nbsp;&nbsp;&nbsp;ProcCmdZ1EQBSL
<LI><a href="#[ffd008]">&lt;&lt;</a>&nbsp;&nbsp;&nbsp;ProcCmdZ1EQBSR
<LI><a href="#[ffd084]">&lt;&lt;</a>&nbsp;&nbsp;&nbsp;ProcCmdZ1EQSR
<LI><a href="#[ffd100]">&lt;&lt;</a>&nbsp;&nbsp;&nbsp;ProcCmdZ1EQR
<LI><a href="#[ffd17c]">&lt;&lt;</a>&nbsp;&nbsp;&nbsp;ProcCmdZ1EQC
<LI><a href="#[ffd1f8]">&lt;&lt;</a>&nbsp;&nbsp;&nbsp;ProcCmdZ1EQL
<LI><a href="#[ffd46c]">&lt;&lt;</a>&nbsp;&nbsp;&nbsp;ProcCmdZ1VM
</UL>

<P><STRONG><a name="[ffde74]"></a>IsProtocolStringValid</STRONG> (Thumb, 48 bytes, Stack size 0 bytes, rs232_protocol.o(.text))
<BR><BR>[Called By]<UL><LI><a href="#[ff8060]">&lt;&lt;</a>&nbsp;&nbsp;&nbsp;ProcCmdASRSN
<LI><a href="#[ffca54]">&lt;&lt;</a>&nbsp;&nbsp;&nbsp;ProcCmdRSN
</UL>

<P><STRONG><a name="[ffddfc]"></a>ProcCmdSPU</STRONG> (Thumb, 6 bytes, Stack size 0 bytes, rs232_protocol.o(.text))
<BR>[Address Reference Count : 1]<UL><LI> rs232_protocol.o(.constdata)
</UL>
<P><STRONG><a name="[ffdd78]"></a>GetCurrentDecodeStatus</STRONG> (Thumb, 68 bytes, Stack size 0 bytes, rs232_protocol.o(.text))
<BR><BR>[Called By]<UL><LI><a href="#[ffdc80]">&lt;&lt;</a>&nbsp;&nbsp;&nbsp;ProcCmdZ1_
</UL>

<P><STRONG><a name="[ffdcf8]"></a>GetPcmDecodeMode</STRONG> (Thumb, 126 bytes, Stack size 4 bytes, rs232_protocol.o(.text))
<BR><BR>[Stack]<UL><LI>Max Depth = 4<LI>Call Chain = GetPcmDecodeMode</UL>
<BR>[Calls]<UL><LI><a href="#[126a0d0]">&gt;&gt;</a>&nbsp;&nbsp;&nbsp;__ARM_switch8 (via Veneer)
</UL>
<BR>[Called By]<UL><LI><a href="#[ffd4e4]">&lt;&lt;</a>&nbsp;&nbsp;&nbsp;ProcCmdZ1EU
<LI><a href="#[ffd55c]">&lt;&lt;</a>&nbsp;&nbsp;&nbsp;ProcCmdZ1E
<LI><a href="#[ffdc80]">&lt;&lt;</a>&nbsp;&nbsp;&nbsp;ProcCmdZ1_
</UL>

<P><STRONG><a name="[ffdc80]"></a>ProcCmdZ1_</STRONG> (Thumb, 62 bytes, Stack size 24 bytes, rs232_protocol.o(.text))
<BR><BR>[Stack]<UL><LI>Max Depth = 672 + Unknown Stack Size
<LI>Call Chain = ProcCmdZ1_ -> rs232_printf -> vsprintf -> _printf_char_common -> __printf -> _printf_fp_dec -> _printf_fp_dec_real -> _fp_display -> _fp_digits -> _btod_etento -> _btod_emul -> _e2e</UL>
<BR>[Calls]<UL><LI><a href="#[c0110c]">&gt;&gt;</a>&nbsp;&nbsp;&nbsp;rs232_printf
<LI><a href="#[ffdcf8]">&gt;&gt;</a>&nbsp;&nbsp;&nbsp;GetPcmDecodeMode
<LI><a href="#[ffdd78]">&gt;&gt;</a>&nbsp;&nbsp;&nbsp;GetCurrentDecodeStatus
</UL>
<BR>[Address Reference Count : 1]<UL><LI> rs232_protocol.o(.constdata)
</UL>
<P><STRONG><a name="[ffdc04]"></a>GetZone1Channel</STRONG> (Thumb, 158 bytes, Stack size 8 bytes, rs232_protocol.o(.text))
<BR><BR>[Stack]<UL><LI>Max Depth = 8<LI>Call Chain = GetZone1Channel</UL>
<BR>[Calls]<UL><LI><a href="#[ff7278]">&gt;&gt;</a>&nbsp;&nbsp;&nbsp;GetCurFocusTid
<LI><a href="#[126a0d0]">&gt;&gt;</a>&nbsp;&nbsp;&nbsp;__ARM_switch8 (via Veneer)
</UL>
<BR>[Called By]<UL><LI><a href="#[ffdb8c]">&lt;&lt;</a>&nbsp;&nbsp;&nbsp;ProcCmdZ1S
</UL>

<P><STRONG><a name="[ffdb8c]"></a>ProcCmdZ1S</STRONG> (Thumb, 272 bytes, Stack size 16 bytes, rs232_protocol.o(.text))
<BR><BR>[Stack]<UL><LI>Max Depth = 664 + Unknown Stack Size
<LI>Call Chain = ProcCmdZ1S -> rs232_printf -> vsprintf -> _printf_char_common -> __printf -> _printf_fp_dec -> _printf_fp_dec_real -> _fp_display -> _fp_digits -> _btod_etento -> _btod_emul -> _e2e</UL>
<BR>[Calls]<UL><LI><a href="#[c0110c]">&gt;&gt;</a>&nbsp;&nbsp;&nbsp;rs232_printf
<LI><a href="#[ff6758]">&gt;&gt;</a>&nbsp;&nbsp;&nbsp;RadioInit
<LI><a href="#[ff67d0]">&gt;&gt;</a>&nbsp;&nbsp;&nbsp;RadioExit
<LI><a href="#[ff6c24]">&gt;&gt;</a>&nbsp;&nbsp;&nbsp;MsgSetInputSource
<LI><a href="#[ff7278]">&gt;&gt;</a>&nbsp;&nbsp;&nbsp;GetCurFocusTid
<LI><a href="#[ffdc04]">&gt;&gt;</a>&nbsp;&nbsp;&nbsp;GetZone1Channel
<LI><a href="#[126a0d0]">&gt;&gt;</a>&nbsp;&nbsp;&nbsp;__ARM_switch8 (via Veneer)
</UL>
<BR>[Address Reference Count : 1]<UL><LI> rs232_protocol.o(.constdata)
</UL>
<P><STRONG><a name="[ffdb14]"></a>ProcCmdZ1P</STRONG> (Thumb, 86 bytes, Stack size 16 bytes, rs232_protocol.o(.text))
<BR><BR>[Stack]<UL><LI>Max Depth = 664 + Unknown Stack Size
<LI>Call Chain = ProcCmdZ1P -> rs232_printf -> vsprintf -> _printf_char_common -> __printf -> _printf_fp_dec -> _printf_fp_dec_real -> _fp_display -> _fp_digits -> _btod_etento -> _btod_emul -> _e2e</UL>
<BR>[Calls]<UL><LI><a href="#[c0110c]">&gt;&gt;</a>&nbsp;&nbsp;&nbsp;rs232_printf
<LI><a href="#[ff6b34]">&gt;&gt;</a>&nbsp;&nbsp;&nbsp;MsgSetPower
<LI><a href="#[ff6f1c]">&gt;&gt;</a>&nbsp;&nbsp;&nbsp;IsZone1PowerOn
</UL>
<BR>[Address Reference Count : 1]<UL><LI> rs232_protocol.o(.constdata)
</UL>
<P><STRONG><a name="[ffda9c]"></a>ProcCmdZ1M</STRONG> (Thumb, 52 bytes, Stack size 16 bytes, rs232_protocol.o(.text))
<BR><BR>[Stack]<UL><LI>Max Depth = 64<LI>Call Chain = ProcCmdZ1M -> MsgSetMute -> SendMessage -> IsMsgQueueFull</UL>
<BR>[Calls]<UL><LI><a href="#[ff6bac]">&gt;&gt;</a>&nbsp;&nbsp;&nbsp;MsgSetMute
</UL>
<BR>[Address Reference Count : 1]<UL><LI> rs232_protocol.o(.constdata)
</UL>
<P><STRONG><a name="[ffda24]"></a>ProcCmdZ1A_</STRONG> (Thumb, 118 bytes, Stack size 16 bytes, rs232_protocol.o(.text))
<BR><BR>[Stack]<UL><LI>Max Depth = 664 + Unknown Stack Size
<LI>Call Chain = ProcCmdZ1A_ -> rs232_printf -> vsprintf -> _printf_char_common -> __printf -> _printf_fp_dec -> _printf_fp_dec_real -> _fp_display -> _fp_digits -> _btod_etento -> _btod_emul -> _e2e</UL>
<BR>[Calls]<UL><LI><a href="#[c0110c]">&gt;&gt;</a>&nbsp;&nbsp;&nbsp;rs232_printf
</UL>
<BR>[Address Reference Count : 1]<UL><LI> rs232_protocol.o(.constdata)
</UL>
<P><STRONG><a name="[ffd9ac]"></a>ProcCmdZ1C</STRONG> (Thumb, 86 bytes, Stack size 16 bytes, rs232_protocol.o(.text))
<BR><BR>[Stack]<UL><LI>Max Depth = 664 + Unknown Stack Size
<LI>Call Chain = ProcCmdZ1C -> rs232_printf -> vsprintf -> _printf_char_common -> __printf -> _printf_fp_dec -> _printf_fp_dec_real -> _fp_display -> _fp_digits -> _btod_etento -> _btod_emul -> _e2e</UL>
<BR>[Calls]<UL><LI><a href="#[c0110c]">&gt;&gt;</a>&nbsp;&nbsp;&nbsp;rs232_printf
<LI><a href="#[ff6478]">&gt;&gt;</a>&nbsp;&nbsp;&nbsp;SetLate
</UL>
<BR>[Address Reference Count : 1]<UL><LI> rs232_protocol.o(.constdata)
</UL>
<P><STRONG><a name="[ffd934]"></a>ProcCmdZ1D</STRONG> (Thumb, 102 bytes, Stack size 16 bytes, rs232_protocol.o(.text))
<BR><BR>[Stack]<UL><LI>Max Depth = 664 + Unknown Stack Size
<LI>Call Chain = ProcCmdZ1D -> rs232_printf -> vsprintf -> _printf_char_common -> __printf -> _printf_fp_dec -> _printf_fp_dec_real -> _fp_display -> _fp_digits -> _btod_etento -> _btod_emul -> _e2e</UL>
<BR>[Calls]<UL><LI><a href="#[c0110c]">&gt;&gt;</a>&nbsp;&nbsp;&nbsp;rs232_printf
</UL>
<BR>[Address Reference Count : 1]<UL><LI> rs232_protocol.o(.constdata)
</UL>
<P><STRONG><a name="[ffd8bc]"></a>ProcCmdZ1ED</STRONG> (Thumb, 134 bytes, Stack size 16 bytes, rs232_protocol.o(.text))
<BR><BR>[Stack]<UL><LI>Max Depth = 664 + Unknown Stack Size
<LI>Call Chain = ProcCmdZ1ED -> rs232_printf -> vsprintf -> _printf_char_common -> __printf -> _printf_fp_dec -> _printf_fp_dec_real -> _fp_display -> _fp_digits -> _btod_etento -> _btod_emul -> _e2e</UL>
<BR>[Calls]<UL><LI><a href="#[c0110c]">&gt;&gt;</a>&nbsp;&nbsp;&nbsp;rs232_printf
<LI><a href="#[ff765c]">&gt;&gt;</a>&nbsp;&nbsp;&nbsp;DspDecodeDTS
</UL>
<BR>[Address Reference Count : 1]<UL><LI> rs232_protocol.o(.constdata)
</UL>
<P><STRONG><a name="[ffd838]"></a>GetDolby2ChDecodeMode</STRONG> (Thumb, 108 bytes, Stack size 0 bytes, rs232_protocol.o(.text))
<BR><BR>[Called By]<UL><LI><a href="#[ffd7c0]">&lt;&lt;</a>&nbsp;&nbsp;&nbsp;ProcCmdZ1EF
</UL>

<P><STRONG><a name="[ffd7c0]"></a>ProcCmdZ1EF</STRONG> (Thumb, 244 bytes, Stack size 16 bytes, rs232_protocol.o(.text))
<BR><BR>[Stack]<UL><LI>Max Depth = 664 + Unknown Stack Size
<LI>Call Chain = ProcCmdZ1EF -> rs232_printf -> vsprintf -> _printf_char_common -> __printf -> _printf_fp_dec -> _printf_fp_dec_real -> _fp_display -> _fp_digits -> _btod_etento -> _btod_emul -> _e2e</UL>
<BR>[Calls]<UL><LI><a href="#[c0110c]">&gt;&gt;</a>&nbsp;&nbsp;&nbsp;rs232_printf
<LI><a href="#[ff6938]">&gt;&gt;</a>&nbsp;&nbsp;&nbsp;MsgSetVfdShow
<LI><a href="#[ff755c]">&gt;&gt;</a>&nbsp;&nbsp;&nbsp;DspSetCrossbarEffect
<LI><a href="#[ff76d8]">&gt;&gt;</a>&nbsp;&nbsp;&nbsp;DspDecodeAc3
<LI><a href="#[ff7848]">&gt;&gt;</a>&nbsp;&nbsp;&nbsp;DelayMs
<LI><a href="#[ffd838]">&gt;&gt;</a>&nbsp;&nbsp;&nbsp;GetDolby2ChDecodeMode
<LI><a href="#[126a0d0]">&gt;&gt;</a>&nbsp;&nbsp;&nbsp;__ARM_switch8 (via Veneer)
</UL>
<BR>[Address Reference Count : 1]<UL><LI> rs232_protocol.o(.constdata)
</UL>
<P><STRONG><a name="[ffd748]"></a>ProcCmdZ1EE</STRONG> (Thumb, 52 bytes, Stack size 16 bytes, rs232_protocol.o(.text))
<BR><BR>[Stack]<UL><LI>Max Depth = 664 + Unknown Stack Size
<LI>Call Chain = ProcCmdZ1EE -> rs232_printf -> vsprintf -> _printf_char_common -> __printf -> _printf_fp_dec -> _printf_fp_dec_real -> _fp_display -> _fp_digits -> _btod_etento -> _btod_emul -> _e2e</UL>
<BR>[Calls]<UL><LI><a href="#[c0110c]">&gt;&gt;</a>&nbsp;&nbsp;&nbsp;rs232_printf
</UL>
<BR>[Address Reference Count : 1]<UL><LI> rs232_protocol.o(.constdata)
</UL>
<P><STRONG><a name="[ffd6d0]"></a>ProcCmdZ1ES</STRONG> (Thumb, 52 bytes, Stack size 16 bytes, rs232_protocol.o(.text))
<BR><BR>[Stack]<UL><LI>Max Depth = 664 + Unknown Stack Size
<LI>Call Chain = ProcCmdZ1ES -> rs232_printf -> vsprintf -> _printf_char_common -> __printf -> _printf_fp_dec -> _printf_fp_dec_real -> _fp_display -> _fp_digits -> _btod_etento -> _btod_emul -> _e2e</UL>
<BR>[Calls]<UL><LI><a href="#[c0110c]">&gt;&gt;</a>&nbsp;&nbsp;&nbsp;rs232_printf
</UL>
<BR>[Address Reference Count : 1]<UL><LI> rs232_protocol.o(.constdata)
</UL>
<P><STRONG><a name="[ffd64c]"></a>GetDolby5ChDecodeMode</STRONG> (Thumb, 52 bytes, Stack size 0 bytes, rs232_protocol.o(.text))
<BR><BR>[Called By]<UL><LI><a href="#[ffd5d4]">&lt;&lt;</a>&nbsp;&nbsp;&nbsp;ProcCmdZ1EX
</UL>

<P><STRONG><a name="[ffd5d4]"></a>ProcCmdZ1EX</STRONG> (Thumb, 140 bytes, Stack size 16 bytes, rs232_protocol.o(.text))
<BR><BR>[Stack]<UL><LI>Max Depth = 664 + Unknown Stack Size
<LI>Call Chain = ProcCmdZ1EX -> rs232_printf -> vsprintf -> _printf_char_common -> __printf -> _printf_fp_dec -> _printf_fp_dec_real -> _fp_display -> _fp_digits -> _btod_etento -> _btod_emul -> _e2e</UL>
<BR>[Calls]<UL><LI><a href="#[c0110c]">&gt;&gt;</a>&nbsp;&nbsp;&nbsp;rs232_printf
<LI><a href="#[ff6938]">&gt;&gt;</a>&nbsp;&nbsp;&nbsp;MsgSetVfdShow
<LI><a href="#[ff76d8]">&gt;&gt;</a>&nbsp;&nbsp;&nbsp;DspDecodeAc3
<LI><a href="#[ffd64c]">&gt;&gt;</a>&nbsp;&nbsp;&nbsp;GetDolby5ChDecodeMode
</UL>
<BR>[Address Reference Count : 1]<UL><LI> rs232_protocol.o(.constdata)
</UL>
<P><STRONG><a name="[ffd55c]"></a>ProcCmdZ1E</STRONG> (Thumb, 388 bytes, Stack size 16 bytes, rs232_protocol.o(.text))
<BR><BR>[Stack]<UL><LI>Max Depth = 664 + Unknown Stack Size
<LI>Call Chain = ProcCmdZ1E -> rs232_printf -> vsprintf -> _printf_char_common -> __printf -> _printf_fp_dec -> _printf_fp_dec_real -> _fp_display -> _fp_digits -> _btod_etento -> _btod_emul -> _e2e</UL>
<BR>[Calls]<UL><LI><a href="#[c0110c]">&gt;&gt;</a>&nbsp;&nbsp;&nbsp;rs232_printf
<LI><a href="#[ff6938]">&gt;&gt;</a>&nbsp;&nbsp;&nbsp;MsgSetVfdShow
<LI><a href="#[ff755c]">&gt;&gt;</a>&nbsp;&nbsp;&nbsp;DspSetCrossbarEffect
<LI><a href="#[ff75e0]">&gt;&gt;</a>&nbsp;&nbsp;&nbsp;DspDecodePcm
<LI><a href="#[ff7848]">&gt;&gt;</a>&nbsp;&nbsp;&nbsp;DelayMs
<LI><a href="#[ffdcf8]">&gt;&gt;</a>&nbsp;&nbsp;&nbsp;GetPcmDecodeMode
<LI><a href="#[126a0d0]">&gt;&gt;</a>&nbsp;&nbsp;&nbsp;__ARM_switch8 (via Veneer)
</UL>
<BR>[Address Reference Count : 1]<UL><LI> rs232_protocol.o(.constdata)
</UL>
<P><STRONG><a name="[ffd4e4]"></a>ProcCmdZ1EU</STRONG> (Thumb, 42 bytes, Stack size 16 bytes, rs232_protocol.o(.text))
<BR><BR>[Stack]<UL><LI>Max Depth = 664 + Unknown Stack Size
<LI>Call Chain = ProcCmdZ1EU -> rs232_printf -> vsprintf -> _printf_char_common -> __printf -> _printf_fp_dec -> _printf_fp_dec_real -> _fp_display -> _fp_digits -> _btod_etento -> _btod_emul -> _e2e</UL>
<BR>[Calls]<UL><LI><a href="#[c0110c]">&gt;&gt;</a>&nbsp;&nbsp;&nbsp;rs232_printf
<LI><a href="#[ffdcf8]">&gt;&gt;</a>&nbsp;&nbsp;&nbsp;GetPcmDecodeMode
</UL>
<BR>[Address Reference Count : 1]<UL><LI> rs232_protocol.o(.constdata)
</UL>
<P><STRONG><a name="[ffd46c]"></a>ProcCmdZ1VM</STRONG> (Thumb, 146 bytes, Stack size 24 bytes, rs232_protocol.o(.text))
<BR><BR>[Stack]<UL><LI>Max Depth = 672 + Unknown Stack Size
<LI>Call Chain = ProcCmdZ1VM -> rs232_printf -> vsprintf -> _printf_char_common -> __printf -> _printf_fp_dec -> _printf_fp_dec_real -> _fp_display -> _fp_digits -> _btod_etento -> _btod_emul -> _e2e</UL>
<BR>[Calls]<UL><LI><a href="#[c0110c]">&gt;&gt;</a>&nbsp;&nbsp;&nbsp;rs232_printf
<LI><a href="#[ff68bc]">&gt;&gt;</a>&nbsp;&nbsp;&nbsp;MsgSetVolume
<LI><a href="#[ff6e9c]">&gt;&gt;</a>&nbsp;&nbsp;&nbsp;IsZone1VolumeValid
<LI><a href="#[ffdef8]">&gt;&gt;</a>&nbsp;&nbsp;&nbsp;GetProtocolFloatValue
<LI><a href="#[126e810]">&gt;&gt;</a>&nbsp;&nbsp;&nbsp;__aeabi_f2iz (via Veneer)
</UL>
<BR>[Address Reference Count : 1]<UL><LI> rs232_protocol.o(.constdata)
</UL>
<P><STRONG><a name="[ffd3f0]"></a>ProcCmdZ1DF_</STRONG> (Thumb, 214 bytes, Stack size 16 bytes, rs232_protocol.o(.text))
<BR><BR>[Stack]<UL><LI>Max Depth = 664 + Unknown Stack Size
<LI>Call Chain = ProcCmdZ1DF_ -> rs232_printf -> vsprintf -> _printf_char_common -> __printf -> _printf_fp_dec -> _printf_fp_dec_real -> _fp_display -> _fp_digits -> _btod_etento -> _btod_emul -> _e2e</UL>
<BR>[Calls]<UL><LI><a href="#[c0110c]">&gt;&gt;</a>&nbsp;&nbsp;&nbsp;rs232_printf
<LI><a href="#[126a0d0]">&gt;&gt;</a>&nbsp;&nbsp;&nbsp;__ARM_switch8 (via Veneer)
</UL>
<BR>[Address Reference Count : 1]<UL><LI> rs232_protocol.o(.constdata)
</UL>
<P><STRONG><a name="[ffd374]"></a>ProtocolSetEq</STRONG> (Thumb, 96 bytes, Stack size 24 bytes, rs232_protocol.o(.text))
<BR><BR>[Stack]<UL><LI>Max Depth = 200 + Unknown Stack Size
<LI>Call Chain = ProtocolSetEq -> EepromWriteByte -> I2C_bytewrite -> i2c_writebyte -> i2c_ack</UL>
<BR>[Calls]<UL><LI><a href="#[ff72f4]">&gt;&gt;</a>&nbsp;&nbsp;&nbsp;FindBalancePosition
<LI><a href="#[ff73e8]">&gt;&gt;</a>&nbsp;&nbsp;&nbsp;EqModuleconfig
<LI><a href="#[ff7464]">&gt;&gt;</a>&nbsp;&nbsp;&nbsp;EepromWriteByte
</UL>
<BR>[Called By]<UL><LI><a href="#[ffa234]">&lt;&lt;</a>&nbsp;&nbsp;&nbsp;ProcCmdMZ1EQSW
<LI><a href="#[ffa2b0]">&lt;&lt;</a>&nbsp;&nbsp;&nbsp;ProcCmdMZ1EQSL
<LI><a href="#[ffa32c]">&lt;&lt;</a>&nbsp;&nbsp;&nbsp;ProcCmdMZ1EQBSL
<LI><a href="#[ffa3a8]">&lt;&lt;</a>&nbsp;&nbsp;&nbsp;ProcCmdMZ1EQBSR
<LI><a href="#[ffa424]">&lt;&lt;</a>&nbsp;&nbsp;&nbsp;ProcCmdMZ1EQSR
<LI><a href="#[ffa4a0]">&lt;&lt;</a>&nbsp;&nbsp;&nbsp;ProcCmdMZ1EQR
<LI><a href="#[ffa51c]">&lt;&lt;</a>&nbsp;&nbsp;&nbsp;ProcCmdMZ1EQC
<LI><a href="#[ffa598]">&lt;&lt;</a>&nbsp;&nbsp;&nbsp;ProcCmdMZ1EQL
<LI><a href="#[ffce94]">&lt;&lt;</a>&nbsp;&nbsp;&nbsp;ProcCmdZ1EQSW
<LI><a href="#[ffcf10]">&lt;&lt;</a>&nbsp;&nbsp;&nbsp;ProcCmdZ1EQSL
<LI><a href="#[ffcf8c]">&lt;&lt;</a>&nbsp;&nbsp;&nbsp;ProcCmdZ1EQBSL
<LI><a href="#[ffd008]">&lt;&lt;</a>&nbsp;&nbsp;&nbsp;ProcCmdZ1EQBSR
<LI><a href="#[ffd084]">&lt;&lt;</a>&nbsp;&nbsp;&nbsp;ProcCmdZ1EQSR
<LI><a href="#[ffd100]">&lt;&lt;</a>&nbsp;&nbsp;&nbsp;ProcCmdZ1EQR
<LI><a href="#[ffd17c]">&lt;&lt;</a>&nbsp;&nbsp;&nbsp;ProcCmdZ1EQC
<LI><a href="#[ffd1f8]">&lt;&lt;</a>&nbsp;&nbsp;&nbsp;ProcCmdZ1EQL
</UL>

<P><STRONG><a name="[ffd2f0]"></a>IsProtocolEqBandValid</STRONG> (Thumb, 58 bytes, Stack size 4 bytes, rs232_protocol.o(.text))
<BR><BR>[Stack]<UL><LI>Max Depth = 4<LI>Call Chain = IsProtocolEqBandValid</UL>
<BR>[Calls]<UL><LI><a href="#[126a0d0]">&gt;&gt;</a>&nbsp;&nbsp;&nbsp;__ARM_switch8 (via Veneer)
</UL>
<BR>[Called By]<UL><LI><a href="#[ffa234]">&lt;&lt;</a>&nbsp;&nbsp;&nbsp;ProcCmdMZ1EQSW
<LI><a href="#[ffa2b0]">&lt;&lt;</a>&nbsp;&nbsp;&nbsp;ProcCmdMZ1EQSL
<LI><a href="#[ffa32c]">&lt;&lt;</a>&nbsp;&nbsp;&nbsp;ProcCmdMZ1EQBSL
<LI><a href="#[ffa3a8]">&lt;&lt;</a>&nbsp;&nbsp;&nbsp;ProcCmdMZ1EQBSR
<LI><a href="#[ffa424]">&lt;&lt;</a>&nbsp;&nbsp;&nbsp;ProcCmdMZ1EQSR
<LI><a href="#[ffa4a0]">&lt;&lt;</a>&nbsp;&nbsp;&nbsp;ProcCmdMZ1EQR
<LI><a href="#[ffa51c]">&lt;&lt;</a>&nbsp;&nbsp;&nbsp;ProcCmdMZ1EQC
<LI><a href="#[ffa598]">&lt;&lt;</a>&nbsp;&nbsp;&nbsp;ProcCmdMZ1EQL
<LI><a href="#[ffce94]">&lt;&lt;</a>&nbsp;&nbsp;&nbsp;ProcCmdZ1EQSW
<LI><a href="#[ffcf10]">&lt;&lt;</a>&nbsp;&nbsp;&nbsp;ProcCmdZ1EQSL
<LI><a href="#[ffcf8c]">&lt;&lt;</a>&nbsp;&nbsp;&nbsp;ProcCmdZ1EQBSL
<LI><a href="#[ffd008]">&lt;&lt;</a>&nbsp;&nbsp;&nbsp;ProcCmdZ1EQBSR
<LI><a href="#[ffd084]">&lt;&lt;</a>&nbsp;&nbsp;&nbsp;ProcCmdZ1EQSR
<LI><a href="#[ffd100]">&lt;&lt;</a>&nbsp;&nbsp;&nbsp;ProcCmdZ1EQR
<LI><a href="#[ffd17c]">&lt;&lt;</a>&nbsp;&nbsp;&nbsp;ProcCmdZ1EQC
<LI><a href="#[ffd1f8]">&lt;&lt;</a>&nbsp;&nbsp;&nbsp;ProcCmdZ1EQL
</UL>

<P><STRONG><a name="[ffd274]"></a>IsBalanceValid</STRONG> (Thumb, 62 bytes, Stack size 24 bytes, rs232_protocol.o(.text))
<BR><BR>[Stack]<UL><LI>Max Depth = 24<LI>Call Chain = IsBalanceValid</UL>
<BR>[Calls]<UL><LI><a href="#[126bcb0]">&gt;&gt;</a>&nbsp;&nbsp;&nbsp;__aeabi_cdrcmple (via Veneer)
<LI><a href="#[126c260]">&gt;&gt;</a>&nbsp;&nbsp;&nbsp;__aeabi_cdcmple (via Veneer)
<LI><a href="#[1271020]">&gt;&gt;</a>&nbsp;&nbsp;&nbsp;__aeabi_f2d (via Veneer)
</UL>
<BR>[Called By]<UL><LI><a href="#[ffa234]">&lt;&lt;</a>&nbsp;&nbsp;&nbsp;ProcCmdMZ1EQSW
<LI><a href="#[ffa2b0]">&lt;&lt;</a>&nbsp;&nbsp;&nbsp;ProcCmdMZ1EQSL
<LI><a href="#[ffa32c]">&lt;&lt;</a>&nbsp;&nbsp;&nbsp;ProcCmdMZ1EQBSL
<LI><a href="#[ffa3a8]">&lt;&lt;</a>&nbsp;&nbsp;&nbsp;ProcCmdMZ1EQBSR
<LI><a href="#[ffa424]">&lt;&lt;</a>&nbsp;&nbsp;&nbsp;ProcCmdMZ1EQSR
<LI><a href="#[ffa4a0]">&lt;&lt;</a>&nbsp;&nbsp;&nbsp;ProcCmdMZ1EQR
<LI><a href="#[ffa51c]">&lt;&lt;</a>&nbsp;&nbsp;&nbsp;ProcCmdMZ1EQC
<LI><a href="#[ffa598]">&lt;&lt;</a>&nbsp;&nbsp;&nbsp;ProcCmdMZ1EQL
<LI><a href="#[ffa9f0]">&lt;&lt;</a>&nbsp;&nbsp;&nbsp;ProcCmdMSLSW
<LI><a href="#[ffaa6c]">&lt;&lt;</a>&nbsp;&nbsp;&nbsp;ProcCmdMSLBL
<LI><a href="#[ffaae8]">&lt;&lt;</a>&nbsp;&nbsp;&nbsp;ProcCmdMSLBR
<LI><a href="#[ffab64]">&lt;&lt;</a>&nbsp;&nbsp;&nbsp;ProcCmdMSLSL
<LI><a href="#[ffabe0]">&lt;&lt;</a>&nbsp;&nbsp;&nbsp;ProcCmdMSLSR
<LI><a href="#[ffac5c]">&lt;&lt;</a>&nbsp;&nbsp;&nbsp;ProcCmdMSLR
<LI><a href="#[ffacd4]">&lt;&lt;</a>&nbsp;&nbsp;&nbsp;ProcCmdMSLC
<LI><a href="#[ffad4c]">&lt;&lt;</a>&nbsp;&nbsp;&nbsp;ProcCmdMSLL
<LI><a href="#[ffc694]">&lt;&lt;</a>&nbsp;&nbsp;&nbsp;ProcCmdSLSW
<LI><a href="#[ffc70c]">&lt;&lt;</a>&nbsp;&nbsp;&nbsp;ProcCmdSLBL
<LI><a href="#[ffc784]">&lt;&lt;</a>&nbsp;&nbsp;&nbsp;ProcCmdSLBR
<LI><a href="#[ffc7fc]">&lt;&lt;</a>&nbsp;&nbsp;&nbsp;ProcCmdSLSL
<LI><a href="#[ffc874]">&lt;&lt;</a>&nbsp;&nbsp;&nbsp;ProcCmdSLSR
<LI><a href="#[ffc8ec]">&lt;&lt;</a>&nbsp;&nbsp;&nbsp;ProcCmdSLR
<LI><a href="#[ffc964]">&lt;&lt;</a>&nbsp;&nbsp;&nbsp;ProcCmdSLC
<LI><a href="#[ffc9dc]">&lt;&lt;</a>&nbsp;&nbsp;&nbsp;ProcCmdSLL
<LI><a href="#[ffce94]">&lt;&lt;</a>&nbsp;&nbsp;&nbsp;ProcCmdZ1EQSW
<LI><a href="#[ffcf10]">&lt;&lt;</a>&nbsp;&nbsp;&nbsp;ProcCmdZ1EQSL
<LI><a href="#[ffcf8c]">&lt;&lt;</a>&nbsp;&nbsp;&nbsp;ProcCmdZ1EQBSL
<LI><a href="#[ffd008]">&lt;&lt;</a>&nbsp;&nbsp;&nbsp;ProcCmdZ1EQBSR
<LI><a href="#[ffd084]">&lt;&lt;</a>&nbsp;&nbsp;&nbsp;ProcCmdZ1EQSR
<LI><a href="#[ffd100]">&lt;&lt;</a>&nbsp;&nbsp;&nbsp;ProcCmdZ1EQR
<LI><a href="#[ffd17c]">&lt;&lt;</a>&nbsp;&nbsp;&nbsp;ProcCmdZ1EQC
<LI><a href="#[ffd1f8]">&lt;&lt;</a>&nbsp;&nbsp;&nbsp;ProcCmdZ1EQL
</UL>

<P><STRONG><a name="[ffd1f8]"></a>ProcCmdZ1EQL</STRONG> (Thumb, 84 bytes, Stack size 24 bytes, rs232_protocol.o(.text))
<BR><BR>[Stack]<UL><LI>Max Depth = 224 + Unknown Stack Size
<LI>Call Chain = ProcCmdZ1EQL -> ProtocolSetEq -> EepromWriteByte -> I2C_bytewrite -> i2c_writebyte -> i2c_ack</UL>
<BR>[Calls]<UL><LI><a href="#[ffd274]">&gt;&gt;</a>&nbsp;&nbsp;&nbsp;IsBalanceValid
<LI><a href="#[ffd2f0]">&gt;&gt;</a>&nbsp;&nbsp;&nbsp;IsProtocolEqBandValid
<LI><a href="#[ffd374]">&gt;&gt;</a>&nbsp;&nbsp;&nbsp;ProtocolSetEq
<LI><a href="#[ffdef8]">&gt;&gt;</a>&nbsp;&nbsp;&nbsp;GetProtocolFloatValue
</UL>
<BR>[Address Reference Count : 1]<UL><LI> rs232_protocol.o(.constdata)
</UL>
<P><STRONG><a name="[ffd17c]"></a>ProcCmdZ1EQC</STRONG> (Thumb, 164 bytes, Stack size 24 bytes, rs232_protocol.o(.text))
<BR><BR>[Stack]<UL><LI>Max Depth = 224 + Unknown Stack Size
<LI>Call Chain = ProcCmdZ1EQC -> ProtocolSetEq -> EepromWriteByte -> I2C_bytewrite -> i2c_writebyte -> i2c_ack</UL>
<BR>[Calls]<UL><LI><a href="#[ffd274]">&gt;&gt;</a>&nbsp;&nbsp;&nbsp;IsBalanceValid
<LI><a href="#[ffd2f0]">&gt;&gt;</a>&nbsp;&nbsp;&nbsp;IsProtocolEqBandValid
<LI><a href="#[ffd374]">&gt;&gt;</a>&nbsp;&nbsp;&nbsp;ProtocolSetEq
<LI><a href="#[ffdef8]">&gt;&gt;</a>&nbsp;&nbsp;&nbsp;GetProtocolFloatValue
</UL>
<BR>[Address Reference Count : 1]<UL><LI> rs232_protocol.o(.constdata)
</UL>
<P><STRONG><a name="[ffd100]"></a>ProcCmdZ1EQR</STRONG> (Thumb, 86 bytes, Stack size 24 bytes, rs232_protocol.o(.text))
<BR><BR>[Stack]<UL><LI>Max Depth = 224 + Unknown Stack Size
<LI>Call Chain = ProcCmdZ1EQR -> ProtocolSetEq -> EepromWriteByte -> I2C_bytewrite -> i2c_writebyte -> i2c_ack</UL>
<BR>[Calls]<UL><LI><a href="#[ffd274]">&gt;&gt;</a>&nbsp;&nbsp;&nbsp;IsBalanceValid
<LI><a href="#[ffd2f0]">&gt;&gt;</a>&nbsp;&nbsp;&nbsp;IsProtocolEqBandValid
<LI><a href="#[ffd374]">&gt;&gt;</a>&nbsp;&nbsp;&nbsp;ProtocolSetEq
<LI><a href="#[ffdef8]">&gt;&gt;</a>&nbsp;&nbsp;&nbsp;GetProtocolFloatValue
</UL>
<BR>[Address Reference Count : 1]<UL><LI> rs232_protocol.o(.constdata)
</UL>
<P><STRONG><a name="[ffd084]"></a>ProcCmdZ1EQSR</STRONG> (Thumb, 88 bytes, Stack size 24 bytes, rs232_protocol.o(.text))
<BR><BR>[Stack]<UL><LI>Max Depth = 224 + Unknown Stack Size
<LI>Call Chain = ProcCmdZ1EQSR -> ProtocolSetEq -> EepromWriteByte -> I2C_bytewrite -> i2c_writebyte -> i2c_ack</UL>
<BR>[Calls]<UL><LI><a href="#[ffd274]">&gt;&gt;</a>&nbsp;&nbsp;&nbsp;IsBalanceValid
<LI><a href="#[ffd2f0]">&gt;&gt;</a>&nbsp;&nbsp;&nbsp;IsProtocolEqBandValid
<LI><a href="#[ffd374]">&gt;&gt;</a>&nbsp;&nbsp;&nbsp;ProtocolSetEq
<LI><a href="#[ffdef8]">&gt;&gt;</a>&nbsp;&nbsp;&nbsp;GetProtocolFloatValue
</UL>
<BR>[Address Reference Count : 1]<UL><LI> rs232_protocol.o(.constdata)
</UL>
<P><STRONG><a name="[ffd008]"></a>ProcCmdZ1EQBSR</STRONG> (Thumb, 88 bytes, Stack size 24 bytes, rs232_protocol.o(.text))
<BR><BR>[Stack]<UL><LI>Max Depth = 224 + Unknown Stack Size
<LI>Call Chain = ProcCmdZ1EQBSR -> ProtocolSetEq -> EepromWriteByte -> I2C_bytewrite -> i2c_writebyte -> i2c_ack</UL>
<BR>[Calls]<UL><LI><a href="#[ffd274]">&gt;&gt;</a>&nbsp;&nbsp;&nbsp;IsBalanceValid
<LI><a href="#[ffd2f0]">&gt;&gt;</a>&nbsp;&nbsp;&nbsp;IsProtocolEqBandValid
<LI><a href="#[ffd374]">&gt;&gt;</a>&nbsp;&nbsp;&nbsp;ProtocolSetEq
<LI><a href="#[ffdef8]">&gt;&gt;</a>&nbsp;&nbsp;&nbsp;GetProtocolFloatValue
</UL>
<BR>[Address Reference Count : 1]<UL><LI> rs232_protocol.o(.constdata)
</UL>
<P><STRONG><a name="[ffcf8c]"></a>ProcCmdZ1EQBSL</STRONG> (Thumb, 88 bytes, Stack size 24 bytes, rs232_protocol.o(.text))
<BR><BR>[Stack]<UL><LI>Max Depth = 224 + Unknown Stack Size
<LI>Call Chain = ProcCmdZ1EQBSL -> ProtocolSetEq -> EepromWriteByte -> I2C_bytewrite -> i2c_writebyte -> i2c_ack</UL>
<BR>[Calls]<UL><LI><a href="#[ffd274]">&gt;&gt;</a>&nbsp;&nbsp;&nbsp;IsBalanceValid
<LI><a href="#[ffd2f0]">&gt;&gt;</a>&nbsp;&nbsp;&nbsp;IsProtocolEqBandValid
<LI><a href="#[ffd374]">&gt;&gt;</a>&nbsp;&nbsp;&nbsp;ProtocolSetEq
<LI><a href="#[ffdef8]">&gt;&gt;</a>&nbsp;&nbsp;&nbsp;GetProtocolFloatValue
</UL>
<BR>[Address Reference Count : 1]<UL><LI> rs232_protocol.o(.constdata)
</UL>
<P><STRONG><a name="[ffcf10]"></a>ProcCmdZ1EQSL</STRONG> (Thumb, 88 bytes, Stack size 24 bytes, rs232_protocol.o(.text))
<BR><BR>[Stack]<UL><LI>Max Depth = 224 + Unknown Stack Size
<LI>Call Chain = ProcCmdZ1EQSL -> ProtocolSetEq -> EepromWriteByte -> I2C_bytewrite -> i2c_writebyte -> i2c_ack</UL>
<BR>[Calls]<UL><LI><a href="#[ffd274]">&gt;&gt;</a>&nbsp;&nbsp;&nbsp;IsBalanceValid
<LI><a href="#[ffd2f0]">&gt;&gt;</a>&nbsp;&nbsp;&nbsp;IsProtocolEqBandValid
<LI><a href="#[ffd374]">&gt;&gt;</a>&nbsp;&nbsp;&nbsp;ProtocolSetEq
<LI><a href="#[ffdef8]">&gt;&gt;</a>&nbsp;&nbsp;&nbsp;GetProtocolFloatValue
</UL>
<BR>[Address Reference Count : 1]<UL><LI> rs232_protocol.o(.constdata)
</UL>
<P><STRONG><a name="[ffce94]"></a>ProcCmdZ1EQSW</STRONG> (Thumb, 88 bytes, Stack size 24 bytes, rs232_protocol.o(.text))
<BR><BR>[Stack]<UL><LI>Max Depth = 224 + Unknown Stack Size
<LI>Call Chain = ProcCmdZ1EQSW -> ProtocolSetEq -> EepromWriteByte -> I2C_bytewrite -> i2c_writebyte -> i2c_ack</UL>
<BR>[Calls]<UL><LI><a href="#[ffd274]">&gt;&gt;</a>&nbsp;&nbsp;&nbsp;IsBalanceValid
<LI><a href="#[ffd2f0]">&gt;&gt;</a>&nbsp;&nbsp;&nbsp;IsProtocolEqBandValid
<LI><a href="#[ffd374]">&gt;&gt;</a>&nbsp;&nbsp;&nbsp;ProtocolSetEq
<LI><a href="#[ffdef8]">&gt;&gt;</a>&nbsp;&nbsp;&nbsp;GetProtocolFloatValue
</UL>
<BR>[Address Reference Count : 1]<UL><LI> rs232_protocol.o(.constdata)
</UL>
<P><STRONG><a name="[ffce1c]"></a>ProcCmdZ1EQ</STRONG> (Thumb, 148 bytes, Stack size 16 bytes, rs232_protocol.o(.text))
<BR><BR>[Stack]<UL><LI>Max Depth = 608 + Unknown Stack Size
<LI>Call Chain = ProcCmdZ1EQ -> VfdTempDisp -> vsprintf -> _printf_char_common -> __printf -> _printf_fp_dec -> _printf_fp_dec_real -> _fp_display -> _fp_digits -> _btod_etento -> _btod_emul -> _e2e</UL>
<BR>[Calls]<UL><LI><a href="#[ff5f0c]">&gt;&gt;</a>&nbsp;&nbsp;&nbsp;VfdTempDispBlank
<LI><a href="#[ff5f8c]">&gt;&gt;</a>&nbsp;&nbsp;&nbsp;VfdTempDisp
<LI><a href="#[ff7374]">&gt;&gt;</a>&nbsp;&nbsp;&nbsp;EqOn
</UL>
<BR>[Address Reference Count : 1]<UL><LI> rs232_protocol.o(.constdata)
</UL>
<P><STRONG><a name="[ffcda4]"></a>ProcCmdZ2P</STRONG> (Thumb, 86 bytes, Stack size 16 bytes, rs232_protocol.o(.text))
<BR><BR>[Stack]<UL><LI>Max Depth = 664 + Unknown Stack Size
<LI>Call Chain = ProcCmdZ2P -> rs232_printf -> vsprintf -> _printf_char_common -> __printf -> _printf_fp_dec -> _printf_fp_dec_real -> _fp_display -> _fp_digits -> _btod_etento -> _btod_emul -> _e2e</UL>
<BR>[Calls]<UL><LI><a href="#[c0110c]">&gt;&gt;</a>&nbsp;&nbsp;&nbsp;rs232_printf
<LI><a href="#[ff6b34]">&gt;&gt;</a>&nbsp;&nbsp;&nbsp;MsgSetPower
<LI><a href="#[ff6e20]">&gt;&gt;</a>&nbsp;&nbsp;&nbsp;IsZone2PowerOn
</UL>
<BR>[Address Reference Count : 1]<UL><LI> rs232_protocol.o(.constdata)
</UL>
<P><STRONG><a name="[ffcd28]"></a>GetZone2Channel</STRONG> (Thumb, 108 bytes, Stack size 4 bytes, rs232_protocol.o(.text))
<BR><BR>[Stack]<UL><LI>Max Depth = 4<LI>Call Chain = GetZone2Channel</UL>
<BR>[Calls]<UL><LI><a href="#[126a0d0]">&gt;&gt;</a>&nbsp;&nbsp;&nbsp;__ARM_switch8 (via Veneer)
</UL>
<BR>[Called By]<UL><LI><a href="#[ffccb0]">&lt;&lt;</a>&nbsp;&nbsp;&nbsp;ProcCmdZ2S
</UL>

<P><STRONG><a name="[ffccb0]"></a>ProcCmdZ2S</STRONG> (Thumb, 608 bytes, Stack size 24 bytes, rs232_protocol.o(.text))
<BR><BR>[Stack]<UL><LI>Max Depth = 672 + Unknown Stack Size
<LI>Call Chain = ProcCmdZ2S -> rs232_printf -> vsprintf -> _printf_char_common -> __printf -> _printf_fp_dec -> _printf_fp_dec_real -> _fp_display -> _fp_digits -> _btod_etento -> _btod_emul -> _e2e</UL>
<BR>[Calls]<UL><LI><a href="#[c0110c]">&gt;&gt;</a>&nbsp;&nbsp;&nbsp;rs232_printf
<LI><a href="#[ff5ca0]">&gt;&gt;</a>&nbsp;&nbsp;&nbsp;Zone2RadioMode
<LI><a href="#[ff5d1c]">&gt;&gt;</a>&nbsp;&nbsp;&nbsp;Zone2AnalogInOff
<LI><a href="#[ff6004]">&gt;&gt;</a>&nbsp;&nbsp;&nbsp;UpdateMax335
<LI><a href="#[ff63fc]">&gt;&gt;</a>&nbsp;&nbsp;&nbsp;SetMax335Switch
<LI><a href="#[ff6938]">&gt;&gt;</a>&nbsp;&nbsp;&nbsp;MsgSetVfdShow
<LI><a href="#[ff6c24]">&gt;&gt;</a>&nbsp;&nbsp;&nbsp;MsgSetInputSource
<LI><a href="#[ff7010]">&gt;&gt;</a>&nbsp;&nbsp;&nbsp;IsCurFocusTid
<LI><a href="#[ff708c]">&gt;&gt;</a>&nbsp;&nbsp;&nbsp;HdmiReadByte
<LI><a href="#[ff7184]">&gt;&gt;</a>&nbsp;&nbsp;&nbsp;GetSrcName
<LI><a href="#[ff77cc]">&gt;&gt;</a>&nbsp;&nbsp;&nbsp;DigiSendByte
<LI><a href="#[ffcd28]">&gt;&gt;</a>&nbsp;&nbsp;&nbsp;GetZone2Channel
<LI><a href="#[126a0d0]">&gt;&gt;</a>&nbsp;&nbsp;&nbsp;__ARM_switch8 (via Veneer)
</UL>
<BR>[Address Reference Count : 1]<UL><LI> rs232_protocol.o(.constdata)
</UL>
<P><STRONG><a name="[ffcc38]"></a>ProcCmdZ2V</STRONG> (Thumb, 142 bytes, Stack size 24 bytes, rs232_protocol.o(.text))
<BR><BR>[Stack]<UL><LI>Max Depth = 672 + Unknown Stack Size
<LI>Call Chain = ProcCmdZ2V -> rs232_printf -> vsprintf -> _printf_char_common -> __printf -> _printf_fp_dec -> _printf_fp_dec_real -> _fp_display -> _fp_digits -> _btod_etento -> _btod_emul -> _e2e</UL>
<BR>[Calls]<UL><LI><a href="#[c0110c]">&gt;&gt;</a>&nbsp;&nbsp;&nbsp;rs232_printf
<LI><a href="#[ff68bc]">&gt;&gt;</a>&nbsp;&nbsp;&nbsp;MsgSetVolume
<LI><a href="#[ff6e9c]">&gt;&gt;</a>&nbsp;&nbsp;&nbsp;IsZone1VolumeValid
<LI><a href="#[ffdef8]">&gt;&gt;</a>&nbsp;&nbsp;&nbsp;GetProtocolFloatValue
<LI><a href="#[126e810]">&gt;&gt;</a>&nbsp;&nbsp;&nbsp;__aeabi_f2iz (via Veneer)
</UL>
<BR>[Address Reference Count : 1]<UL><LI> rs232_protocol.o(.constdata)
</UL>
<P><STRONG><a name="[ffcbc0]"></a>ProcCmdZ2M</STRONG> (Thumb, 52 bytes, Stack size 16 bytes, rs232_protocol.o(.text))
<BR><BR>[Stack]<UL><LI>Max Depth = 64<LI>Call Chain = ProcCmdZ2M -> MsgSetMute -> SendMessage -> IsMsgQueueFull</UL>
<BR>[Calls]<UL><LI><a href="#[ff6bac]">&gt;&gt;</a>&nbsp;&nbsp;&nbsp;MsgSetMute
</UL>
<BR>[Address Reference Count : 1]<UL><LI> rs232_protocol.o(.constdata)
</UL>
<P><STRONG><a name="[ffcb48]"></a>ProcCmdZ2_</STRONG> (Thumb, 46 bytes, Stack size 16 bytes, rs232_protocol.o(.text))
<BR><BR>[Stack]<UL><LI>Max Depth = 664 + Unknown Stack Size
<LI>Call Chain = ProcCmdZ2_ -> rs232_printf -> vsprintf -> _printf_char_common -> __printf -> _printf_fp_dec -> _printf_fp_dec_real -> _fp_display -> _fp_digits -> _btod_etento -> _btod_emul -> _e2e</UL>
<BR>[Calls]<UL><LI><a href="#[c0110c]">&gt;&gt;</a>&nbsp;&nbsp;&nbsp;rs232_printf
</UL>
<BR>[Address Reference Count : 1]<UL><LI> rs232_protocol.o(.constdata)
</UL>
<P><STRONG><a name="[ffcacc]"></a>ProCmdZ2VFD_</STRONG> (Thumb, 52 bytes, Stack size 16 bytes, rs232_protocol.o(.text))
<BR><BR>[Stack]<UL><LI>Max Depth = 664 + Unknown Stack Size
<LI>Call Chain = ProCmdZ2VFD_ -> rs232_printf -> vsprintf -> _printf_char_common -> __printf -> _printf_fp_dec -> _printf_fp_dec_real -> _fp_display -> _fp_digits -> _btod_etento -> _btod_emul -> _e2e</UL>
<BR>[Calls]<UL><LI><a href="#[c0110c]">&gt;&gt;</a>&nbsp;&nbsp;&nbsp;rs232_printf
</UL>
<BR>[Address Reference Count : 1]<UL><LI> rs232_protocol.o(.constdata)
</UL>
<P><STRONG><a name="[ffca54]"></a>ProcCmdRSN</STRONG> (Thumb, 128 bytes, Stack size 24 bytes, rs232_protocol.o(.text))
<BR><BR>[Stack]<UL><LI>Max Depth = 224 + Unknown Stack Size
<LI>Call Chain = ProcCmdRSN -> WriteName -> EepromWriteByte -> I2C_bytewrite -> i2c_writebyte -> i2c_ack</UL>
<BR>[Calls]<UL><LI><a href="#[ff5e94]">&gt;&gt;</a>&nbsp;&nbsp;&nbsp;WriteName
<LI><a href="#[ffde74]">&gt;&gt;</a>&nbsp;&nbsp;&nbsp;IsProtocolStringValid
<LI><a href="#[11b7a7c]">&gt;&gt;</a>&nbsp;&nbsp;&nbsp;__aeabi_memcpy (via Veneer)
<LI><a href="#[126a0d0]">&gt;&gt;</a>&nbsp;&nbsp;&nbsp;__ARM_switch8 (via Veneer)
</UL>
<BR>[Address Reference Count : 1]<UL><LI> rs232_protocol.o(.constdata)
</UL>
<P><STRONG><a name="[ffc9dc]"></a>ProcCmdSLL</STRONG> (Thumb, 70 bytes, Stack size 24 bytes, rs232_protocol.o(.text))
<BR><BR>[Stack]<UL><LI>Max Depth = 200 + Unknown Stack Size
<LI>Call Chain = ProcCmdSLL -> EepromWriteByte -> I2C_bytewrite -> i2c_writebyte -> i2c_ack</UL>
<BR>[Calls]<UL><LI><a href="#[ff6568]">&gt;&gt;</a>&nbsp;&nbsp;&nbsp;SetBalanceVolume
<LI><a href="#[ff72f4]">&gt;&gt;</a>&nbsp;&nbsp;&nbsp;FindBalancePosition
<LI><a href="#[ff7464]">&gt;&gt;</a>&nbsp;&nbsp;&nbsp;EepromWriteByte
<LI><a href="#[ffd274]">&gt;&gt;</a>&nbsp;&nbsp;&nbsp;IsBalanceValid
<LI><a href="#[ffdef8]">&gt;&gt;</a>&nbsp;&nbsp;&nbsp;GetProtocolFloatValue
</UL>
<BR>[Address Reference Count : 1]<UL><LI> rs232_protocol.o(.constdata)
</UL>
<P><STRONG><a name="[ffc964]"></a>ProcCmdSLC</STRONG> (Thumb, 68 bytes, Stack size 24 bytes, rs232_protocol.o(.text))
<BR><BR>[Stack]<UL><LI>Max Depth = 200 + Unknown Stack Size
<LI>Call Chain = ProcCmdSLC -> EepromWriteByte -> I2C_bytewrite -> i2c_writebyte -> i2c_ack</UL>
<BR>[Calls]<UL><LI><a href="#[ff6568]">&gt;&gt;</a>&nbsp;&nbsp;&nbsp;SetBalanceVolume
<LI><a href="#[ff72f4]">&gt;&gt;</a>&nbsp;&nbsp;&nbsp;FindBalancePosition
<LI><a href="#[ff7464]">&gt;&gt;</a>&nbsp;&nbsp;&nbsp;EepromWriteByte
<LI><a href="#[ffd274]">&gt;&gt;</a>&nbsp;&nbsp;&nbsp;IsBalanceValid
<LI><a href="#[ffdef8]">&gt;&gt;</a>&nbsp;&nbsp;&nbsp;GetProtocolFloatValue
</UL>
<BR>[Address Reference Count : 1]<UL><LI> rs232_protocol.o(.constdata)
</UL>
<P><STRONG><a name="[ffc8ec]"></a>ProcCmdSLR</STRONG> (Thumb, 70 bytes, Stack size 24 bytes, rs232_protocol.o(.text))
<BR><BR>[Stack]<UL><LI>Max Depth = 200 + Unknown Stack Size
<LI>Call Chain = ProcCmdSLR -> EepromWriteByte -> I2C_bytewrite -> i2c_writebyte -> i2c_ack</UL>
<BR>[Calls]<UL><LI><a href="#[ff6568]">&gt;&gt;</a>&nbsp;&nbsp;&nbsp;SetBalanceVolume
<LI><a href="#[ff72f4]">&gt;&gt;</a>&nbsp;&nbsp;&nbsp;FindBalancePosition
<LI><a href="#[ff7464]">&gt;&gt;</a>&nbsp;&nbsp;&nbsp;EepromWriteByte
<LI><a href="#[ffd274]">&gt;&gt;</a>&nbsp;&nbsp;&nbsp;IsBalanceValid
<LI><a href="#[ffdef8]">&gt;&gt;</a>&nbsp;&nbsp;&nbsp;GetProtocolFloatValue
</UL>
<BR>[Address Reference Count : 1]<UL><LI> rs232_protocol.o(.constdata)
</UL>
<P><STRONG><a name="[ffc874]"></a>ProcCmdSLSR</STRONG> (Thumb, 126 bytes, Stack size 24 bytes, rs232_protocol.o(.text))
<BR><BR>[Stack]<UL><LI>Max Depth = 200 + Unknown Stack Size
<LI>Call Chain = ProcCmdSLSR -> EepromWriteByte -> I2C_bytewrite -> i2c_writebyte -> i2c_ack</UL>
<BR>[Calls]<UL><LI><a href="#[ff6568]">&gt;&gt;</a>&nbsp;&nbsp;&nbsp;SetBalanceVolume
<LI><a href="#[ff72f4]">&gt;&gt;</a>&nbsp;&nbsp;&nbsp;FindBalancePosition
<LI><a href="#[ff7464]">&gt;&gt;</a>&nbsp;&nbsp;&nbsp;EepromWriteByte
<LI><a href="#[ffd274]">&gt;&gt;</a>&nbsp;&nbsp;&nbsp;IsBalanceValid
<LI><a href="#[ffdef8]">&gt;&gt;</a>&nbsp;&nbsp;&nbsp;GetProtocolFloatValue
</UL>
<BR>[Address Reference Count : 1]<UL><LI> rs232_protocol.o(.constdata)
</UL>
<P><STRONG><a name="[ffc7fc]"></a>ProcCmdSLSL</STRONG> (Thumb, 70 bytes, Stack size 24 bytes, rs232_protocol.o(.text))
<BR><BR>[Stack]<UL><LI>Max Depth = 200 + Unknown Stack Size
<LI>Call Chain = ProcCmdSLSL -> EepromWriteByte -> I2C_bytewrite -> i2c_writebyte -> i2c_ack</UL>
<BR>[Calls]<UL><LI><a href="#[ff6568]">&gt;&gt;</a>&nbsp;&nbsp;&nbsp;SetBalanceVolume
<LI><a href="#[ff72f4]">&gt;&gt;</a>&nbsp;&nbsp;&nbsp;FindBalancePosition
<LI><a href="#[ff7464]">&gt;&gt;</a>&nbsp;&nbsp;&nbsp;EepromWriteByte
<LI><a href="#[ffd274]">&gt;&gt;</a>&nbsp;&nbsp;&nbsp;IsBalanceValid
<LI><a href="#[ffdef8]">&gt;&gt;</a>&nbsp;&nbsp;&nbsp;GetProtocolFloatValue
</UL>
<BR>[Address Reference Count : 1]<UL><LI> rs232_protocol.o(.constdata)
</UL>
<P><STRONG><a name="[ffc784]"></a>ProcCmdSLBR</STRONG> (Thumb, 70 bytes, Stack size 24 bytes, rs232_protocol.o(.text))
<BR><BR>[Stack]<UL><LI>Max Depth = 200 + Unknown Stack Size
<LI>Call Chain = ProcCmdSLBR -> EepromWriteByte -> I2C_bytewrite -> i2c_writebyte -> i2c_ack</UL>
<BR>[Calls]<UL><LI><a href="#[ff6568]">&gt;&gt;</a>&nbsp;&nbsp;&nbsp;SetBalanceVolume
<LI><a href="#[ff72f4]">&gt;&gt;</a>&nbsp;&nbsp;&nbsp;FindBalancePosition
<LI><a href="#[ff7464]">&gt;&gt;</a>&nbsp;&nbsp;&nbsp;EepromWriteByte
<LI><a href="#[ffd274]">&gt;&gt;</a>&nbsp;&nbsp;&nbsp;IsBalanceValid
<LI><a href="#[ffdef8]">&gt;&gt;</a>&nbsp;&nbsp;&nbsp;GetProtocolFloatValue
</UL>
<BR>[Address Reference Count : 1]<UL><LI> rs232_protocol.o(.constdata)
</UL>
<P><STRONG><a name="[ffc70c]"></a>ProcCmdSLBL</STRONG> (Thumb, 70 bytes, Stack size 24 bytes, rs232_protocol.o(.text))
<BR><BR>[Stack]<UL><LI>Max Depth = 200 + Unknown Stack Size
<LI>Call Chain = ProcCmdSLBL -> EepromWriteByte -> I2C_bytewrite -> i2c_writebyte -> i2c_ack</UL>
<BR>[Calls]<UL><LI><a href="#[ff6568]">&gt;&gt;</a>&nbsp;&nbsp;&nbsp;SetBalanceVolume
<LI><a href="#[ff72f4]">&gt;&gt;</a>&nbsp;&nbsp;&nbsp;FindBalancePosition
<LI><a href="#[ff7464]">&gt;&gt;</a>&nbsp;&nbsp;&nbsp;EepromWriteByte
<LI><a href="#[ffd274]">&gt;&gt;</a>&nbsp;&nbsp;&nbsp;IsBalanceValid
<LI><a href="#[ffdef8]">&gt;&gt;</a>&nbsp;&nbsp;&nbsp;GetProtocolFloatValue
</UL>
<BR>[Address Reference Count : 1]<UL><LI> rs232_protocol.o(.constdata)
</UL>
<P><STRONG><a name="[ffc694]"></a>ProcCmdSLSW</STRONG> (Thumb, 70 bytes, Stack size 24 bytes, rs232_protocol.o(.text))
<BR><BR>[Stack]<UL><LI>Max Depth = 200 + Unknown Stack Size
<LI>Call Chain = ProcCmdSLSW -> EepromWriteByte -> I2C_bytewrite -> i2c_writebyte -> i2c_ack</UL>
<BR>[Calls]<UL><LI><a href="#[ff6568]">&gt;&gt;</a>&nbsp;&nbsp;&nbsp;SetBalanceVolume
<LI><a href="#[ff72f4]">&gt;&gt;</a>&nbsp;&nbsp;&nbsp;FindBalancePosition
<LI><a href="#[ff7464]">&gt;&gt;</a>&nbsp;&nbsp;&nbsp;EepromWriteByte
<LI><a href="#[ffd274]">&gt;&gt;</a>&nbsp;&nbsp;&nbsp;IsBalanceValid
<LI><a href="#[ffdef8]">&gt;&gt;</a>&nbsp;&nbsp;&nbsp;GetProtocolFloatValue
</UL>
<BR>[Address Reference Count : 1]<UL><LI> rs232_protocol.o(.constdata)
</UL>
<P><STRONG><a name="[ffc618]"></a>IsDistanceValid</STRONG> (Thumb, 90 bytes, Stack size 24 bytes, rs232_protocol.o(.text))
<BR><BR>[Stack]<UL><LI>Max Depth = 24<LI>Call Chain = IsDistanceValid</UL>
<BR>[Calls]<UL><LI><a href="#[126ab44]">&gt;&gt;</a>&nbsp;&nbsp;&nbsp;__aeabi_cfrcmple (via Veneer)
<LI><a href="#[126c260]">&gt;&gt;</a>&nbsp;&nbsp;&nbsp;__aeabi_cdcmple (via Veneer)
<LI><a href="#[1271020]">&gt;&gt;</a>&nbsp;&nbsp;&nbsp;__aeabi_f2d (via Veneer)
</UL>
<BR>[Called By]<UL><LI><a href="#[ff8154]">&lt;&lt;</a>&nbsp;&nbsp;&nbsp;ProcCmdASAVD
<LI><a href="#[ffadc4]">&lt;&lt;</a>&nbsp;&nbsp;&nbsp;ProcCmdMSPs
<LI><a href="#[ffae3c]">&lt;&lt;</a>&nbsp;&nbsp;&nbsp;ProcCmdMSPBL
<LI><a href="#[ffaeb8]">&lt;&lt;</a>&nbsp;&nbsp;&nbsp;ProcCmdMSPBR
<LI><a href="#[ffaf34]">&lt;&lt;</a>&nbsp;&nbsp;&nbsp;ProcCmdMSPSL
<LI><a href="#[ffafb0]">&lt;&lt;</a>&nbsp;&nbsp;&nbsp;ProcCmdMSPSR
<LI><a href="#[ffb02c]">&lt;&lt;</a>&nbsp;&nbsp;&nbsp;ProcCmdMSPR
<LI><a href="#[ffb0a4]">&lt;&lt;</a>&nbsp;&nbsp;&nbsp;ProcCmdMSPC
<LI><a href="#[ffb11c]">&lt;&lt;</a>&nbsp;&nbsp;&nbsp;ProcCmdMSPL
<LI><a href="#[ffc258]">&lt;&lt;</a>&nbsp;&nbsp;&nbsp;ProcCmdSPs
<LI><a href="#[ffc2d0]">&lt;&lt;</a>&nbsp;&nbsp;&nbsp;ProcCmdSPBL
<LI><a href="#[ffc348]">&lt;&lt;</a>&nbsp;&nbsp;&nbsp;ProcCmdSPBR
<LI><a href="#[ffc3c0]">&lt;&lt;</a>&nbsp;&nbsp;&nbsp;ProcCmdSPSL
<LI><a href="#[ffc438]">&lt;&lt;</a>&nbsp;&nbsp;&nbsp;ProcCmdSPSR
<LI><a href="#[ffc4b0]">&lt;&lt;</a>&nbsp;&nbsp;&nbsp;ProcCmdSPR
<LI><a href="#[ffc528]">&lt;&lt;</a>&nbsp;&nbsp;&nbsp;ProcCmdSPC
<LI><a href="#[ffc5a0]">&lt;&lt;</a>&nbsp;&nbsp;&nbsp;ProcCmdSPL
</UL>

<P><STRONG><a name="[ffc5a0]"></a>ProcCmdSPL</STRONG> (Thumb, 94 bytes, Stack size 24 bytes, rs232_protocol.o(.text))
<BR><BR>[Stack]<UL><LI>Max Depth = 236 + Unknown Stack Size
<LI>Call Chain = ProcCmdSPL -> SpkDistanceSetup -> SetSpkDistance -> SetDspDelay -> DspProcDelay -> DSP_Delay_Channel_Setting -> DspSpiWriteNByte -> SetDspPower -> DspProcPower -> DspMasterBoot -> CheckDspMessage -> DspSpiReadNByte -> ReadByteDsp -> SenseDspIrq</UL>
<BR>[Calls]<UL><LI><a href="#[be5840]">&gt;&gt;</a>&nbsp;&nbsp;&nbsp;SpkDistanceSetup
<LI><a href="#[ffc618]">&gt;&gt;</a>&nbsp;&nbsp;&nbsp;IsDistanceValid
<LI><a href="#[ffdef8]">&gt;&gt;</a>&nbsp;&nbsp;&nbsp;GetProtocolFloatValue
<LI><a href="#[126dcd4]">&gt;&gt;</a>&nbsp;&nbsp;&nbsp;__aeabi_f2uiz (via Veneer)
</UL>
<BR>[Address Reference Count : 1]<UL><LI> rs232_protocol.o(.constdata)
</UL>
<P><STRONG><a name="[ffc528]"></a>ProcCmdSPC</STRONG> (Thumb, 94 bytes, Stack size 24 bytes, rs232_protocol.o(.text))
<BR><BR>[Stack]<UL><LI>Max Depth = 236 + Unknown Stack Size
<LI>Call Chain = ProcCmdSPC -> SpkDistanceSetup -> SetSpkDistance -> SetDspDelay -> DspProcDelay -> DSP_Delay_Channel_Setting -> DspSpiWriteNByte -> SetDspPower -> DspProcPower -> DspMasterBoot -> CheckDspMessage -> DspSpiReadNByte -> ReadByteDsp -> SenseDspIrq</UL>
<BR>[Calls]<UL><LI><a href="#[be5840]">&gt;&gt;</a>&nbsp;&nbsp;&nbsp;SpkDistanceSetup
<LI><a href="#[ffc618]">&gt;&gt;</a>&nbsp;&nbsp;&nbsp;IsDistanceValid
<LI><a href="#[ffdef8]">&gt;&gt;</a>&nbsp;&nbsp;&nbsp;GetProtocolFloatValue
<LI><a href="#[126dcd4]">&gt;&gt;</a>&nbsp;&nbsp;&nbsp;__aeabi_f2uiz (via Veneer)
</UL>
<BR>[Address Reference Count : 1]<UL><LI> rs232_protocol.o(.constdata)
</UL>
<P><STRONG><a name="[ffc4b0]"></a>ProcCmdSPR</STRONG> (Thumb, 94 bytes, Stack size 24 bytes, rs232_protocol.o(.text))
<BR><BR>[Stack]<UL><LI>Max Depth = 236 + Unknown Stack Size
<LI>Call Chain = ProcCmdSPR -> SpkDistanceSetup -> SetSpkDistance -> SetDspDelay -> DspProcDelay -> DSP_Delay_Channel_Setting -> DspSpiWriteNByte -> SetDspPower -> DspProcPower -> DspMasterBoot -> CheckDspMessage -> DspSpiReadNByte -> ReadByteDsp -> SenseDspIrq</UL>
<BR>[Calls]<UL><LI><a href="#[be5840]">&gt;&gt;</a>&nbsp;&nbsp;&nbsp;SpkDistanceSetup
<LI><a href="#[ffc618]">&gt;&gt;</a>&nbsp;&nbsp;&nbsp;IsDistanceValid
<LI><a href="#[ffdef8]">&gt;&gt;</a>&nbsp;&nbsp;&nbsp;GetProtocolFloatValue
<LI><a href="#[126dcd4]">&gt;&gt;</a>&nbsp;&nbsp;&nbsp;__aeabi_f2uiz (via Veneer)
</UL>
<BR>[Address Reference Count : 1]<UL><LI> rs232_protocol.o(.constdata)
</UL>
<P><STRONG><a name="[ffc438]"></a>ProcCmdSPSR</STRONG> (Thumb, 94 bytes, Stack size 24 bytes, rs232_protocol.o(.text))
<BR><BR>[Stack]<UL><LI>Max Depth = 236 + Unknown Stack Size
<LI>Call Chain = ProcCmdSPSR -> SpkDistanceSetup -> SetSpkDistance -> SetDspDelay -> DspProcDelay -> DSP_Delay_Channel_Setting -> DspSpiWriteNByte -> SetDspPower -> DspProcPower -> DspMasterBoot -> CheckDspMessage -> DspSpiReadNByte -> ReadByteDsp -> SenseDspIrq</UL>
<BR>[Calls]<UL><LI><a href="#[be5840]">&gt;&gt;</a>&nbsp;&nbsp;&nbsp;SpkDistanceSetup
<LI><a href="#[ffc618]">&gt;&gt;</a>&nbsp;&nbsp;&nbsp;IsDistanceValid
<LI><a href="#[ffdef8]">&gt;&gt;</a>&nbsp;&nbsp;&nbsp;GetProtocolFloatValue
<LI><a href="#[126dcd4]">&gt;&gt;</a>&nbsp;&nbsp;&nbsp;__aeabi_f2uiz (via Veneer)
</UL>
<BR>[Address Reference Count : 1]<UL><LI> rs232_protocol.o(.constdata)
</UL>
<P><STRONG><a name="[ffc3c0]"></a>ProcCmdSPSL</STRONG> (Thumb, 94 bytes, Stack size 24 bytes, rs232_protocol.o(.text))
<BR><BR>[Stack]<UL><LI>Max Depth = 236 + Unknown Stack Size
<LI>Call Chain = ProcCmdSPSL -> SpkDistanceSetup -> SetSpkDistance -> SetDspDelay -> DspProcDelay -> DSP_Delay_Channel_Setting -> DspSpiWriteNByte -> SetDspPower -> DspProcPower -> DspMasterBoot -> CheckDspMessage -> DspSpiReadNByte -> ReadByteDsp -> SenseDspIrq</UL>
<BR>[Calls]<UL><LI><a href="#[be5840]">&gt;&gt;</a>&nbsp;&nbsp;&nbsp;SpkDistanceSetup
<LI><a href="#[ffc618]">&gt;&gt;</a>&nbsp;&nbsp;&nbsp;IsDistanceValid
<LI><a href="#[ffdef8]">&gt;&gt;</a>&nbsp;&nbsp;&nbsp;GetProtocolFloatValue
<LI><a href="#[126dcd4]">&gt;&gt;</a>&nbsp;&nbsp;&nbsp;__aeabi_f2uiz (via Veneer)
</UL>
<BR>[Address Reference Count : 1]<UL><LI> rs232_protocol.o(.constdata)
</UL>
<P><STRONG><a name="[ffc348]"></a>ProcCmdSPBR</STRONG> (Thumb, 94 bytes, Stack size 24 bytes, rs232_protocol.o(.text))
<BR><BR>[Stack]<UL><LI>Max Depth = 236 + Unknown Stack Size
<LI>Call Chain = ProcCmdSPBR -> SpkDistanceSetup -> SetSpkDistance -> SetDspDelay -> DspProcDelay -> DSP_Delay_Channel_Setting -> DspSpiWriteNByte -> SetDspPower -> DspProcPower -> DspMasterBoot -> CheckDspMessage -> DspSpiReadNByte -> ReadByteDsp -> SenseDspIrq</UL>
<BR>[Calls]<UL><LI><a href="#[be5840]">&gt;&gt;</a>&nbsp;&nbsp;&nbsp;SpkDistanceSetup
<LI><a href="#[ffc618]">&gt;&gt;</a>&nbsp;&nbsp;&nbsp;IsDistanceValid
<LI><a href="#[ffdef8]">&gt;&gt;</a>&nbsp;&nbsp;&nbsp;GetProtocolFloatValue
<LI><a href="#[126dcd4]">&gt;&gt;</a>&nbsp;&nbsp;&nbsp;__aeabi_f2uiz (via Veneer)
</UL>
<BR>[Address Reference Count : 1]<UL><LI> rs232_protocol.o(.constdata)
</UL>
<P><STRONG><a name="[ffc2d0]"></a>ProcCmdSPBL</STRONG> (Thumb, 94 bytes, Stack size 24 bytes, rs232_protocol.o(.text))
<BR><BR>[Stack]<UL><LI>Max Depth = 236 + Unknown Stack Size
<LI>Call Chain = ProcCmdSPBL -> SpkDistanceSetup -> SetSpkDistance -> SetDspDelay -> DspProcDelay -> DSP_Delay_Channel_Setting -> DspSpiWriteNByte -> SetDspPower -> DspProcPower -> DspMasterBoot -> CheckDspMessage -> DspSpiReadNByte -> ReadByteDsp -> SenseDspIrq</UL>
<BR>[Calls]<UL><LI><a href="#[be5840]">&gt;&gt;</a>&nbsp;&nbsp;&nbsp;SpkDistanceSetup
<LI><a href="#[ffc618]">&gt;&gt;</a>&nbsp;&nbsp;&nbsp;IsDistanceValid
<LI><a href="#[ffdef8]">&gt;&gt;</a>&nbsp;&nbsp;&nbsp;GetProtocolFloatValue
<LI><a href="#[126dcd4]">&gt;&gt;</a>&nbsp;&nbsp;&nbsp;__aeabi_f2uiz (via Veneer)
</UL>
<BR>[Address Reference Count : 1]<UL><LI> rs232_protocol.o(.constdata)
</UL>
<P><STRONG><a name="[ffc258]"></a>ProcCmdSPs</STRONG> (Thumb, 94 bytes, Stack size 24 bytes, rs232_protocol.o(.text))
<BR><BR>[Stack]<UL><LI>Max Depth = 236 + Unknown Stack Size
<LI>Call Chain = ProcCmdSPs -> SpkDistanceSetup -> SetSpkDistance -> SetDspDelay -> DspProcDelay -> DSP_Delay_Channel_Setting -> DspSpiWriteNByte -> SetDspPower -> DspProcPower -> DspMasterBoot -> CheckDspMessage -> DspSpiReadNByte -> ReadByteDsp -> SenseDspIrq</UL>
<BR>[Calls]<UL><LI><a href="#[be5840]">&gt;&gt;</a>&nbsp;&nbsp;&nbsp;SpkDistanceSetup
<LI><a href="#[ffc618]">&gt;&gt;</a>&nbsp;&nbsp;&nbsp;IsDistanceValid
<LI><a href="#[ffdef8]">&gt;&gt;</a>&nbsp;&nbsp;&nbsp;GetProtocolFloatValue
<LI><a href="#[126dcd4]">&gt;&gt;</a>&nbsp;&nbsp;&nbsp;__aeabi_f2uiz (via Veneer)
</UL>
<BR>[Address Reference Count : 1]<UL><LI> rs232_protocol.o(.constdata)
</UL>
<P><STRONG><a name="[ffc1e0]"></a>ProcCmdSZL</STRONG> (Thumb, 72 bytes, Stack size 16 bytes, rs232_protocol.o(.text))
<BR><BR>[Stack]<UL><LI>Max Depth = 416 + Unknown Stack Size
<LI>Call Chain = ProcCmdSZL -> SpkConfigSetup -> SetDspSpkMode -> DspProcSpkMode -> SetBassManagerSpeaker -> C11SetBass -> DSP_BASS_X_INPUT_LEVEL_BACK -> ConvertDbValue -> pow -> __kernel_poly -> __aeabi_dmul</UL>
<BR>[Calls]<UL><LI><a href="#[be5a3c]">&gt;&gt;</a>&nbsp;&nbsp;&nbsp;SpkConfigSetup
<LI><a href="#[bf97bc]">&gt;&gt;</a>&nbsp;&nbsp;&nbsp;SetDspSpkMode
</UL>
<BR>[Address Reference Count : 1]<UL><LI> rs232_protocol.o(.constdata)
</UL>
<P><STRONG><a name="[ffc168]"></a>ProcCmdSZR</STRONG> (Thumb, 72 bytes, Stack size 16 bytes, rs232_protocol.o(.text))
<BR><BR>[Stack]<UL><LI>Max Depth = 416 + Unknown Stack Size
<LI>Call Chain = ProcCmdSZR -> SpkConfigSetup -> SetDspSpkMode -> DspProcSpkMode -> SetBassManagerSpeaker -> C11SetBass -> DSP_BASS_X_INPUT_LEVEL_BACK -> ConvertDbValue -> pow -> __kernel_poly -> __aeabi_dmul</UL>
<BR>[Calls]<UL><LI><a href="#[be5a3c]">&gt;&gt;</a>&nbsp;&nbsp;&nbsp;SpkConfigSetup
<LI><a href="#[bf97bc]">&gt;&gt;</a>&nbsp;&nbsp;&nbsp;SetDspSpkMode
</UL>
<BR>[Address Reference Count : 1]<UL><LI> rs232_protocol.o(.constdata)
</UL>
<P><STRONG><a name="[ffc0f0]"></a>ProcCmdSZSL</STRONG> (Thumb, 96 bytes, Stack size 16 bytes, rs232_protocol.o(.text))
<BR><BR>[Stack]<UL><LI>Max Depth = 416 + Unknown Stack Size
<LI>Call Chain = ProcCmdSZSL -> SpkConfigSetup -> SetDspSpkMode -> DspProcSpkMode -> SetBassManagerSpeaker -> C11SetBass -> DSP_BASS_X_INPUT_LEVEL_BACK -> ConvertDbValue -> pow -> __kernel_poly -> __aeabi_dmul</UL>
<BR>[Calls]<UL><LI><a href="#[be5a3c]">&gt;&gt;</a>&nbsp;&nbsp;&nbsp;SpkConfigSetup
<LI><a href="#[bf97bc]">&gt;&gt;</a>&nbsp;&nbsp;&nbsp;SetDspSpkMode
</UL>
<BR>[Address Reference Count : 1]<UL><LI> rs232_protocol.o(.constdata)
</UL>
<P><STRONG><a name="[ffc078]"></a>ProcCmdSZSR</STRONG> (Thumb, 72 bytes, Stack size 16 bytes, rs232_protocol.o(.text))
<BR><BR>[Stack]<UL><LI>Max Depth = 416 + Unknown Stack Size
<LI>Call Chain = ProcCmdSZSR -> SpkConfigSetup -> SetDspSpkMode -> DspProcSpkMode -> SetBassManagerSpeaker -> C11SetBass -> DSP_BASS_X_INPUT_LEVEL_BACK -> ConvertDbValue -> pow -> __kernel_poly -> __aeabi_dmul</UL>
<BR>[Calls]<UL><LI><a href="#[be5a3c]">&gt;&gt;</a>&nbsp;&nbsp;&nbsp;SpkConfigSetup
<LI><a href="#[bf97bc]">&gt;&gt;</a>&nbsp;&nbsp;&nbsp;SetDspSpkMode
</UL>
[...]
</UL>

<P><STRONG><a name="[102dba8]"></a>GetCrossoverPoint</STRONG> (Thumb, 48 bytes, Stack size 16 bytes, auto_sound.o(.text))
<BR><BR>[Stack]<UL><LI>Max Depth = 20<LI>Call Chain = GetCrossoverPoint -> __aeabi_fdiv</UL>
<BR>[Calls]<UL><LI><a href="#[126d250]">&gt;&gt;</a>&nbsp;&nbsp;&nbsp;__aeabi_ui2f (via Veneer)
<LI><a href="#[126dcd4]">&gt;&gt;</a>&nbsp;&nbsp;&nbsp;__aeabi_f2uiz (via Veneer)
<LI><a href="#[126f3f8]">&gt;&gt;</a>&nbsp;&nbsp;&nbsp;__aeabi_fdiv (via Veneer)
<LI><a href="#[1270454]">&gt;&gt;</a>&nbsp;&nbsp;&nbsp;__aeabi_fsub (via Veneer)
</UL>
<BR>[Called By]<UL><LI><a href="#[102b484]">&lt;&lt;</a>&nbsp;&nbsp;&nbsp;ASProcSetSpeakerphase
</UL>

<P><STRONG><a name="[101b6a8]"></a>get_freq</STRONG> (Thumb, 26 bytes, Stack size 0 bytes, radio_task.o(.text))
<BR><BR>[Called By]<UL><LI><a href="#[1064610]">&lt;&lt;</a>&nbsp;&nbsp;&nbsp;RadioProcMessage
</UL>

<P><STRONG><a name="[101b53c]"></a>PreProcDigitKey</STRONG> (Thumb, 144 bytes, Stack size 4 bytes, radio_task.o(.text))
<BR><BR>[Stack]<UL><LI>Max Depth = 4<LI>Call Chain = PreProcDigitKey</UL>
<BR>[Calls]<UL><LI><a href="#[126a0d0]">&gt;&gt;</a>&nbsp;&nbsp;&nbsp;__ARM_switch8 (via Veneer)
</UL>
<BR>[Called By]<UL><LI><a href="#[10185b4]">&lt;&lt;</a>&nbsp;&nbsp;&nbsp;RadioKeyService
</UL>

<P><STRONG><a name="[101b4c4]"></a>SaveExit</STRONG> (Thumb, 22 bytes, Stack size 8 bytes, radio_task.o(.text))
<BR><BR>[Stack]<UL><LI>Max Depth = 56<LI>Call Chain = SaveExit -> MsgSetVfdShow -> SendMessage -> IsMsgQueueFull</UL>
<BR>[Calls]<UL><LI><a href="#[ff6938]">&gt;&gt;</a>&nbsp;&nbsp;&nbsp;MsgSetVfdShow
<LI><a href="#[1018ea0]">&gt;&gt;</a>&nbsp;&nbsp;&nbsp;SetRadioStatus
</UL>
<BR>[Called By]<UL><LI><a href="#[10186b4]">&lt;&lt;</a>&nbsp;&nbsp;&nbsp;PreProcSaveKey
</UL>

<P><STRONG><a name="[101b44c]"></a>SaveInit</STRONG> (Thumb, 30 bytes, Stack size 8 bytes, radio_task.o(.text))
<BR><BR>[Stack]<UL><LI>Max Depth = 616 + Unknown Stack Size
<LI>Call Chain = SaveInit -> UpdateSaveVfd -> VfdDisplay -> vsprintf -> _printf_char_common -> __printf -> _printf_fp_dec -> _printf_fp_dec_real -> _fp_display -> _fp_digits -> _btod_etento -> _btod_emul -> _e2e</UL>
<BR>[Calls]<UL><LI><a href="#[10188b4]">&gt;&gt;</a>&nbsp;&nbsp;&nbsp;UpdateSaveVfd
<LI><a href="#[1018ea0]">&gt;&gt;</a>&nbsp;&nbsp;&nbsp;SetRadioStatus
</UL>
<BR>[Called By]<UL><LI><a href="#[10185b4]">&lt;&lt;</a>&nbsp;&nbsp;&nbsp;RadioKeyService
</UL>

<P><STRONG><a name="[10e295c]"></a>i2c_ack</STRONG> (Thumb, 286 bytes, Stack size 24 bytes, i2cdrv.o(.text))
<BR><BR>[Stack]<UL><LI>Max Depth = 24 + Unknown Stack Size
<LI>Call Chain = i2c_ack</UL>
<BR>[Calls]<UL><LI><a href="#[10ec820]">&gt;&gt;</a>&nbsp;&nbsp;&nbsp;wait_timer
<LI><a href="#[1269b7c]">&gt;&gt;</a>&nbsp;&nbsp;&nbsp;__ARM_call_via_r1
<LI><a href="#[1269c48]">&gt;&gt;</a>&nbsp;&nbsp;&nbsp;__ARM_call_via_r0
</UL>
<BR>[Called By]<UL><LI><a href="#[10d32f0]">&lt;&lt;</a>&nbsp;&nbsp;&nbsp;I2C_byteread
<LI><a href="#[10e23a8]">&lt;&lt;</a>&nbsp;&nbsp;&nbsp;I2CReadNByte
<LI><a href="#[10e27f0]">&lt;&lt;</a>&nbsp;&nbsp;&nbsp;i2c_writebyte
</UL>

<P><STRONG><a name="[10e28e4]"></a>i2c_start</STRONG> (Thumb, 102 bytes, Stack size 8 bytes, i2cdrv.o(.text))
<BR><BR>[Stack]<UL><LI>Max Depth = 8 + Unknown Stack Size
<LI>Call Chain = i2c_start</UL>
<BR>[Calls]<UL><LI><a href="#[10ec820]">&gt;&gt;</a>&nbsp;&nbsp;&nbsp;wait_timer
<LI><a href="#[1269b7c]">&gt;&gt;</a>&nbsp;&nbsp;&nbsp;__ARM_call_via_r1
</UL>
<BR>[Called By]<UL><LI><a href="#[10d3274]">&lt;&lt;</a>&nbsp;&nbsp;&nbsp;I2C_bytewrite
<LI><a href="#[10d32f0]">&lt;&lt;</a>&nbsp;&nbsp;&nbsp;I2C_byteread
<LI><a href="#[10e23a8]">&lt;&lt;</a>&nbsp;&nbsp;&nbsp;I2CReadNByte
<LI><a href="#[10e2424]">&lt;&lt;</a>&nbsp;&nbsp;&nbsp;I2CWriteNByte
</UL>

<P><STRONG><a name="[10e286c]"></a>i2c_stop</STRONG> (Thumb, 72 bytes, Stack size 8 bytes, i2cdrv.o(.text))
<BR><BR>[Stack]<UL><LI>Max Depth = 8 + Unknown Stack Size
<LI>Call Chain = i2c_stop</UL>
<BR>[Calls]<UL><LI><a href="#[10ec820]">&gt;&gt;</a>&nbsp;&nbsp;&nbsp;wait_timer
<LI><a href="#[1269b7c]">&gt;&gt;</a>&nbsp;&nbsp;&nbsp;__ARM_call_via_r1
</UL>
<BR>[Called By]<UL><LI><a href="#[10d3274]">&lt;&lt;</a>&nbsp;&nbsp;&nbsp;I2C_bytewrite
<LI><a href="#[10d32f0]">&lt;&lt;</a>&nbsp;&nbsp;&nbsp;I2C_byteread
<LI><a href="#[10e23a8]">&lt;&lt;</a>&nbsp;&nbsp;&nbsp;I2CReadNByte
<LI><a href="#[10e2424]">&lt;&lt;</a>&nbsp;&nbsp;&nbsp;I2CWriteNByte
</UL>

<P><STRONG><a name="[10e27f0]"></a>i2c_writebyte</STRONG> (Thumb, 158 bytes, Stack size 16 bytes, i2cdrv.o(.text))
<BR><BR>[Stack]<UL><LI>Max Depth = 40 + Unknown Stack Size
<LI>Call Chain = i2c_writebyte -> i2c_ack</UL>
<BR>[Calls]<UL><LI><a href="#[10e295c]">&gt;&gt;</a>&nbsp;&nbsp;&nbsp;i2c_ack
<LI><a href="#[10ec820]">&gt;&gt;</a>&nbsp;&nbsp;&nbsp;wait_timer
<LI><a href="#[1269b7c]">&gt;&gt;</a>&nbsp;&nbsp;&nbsp;__ARM_call_via_r1
</UL>
<BR>[Called By]<UL><LI><a href="#[10d3274]">&lt;&lt;</a>&nbsp;&nbsp;&nbsp;I2C_bytewrite
<LI><a href="#[10d32f0]">&lt;&lt;</a>&nbsp;&nbsp;&nbsp;I2C_byteread
<LI><a href="#[10e23a8]">&lt;&lt;</a>&nbsp;&nbsp;&nbsp;I2CReadNByte
<LI><a href="#[10e2424]">&lt;&lt;</a>&nbsp;&nbsp;&nbsp;I2CWriteNByte
</UL>

<P><STRONG><a name="[10e2774]"></a>i2c_readbyte</STRONG> (Thumb, 132 bytes, Stack size 16 bytes, i2cdrv.o(.text))
<BR><BR>[Stack]<UL><LI>Max Depth = 16 + Unknown Stack Size
<LI>Call Chain = i2c_readbyte</UL>
<BR>[Calls]<UL><LI><a href="#[10ec820]">&gt;&gt;</a>&nbsp;&nbsp;&nbsp;wait_timer
<LI><a href="#[1269b7c]">&gt;&gt;</a>&nbsp;&nbsp;&nbsp;__ARM_call_via_r1
<LI><a href="#[1269c48]">&gt;&gt;</a>&nbsp;&nbsp;&nbsp;__ARM_call_via_r0
</UL>
<BR>[Called By]<UL><LI><a href="#[10d32f0]">&lt;&lt;</a>&nbsp;&nbsp;&nbsp;I2C_byteread
<LI><a href="#[10e23a8]">&lt;&lt;</a>&nbsp;&nbsp;&nbsp;I2CReadNByte
</UL>

<P><STRONG><a name="[10fc110]"></a>Iec4094Sendbyte</STRONG> (Thumb, 68 bytes, Stack size 16 bytes, ic4094.o(.text))
<BR><BR>[Stack]<UL><LI>Max Depth = 16<LI>Call Chain = Iec4094Sendbyte</UL>
<BR>[Calls]<UL><LI><a href="#[10ec820]">&gt;&gt;</a>&nbsp;&nbsp;&nbsp;wait_timer
<LI><a href="#[10fb500]">&gt;&gt;</a>&nbsp;&nbsp;&nbsp;SetData4094
<LI><a href="#[10fb668]">&gt;&gt;</a>&nbsp;&nbsp;&nbsp;Set4094Clk
</UL>
<BR>[Called By]<UL><LI><a href="#[10fbbe0]">&lt;&lt;</a>&nbsp;&nbsp;&nbsp;Ext4094Sendbyte
</UL>

<P><STRONG><a name="[111520c]"></a>Mas9116WriteWord</STRONG> (Thumb, 84 bytes, Stack size 16 bytes, mas9116.o(.text))
<BR><BR>[Stack]<UL><LI>Max Depth = 16<LI>Call Chain = Mas9116WriteWord</UL>
<BR>[Calls]<UL><LI><a href="#[ff1948]">&gt;&gt;</a>&nbsp;&nbsp;&nbsp;SetIoport0
<LI><a href="#[10ec820]">&gt;&gt;</a>&nbsp;&nbsp;&nbsp;wait_timer
<LI><a href="#[10ec988]">&gt;&gt;</a>&nbsp;&nbsp;&nbsp;SetIoport1
</UL>
<BR>[Called By]<UL><LI><a href="#[1114a9c]">&lt;&lt;</a>&nbsp;&nbsp;&nbsp;Mas9116Reset
<LI><a href="#[1114b18]">&lt;&lt;</a>&nbsp;&nbsp;&nbsp;Mas9116SetGain
</UL>

<P><STRONG><a name="[10c954c]"></a>CheckInputChannel</STRONG> (Thumb, 386 bytes, Stack size 16 bytes, channel.o(.text))
<BR><BR>[Stack]<UL><LI>Max Depth = 200 + Unknown Stack Size
<LI>Call Chain = CheckInputChannel -> DigitalInSelectChannel -> DigiSendByte -> I2C_bytewrite -> i2c_writebyte -> i2c_ack</UL>
<BR>[Calls]<UL><LI><a href="#[1018530]">&gt;&gt;</a>&nbsp;&nbsp;&nbsp;AnalogInSelectChannel
<LI><a href="#[1047c60]">&gt;&gt;</a>&nbsp;&nbsp;&nbsp;AnalogInputTypeSelect
<LI><a href="#[1047ce4]">&gt;&gt;</a>&nbsp;&nbsp;&nbsp;Analog7CH1OutSelectChannel
<LI><a href="#[10c85c8]">&gt;&gt;</a>&nbsp;&nbsp;&nbsp;CheckAnalogIn
<LI><a href="#[10c86c8]">&gt;&gt;</a>&nbsp;&nbsp;&nbsp;DigitalInSelectChannel
<LI><a href="#[10d33e8]">&gt;&gt;</a>&nbsp;&nbsp;&nbsp;CheckCs8416Unlock
</UL>
<BR>[Called By]<UL><LI><a href="#[1046fa0]">&lt;&lt;</a>&nbsp;&nbsp;&nbsp;SystemSearchInputChannel
<LI><a href="#[1047b6c]">&lt;&lt;</a>&nbsp;&nbsp;&nbsp;CheckInput
<LI><a href="#[10c84c8]">&lt;&lt;</a>&nbsp;&nbsp;&nbsp;SystemSelectInputChannel
</UL>

<P><STRONG><a name="[10b59b0]"></a>Write_Byte</STRONG> (Thumb, 56 bytes, Stack size 16 bytes, dsp_spi.o(.text))
<BR><BR>[Stack]<UL><LI>Max Depth = 16<LI>Call Chain = Write_Byte</UL>
<BR>[Calls]<UL><LI><a href="#[10f541c]">&gt;&gt;</a>&nbsp;&nbsp;&nbsp;Set_Spi_MOSI
<LI><a href="#[10f5498]">&gt;&gt;</a>&nbsp;&nbsp;&nbsp;Set_Spi_Clk
</UL>
<BR>[Called By]<UL><LI><a href="#[10b508c]">&lt;&lt;</a>&nbsp;&nbsp;&nbsp;DspSpiReadNByte
<LI><a href="#[10b5108]">&lt;&lt;</a>&nbsp;&nbsp;&nbsp;DspSpiWriteNByte
</UL>

<P><STRONG><a name="[10b5938]"></a>ReadByteDsp</STRONG> (Thumb, 82 bytes, Stack size 16 bytes, dsp_spi.o(.text))
<BR><BR>[Stack]<UL><LI>Max Depth = 20<LI>Call Chain = ReadByteDsp -> SenseDspIrq</UL>
<BR>[Calls]<UL><LI><a href="#[10f53a0]">&gt;&gt;</a>&nbsp;&nbsp;&nbsp;Sense_Spi_MISO
<LI><a href="#[10f5498]">&gt;&gt;</a>&nbsp;&nbsp;&nbsp;Set_Spi_Clk
<LI><a href="#[10f5604]">&gt;&gt;</a>&nbsp;&nbsp;&nbsp;SenseDspIrq
</UL>
<BR>[Called By]<UL><LI><a href="#[10b508c]">&lt;&lt;</a>&nbsp;&nbsp;&nbsp;DspSpiReadNByte
</UL>

<P><STRONG><a name="[11b6570]"></a>__arm_div4</STRONG> (ARM, 0 bytes, Stack size unknown bytes, aeabi_sdiv.o(.text))
<BR><BR>[Called By]<UL><LI><a href="#[11b61c8]">&lt;&lt;</a>&nbsp;&nbsp;&nbsp;__aeabi_uidivmod
</UL>

<P><STRONG><a name="[11b64f8]"></a>__arm_div8</STRONG> (ARM, 0 bytes, Stack size unknown bytes, aeabi_sdiv.o(.text))
<BR><BR>[Called By]<UL><LI><a href="#[11b61c8]">&lt;&lt;</a>&nbsp;&nbsp;&nbsp;__aeabi_uidivmod
</UL>

<P><STRONG><a name="[11b647c]"></a>__arm_div_large</STRONG> (ARM, 0 bytes, Stack size unknown bytes, aeabi_sdiv.o(.text))
<BR><BR>[Called By]<UL><LI><a href="#[11b61c8]">&lt;&lt;</a>&nbsp;&nbsp;&nbsp;__aeabi_uidivmod
</UL>

<P><STRONG><a name="[11b2048]"></a>_dadd1</STRONG> (ARM, 0 bytes, Stack size unknown bytes, daddsub_noclz.o(x$fpl$dadd), UNUSED)
<BR><BR>[Called By]<UL><LI><a href="#[11b1960]">&lt;&lt;</a>&nbsp;&nbsp;&nbsp;_dsub
<LI><a href="#[11b1a24]">&lt;&lt;</a>&nbsp;&nbsp;&nbsp;_drsb
</UL>

<P><STRONG><a name="[11b1e6c]"></a>_dsub1</STRONG> (ARM, 0 bytes, Stack size unknown bytes, daddsub_noclz.o(x$fpl$dsub), UNUSED)
<BR><BR>[Called By]<UL><LI><a href="#[11b1a24]">&lt;&lt;</a>&nbsp;&nbsp;&nbsp;_drsb
<LI><a href="#[11b1b14]">&lt;&lt;</a>&nbsp;&nbsp;&nbsp;_dadd
</UL>

<P><STRONG><a name="[1270a24]"></a>_fadd1</STRONG> (ARM, 0 bytes, Stack size unknown bytes, faddsub_noclz.o(x$fpl$fadd), UNUSED)
<BR><BR>[Called By]<UL><LI><a href="#[12703e0]">&lt;&lt;</a>&nbsp;&nbsp;&nbsp;_fsub
</UL>

<P><STRONG><a name="[1270848]"></a>_fsub1</STRONG> (ARM, 0 bytes, Stack size unknown bytes, faddsub_noclz.o(x$fpl$fsub), UNUSED)
<BR><BR>[Called By]<UL><LI><a href="#[1270594]">&lt;&lt;</a>&nbsp;&nbsp;&nbsp;_fadd
</UL>

<P><STRONG><a name="[1280c40]"></a>_fp_digits</STRONG> (Thumb, 492 bytes, Stack size 96 bytes, _printf_fp_dec.o(.text))
<BR><BR>[Stack]<UL><LI>Max Depth = 216<LI>Call Chain = _fp_digits -> _btod_etento -> _btod_emul -> _e2e</UL>
<BR>[Calls]<UL><LI><a href="#[1263c44]">&gt;&gt;</a>&nbsp;&nbsp;&nbsp;__ARM_stackcheck (Weak Reference)
<LI><a href="#[1274450]">&gt;&gt;</a>&nbsp;&nbsp;&nbsp;_btod_emul (via Veneer)
<LI><a href="#[12744a0]">&gt;&gt;</a>&nbsp;&nbsp;&nbsp;_btod_ediv (via Veneer)
<LI><a href="#[12744f0]">&gt;&gt;</a>&nbsp;&nbsp;&nbsp;_btod_d2e (via Veneer)
<LI><a href="#[12753e8]">&gt;&gt;</a>&nbsp;&nbsp;&nbsp;_btod_etento
<LI><a href="#[1275a08]">&gt;&gt;</a>&nbsp;&nbsp;&nbsp;_ll_udiv10 (via Veneer)
<LI><a href="#[1287734]">&gt;&gt;</a>&nbsp;&nbsp;&nbsp;__support_dtoi (via Veneer)
<LI><a href="#[1288044]">&gt;&gt;</a>&nbsp;&nbsp;&nbsp;__ieee_status (via Veneer)
</UL>
<BR>[Called By]<UL><LI><a href="#[1280ad0]">&lt;&lt;</a>&nbsp;&nbsp;&nbsp;_fp_display
</UL>

<P><STRONG><a name="[1280bc8]"></a>_fp_addexp</STRONG> (Thumb, 72 bytes, Stack size 16 bytes, _printf_fp_dec.o(.text))
<BR><BR>[Stack]<UL><LI>Max Depth = 16<LI>Call Chain = _fp_addexp</UL>
<BR>[Calls]<UL><LI><a href="#[11b6294]">&gt;&gt;</a>&nbsp;&nbsp;&nbsp;__aeabi_idivmod (via Veneer)
<LI><a href="#[1263c44]">&gt;&gt;</a>&nbsp;&nbsp;&nbsp;__ARM_stackcheck (Weak Reference)
</UL>
<BR>[Called By]<UL><LI><a href="#[1280ad0]">&lt;&lt;</a>&nbsp;&nbsp;&nbsp;_fp_display
</UL>

<P><STRONG><a name="[128b380]"></a>__ARM_exceptions_init</STRONG> (Unknown, 0 bytes, Stack size 0 bytes, UNDEFINED)
<BR><BR>[Called By]<UL><LI><a href="#[128b4cc]">&lt;&lt;</a>&nbsp;&nbsp;&nbsp;__rt_lib_init (Weak Reference)
</UL>

<P><STRONG><a name="[1263c44]"></a>__ARM_stackcheck</STRONG> (Unknown, 0 bytes, Stack size 0 bytes, UNDEFINED)
<BR><BR>[Called By]<UL><LI><a href="#[1263d44]">&lt;&lt;</a>&nbsp;&nbsp;&nbsp;__set_errno (Weak Reference)
<LI><a href="#[1263d94]">&lt;&lt;</a>&nbsp;&nbsp;&nbsp;__read_errno (Weak Reference)
<LI><a href="#[12718b8]">&lt;&lt;</a>&nbsp;&nbsp;&nbsp;__printf (Weak Reference)
<LI><a href="#[12753e8]">&lt;&lt;</a>&nbsp;&nbsp;&nbsp;_btod_etento (Weak Reference)
<LI><a href="#[1280a80]">&lt;&lt;</a>&nbsp;&nbsp;&nbsp;_printf_fp_dec_real (Weak Reference)
<LI><a href="#[1280ad0]">&lt;&lt;</a>&nbsp;&nbsp;&nbsp;_fp_display (Weak Reference)
<LI><a href="#[1280bc8]">&lt;&lt;</a>&nbsp;&nbsp;&nbsp;_fp_addexp (Weak Reference)
<LI><a href="#[1280c40]">&lt;&lt;</a>&nbsp;&nbsp;&nbsp;_fp_digits (Weak Reference)
<LI><a href="#[1281180]">&lt;&lt;</a>&nbsp;&nbsp;&nbsp;_get_lc_ctype (Weak Reference)
<LI><a href="#[128b47c]">&lt;&lt;</a>&nbsp;&nbsp;&nbsp;__rt_lib_shutdown (Weak Reference)
<LI><a href="#[128b4cc]">&lt;&lt;</a>&nbsp;&nbsp;&nbsp;__rt_lib_init (Weak Reference)
<LI><a href="#[128eb94]">&lt;&lt;</a>&nbsp;&nbsp;&nbsp;exit (Weak Reference)
<LI><a href="#[128f17c]">&lt;&lt;</a>&nbsp;&nbsp;&nbsp;_get_lc_numeric (Weak Reference)
<LI><a href="#[128fae4]">&lt;&lt;</a>&nbsp;&nbsp;&nbsp;_wcrtomb (Weak Reference)
</UL>

<P><STRONG><a name="[128b304]"></a>__Heap_DescSize</STRONG> (Unknown, 0 bytes, Stack size 0 bytes, UNDEFINED)
<BR><BR>[Called By]<UL><LI><a href="#[128b4cc]">&lt;&lt;</a>&nbsp;&nbsp;&nbsp;__rt_lib_init (Weak Reference)
</UL>

<P><STRONG><a name="[128b284]"></a>__alloca_initialize</STRONG> (Unknown, 0 bytes, Stack size 0 bytes, UNDEFINED)
<BR><BR>[Called By]<UL><LI><a href="#[128b4cc]">&lt;&lt;</a>&nbsp;&nbsp;&nbsp;__rt_lib_init (Weak Reference)
</UL>

<P><STRONG><a name="[128b1fc]"></a>__cpp_initialize__aeabi_</STRONG> (Unknown, 0 bytes, Stack size 0 bytes, UNDEFINED)
<BR><BR>[Called By]<UL><LI><a href="#[128b4cc]">&lt;&lt;</a>&nbsp;&nbsp;&nbsp;__rt_lib_init (Weak Reference)
</UL>

<P><STRONG><a name="[128b180]"></a>__cxa_finalize</STRONG> (Unknown, 0 bytes, Stack size 0 bytes, UNDEFINED)
<BR><BR>[Called By]<UL><LI><a href="#[128b47c]">&lt;&lt;</a>&nbsp;&nbsp;&nbsp;__rt_lib_shutdown (Weak Reference)
</UL>

<P><STRONG><a name="[11b2758]"></a>__fpl_infinity</STRONG> (Unknown, 0 bytes, Stack size 0 bytes, UNDEFINED)
<BR><BR>[Called By]<UL><LI><a href="#[11aee94]">&lt;&lt;</a>&nbsp;&nbsp;&nbsp;_dmul (Weak Reference)
<LI><a href="#[11b0724]">&lt;&lt;</a>&nbsp;&nbsp;&nbsp;_ddiv (Weak Reference)
<LI><a href="#[11b1960]">&lt;&lt;</a>&nbsp;&nbsp;&nbsp;_dsub (Weak Reference)
<LI><a href="#[11b1b14]">&lt;&lt;</a>&nbsp;&nbsp;&nbsp;_dadd (Weak Reference)
<LI><a href="#[11b2618]">&lt;&lt;</a>&nbsp;&nbsp;&nbsp;_d2f (Weak Reference)
<LI><a href="#[126c8ec]">&lt;&lt;</a>&nbsp;&nbsp;&nbsp;_fmul (Weak Reference)
<LI><a href="#[126dc60]">&lt;&lt;</a>&nbsp;&nbsp;&nbsp;_ffixu (Weak Reference)
<LI><a href="#[126e79c]">&lt;&lt;</a>&nbsp;&nbsp;&nbsp;_ffix (Weak Reference)
<LI><a href="#[126f384]">&lt;&lt;</a>&nbsp;&nbsp;&nbsp;_fdiv (Weak Reference)
<LI><a href="#[12703e0]">&lt;&lt;</a>&nbsp;&nbsp;&nbsp;_fsub (Weak Reference)
<LI><a href="#[1270594]">&lt;&lt;</a>&nbsp;&nbsp;&nbsp;_fadd (Weak Reference)
<LI><a href="#[1270fac]">&lt;&lt;</a>&nbsp;&nbsp;&nbsp;_f2d (Weak Reference)
<LI><a href="#[127b45c]">&lt;&lt;</a>&nbsp;&nbsp;&nbsp;scalbn (Weak Reference)
<LI><a href="#[127c448]">&lt;&lt;</a>&nbsp;&nbsp;&nbsp;__fpl_fcmp_InfNaN (Weak Reference)
<LI><a href="#[127d98c]">&lt;&lt;</a>&nbsp;&nbsp;&nbsp;__fpl_dcmp_InfNaN (Weak Reference)
<LI><a href="#[12890a8]">&lt;&lt;</a>&nbsp;&nbsp;&nbsp;_dsqrt (Weak Reference)
</UL>

<P><STRONG><a name="[11b3618]"></a>__user_heap_extend</STRONG> (Unknown, 0 bytes, Stack size 0 bytes, UNDEFINED, UNUSED)
<BR><BR>[Called By]<UL><LI><a href="#[11b3434]">&lt;&lt;</a>&nbsp;&nbsp;&nbsp;__rt_heap_extend (Weak Reference)
</UL>

<P><STRONG><a name="[128b104]"></a>_atexit_init</STRONG> (Unknown, 0 bytes, Stack size 0 bytes, UNDEFINED)
<BR><BR>[Called By]<UL><LI><a href="#[128b4cc]">&lt;&lt;</a>&nbsp;&nbsp;&nbsp;__rt_lib_init (Weak Reference)
</UL>

<P><STRONG><a name="[128eac4]"></a>_call_atexit_fns</STRONG> (Unknown, 0 bytes, Stack size 0 bytes, UNDEFINED)
<BR><BR>[Called By]<UL><LI><a href="#[128eb94]">&lt;&lt;</a>&nbsp;&nbsp;&nbsp;exit (Weak Reference)
</UL>

<P><STRONG><a name="[128b08c]"></a>_clock_init</STRONG> (Unknown, 0 bytes, Stack size 0 bytes, UNDEFINED)
<BR><BR>[Called By]<UL><LI><a href="#[128b4cc]">&lt;&lt;</a>&nbsp;&nbsp;&nbsp;__rt_lib_init (Weak Reference)
</UL>

<P><STRONG><a name="[128b010]"></a>_fp_trap_init</STRONG> (Unknown, 0 bytes, Stack size 0 bytes, UNDEFINED)
<BR><BR>[Called By]<UL><LI><a href="#[128b4cc]">&lt;&lt;</a>&nbsp;&nbsp;&nbsp;__rt_lib_init (Weak Reference)
</UL>

<P><STRONG><a name="[128af94]"></a>_get_lc_collate</STRONG> (Unknown, 0 bytes, Stack size 0 bytes, UNDEFINED)
<BR><BR>[Called By]<UL><LI><a href="#[128b4cc]">&lt;&lt;</a>&nbsp;&nbsp;&nbsp;__rt_lib_init (Weak Reference)
</UL>

<P><STRONG><a name="[128ae98]"></a>_get_lc_monetary</STRONG> (Unknown, 0 bytes, Stack size 0 bytes, UNDEFINED)
<BR><BR>[Called By]<UL><LI><a href="#[128b4cc]">&lt;&lt;</a>&nbsp;&nbsp;&nbsp;__rt_lib_init (Weak Reference)
</UL>

<P><STRONG><a name="[128ae1c]"></a>_get_lc_time</STRONG> (Unknown, 0 bytes, Stack size 0 bytes, UNDEFINED)
<BR><BR>[Called By]<UL><LI><a href="#[128b4cc]">&lt;&lt;</a>&nbsp;&nbsp;&nbsp;__rt_lib_init (Weak Reference)
</UL>

<P><STRONG><a name="[128ada0]"></a>_getenv_init</STRONG> (Unknown, 0 bytes, Stack size 0 bytes, UNDEFINED)
<BR><BR>[Called By]<UL><LI><a href="#[128b4cc]">&lt;&lt;</a>&nbsp;&nbsp;&nbsp;__rt_lib_init (Weak Reference)
</UL>

<P><STRONG><a name="[128ad28]"></a>_init_alloc</STRONG> (Unknown, 0 bytes, Stack size 0 bytes, UNDEFINED)
<BR><BR>[Called By]<UL><LI><a href="#[128b4cc]">&lt;&lt;</a>&nbsp;&nbsp;&nbsp;__rt_lib_init (Weak Reference)
</UL>

<P><STRONG><a name="[128aca8]"></a>_init_user_alloc</STRONG> (Unknown, 0 bytes, Stack size 0 bytes, UNDEFINED)
<BR><BR>[Called By]<UL><LI><a href="#[128b4cc]">&lt;&lt;</a>&nbsp;&nbsp;&nbsp;__rt_lib_init (Weak Reference)
</UL>

<P><STRONG><a name="[128ac34]"></a>_initio</STRONG> (Unknown, 0 bytes, Stack size 0 bytes, UNDEFINED)
<BR><BR>[Called By]<UL><LI><a href="#[128b4cc]">&lt;&lt;</a>&nbsp;&nbsp;&nbsp;__rt_lib_init (Weak Reference)
</UL>

<P><STRONG><a name="[127183c]"></a>_printf_mbtowc</STRONG> (Unknown, 0 bytes, Stack size 0 bytes, UNDEFINED)
<BR><BR>[Called By]<UL><LI><a href="#[12718b8]">&lt;&lt;</a>&nbsp;&nbsp;&nbsp;__printf (Weak Reference)
</UL>

<P><STRONG><a name="[12717c4]"></a>_printf_wc</STRONG> (Unknown, 0 bytes, Stack size 0 bytes, UNDEFINED)
<BR><BR>[Called By]<UL><LI><a href="#[12718b8]">&lt;&lt;</a>&nbsp;&nbsp;&nbsp;__printf (Weak Reference)
</UL>

<P><STRONG><a name="[128abbc]"></a>_rand_init</STRONG> (Unknown, 0 bytes, Stack size 0 bytes, UNDEFINED)
<BR><BR>[Called By]<UL><LI><a href="#[128b4cc]">&lt;&lt;</a>&nbsp;&nbsp;&nbsp;__rt_lib_init (Weak Reference)
</UL>

<P><STRONG><a name="[128ab40]"></a>_signal_init</STRONG> (Unknown, 0 bytes, Stack size 0 bytes, UNDEFINED)
<BR><BR>[Called By]<UL><LI><a href="#[128b4cc]">&lt;&lt;</a>&nbsp;&nbsp;&nbsp;__rt_lib_init (Weak Reference)
</UL>

<P><STRONG><a name="[128aabc]"></a>_terminate_user_alloc</STRONG> (Unknown, 0 bytes, Stack size 0 bytes, UNDEFINED)
<BR><BR>[Called By]<UL><LI><a href="#[128b47c]">&lt;&lt;</a>&nbsp;&nbsp;&nbsp;__rt_lib_shutdown (Weak Reference)
</UL>

<P><STRONG><a name="[128aa40]"></a>_terminateio</STRONG> (Unknown, 0 bytes, Stack size 0 bytes, UNDEFINED)
<BR><BR>[Called By]<UL><LI><a href="#[128b47c]">&lt;&lt;</a>&nbsp;&nbsp;&nbsp;__rt_lib_shutdown (Weak Reference)
</UL>
<HR></body></html>
