ARM Linker, RVCT3.0 [Build 951] for uVision [Full]

================================================================================

Section Cross References

    lpc2300.o(STACK) refers (Special) to stkheap2.o(.text) for __use_two_region_memory
    lpc2300.o(HEAP) refers (Special) to stkheap2.o(.text) for __use_two_region_memory
    lpc2300.o(RESET) refers to lpc2300.o(STACK) for Stack_Top
    lpc2300.o(RESET) refers to __main.o(!!!main) for __main
    lpc2300.o(RESET) refers (Special) to stkheap2.o(.text) for __use_two_region_memory
    lpc2300.o(.text) refers to lpc2300.o(HEAP) for Heap_Mem
    lpc2300.o(.text) refers to lpc2300.o(STACK) for Stack_Mem
    lpc2300.o(.text) refers (Special) to stkheap2.o(.text) for __use_two_region_memory
    main.o(.text) refers to ioport.o(.text) for HardwareInit
    main.o(.text) refers to uart.o(.text) for UartInit
    main.o(.text) refers to timer.o(.text) for Timer0Init
    main.o(.text) refers to ir.o(.text) for InitRemoteRepeatKey
    main.o(.text) refers to vfddriver.o(.text) for VfdSetDimerValue
    main.o(.text) refers to message.o(.text) for InitMsgQueue
    main.o(.text) refers to zone1_task.o(.text) for LoadSystemStartupValue
    main.o(.text) refers to dspdrv.o(.text) for DspMasterBoot
    main.o(.text) refers to callvia.o(.text) for __ARM_call_via_r0
    main.o(.text) refers to task.o(.text) for ProcMessage
    main.o(.text) refers to dsp_task.o(.text) for DspLoop
    main.o(.text) refers to hdmi.o(.text) for HDMI_DSD_Loop
    main.o(.text) refers to vfd_disp.o(.text) for VfdRefresh
    main.o(.text) refers to radio_task.o(.text) for RadioLoop
    main.o(.text) refers to zone1_task.o(.bss) for sys_flag
    main.o(.text) refers to zone1_task.o(.data) for temp_dimer_time
    main.o(.text) refers to main.o(.data) for Rs232ProtocolHandler
    main.o(.text) refers to vfd_disp.o(.data) for need_refresh_vfd
    main.o(.data) refers to rs232_protocol.o(.text) for C11Rs232
    debug.o(.text) refers to vsprintf.o(.text) for vsprintf
    debug.o(.text) refers to strlen.o(.text) for strlen
    debug.o(.text) refers to uart.o(.text) for Uart0Send
    queue.o(.text) refers to aeabi_sdiv.o(.text) for __aeabi_idivmod
    c11_msg_handler.o(.text) refers to dspdrv.o(.text) for DspProcPower
    key_task.o(.text) refers to zone1_task.o(.text) for MsgSetKey
    key_task.o(.text) refers to ic165.o(.text) for read165
    key_task.o(.text) refers to ioport.o(.text) for SenseEncoderSwitchPlus
    key_task.o(.text) refers to key_task.o(.constdata) for panel_key_table
    key_task.o(.text) refers to key_task.o(.data) for .data
    key_task.o(.text) refers to ir.o(.data) for zone1_ir_enable
    key_task.o(.text) refers to key_tab.o(.constdata) for zone1_remote_key_table
    menu_tbl.o(.data) refers to menu_tbl.o(.conststring) for .conststring
    menu_tbl.o(.data) refers to setup_menu.o(.text) for SetupMenuDisplay
    menu_tbl.o(.data) refers to setup_func.o(.text) for SpkConfigSetup
    menu_tbl.o(.data) refers to menu_tbl.o(.constdata) for balance_table
    menu_tbl.o(.data) refers to zone1_task.o(.data) for SrcNameCh71
    menu_tbl.o(.data) refers to zone1_task.o(.bss) for C11Logo
    menu_tbl.o(.constdata) refers to menu_tbl.o(.data) for StrSetupMenu
    message.o(.text) refers to aeabi_sdiv.o(.text) for __aeabi_idivmod
    message.o(.text) refers to rt_memcpy.o(.text) for __aeabi_memcpy
    message.o(.text) refers to message.o(.data) for msg_queue_front
    message.o(.text) refers to message.o(.bss) for pMsgQueue
    rs232_protocol.o(.text) refers to fmul.o(x$fpl$fmul) for __aeabi_fmul
    rs232_protocol.o(.text) refers to fflt_noclz.o(x$fpl$fflt) for __aeabi_i2f
    rs232_protocol.o(.text) refers to faddsub_noclz.o(x$fpl$fadd) for __aeabi_fadd
    rs232_protocol.o(.text) refers to fdiv.o(x$fpl$fdiv) for __aeabi_fdiv
    rs232_protocol.o(.text) refers to switch8.o(.text) for __ARM_switch8
    rs232_protocol.o(.text) refers to debug.o(.text) for rs232_printf
    rs232_protocol.o(.text) refers to task.o(.text) for GetCurFocusTid
    rs232_protocol.o(.text) refers to zone1_task.o(.text) for MsgSetInputSource
    rs232_protocol.o(.text) refers to radio_task.o(.text) for RadioExit
    rs232_protocol.o(.text) refers to zone1_task.o(.bss) for sys_flag
    rs232_protocol.o(.text) refers to radio_task.o(.data) for current_radio_mode
    rs232_protocol.o(.text) refers to dspdrv.o(.text) for SetLate
    rs232_protocol.o(.text) refers to timer.o(.text) for DelayMs
    rs232_protocol.o(.text) refers to dspdrv.o(.data) for compression_mode
    rs232_protocol.o(.text) refers to ffix.o(x$fpl$ffix) for __aeabi_f2iz
    rs232_protocol.o(.text) refers to eq_manager.o(.text) for EqModuleconfig
    rs232_protocol.o(.text) refers to auto_sound.o(.text) for FindBalancePosition
    rs232_protocol.o(.text) refers to eeprom.o(.text) for EepromWriteByte
    rs232_protocol.o(.text) refers to f2d.o(x$fpl$f2d) for __aeabi_f2d
    rs232_protocol.o(.text) refers to drleqf.o(x$fpl$drleqf) for __aeabi_cdrcmple
[...]
    cmd_SPSR                                 0x0001fee0   Data           8  rs232_protocol.o(.constdata)
    cmd_SPSL                                 0x0001fee8   Data           8  rs232_protocol.o(.constdata)
    cmd_SPBR                                 0x0001fef0   Data           8  rs232_protocol.o(.constdata)
    cmd_SPBL                                 0x0001fef8   Data           8  rs232_protocol.o(.constdata)
    cmd_SPs                                  0x0001ff00   Data           8  rs232_protocol.o(.constdata)
    cmd_SZL                                  0x0001ff08   Data           8  rs232_protocol.o(.constdata)
    cmd_SZR                                  0x0001ff10   Data           8  rs232_protocol.o(.constdata)
    cmd_SZSL                                 0x0001ff18   Data           8  rs232_protocol.o(.constdata)
    cmd_SZSR                                 0x0001ff20   Data           8  rs232_protocol.o(.constdata)
    cmd_SZSBL                                0x0001ff28   Data           8  rs232_protocol.o(.constdata)
    cmd_SZSBR                                0x0001ff30   Data           8  rs232_protocol.o(.constdata)
    cmd_SZC                                  0x0001ff38   Data           8  rs232_protocol.o(.constdata)
    cmd_SZS                                  0x0001ff40   Data           8  rs232_protocol.o(.constdata)
    cmd_SZXFL                                0x0001ff48   Data           8  rs232_protocol.o(.constdata)
    cmd_SZXFC                                0x0001ff50   Data           8  rs232_protocol.o(.constdata)
    cmd_SZXFR                                0x0001ff58   Data           8  rs232_protocol.o(.constdata)
    cmd_SZXSR                                0x0001ff60   Data           8  rs232_protocol.o(.constdata)
    cmd_SZXSL                                0x0001ff68   Data           8  rs232_protocol.o(.constdata)
    cmd_SZXSBR                               0x0001ff70   Data           8  rs232_protocol.o(.constdata)
    cmd_SZXSBL                               0x0001ff78   Data           8  rs232_protocol.o(.constdata)
    cmd_SZX                                  0x0001ff80   Data           8  rs232_protocol.o(.constdata)
    cmd_SSPL                                 0x0001ff88   Data           8  rs232_protocol.o(.constdata)
    cmd_SSPC                                 0x0001ff90   Data           8  rs232_protocol.o(.constdata)
    cmd_SSPR                                 0x0001ff98   Data           8  rs232_protocol.o(.constdata)
    cmd_SSPSR                                0x0001ffa0   Data           8  rs232_protocol.o(.constdata)
    cmd_SSPSL                                0x0001ffa8   Data           8  rs232_protocol.o(.constdata)
    cmd_SSPSBR                               0x0001ffb0   Data           8  rs232_protocol.o(.constdata)
    cmd_SSPSBL                               0x0001ffb8   Data           8  rs232_protocol.o(.constdata)
    cmd_SSPSW                                0x0001ffc0   Data           8  rs232_protocol.o(.constdata)
    cmd_MSZL                                 0x0001ffc8   Data           8  rs232_protocol.o(.constdata)
    cmd_MSZR                                 0x0001ffd0   Data           8  rs232_protocol.o(.constdata)
    cmd_MSZSL                                0x0001ffd8   Data           8  rs232_protocol.o(.constdata)
    cmd_MSZSR                                0x0001ffe0   Data           8  rs232_protocol.o(.constdata)
    cmd_MSZSBL                               0x0001ffe8   Data           8  rs232_protocol.o(.constdata)
    cmd_MSZSBR                               0x0001fff0   Data           8  rs232_protocol.o(.constdata)
    cmd_MSZC                                 0x0001fff8   Data           8  rs232_protocol.o(.constdata)
    cmd_MSZS                                 0x00020000   Data           8  rs232_protocol.o(.constdata)
    cmd_MSPL                                 0x00020008   Data           8  rs232_protocol.o(.constdata)
    cmd_MSPC                                 0x00020010   Data           8  rs232_protocol.o(.constdata)
    cmd_MSPR                                 0x00020018   Data           8  rs232_protocol.o(.constdata)
    cmd_MSPSR                                0x00020020   Data           8  rs232_protocol.o(.constdata)
    cmd_MSPSL                                0x00020028   Data           8  rs232_protocol.o(.constdata)
    cmd_MSPBR                                0x00020030   Data           8  rs232_protocol.o(.constdata)
    cmd_MSPBL                                0x00020038   Data           8  rs232_protocol.o(.constdata)
    cmd_MSPs                                 0x00020040   Data           8  rs232_protocol.o(.constdata)
    cmd_MSLL                                 0x00020048   Data           8  rs232_protocol.o(.constdata)
    cmd_MSLC                                 0x00020050   Data           8  rs232_protocol.o(.constdata)
    cmd_MSLR                                 0x00020058   Data           8  rs232_protocol.o(.constdata)
    cmd_MSLSR                                0x00020060   Data           8  rs232_protocol.o(.constdata)
    cmd_MSLSL                                0x00020068   Data           8  rs232_protocol.o(.constdata)
    cmd_MSLBR                                0x00020070   Data           8  rs232_protocol.o(.constdata)
    cmd_MSLBL                                0x00020078   Data           8  rs232_protocol.o(.constdata)
    cmd_MSLSW                                0x00020080   Data           8  rs232_protocol.o(.constdata)
    cmd_MSZXFL                               0x00020088   Data           8  rs232_protocol.o(.constdata)
    cmd_MSZXFC                               0x00020090   Data           8  rs232_protocol.o(.constdata)
    cmd_MSZXFR                               0x00020098   Data           8  rs232_protocol.o(.constdata)
    cmd_MSZXSR                               0x000200a0   Data           8  rs232_protocol.o(.constdata)
    cmd_MSZXSBR                              0x000200a8   Data           8  rs232_protocol.o(.constdata)
    cmd_MSZXSBL                              0x000200b0   Data           8  rs232_protocol.o(.constdata)
    cmd_MSZXSL                               0x000200b8   Data           8  rs232_protocol.o(.constdata)
    cmd_MSZX                                 0x000200c0   Data           8  rs232_protocol.o(.constdata)
    cmd_MZ1EQL                               0x000200c8   Data           8  rs232_protocol.o(.constdata)
    cmd_MZ1EQC                               0x000200d0   Data           8  rs232_protocol.o(.constdata)
    cmd_MZ1EQR                               0x000200d8   Data           8  rs232_protocol.o(.constdata)
    cmd_MZ1EQSR                              0x000200e0   Data           8  rs232_protocol.o(.constdata)
    cmd_MZ1EQBSR                             0x000200e8   Data           8  rs232_protocol.o(.constdata)
    cmd_MZ1EQBSL                             0x000200f0   Data           8  rs232_protocol.o(.constdata)
    cmd_MZ1EQSL                              0x000200f8   Data           8  rs232_protocol.o(.constdata)
    cmd_MZ1EQSW                              0x00020100   Data           8  rs232_protocol.o(.constdata)
    cmd_MSSPL                                0x00020108   Data           8  rs232_protocol.o(.constdata)
    cmd_MSSPC                                0x00020110   Data           8  rs232_protocol.o(.constdata)
    cmd_MSSPR                                0x00020118   Data           8  rs232_protocol.o(.constdata)
    cmd_MSSPSR                               0x00020120   Data           8  rs232_protocol.o(.constdata)
    cmd_MSSPSL                               0x00020128   Data           8  rs232_protocol.o(.constdata)
    cmd_MSSPSBR                              0x00020130   Data           8  rs232_protocol.o(.constdata)
    cmd_MSSPSBL                              0x00020138   Data           8  rs232_protocol.o(.constdata)
    cmd_MSSPSW                               0x00020140   Data           8  rs232_protocol.o(.constdata)
    cmd_Z1EMDIM                              0x00020148   Data           8  rs232_protocol.o(.constdata)
    cmd_Z1EMP                                0x00020150   Data           8  rs232_protocol.o(.constdata)
    cmd_Z1EMC                                0x00020158   Data           8  rs232_protocol.o(.constdata)
    cmd_Z1EMDEL                              0x00020160   Data           8  rs232_protocol.o(.constdata)
    cmd_Z1VFL_                               0x00020168   Data           8  rs232_protocol.o(.constdata)
    cmd_Z1VFR_                               0x00020170   Data           8  rs232_protocol.o(.constdata)
    cmd_Z1VC_                                0x00020178   Data           8  rs232_protocol.o(.constdata)
    cmd_Z1VSL_                               0x00020180   Data           8  rs232_protocol.o(.constdata)
    cmd_Z1VSR_                               0x00020188   Data           8  rs232_protocol.o(.constdata)
    cmd_Z1VBL_                               0x00020190   Data           8  rs232_protocol.o(.constdata)
    cmd_Z1VBR_                               0x00020198   Data           8  rs232_protocol.o(.constdata)
    cmd_Z1VS_                                0x000201a0   Data           8  rs232_protocol.o(.constdata)
    cmd_Z1VFD_                               0x000201a8   Data           8  rs232_protocol.o(.constdata)
    cmd_Z1IN1                                0x000201b0   Data           8  rs232_protocol.o(.constdata)
    cmd_Z1IN2                                0x000201b8   Data           8  rs232_protocol.o(.constdata)
    cmd_Z1IN3                                0x000201c0   Data           8  rs232_protocol.o(.constdata)
    cmd_Z1IN4                                0x000201c8   Data           8  rs232_protocol.o(.constdata)
    cmd_Z1IN5                                0x000201d0   Data           8  rs232_protocol.o(.constdata)
    cmd_Z1IN6                                0x000201d8   Data           8  rs232_protocol.o(.constdata)
    cmd_Z1IN7                                0x000201e0   Data           8  rs232_protocol.o(.constdata)
    cmd_Z1IN8                                0x000201e8   Data           8  rs232_protocol.o(.constdata)
    cmd_Z1SAL1                               0x000201f0   Data           8  rs232_protocol.o(.constdata)
    cmd_Z1SAL2                               0x000201f8   Data           8  rs232_protocol.o(.constdata)
    cmd_Z1SAL3                               0x00020200   Data           8  rs232_protocol.o(.constdata)
    cmd_Z1SAL4                               0x00020208   Data           8  rs232_protocol.o(.constdata)
    cmd_Z1SAL5                               0x00020210   Data           8  rs232_protocol.o(.constdata)
    cmd_Z1SAL6                               0x00020218   Data           8  rs232_protocol.o(.constdata)
    cmd_Z1SAL7                               0x00020220   Data           8  rs232_protocol.o(.constdata)
    cmd_Z1SAL8                               0x00020228   Data           8  rs232_protocol.o(.constdata)
    cmd_Z1ACN1                               0x00020230   Data           8  rs232_protocol.o(.constdata)
    cmd_Z1ACN2                               0x00020238   Data           8  rs232_protocol.o(.constdata)
    cmd_Z1ACN3                               0x00020240   Data           8  rs232_protocol.o(.constdata)
    cmd_Z1ACN4                               0x00020248   Data           8  rs232_protocol.o(.constdata)
    cmd_Z1ACN5                               0x00020250   Data           8  rs232_protocol.o(.constdata)
    cmd_Z1ACN6                               0x00020258   Data           8  rs232_protocol.o(.constdata)
    cmd_Z1ACN7                               0x00020260   Data           8  rs232_protocol.o(.constdata)
    cmd_Z1ACN8                               0x00020268   Data           8  rs232_protocol.o(.constdata)
    cmd_Z1ACN7_1                             0x00020270   Data           8  rs232_protocol.o(.constdata)
    cmd_Z1ACNR                               0x00020278   Data           8  rs232_protocol.o(.constdata)
    cmd_ASSP                                 0x00020280   Data           8  rs232_protocol.o(.constdata)
    cmd_ASHDMIAO                             0x00020288   Data           8  rs232_protocol.o(.constdata)
    cmd_ASAVD                                0x00020290   Data           8  rs232_protocol.o(.constdata)
    cmd_ASFP                                 0x00020298   Data           8  rs232_protocol.o(.constdata)
    cmd_ASRSN                                0x000202a0   Data           8  rs232_protocol.o(.constdata)
    cmd_ASIRC                                0x000202a8   Data           8  rs232_protocol.o(.constdata)
    cmd_ASIR2C                               0x000202b0   Data           8  rs232_protocol.o(.constdata)
    cmd_ASIRM                                0x000202b8   Data           8  rs232_protocol.o(.constdata)
    cmd_ASIR2M                               0x000202c0   Data           8  rs232_protocol.o(.constdata)
    cmd_ASTO                                 0x000202c8   Data           8  rs232_protocol.o(.constdata)
    cmd_ASAIS                                0x000202d0   Data           8  rs232_protocol.o(.constdata)
    cmd_ASDD                                 0x000202d8   Data           8  rs232_protocol.o(.constdata)
    cmd_ASRD                                 0x000202e0   Data           8  rs232_protocol.o(.constdata)
    CaryLogo                                 0x000202e8   Data          21  setup_func.o(.constdata)
    pZone1Task                               0x00020300   Data           8  task.o(.constdata)
    pSetupTask                               0x00020308   Data           8  task.o(.constdata)
    pRadioTask                               0x00020310   Data           8  task.o(.constdata)
    pZone2Task                               0x00020318   Data           8  task.o(.constdata)
    pAutoSoundTask                           0x00020320   Data           8  task.o(.constdata)
    Surround_Processor                       0x00020328   Data          21  vfd_disp.o(.constdata)
    eq_freq                                  0x00020340   Data         242  auto_sound.o(.constdata)
    IIC_CS8416                               0x00020454   Data          76  cs8416.o(.constdata)
    IIC_EEPROM                               0x000204a0   Data          76  eeprom.o(.constdata)
    IIC_VFD                                  0x000204ec   Data          76  vfddriver.o(.constdata)
    dimer_table                              0x00020538   Data           4  vfddriver.o(.constdata)
    BalanceChannel                           0x0002053c   Data           8  volume.o(.constdata)
    Max335SelTab                             0x00020544   Data           8  max335.o(.constdata)
    IIC_DIGI                                 0x0002054c   Data          76  channel.o(.constdata)
    Digital_channel_table                    0x00020598   Data          18  channel.o(.constdata)
    Zone2_Digital_channel_table              0x000205aa   Data          18  channel.o(.constdata)
    input_select_table                       0x000205bc   Data          20  channel.o(.constdata)
    analog_in_table                          0x000205d0   Data          40  channel.o(.constdata)
    zone2_analog_in_table                    0x000205f8   Data          44  channel.o(.constdata)
    IIC_HDMI                                 0x00020624   Data          76  hdmi.o(.constdata)
    sw_freq_table                            0x00020670   Data          20  eq_manager.o(.constdata)
    freq_table                               0x00020684   Data          20  eq_manager.o(.constdata)
    eq_var_table                             0x00020698   Data         176  eq_manager.o(.constdata)
    MIC_YOGE_BM38_parameter                  0x00020748   Data         256  irc1_manager.o(.constdata)
    __mathlib_zero                           0x00020900   Data           8  qnan.o(.constdata)
    __ctype                                  0x000209d9   Data         256  lc_ctype_c.o(.constdata)
    Region$$Table$$Base                      0x00021450   Number         0  anon$$obj.o(Region$$Table)
    Region$$Table$$Limit                     0x00021470   Number         0  anon$$obj.o(Region$$Table)
    Rs232ProtocolHandler                     0x40000000   Data           4  main.o(.data)
    key_enable                               0x40000004   Data           1  key_task.o(.data)
    panel_key_value                          0x40000006   Data           2  key_task.o(.data)
    encoder_flag                             0x40000008   Data           1  key_task.o(.data)
    encoder_key                              0x40000009   Data           1  key_task.o(.data)
    strFl                                    0x40000020   Data           3  menu_tbl.o(.data)
    strCen                                   0x40000023   Data           4  menu_tbl.o(.data)
    strFr                                    0x40000027   Data           3  menu_tbl.o(.data)
    strSr                                    0x4000002a   Data           3  menu_tbl.o(.data)
    strSbr                                   0x4000002d   Data           4  menu_tbl.o(.data)
    strSbl                                   0x40000031   Data           4  menu_tbl.o(.data)
    strSl                                    0x40000035   Data           3  menu_tbl.o(.data)
    strSw                                    0x40000038   Data           3  menu_tbl.o(.data)
    strListenProfile                         0x4000003b   Data          19  menu_tbl.o(.data)
    strInput                                 0x4000004e   Data           7  menu_tbl.o(.data)
    strZone2                                 0x40000055   Data           7  menu_tbl.o(.data)
    strOther                                 0x4000005c   Data          18  menu_tbl.o(.data)
    strOn                                    0x4000006e   Data           3  menu_tbl.o(.data)
    strOff                                   0x40000071   Data           4  menu_tbl.o(.data)
    strBack                                  0x40000075   Data           5  menu_tbl.o(.data)
    strGotoMain                              0x4000007a   Data          15  menu_tbl.o(.data)
    strAssignedInput                         0x40000089   Data          16  menu_tbl.o(.data)
    strChangeInputNames                      0x40000099   Data          19  menu_tbl.o(.data)
    strSetAnalogInLevel                      0x400000ac   Data          20  menu_tbl.o(.data)
    strSetAnalogInConfig                     0x400000c0   Data          21  menu_tbl.o(.data)
    strHDMIinAudio                           0x400000d5   Data          18  menu_tbl.o(.data)
    opCrossOver                              0x400000e8   Data          96  menu_tbl.o(.data)
    opAssignedIput                           0x40000148   Data           8  menu_tbl.o(.data)
    opChangeInputNames                       0x40000150   Data           8  menu_tbl.o(.data)
    opSetAnalogInLevel                       0x40000158   Data           8  menu_tbl.o(.data)
    opSetAnalogInConfig                      0x40000160   Data           8  menu_tbl.o(.data)
    opSetHDMIInAudio                         0x40000168   Data           8  menu_tbl.o(.data)
    opListenProfilePage                      0x40000170   Data           8  menu_tbl.o(.data)
    opMovieSpeaker                           0x40000178   Data           8  menu_tbl.o(.data)
    opMusicSpeaker                           0x40000180   Data           8  menu_tbl.o(.data)
    opSpkConfigPage                          0x40000188   Data           8  menu_tbl.o(.data)
    opSpkDistancePage                        0x40000190   Data           8  menu_tbl.o(.data)
    opSpkBalancePage                         0x40000198   Data           8  menu_tbl.o(.data)
    opSpkCrossoverPage                       0x400001a0   Data           8  menu_tbl.o(.data)
    opSpkEqPage                              0x400001a8   Data           8  menu_tbl.o(.data)
    opSpkPhasePage                           0x400001b0   Data           8  menu_tbl.o(.data)
    opSpkConfigPage_music                    0x400001b8   Data           8  menu_tbl.o(.data)
    opSpkDistancePage_music                  0x400001c0   Data           8  menu_tbl.o(.data)
    opSpkBalancePage_music                   0x400001c8   Data           8  menu_tbl.o(.data)
    opSpkCrossoverPage_music                 0x400001d0   Data           8  menu_tbl.o(.data)
    opSpkEqPage_music                        0x400001d8   Data           8  menu_tbl.o(.data)
    opSpkPhasePage_music                     0x400001e0   Data           8  menu_tbl.o(.data)
    opSpkPanoramaPage_music                  0x400001e8   Data           8  menu_tbl.o(.data)
    opMainPage                               0x400001f0   Data           8  menu_tbl.o(.data)
    opZone2Page                              0x400001f8   Data           8  menu_tbl.o(.data)
    opCrossOverPage                          0x40000200   Data           8  menu_tbl.o(.data)
    opDelayPage                              0x40000208   Data           8  menu_tbl.o(.data)
    opAvSynPage                              0x40000210   Data           8  menu_tbl.o(.data)
    opBalancePage                            0x40000218   Data           8  menu_tbl.o(.data)
    opInputPage                              0x40000220   Data           8  menu_tbl.o(.data)
    opHDMIPage                               0x40000228   Data           8  menu_tbl.o(.data)
    opOtherPage                              0x40000230   Data           8  menu_tbl.o(.data)
    opSignalPage                             0x40000238   Data           8  menu_tbl.o(.data)
    opLogoPage                               0x40000240   Data           8  menu_tbl.o(.data)
    opPasswordPage                           0x40000248   Data           8  menu_tbl.o(.data)
    strMovieSpeaker                          0x40000250   Data          11  menu_tbl.o(.data)
    strMusicSpeaker                          0x4000025b   Data          11  menu_tbl.o(.data)
    strMovieSpeakerSetting                   0x40000266   Data          18  menu_tbl.o(.data)
    strMusicSpeakerSetting                   0x40000278   Data          18  menu_tbl.o(.data)
    ListenProfileItem                        0x4000028c   Data          60  menu_tbl.o(.data)
    strSetSpeakerConfig                      0x400002c8   Data          19  menu_tbl.o(.data)
    strSetDistance                           0x400002db   Data          13  menu_tbl.o(.data)
    strSetBalance                            0x400002e8   Data          12  menu_tbl.o(.data)
    strSetCrossoverPoints                    0x400002f4   Data          21  menu_tbl.o(.data)
    strSetRoomEq                             0x40000309   Data          12  menu_tbl.o(.data)
    strSetSpeakerPhase                       0x40000315   Data          18  menu_tbl.o(.data)
    MovieSpeakerItem                         0x40000328   Data         140  menu_tbl.o(.data)
    strSetSpeakerConfig_music                0x400003b4   Data          19  menu_tbl.o(.data)
    strSetDistance_music                     0x400003c7   Data          13  menu_tbl.o(.data)
    strSetBalance_music                      0x400003d4   Data          12  menu_tbl.o(.data)
    strSetCrossoverPoints_music              0x400003e0   Data          21  menu_tbl.o(.data)
    strSetRoomEq_music                       0x400003f5   Data          12  menu_tbl.o(.data)
    strSetSpeakerPhase_music                 0x40000401   Data          18  menu_tbl.o(.data)
    strSetPanorama_music                     0x40000413   Data          18  menu_tbl.o(.data)
    MusicSpeakerItem                         0x40000428   Data         160  menu_tbl.o(.data)
    SpkConfigOption                          0x400004c8   Data          16  menu_tbl.o(.data)
    SpkConfigItem                            0x400004d8   Data         180  menu_tbl.o(.data)
    SpkConfigItem_Music                      0x4000058c   Data         180  menu_tbl.o(.data)
    SpkDistanceItem                          0x40000640   Data         180  menu_tbl.o(.data)
    SpkDistanceItem_Music                    0x400006f4   Data         180  menu_tbl.o(.data)
    OpTestMode                               0x400007a8   Data          24  menu_tbl.o(.data)
    SpkSetBalanceItem                        0x400007c0   Data         200  menu_tbl.o(.data)
    SpkSetBalanceItem_Music                  0x40000888   Data         200  menu_tbl.o(.data)
    SpkSetCrossoverPointsItem                0x40000950   Data         180  menu_tbl.o(.data)
    SpkSetCrossoverPointsItem_Music          0x40000a04   Data         180  menu_tbl.o(.data)
    SpkSetRoomEqItem                         0x40000ab8   Data        1620  menu_tbl.o(.data)
    SpkSetRoomEqItem_Music                   0x4000110c   Data        1620  menu_tbl.o(.data)
    SpkPhaseOption                           0x40001760   Data          16  menu_tbl.o(.data)
    SpkSetSpeakerPhaseItem                   0x40001770   Data         180  menu_tbl.o(.data)
    SpkSetSpeakerPhaseItem_Music             0x40001824   Data         180  menu_tbl.o(.data)
    strDimension                             0x400018d8   Data          10  menu_tbl.o(.data)
    strPanorama                              0x400018e2   Data           9  menu_tbl.o(.data)
    strWidth                                 0x400018eb   Data           6  menu_tbl.o(.data)
    strDelay                                 0x400018f1   Data           6  menu_tbl.o(.data)
    SpkDimensionOption                       0x400018f8   Data          56  menu_tbl.o(.data)
    SpkPanoramaOption                        0x40001930   Data          16  menu_tbl.o(.data)
    SpkWidthOption                           0x40001940   Data          64  menu_tbl.o(.data)
    SpkDelayOption                           0x40001980   Data         128  menu_tbl.o(.data)
    SpkSetSpeakerPanoramaItem_Music          0x40001a00   Data         100  menu_tbl.o(.data)
    strInput7CH1                             0x40001a64   Data           7  menu_tbl.o(.data)
    strInput1                                0x40001a6b   Data           7  menu_tbl.o(.data)
    strInput2                                0x40001a72   Data           7  menu_tbl.o(.data)
    strInput3                                0x40001a79   Data           7  menu_tbl.o(.data)
    strInput4                                0x40001a80   Data           7  menu_tbl.o(.data)
    strInput5                                0x40001a87   Data           7  menu_tbl.o(.data)
    strInput6                                0x40001a8e   Data           7  menu_tbl.o(.data)
    strInput7                                0x40001a95   Data           7  menu_tbl.o(.data)
    strInput8                                0x40001a9c   Data           7  menu_tbl.o(.data)
    strInputHDM1                             0x40001aa3   Data           7  menu_tbl.o(.data)
    strInputHDM2                             0x40001aaa   Data           7  menu_tbl.o(.data)
    strarcchannel                            0x40001ab1   Data           9  menu_tbl.o(.data)
    strInputTuner                            0x40001aba   Data           6  menu_tbl.o(.data)
    InputItem                                0x40001ac0   Data         120  menu_tbl.o(.data)
    Input1Option                             0x40001b38   Data          16  menu_tbl.o(.data)
    Input2Option                             0x40001b48   Data          24  menu_tbl.o(.data)
    Input3Option                             0x40001b60   Data          24  menu_tbl.o(.data)
    Input4Option                             0x40001b78   Data          24  menu_tbl.o(.data)
    Input5Option                             0x40001b90   Data          24  menu_tbl.o(.data)
    Input6Option                             0x40001ba8   Data          24  menu_tbl.o(.data)
    Input7Option                             0x40001bc0   Data          24  menu_tbl.o(.data)
    Input8Option                             0x40001bd8   Data          24  menu_tbl.o(.data)
    AssignedInputItem                        0x40001bf0   Data         180  menu_tbl.o(.data)
    InputNameItem                            0x40001ca4   Data         260  menu_tbl.o(.data)
    AnalogInLevelItem                        0x40001da8   Data         180  menu_tbl.o(.data)
    AnalogInOption                           0x40001e5c   Data          16  menu_tbl.o(.data)
    AnalogInConfigItem                       0x40001e6c   Data         220  menu_tbl.o(.data)
    strHDMI1                                 0x40001f48   Data           6  menu_tbl.o(.data)
    strHDMI2                                 0x40001f4e   Data           6  menu_tbl.o(.data)
    HDMIInAudioOption                        0x40001f54   Data          16  menu_tbl.o(.data)
    HDMIInAudioItem                          0x40001f64   Data          60  menu_tbl.o(.data)
    opZONE2OUT                               0x40001fa0   Data         128  menu_tbl.o(.data)
    Zone2Item                                0x40002020   Data          60  menu_tbl.o(.data)
    strSetMaxVolume                          0x4000205c   Data          15  menu_tbl.o(.data)
    strLate                                  0x4000206b   Data           5  menu_tbl.o(.data)
    strBright                                0x40002070   Data           7  menu_tbl.o(.data)
    strPassword                              0x40002077   Data           9  menu_tbl.o(.data)
    strHDMIAudioOut                          0x40002080   Data          15  menu_tbl.o(.data)
    strSetZ1MasterVolume                     0x4000208f   Data          17  menu_tbl.o(.data)
    strSetZ2MasterVolume                     0x400020a0   Data          17  menu_tbl.o(.data)
    strSetCDPureAudio                        0x400020b1   Data          14  menu_tbl.o(.data)
    strPasswordMode                          0x400020bf   Data          14  menu_tbl.o(.data)
    strPasswordChange                        0x400020cd   Data           7  menu_tbl.o(.data)
    strAutoInputSeek                         0x400020d4   Data          16  menu_tbl.o(.data)
    strIrControls                            0x400020e4   Data          12  menu_tbl.o(.data)
    strZone2IrControls                       0x400020f0   Data          15  menu_tbl.o(.data)
    strTriggers                              0x400020ff   Data           8  menu_tbl.o(.data)
    strRestoreDefault                        0x40002107   Data          16  menu_tbl.o(.data)
    strAvSyncDelay                           0x40002117   Data          14  menu_tbl.o(.data)
    strEditCustomName                        0x40002125   Data          17  menu_tbl.o(.data)
    opLate                                   0x40002138   Data          24  menu_tbl.o(.data)
    opPassword                               0x40002150   Data          16  menu_tbl.o(.data)
    opHDMIAudioOut                           0x40002160   Data          16  menu_tbl.o(.data)
    opCDPureAudio                            0x40002170   Data          16  menu_tbl.o(.data)
    opBright                                 0x40002180   Data          32  menu_tbl.o(.data)
    opAutoInputSeek                          0x400021a0   Data          16  menu_tbl.o(.data)
    opIrControls                             0x400021b0   Data          24  menu_tbl.o(.data)
    opIrMode                                 0x400021c8   Data          16  menu_tbl.o(.data)
    opTriggers                               0x400021d8   Data          24  menu_tbl.o(.data)
    OtherItem                                0x400021f0   Data         360  menu_tbl.o(.data)
    PasswordItem                             0x40002358   Data          60  menu_tbl.o(.data)
    EditCustomNameItem                       0x40002394   Data          40  menu_tbl.o(.data)
    strExit                                  0x400023bc   Data          16  menu_tbl.o(.data)
    MainPageItem                             0x400023cc   Data         100  menu_tbl.o(.data)
    StrSetupMenu                             0x40002430   Data          11  menu_tbl.o(.data)
    msg_queue_rear                           0x4000243c   Data           2  message.o(.data)
    msg_queue_front                          0x4000243e   Data           2  message.o(.data)
    cur_dis_unit                             0x40002440   Data           1  rs232_protocol.o(.data)
    msgs                                     0x40002444   Data         756  rs232_protocol.o(.data)
    spk_name_fl                              0x4000273c   Data           8  setup_func.o(.data)
    spk_name_c                               0x40002744   Data           8  setup_func.o(.data)
    spk_name_fr                              0x4000274c   Data           8  setup_func.o(.data)
    spk_name_sl                              0x40002754   Data           8  setup_func.o(.data)
    spk_name_sr                              0x4000275c   Data           8  setup_func.o(.data)
    spk_name_sbl                             0x40002764   Data           8  setup_func.o(.data)
    spk_name_sbr                             0x4000276c   Data           8  setup_func.o(.data)
    spk_name_sw                              0x40002774   Data           8  setup_func.o(.data)
    spk_fl                                   0x4000277c   Data          60  setup_func.o(.data)
    spk_fr                                   0x400027b8   Data          60  setup_func.o(.data)
    spk_sl                                   0x400027f4   Data          60  setup_func.o(.data)
    spk_sr                                   0x40002830   Data          60  setup_func.o(.data)
    spk_sbl                                  0x4000286c   Data          60  setup_func.o(.data)
    spk_sbr                                  0x400028a8   Data          60  setup_func.o(.data)
    spk_cen                                  0x400028e4   Data          60  setup_func.o(.data)
    spk_sw                                   0x40002920   Data          60  setup_func.o(.data)
    speaker_table                            0x4000295c   Data          36  setup_func.o(.data)
    balance_mode                             0x40002980   Data           1  setup_func.o(.data)
    pwd_mode                                 0x40002981   Data           1  setup_func.o(.data)
    zone2_ir_mode                            0x40002982   Data           1  setup_func.o(.data)
    rear_ir_mode                             0x40002983   Data           1  setup_func.o(.data)
    SystemTriggerMode                        0x40002984   Data           1  setup_func.o(.data)
    CD_Pure_Audio                            0x40002985   Data           1  setup_func.o(.data)
    HDMI_Audio_Out                           0x40002986   Data           1  setup_func.o(.data)
    InNameChanging                           0x4000298c   Data           1  setup_menu.o(.data)
    FlashPosition                            0x4000298d   Data           1  setup_menu.o(.data)
    InPwdInput                               0x4000298e   Data           1  setup_menu.o(.data)
    PwdCounter                               0x4000298f   Data           1  setup_menu.o(.data)
    PwdInputState                            0x40002990   Data           1  setup_menu.o(.data)
    current_pwd                              0x40002992   Data           2  setup_menu.o(.data)
    new_pwd                                  0x40002994   Data           2  setup_menu.o(.data)
    user_pwd                                 0x40002996   Data           2  setup_menu.o(.data)
    Movie_Music_Speaker_Flag                 0x40002998   Data           1  setup_menu.o(.data)
    bCusrPos                                 0x40002999   Data           1  setup_menu.o(.data)
    bCurOptionIndex                          0x4000299a   Data           1  setup_menu.o(.data)
    disp_mode                                0x4000299e   Data           1  setup_menu.o(.data)
    pMenuCurPage                             0x400029a4   Data           4  setup_menu.o(.data)
    pMenuCurItem                             0x400029a8   Data           4  setup_menu.o(.data)
    tasks                                    0x400029ac   Data          24  task.o(.data)
    current_tid                              0x400029c4   Data           1  task.o(.data)
    need_refresh_vfd                         0x40002a1c   Data           1  vfd_disp.o(.data)
    need_refresh_dimer                       0x40002a1d   Data           1  vfd_disp.o(.data)
    temp_dimer_time                          0x40002a20   Data           2  zone1_task.o(.data)
    Dolby2ch_Flag                            0x40002a22   Data           1  zone1_task.o(.data)
    SrcNameInput1                            0x40002a23   Data          13  zone1_task.o(.data)
    SrcNameInput2                            0x40002a30   Data          13  zone1_task.o(.data)
    SrcNameInput3                            0x40002a3d   Data          13  zone1_task.o(.data)
    SrcNameInput4                            0x40002a4a   Data          13  zone1_task.o(.data)
    SrcNameInput5                            0x40002a57   Data          13  zone1_task.o(.data)
    SrcNameInput6                            0x40002a64   Data          13  zone1_task.o(.data)
    SrcNameInput7                            0x40002a71   Data          13  zone1_task.o(.data)
    SrcNameInput8                            0x40002a7e   Data          13  zone1_task.o(.data)
    SrcNameCh71                              0x40002a8b   Data          13  zone1_task.o(.data)
    SrcNameInputHDMI1                        0x40002a98   Data          13  zone1_task.o(.data)
    SrcNameInputHDMI2                        0x40002aa5   Data          13  zone1_task.o(.data)
    SrcNameInputARC                          0x40002ab2   Data          13  zone1_task.o(.data)
    DefaultName                              0x40002ac0   Data          48  zone1_task.o(.data)
    SrcName                                  0x40002af0   Data          48  zone1_task.o(.data)
    _cur_key                                 0x40002b20   Data           1  zone1_task.o(.data)
    ch_name                                  0x40002b24   Data          12  zone1_task.o(.data)
    HDRadio_FM_Flag                          0x40002b30   Data           1  zone1_task.o(.data)
    HDRadio_HDFM_Flag                        0x40002b31   Data           1  zone1_task.o(.data)
    DSP_HDMI_Setting_Flag                    0x40002b32   Data           1  zone1_task.o(.data)
    Zone1SrcName                             0x40002b38   Data           4  zone1_task.o(.data)
    Stream                                   0x40002b3d   Data           1  zone1_task.o(.data)
    Zone2SrcName                             0x40002b40   Data           4  zone2_task.o(.data)
    auto_sound_testing                       0x40002b44   Data           1  auto_sound.o(.data)
    temp_buffer                              0x40002b45   Data          21  auto_sound.o(.data)
    current_test_spk                         0x40002b5a   Data           1  auto_sound.o(.data)
    bar_counter                              0x40002b5b   Data           1  auto_sound.o(.data)
    NameAutoSoundSetup                       0x40002b5c   Data          21  auto_sound.o(.data)
    NameEnterStart                           0x40002b71   Data          21  auto_sound.o(.data)
    NameEnterNow                             0x40002b86   Data          21  auto_sound.o(.data)
    NameConnectMic                           0x40002b9b   Data          21  auto_sound.o(.data)
    NameSpeakerCheck                         0x40002bb0   Data          21  auto_sound.o(.data)
    NameSetDistance                          0x40002bc5   Data          21  auto_sound.o(.data)
    NameSetBalance                           0x40002bda   Data          21  auto_sound.o(.data)
    NameSetCrossoverPoint                    0x40002bef   Data          21  auto_sound.o(.data)
    NameSetRoomEq                            0x40002c04   Data          21  auto_sound.o(.data)
    NameSetSpeakerPhase                      0x40002c19   Data          21  auto_sound.o(.data)
    irc_setupconfig                          0x40002c30   Data           8  auto_sound.o(.data)
    irc_speakercheck                         0x40002c38   Data           8  auto_sound.o(.data)
    irc_setdistance                          0x40002c40   Data           8  auto_sound.o(.data)
    irc_setbalance                           0x40002c48   Data           8  auto_sound.o(.data)
    irc_setroomeq                            0x40002c50   Data           8  auto_sound.o(.data)
    irc_setcrossoverpoint                    0x40002c58   Data           8  auto_sound.o(.data)
    irc_setspeakerphase                      0x40002c60   Data           8  auto_sound.o(.data)
    current_step                             0x40002c68   Data           1  auto_sound.o(.data)
    IrcTaskTable                             0x40002c6c   Data          32  auto_sound.o(.data)
    bak_id                                   0x40002c98   Data           1  auto_sound.o(.data)
    HD_Radio_Power_Flag                      0x40002c9c   Data           1  radio_task.o(.data)
    Tuner_Text_Disp_Flag                     0x40002c9d   Data           1  radio_task.o(.data)
    Tuner_Reply_Flag                         0x40002c9e   Data           1  radio_task.o(.data)
    Tuner_Signal_Quality                     0x40002c9f   Data           1  radio_task.o(.data)
    Tuner_Freq_H                             0x40002ca0   Data           4  radio_task.o(.data)
    Tuner_Freq_L                             0x40002ca4   Data           4  radio_task.o(.data)
    stereo_mode                              0x40002ca8   Data           1  radio_task.o(.data)
    current_st_mode                          0x40002ca9   Data           1  radio_task.o(.data)
    DEFAULT_AM_FREQ                          0x40002cac   Data           4  radio_task.o(.data)
    MAX_AM_FREQ                              0x40002cb0   Data           4  radio_task.o(.data)
    MIN_AM_FREQ                              0x40002cb4   Data           4  radio_task.o(.data)
    DEFAULT_HDAM_FREQ                        0x40002cb8   Data           4  radio_task.o(.data)
    MAX_HDAM_FREQ                            0x40002cbc   Data           4  radio_task.o(.data)
    MIN_HDAM_FREQ                            0x40002cc0   Data           4  radio_task.o(.data)
    DEFAULT_FM_FREQ                          0x40002cc4   Data           4  radio_task.o(.data)
    MAX_FM_FREQ                              0x40002cc8   Data           4  radio_task.o(.data)
    MIN_FM_FREQ                              0x40002ccc   Data           4  radio_task.o(.data)
    DEFAULT_HDFM_FREQ                        0x40002cd0   Data           4  radio_task.o(.data)
    MAX_HDFM_FREQ                            0x40002cd4   Data           4  radio_task.o(.data)
    MIN_HDFM_FREQ                            0x40002cd8   Data           4  radio_task.o(.data)
    temp_radio_time                          0x40002cdc   Data           2  radio_task.o(.data)
    current_radio_mode                       0x40002cde   Data           1  radio_task.o(.data)
    system_freq                              0x40002ce0   Data           4  radio_task.o(.data)
    fm_freq                                  0x40002ce4   Data           4  radio_task.o(.data)
    am_freq                                  0x40002ce8   Data           4  radio_task.o(.data)
    HDFM_freq                                0x40002cec   Data           4  radio_task.o(.data)
    HDAM_freq                                0x40002cf0   Data           4  radio_task.o(.data)
    system_position                          0x40002cf4   Data           1  radio_task.o(.data)
    am_position                              0x40002cf5   Data           1  radio_task.o(.data)
    fm_position                              0x40002cf6   Data           1  radio_task.o(.data)
    HDFM_position                            0x40002cf7   Data           1  radio_task.o(.data)
    HDAM_position                            0x40002cf8   Data           1  radio_task.o(.data)
    current_radio_status                     0x40002cf9   Data           1  radio_task.o(.data)
    digi_key_value                           0x40002cfa   Data           1  radio_task.o(.data)
    am_preset_base                           0x40002d0a   Data           1  radio_task.o(.data)
    HDFM_preset_base                         0x40002d0b   Data           1  radio_task.o(.data)
    HDAM_preset_base                         0x40002d0c   Data           1  radio_task.o(.data)
    current_save_position                    0x40002d0d   Data           1  radio_task.o(.data)
    last_radio_status                        0x40002d0e   Data           1  radio_task.o(.data)
    rec_reply_count                          0x40002d10   Data           4  radio_task.o(.data)
    tuner_buffer                             0x40002d14   Data          12  uart.o(.data)
    tuner_queue_pointer                      0x40002d20   Data           4  uart.o(.data)
    protocol_buffer                          0x40002d24   Data          12  uart.o(.data)
    protocol_queue_pointer                   0x40002d30   Data           4  uart.o(.data)
    eint3_timer_cnter                        0x40002d3c   Data           1  ioport.o(.data)
    eint2_timer_cnter                        0x40002d3d   Data           1  ioport.o(.data)
    eint1_timer_cnter                        0x40002d3e   Data           1  ioport.o(.data)
    eint0_timer_cnter                        0x40002d3f   Data           1  ioport.o(.data)
    front_enable_zone2_ir                    0x40002d40   Data           1  ioport.o(.data)
    zone1_ir_enable                          0x40002d54   Data           1  ir.o(.data)
    zone2_ir_enable                          0x40002d55   Data           1  ir.o(.data)
    remote_repeat                            0x40002d56   Data           8  ir.o(.data)
    zone1_codeIR                             0x40002d6d   Data           1  ir.o(.data)
    OthersystemIR                            0x40002d6e   Data           1  ir.o(.data)
    zone2_codeIR                             0x40002d6f   Data           1  ir.o(.data)
    OthersystemIR2                           0x40002d70   Data           1  ir.o(.data)
    rs232_timer                              0x40002d74   Data           2  timer.o(.data)
    Tuner_Text_Count                         0x40002d76   Data           1  timer.o(.data)
    Text_Update_Flag                         0x40002d77   Data           1  timer.o(.data)
    HDMI_tick                                0x40002d78   Data           1  timer.o(.data)
    Hdmi_Stream_tick                         0x40002d79   Data           1  timer.o(.data)
    DSD_Stream_tick                          0x40002d7a   Data           1  timer.o(.data)
    DSP_Busy_tick                            0x40002d7b   Data           1  timer.o(.data)
    radio_time_tick                          0x40002d7c   Data           1  timer.o(.data)
    system_timer_flag                        0x40002d7d   Data           1  timer.o(.data)
    pcm20_delay_timer                        0x40002d7e   Data           1  timer.o(.data)
    dsp_time_tick                            0x40002d7f   Data           1  timer.o(.data)
    main_volume                              0x40002d9c   Data           4  volume.o(.data)
    Analog_Input_To_Dsp_Flag                 0x40002daa   Data           1  channel.o(.data)
    Pre_value                                0x40002dab   Data           1  hdmi.o(.data)
    dsp_power_flag                           0x40002dae   Data           1  dsp_task.o(.data)
    current_ac3_stream                       0x40002db2   Data           8  dsp_task.o(.data)
    current_dts_stream                       0x40002dba   Data           6  dsp_task.o(.data)
    PreDspMode                               0x40002dc0   Data           1  dspdrv.o(.data)
    compression_mode                         0x40002dc1   Data           1  dspdrv.o(.data)
    enable_eq                                0x40002dc2   Data           1  dspdrv.o(.data)
    enable_bass                              0x40002dc3   Data           1  dspdrv.o(.data)
    enable_delay                             0x40002dc4   Data           1  dspdrv.o(.data)
    system_spk_mode                          0x40002dc5   Data           8  dspdrv.o(.data)
    CurrentSampleFreq                        0x40002dcd   Data           1  dspdrv.o(.data)
    CurrentIputPort                          0x40002dce   Data           1  dspdrv.o(.data)
    stream_type                              0x40002dcf   Data           1  dspdrv.o(.data)
    dsp_force_change_code                    0x40002dd0   Data           1  dspdrv.o(.data)
    DolbyType                                0x40002dd1   Data           1  dspdrv.o(.data)
    DtsType                                  0x40002dd2   Data           1  dspdrv.o(.data)
    softmute_flag                            0x40002dd3   Data           1  dspdrv.o(.data)
    last_stream                              0x40002dd4   Data           4  dspdrv.o(.data)
    Pre_AC3_Type                             0x40002dd8   Data           1  dspdrv.o(.data)
    Pre_TureHD_Type                          0x40002dd9   Data           1  dspdrv.o(.data)
    Pre_DTS_Type                             0x40002dda   Data           1  dspdrv.o(.data)
    Pre_DTS_HD_Type                          0x40002ddb   Data           1  dspdrv.o(.data)
    DSDType                                  0x40002ddc   Data           1  dspdrv.o(.data)
    PcmType                                  0x40002ddd   Data           1  dspdrv.o(.data)
    pMsgQueue                                0x40002de0   Data        1800  message.o(.bss)
    recv_buffer                              0x400034e8   Data          20  rs232_protocol.o(.bss)
    AnalogInLevel                            0x400034fc   Data          10  setup_func.o(.bss)
    AnalogInMode                             0x40003506   Data          10  setup_func.o(.bss)
    C11Logo                                  0x40003510   Data          21  zone1_task.o(.bss)
    sys_flag                                 0x40003526   Data          28  zone1_task.o(.bss)
    Tuner_Text_Rec_Buffer                    0x40003542   Data          80  radio_task.o(.bss)
    Tuner_Text_Disp_Buffer                   0x40003592   Data          20  radio_task.o(.bss)
    tuner_array                              0x400035a6   Data         256  uart.o(.bss)
    protocol_array                           0x400036a6   Data         256  uart.o(.bss)
    balance                                  0x400037a8   Data          32  volume.o(.bss)
    dsp_bass_corner                          0x400037c8   Data          12  bassmanager.o(.bss)
    dsp_delay_time                           0x400037d4   Data          16  delaymanager.o(.bss)
    dsp_delay_music_time                     0x400037e4   Data          16  delaymanager.o(.bss)
    dsp_buf                                  0x400037f4   Data         128  dspdrv.o(.bss)
    dsp_eq_table                             0x40003874   Data         320  eq_manager.o(.bss)
    dsp_eq_music_table                       0x400039b4   Data         320  eq_manager.o(.bss)
    __libspace_start                         0x40003af4   Data          96  libspace.o(.bss)


================================================================================

Memory Map of the image

  Image Entry point : 0x0000016c

  Load Region LR_IROM1 (Base: 0x00000000, Size: 0x00024250, Max: 0xffffffff, ABSOLUTE, COMPRESSED[0x000226a0])

    Execution Region ER_IROM1 (Base: 0x00000000, Size: 0x00021470, Max: 0x00040000, ABSOLUTE)

    Base Addr    Size         Type   Attr      Idx    E Section Name        Object

    0x00000000   0x0000016c   Code   RO            3    RESET               lpc2300.o
    0x0000016c   0x00000008   Code   RO         1446  * !!!main             __main.o(c_t__un.l)
    0x00000174   0x00000038   Code   RO         1770    !!!scatter          __scatter.o(c_t__un.l)
    0x000001ac   0x0000005c   Code   RO         1768    !!dczerorl2         __dczerorl2.o(c_t__un.l)
    0x00000208   0x0000002c   Code   RO         1772    !!handler_zi        __scatter_zi.o(c_t__un.l)
    0x00000234   0x00000004   Ven    RO         1673    .emb_text           lib_init.o(c_t__un.l)
    0x00000238   0x00000010   Code   RO         1673    .emb_text           lib_init.o(c_t__un.l)
    0x00000248   0x00000020   Code   RO            4    .text               lpc2300.o
    0x00000268   0x000000d0   Code   RO           11    .text               main.o
    0x00000338   0x0000007c   Code   RO          103    .text               debug.o
    0x000003b4   0x00000008   Ven    RO          130    .text               queue.o
    0x000003bc   0x00000164   Code   RO          130    .text               queue.o
    0x00000520   0x00000084   Code   RO          143    .text               c11_msg_handler.o
    0x000005a4   0x00000420   Code   RO          174    .text               key_task.o
    0x000009c4   0x0000014c   Code   RO          222    .text               message.o
    0x00000b10   0x00005b38   Code   RO          238    .text               rs232_protocol.o
    0x00006648   0x00001954   Code   RO          299    .text               setup_func.o
    0x00007f9c   0x00001790   Code   RO          348    .text               setup_menu.o
    0x0000972c   0x00000078   Code   RO          363    .text               task.o
    0x000097a4   0x00000008   Ven    RO          379    .text               vfd_disp.o
    0x000097ac   0x0000026c   Code   RO          379    .text               vfd_disp.o
    0x00009a18   0x00000008   Ven    RO          399    .text               zone1_task.o
    0x00009a20   0x00002be0   Code   RO          399    .text               zone1_task.o
    0x0000c600   0x00000848   Code   RO          442    .text               zone2_task.o
    0x0000ce48   0x000021e8   Code   RO          464    .text               auto_sound.o
    0x0000f030   0x00002028   Code   RO          518    .text               radio_task.o
    0x00011058   0x00000164   Code   RO          558    .text               uart.o
    0x000111bc   0x000000ac   Code   RO          559    .text               uart.o
    0x00011268   0x00000124   Code   RO          596    .text               cs8416.o
    0x0001138c   0x0000035c   Code   RO          629    .text               dac.o
    0x000116e8   0x00000058   Code   RO          653    .text               eeprom.o
    0x00011740   0x00000574   Code   RO          671    .text               i2cdrv.o
    0x00011cb4   0x00000050   Code   RO          685    .text               ic165.o
    0x00011d04   0x00000234   Code   RO          701    .text               ic4094.o
    0x00011f38   0x00000ed8   Code   RO          715    .text               ioport.o
    0x00012e10   0x00000398   Code   RO          716    .text               ioport.o
    0x000131a8   0x00000008   Ven    RO          753    .text               ir.o
    0x000131b0   0x00000640   Code   RO          753    .text               ir.o
    0x000137f0   0x00000158   Code   RO          781    .text               timer.o
    0x00013948   0x0000035c   Code   RO          782    .text               timer.o
    0x00013ca4   0x000000d0   Code   RO          817    .text               vfddriver.o
    0x00013d74   0x000002c4   Code   RO          835    .text               mas9116.o
    0x00014038   0x000001ec   Code   RO          851    .text               volume.o
    0x00014224   0x000000b0   Code   RO          875    .text               max335.o
    0x000142d4   0x0000052c   Code   RO          894    .text               channel.o
    0x00014800   0x00000444   Code   RO          913    .text               tuner.o
    0x00014c44   0x00000338   Code   RO          940    .text               hdmi.o
    0x00014f7c   0x000001c4   Code   RO          971    .text               dsp_spi.o
    0x00015140   0x00001108   Code   RO         1009    .text               bassmanager.o
    0x00016248   0x000004b0   Code   RO         1027    .text               delaymanager.o
    0x000166f8   0x000002c8   Code   RO         1052    .text               dolbymanager.o
    0x000169c0   0x00000320   Code   RO         1068    .text               dolbyprologicii.o
    0x00016ce0   0x000003e4   Code   RO         1084    .text               dolbyprologiciix.o
    0x000170c4   0x0000020c   Code   RO         1100    .text               dsp_task.o
    0x000172d0   0x00001a32   Code   RO         1147    .text               dspdrv.o
    0x00018d02   0x00000002   PAD
    0x00018d04   0x00000974   Code   RO         1204    .text               eq_manager.o
    0x00019678   0x000002e0   Code   RO         1230    .text               irc1_manager.o
    0x00019958   0x00000178   Code   RO         1252    .text               irc2_manager.o
    0x00019ad0   0x00000230   Code   RO         1266    .text               os_manager.o
    0x00019d00   0x00000204   Code   RO         1294    .text               signalgenerator.o
    0x00019f04   0x0000028c   Code   RO         1364    .text               dolbytruehd.o
    0x0001a190   0x000008ec   Code   RO         1380    .text               dsp_api.o
    0x0001aa7c   0x00000054   Code   RO         1410    .text               _printf_pad.o(c_t__un.l)
    0x0001aad0   0x00000074   Code   RO         1412    .text               _printf_dec.o(c_t__un.l)
    0x0001ab44   0x0000002c   Code   RO         1414    .text               vsprintf.o(c_t__un.l)
    0x0001ab70   0x0000002c   Code   RO         1416    .text               __0sprintf.o(c_t__un.l)
    0x0001ab9c   0x00000004   Ven    RO         1418    .text               aeabi_memset.o(c_t__un.l)
    0x0001aba0   0x00000010   Code   RO         1418    .text               aeabi_memset.o(c_t__un.l)
    0x0001abb0   0x00000004   Ven    RO         1420    .text               rt_memcpy.o(c_t__un.l)
    0x0001abb4   0x000000d4   Code   RO         1420    .text               rt_memcpy.o(c_t__un.l)
    0x0001ac88   0x00000004   Ven    RO         1422    .text               rt_memcpy_w.o(c_t__un.l)
    0x0001ac8c   0x00000064   Code   RO         1422    .text               rt_memcpy_w.o(c_t__un.l)
    0x0001acf0   0x00000004   Ven    RO         1424    .text               strncpy.o(c_t__un.l)
    0x0001acf4   0x00000070   Code   RO         1424    .text               strncpy.o(c_t__un.l)
    0x0001ad64   0x00000048   Code   RO         1426    .text               strlen.o(c_t__un.l)
    0x0001adac   0x00000004   Ven    RO         1428    .text               aeabi_sdiv.o(c_t__un.l)
    0x0001adb0   0x0000016c   Code   RO         1428    .text               aeabi_sdiv.o(c_t__un.l)
    0x0001af1c   0x00000058   Code   RO         1444    .text               stkheap2.o(c_t__un.l)
    0x0001af74   0x00000004   Ven    RO         1504    .text               switch8.o(h_t__un.l)
    0x0001af78   0x00000018   Code   RO         1504    .text               switch8.o(h_t__un.l)
    0x0001af90   0x00000010   Code   RO         1506    .text               callvia.o(h_t__un.l)
    0x0001afa0   0x00000004   Ven    RO         1507    .text               pow.o(m_t_pu.l)
    0x0001afa4   0x00000e24   Code   RO         1507    .text               pow.o(m_t_pu.l)
    0x0001bdc8   0x00000068   Code   RO         1512    .text               kernel.o(c_t__un.l)
    0x0001be30   0x00000060   Code   RO         1515    .text               sys_stackheap_outer.o(c_t__un.l)
    0x0001be90   0x00000004   Code   RO         1517    .text               aeabi_idiv0.o(c_t__un.l)
    0x0001be94   0x00000010   Code   RO         1524    .text               rt_stackheap_storage_intlibspace.o(c_t__un.l)
    0x0001bea4   0x00000008   Ven    RO         1530    .text               _rserrno.o(c_t__un.l)
    0x0001beac   0x00000022   Code   RO         1530    .text               _rserrno.o(c_t__un.l)
    0x0001bece   0x0000002c   Code   RO         1532    .text               _printf_truncate.o(c_t__un.l)
    0x0001befa   0x0000005e   Code   RO         1534    .text               _printf_str.o(c_t__un.l)
    0x0001bf58   0x000000c4   Code   RO         1536    .text               _printf_wctomb.o(c_t__un.l)
    0x0001c01c   0x000000a8   Code   RO         1539    .text               _printf_intcommon.o(c_t__un.l)
    0x0001c0c4   0x000000cc   Code   RO         1541    .text               _printf_longlong_hex.o(c_t__un.l)
    0x0001c190   0x00000094   Code   RO         1544    .text               _printf_longlong_oct.o(c_t__un.l)
    0x0001c224   0x0000008c   Code   RO         1546    .text               _printf_longlong_dec.o(c_t__un.l)
    0x0001c2b0   0x00000024   Code   RO         1548    .text               _printf_charcount.o(c_t__un.l)
    0x0001c2d4   0x00000646   Code   RO         1550    .text               _printf_fp_dec.o(c_t__un.l)
    0x0001c91a   0x00000002   PAD
    0x0001c91c   0x00000034   Code   RO         1552    .text               _printf_char_common.o(c_t__un.l)
    0x0001c950   0x0000000a   Code   RO         1554    .text               _sputc.o(c_t__un.l)
    0x0001c95a   0x00000002   PAD
    0x0001c95c   0x00000040   Code   RO         1556    .text               rt_memclr.o(c_t__un.l)
    0x0001c99c   0x00000004   Ven    RO         1558    .text               rtudiv10.o(c_t__un.l)
    0x0001c9a0   0x0000002c   Code   RO         1558    .text               rtudiv10.o(c_t__un.l)
    0x0001c9cc   0x000000f8   Code   RO         1587    .text               poly.o(m_t_pu.l)
    0x0001cac4   0x0000007c   Code   RO         1590    .text               sqrt.o(m_t_pu.l)
    0x0001cb40   0x00000018   Code   RO         1592    .text               sys_exit.o(c_t__un.l)
    0x0001cb58   0x0000000c   Code   RO         1594    .text               libspace.o(c_t__un.l)
    0x0001cb64   0x00000004   Ven    RO         1602    .text               rt_errno_addr_intlibspace.o(c_t__un.l)
    0x0001cb68   0x00000010   Code   RO         1602    .text               rt_errno_addr_intlibspace.o(c_t__un.l)
    0x0001cb78   0x00000004   Ven    RO         1611    .text               rt_locale_intlibspace.o(c_t__un.l)
    0x0001cb7c   0x00000010   Code   RO         1611    .text               rt_locale_intlibspace.o(c_t__un.l)
    0x0001cb8c   0x00000004   Ven    RO         1617    .text               lludiv10.o(c_t__un.l)
    0x0001cb90   0x000000a0   Code   RO         1617    .text               lludiv10.o(c_t__un.l)
    0x0001cc30   0x000000d0   Code   RO         1619    .text               bigflt0.o(c_t__un.l)
    0x0001cd00   0x000002e8   Code   RO         1644    .text               __printf.o(c_t__un.l)
    0x0001cfe8   0x00000020   Code   RO         1650    .text               _printf_outstr_char.o(c_t__un.l)
    0x0001d008   0x0000000a   Code   RO         1652    .text               _printf_input_char.o(c_t__un.l)
    0x0001d012   0x0000004e   Code   RO         1654    .text               _wcrtomb.o(c_t__un.l)
    0x0001d060   0x00000030   Code   RO         1656    .text               lc_numeric_c.o(c_t__un.l)
    0x0001d090   0x00000018   Code   RO         1659    .text               exit.o(c_t__un.l)
    0x0001d0a8   0x00000054   Code   RO         1661    .text               rt_memclr_w.o(c_t__un.l)
    0x0001d0fc   0x00000008   Ven    RO         1674    .text               lib_init.o(c_t__un.l)
    0x0001d104   0x000000d6   Code   RO         1674    .text               lib_init.o(c_t__un.l)
    0x0001d1da   0x00000002   PAD
    0x0001d1dc   0x0000000c   Code   RO         1679    .text               boardinit2.o(c_t__un.l)
    0x0001d1e8   0x00000010   Code   RO         1681    .text               boardinit3.o(c_t__un.l)
    0x0001d1f8   0x00000004   Ven    RO         1693    .text               classify.o(m_t_pu.l)
    0x0001d1fc   0x00000038   Code   RO         1693    .text               classify.o(m_t_pu.l)
    0x0001d234   0x00000004   Ven    RO         1695    .text               dtoi.o(m_t_pu.l)
    0x0001d238   0x00000060   Code   RO         1695    .text               dtoi.o(m_t_pu.l)
    0x0001d298   0x00000004   Code   RO         1697    .text               use_no_semi.o(c_t__un.l)
    0x0001d29c   0x00000004   Ven    RO         1699    .text               rt_ctype_table.o(c_t__un.l)
    0x0001d2a0   0x00000018   Code   RO         1699    .text               rt_ctype_table.o(c_t__un.l)
    0x0001d2b8   0x00000004   Ven    RO         1707    .text               strcmp.o(c_t__un.l)
    0x0001d2bc   0x000000a0   Code   RO         1707    .text               strcmp.o(c_t__un.l)
    0x0001d35c   0x00000006   Code   RO         1717    .text               no_argv.o(c_t__un.l)
    0x0001d362   0x00000002   PAD
    0x0001d364   0x00000030   Code   RO         1721    .text               fpclassify.o(m_t_pu.l)
    0x0001d394   0x00000010   Code   RO         1730    .text               rt_fp_status_addr_intlibspace.o(c_t__un.l)
    0x0001d3a4   0x00000030   Code   RO         1738    .text               lc_ctype_c.o(c_t__un.l)
    0x0001d3d4   0x00000004   Ven    RO         1429    .text_udiv          aeabi_sdiv.o(c_t__un.l)
    0x0001d3d8   0x0000001c   Code   RO         1429    .text_udiv          aeabi_sdiv.o(c_t__un.l)
    0x0001d3f4   0x00000004   Ven    RO         1622    CL$$btod_d2e        btod.o(c_t__un.l)
    0x0001d3f8   0x00000038   Code   RO         1622    CL$$btod_d2e        btod.o(c_t__un.l)
    0x0001d430   0x00000054   Code   RO         1624    CL$$btod_d2e_denorm_low  btod.o(c_t__un.l)
    0x0001d484   0x00000068   Code   RO         1623    CL$$btod_d2e_norm_op1  btod.o(c_t__un.l)
    0x0001d4ec   0x0000034c   Code   RO         1632    CL$$btod_div_common  btod.o(c_t__un.l)
    0x0001d838   0x000000dc   Code   RO         1629    CL$$btod_e2e        btod.o(c_t__un.l)
    0x0001d914   0x00000004   Ven    RO         1626    CL$$btod_ediv       btod.o(c_t__un.l)
    0x0001d918   0x00000034   Code   RO         1626    CL$$btod_ediv       btod.o(c_t__un.l)
    0x0001d94c   0x00000004   Ven    RO         1625    CL$$btod_emul       btod.o(c_t__un.l)
    0x0001d950   0x00000034   Code   RO         1625    CL$$btod_emul       btod.o(c_t__un.l)
    0x0001d984   0x00000268   Code   RO         1631    CL$$btod_mult_common  btod.o(c_t__un.l)
    0x0001dbec   0x0000000c   Ven    RO         1801    Veneer$$Code        anon$$obj.o
    0x0001dbf8   0x0000000c   Ven    RO         1804    Veneer$$Code        anon$$obj.o
    0x0001dc04   0x0000000c   Ven    RO         1805    Veneer$$Code        anon$$obj.o
    0x0001dc10   0x0000000c   Ven    RO         1807    Veneer$$Code        anon$$obj.o
    0x0001dc1c   0x0000000c   Ven    RO         1812    Veneer$$Code        anon$$obj.o
    0x0001dc28   0x00000008   Ven    RO         1826    Veneer$$Code        anon$$obj.o
    0x0001dc30   0x0000000c   Ven    RO         1829    Veneer$$Code        anon$$obj.o
    0x0001dc3c   0x00000010   Code   RO         1510    i.copysign          pow.o(m_t_pu.l)
    0x0001dc4c   0x00000004   Ven    RO         1448    x$fpl$d2f           d2f.o(fz_t_p.l)
    0x0001dc50   0x000000ac   Code   RO         1448    x$fpl$d2f           d2f.o(fz_t_p.l)
    0x0001dcfc   0x000001d4   Code   RO         1450    x$fpl$dadd          daddsub_noclz.o(fz_t_p.l)
    0x0001ded0   0x00000010   Code   RO         1561    x$fpl$dcheck        dcheck.o(fz_t_p.l)
    0x0001dee0   0x00000010   Code   RO         1563    x$fpl$dcheck1       dcheck1.o(fz_t_p.l)
    0x0001def0   0x00000080   Code   RO         1565    x$fpl$dcmpinfnan    dcmpin.o(fz_t_p.l)
    0x0001df70   0x00000064   Code   RO         1573    x$fpl$dcmpinfnan    fcmpin.o(fz_t_p.l)
    0x0001dfd4   0x00000004   Ven    RO         1457    x$fpl$ddiv          ddiv.o(fz_t_p.l)
    0x0001dfd8   0x000004c0   Code   RO         1457    x$fpl$ddiv          ddiv.o(fz_t_p.l)
    0x0001e498   0x00000058   Code   RO         1461    x$fpl$dflt          dflt_noclz.o(fz_t_p.l)
    0x0001e4f0   0x00000004   Ven    RO         1460    x$fpl$dfltu         dflt_noclz.o(fz_t_p.l)
    0x0001e4f4   0x0000000c   Code   RO         1460    x$fpl$dfltu         dflt_noclz.o(fz_t_p.l)
    0x0001e500   0x00000004   Ven    RO         1492    x$fpl$dleqf         dleqf.o(fz_t_p.l)
    0x0001e504   0x00000088   Code   RO         1492    x$fpl$dleqf         dleqf.o(fz_t_p.l)
    0x0001e58c   0x00000004   Ven    RO         1464    x$fpl$dmul          dmul.o(fz_t_p.l)
    0x0001e590   0x000001dc   Code   RO         1464    x$fpl$dmul          dmul.o(fz_t_p.l)
    0x0001e76c   0x00000004   Ven    RO         1494    x$fpl$drleqf        drleqf.o(fz_t_p.l)
    0x0001e770   0x000000a0   Code   RO         1494    x$fpl$drleqf        drleqf.o(fz_t_p.l)
    0x0001e810   0x00000018   Code   RO         1451    x$fpl$drsb          daddsub_noclz.o(fz_t_p.l)
    0x0001e828   0x00000188   Code   RO         1685    x$fpl$dsqrt         dsqrt.o(fz_t_p.l)
    0x0001e9b0   0x00000004   Ven    RO         1452    x$fpl$dsub          daddsub_noclz.o(fz_t_p.l)
    0x0001e9b4   0x00000248   Code   RO         1452    x$fpl$dsub          daddsub_noclz.o(fz_t_p.l)
    0x0001ebfc   0x00000114   Code   RO         1567    x$fpl$dunder        dunder.o(fz_t_p.l)
    0x0001ed10   0x00000004   Ven    RO         1466    x$fpl$f2d           f2d.o(fz_t_p.l)
    0x0001ed14   0x00000064   Code   RO         1466    x$fpl$f2d           f2d.o(fz_t_p.l)
    0x0001ed78   0x00000004   Ven    RO         1468    x$fpl$fadd          faddsub_noclz.o(fz_t_p.l)
    0x0001ed7c   0x00000108   Code   RO         1468    x$fpl$fadd          faddsub_noclz.o(fz_t_p.l)
    0x0001ee84   0x0000000c   Code   RO         1569    x$fpl$fcheck        fcheck.o(fz_t_p.l)
    0x0001ee90   0x0000000c   Code   RO         1571    x$fpl$fcheck1       fcheck1.o(fz_t_p.l)
    0x0001ee9c   0x00000004   Ven    RO         1475    x$fpl$fdiv          fdiv.o(fz_t_p.l)
    0x0001eea0   0x000001e4   Code   RO         1475    x$fpl$fdiv          fdiv.o(fz_t_p.l)
    0x0001f084   0x00000004   Ven    RO         1496    x$fpl$feqf          feqf.o(fz_t_p.l)
    0x0001f088   0x00000078   Code   RO         1496    x$fpl$feqf          feqf.o(fz_t_p.l)
    0x0001f100   0x00000004   Ven    RO         1478    x$fpl$ffix          ffix.o(fz_t_p.l)
    0x0001f104   0x00000074   Code   RO         1478    x$fpl$ffix          ffix.o(fz_t_p.l)
    0x0001f178   0x00000004   Ven    RO         1482    x$fpl$ffixu         ffixu.o(fz_t_p.l)
    0x0001f17c   0x00000060   Code   RO         1482    x$fpl$ffixu         ffixu.o(fz_t_p.l)
    0x0001f1dc   0x00000004   Ven    RO         1487    x$fpl$fflt          fflt_noclz.o(fz_t_p.l)
    0x0001f1e0   0x0000005c   Code   RO         1487    x$fpl$fflt          fflt_noclz.o(fz_t_p.l)
    0x0001f23c   0x00000004   Ven    RO         1486    x$fpl$ffltu         fflt_noclz.o(fz_t_p.l)
    0x0001f240   0x00000008   Code   RO         1486    x$fpl$ffltu         fflt_noclz.o(fz_t_p.l)
    0x0001f248   0x00000004   Ven    RO         1498    x$fpl$fleqf         fleqf.o(fz_t_p.l)
    0x0001f24c   0x00000078   Code   RO         1498    x$fpl$fleqf         fleqf.o(fz_t_p.l)
    0x0001f2c4   0x00000004   Ven    RO         1490    x$fpl$fmul          fmul.o(fz_t_p.l)
    0x0001f2c8   0x00000108   Code   RO         1490    x$fpl$fmul          fmul.o(fz_t_p.l)
    0x0001f3d0   0x00000094   Code   RO         1575    x$fpl$fnorm2        fnorm2_noclz.o(fz_t_p.l)
    0x0001f464   0x00000004   Ven    RO         1719    x$fpl$fpinit        fpinit.o(fz_t_p.l)
    0x0001f468   0x00000018   Code   RO         1719    x$fpl$fpinit        fpinit.o(fz_t_p.l)
    0x0001f480   0x00000004   Ven    RO         1500    x$fpl$frleqf        frleqf.o(fz_t_p.l)
    0x0001f484   0x00000084   Code   RO         1500    x$fpl$frleqf        frleqf.o(fz_t_p.l)
    0x0001f508   0x00000004   Ven    RO         1470    x$fpl$fsub          faddsub_noclz.o(fz_t_p.l)
    0x0001f50c   0x00000168   Code   RO         1470    x$fpl$fsub          faddsub_noclz.o(fz_t_p.l)
    0x0001f674   0x00000090   Code   RO         1577    x$fpl$funder        funder.o(fz_t_p.l)
    0x0001f704   0x00000004   Ven    RO         1691    x$fpl$ieeestatus    istatus.o(fz_t_p.l)
    0x0001f708   0x00000008   Code   RO         1691    x$fpl$ieeestatus    istatus.o(fz_t_p.l)
    0x0001f710   0x00000004   Ven    RO         1502    x$fpl$printf1       printf1.o(fz_t_p.l)
    0x0001f714   0x00000004   Code   RO         1502    x$fpl$printf1       printf1.o(fz_t_p.l)
    0x0001f718   0x00000004   Ven    RO         1581    x$fpl$printf2       printf2.o(fz_t_p.l)
    0x0001f71c   0x00000004   Code   RO         1581    x$fpl$printf2       printf2.o(fz_t_p.l)
    0x0001f720   0x00000074   Code   RO         1687    x$fpl$retnan        retnan.o(fz_t_p.l)
    0x0001f794   0x0000006c   Code   RO         1579    x$fpl$scalbn        scalbn_noclz.o(fz_t_p.l)
    0x0001f800   0x0000003c   Code   RO         1689    x$fpl$trapveneer    trapv.o(fz_t_p.l)
    0x0001f83c   0x00000000   Code   RO         1560    x$fpl$usenofp       usenofp.o(fz_t_p.l)
    0x0001f83c   0x00000080   Data   RO          166    .constdata          key_tab.o
    0x0001f8bc   0x00000100   Data   RO          176    .constdata          key_task.o
    0x0001f9bc   0x0000034c   Data   RO          203    .constdata          menu_tbl.o
    0x0001fd08   0x000005e0   Data   RO          240    .constdata          rs232_protocol.o
    0x000202e8   0x00000015   Data   RO          301    .constdata          setup_func.o
    0x000202fd   0x00000003   PAD
    0x00020300   0x00000028   Data   RO          365    .constdata          task.o
    0x00020328   0x00000015   Data   RO          381    .constdata          vfd_disp.o
    0x0002033d   0x00000003   PAD
    0x00020340   0x00000114   Data   RO          466    .constdata          auto_sound.o
    0x00020454   0x0000004c   Data   RO          598    .constdata          cs8416.o
    0x000204a0   0x0000004c   Data   RO          654    .constdata          eeprom.o
    0x000204ec   0x00000050   Data   RO          818    .constdata          vfddriver.o
    0x0002053c   0x00000008   Data   RO          853    .constdata          volume.o
    0x00020544   0x00000008   Data   RO          877    .constdata          max335.o
    0x0002054c   0x000000d8   Data   RO          896    .constdata          channel.o
    0x00020624   0x0000004c   Data   RO          942    .constdata          hdmi.o
    0x00020670   0x000000d8   Data   RO         1205    .constdata          eq_manager.o
    0x00020748   0x00000100   Data   RO         1231    .constdata          irc1_manager.o
    0x00020848   0x00000088   Data   RO         1508    .constdata          pow.o(m_t_pu.l)
    0x000208d0   0x00000008   Data   RO         1537    .constdata          _printf_wctomb.o(c_t__un.l)
    0x000208d8   0x00000022   Data   RO         1542    .constdata          _printf_longlong_hex.o(c_t__un.l)
    0x000208fa   0x00000006   PAD
    0x00020900   0x00000008   Data   RO         1589    .constdata          qnan.o(m_t_pu.l)
    0x00020908   0x00000094   Data   RO         1620    .constdata          bigflt0.o(c_t__un.l)
    0x0002099c   0x00000011   Data   RO         1645    .constdata          __printf.o(c_t__un.l)
    0x000209ad   0x00000003   PAD
    0x000209b0   0x0000001c   Data   RO         1657    .constdata          lc_numeric_c.o(c_t__un.l)
    0x000209cc   0x0000010d   Data   RO         1739    .constdata          lc_ctype_c.o(c_t__un.l)
    0x00020ad9   0x00000577   Data   RO          204    .conststring        menu_tbl.o
    0x00021050   0x00000340   Data   RO          241    .conststring        rs232_protocol.o
    0x00021390   0x000000a6   Data   RO          401    .conststring        zone1_task.o
    0x00021436   0x00000017   Data   RO          467    .conststring        auto_sound.o
    0x0002144d   0x00000003   PAD
    0x00021450   0x00000020   Data   RO         1767    Region$$Table       anon$$obj.o


    Execution Region RW_IRAM1 (Base: 0x40000000, Size: 0x00004060, Max: 0x0000e800, ABSOLUTE, COMPRESSED[0x00001230])

    Base Addr    Size         Type   Attr      Idx    E Section Name        Object

    0x40000000   0x00000004   Data   RW           12    .data               main.o
    0x40000004   0x0000001c   Data   RW          175    .data               key_task.o
    0x40000020   0x0000241b   Data   RW          202    .data               menu_tbl.o
    0x4000243b   0x00000001   PAD
    0x4000243c   0x00000004   Data   RW          223    .data               message.o
    0x40002440   0x000002fa   Data   RW          239    .data               rs232_protocol.o
    0x4000273a   0x00000002   PAD
    0x4000273c   0x0000024d   Data   RW          300    .data               setup_func.o
    0x40002989   0x00000003   PAD
    0x4000298c   0x00000020   Data   RW          349    .data               setup_menu.o
    0x400029ac   0x00000019   Data   RW          364    .data               task.o
    0x400029c5   0x00000001   PAD
    0x400029c6   0x00000058   Data   RW          380    .data               vfd_disp.o
    0x40002a1e   0x00000002   PAD
    0x40002a20   0x0000011e   Data   RW          400    .data               zone1_task.o
    0x40002b3e   0x00000002   PAD
    0x40002b40   0x00000004   Data   RW          443    .data               zone2_task.o
    0x40002b44   0x00000155   Data   RW          465    .data               auto_sound.o
    0x40002c99   0x00000003   PAD
    0x40002c9c   0x00000078   Data   RW          519    .data               radio_task.o
    0x40002d14   0x00000020   Data   RW          560    .data               uart.o
    0x40002d34   0x00000001   Data   RW          597    .data               cs8416.o
    0x40002d35   0x00000002   Data   RW          630    .data               dac.o
    0x40002d37   0x00000002   Data   RW          672    .data               i2cdrv.o
    0x40002d39   0x00000001   Data   RW          702    .data               ic4094.o
    0x40002d3a   0x00000002   PAD
    0x40002d3c   0x00000018   Data   RW          717    .data               ioport.o
    0x40002d54   0x0000001d   Data   RW          754    .data               ir.o
    0x40002d71   0x00000003   PAD
    0x40002d74   0x00000028   Data   RW          783    .data               timer.o
    0x40002d9c   0x00000005   Data   RW          852    .data               volume.o
    0x40002da1   0x00000008   Data   RW          876    .data               max335.o
    0x40002da9   0x00000002   Data   RW          895    .data               channel.o
    0x40002dab   0x00000003   Data   RW          941    .data               hdmi.o
    0x40002dae   0x00000012   Data   RW         1101    .data               dsp_task.o
    0x40002dc0   0x0000001e   Data   RW         1148    .data               dspdrv.o
    0x40002dde   0x00000002   PAD
    0x40002de0   0x00000708   Zero   RW          224    .bss                message.o
    0x400034e8   0x00000014   Zero   RW          242    .bss                rs232_protocol.o
    0x400034fc   0x00000014   Zero   RW          302    .bss                setup_func.o
    0x40003510   0x00000032   Zero   RW          402    .bss                zone1_task.o
    0x40003542   0x00000064   Zero   RW          520    .bss                radio_task.o
    0x400035a6   0x00000200   Zero   RW          561    .bss                uart.o
    0x400037a6   0x00000002   PAD
    0x400037a8   0x00000020   Zero   RW          854    .bss                volume.o
    0x400037c8   0x0000000c   Zero   RW         1010    .bss                bassmanager.o
    0x400037d4   0x00000020   Zero   RW         1028    .bss                delaymanager.o
    0x400037f4   0x00000080   Zero   RW         1149    .bss                dspdrv.o
    0x40003874   0x00000280   Zero   RW         1206    .bss                eq_manager.o
    0x40003af4   0x00000060   Zero   RW         1595    .bss                libspace.o(c_t__un.l)
    0x40003b54   0x00000004   PAD
    0x40003b58   0x00000000   Zero   RW            2    HEAP                lpc2300.o
    0x40003b58   0x00000508   Zero   RW            1    STACK               lpc2300.o


================================================================================

Image component sizes


      Code (inc. data)   RO Data    RW Data    ZI Data      Debug   Object Name

         0          0          0          0          0       7344   audiomanager.o
      8680        562        299        341          0      12780   auto_sound.o
      4360        164          0          0         12      12464   bassmanager.o
       132          0          0          0          0       1804   c11_msg_handler.o
      1324         52        216          2          0       8288   channel.o
       292          8         76          1          0       3684   cs8416.o
       860         42          0          2          0       2276   dac.o
       124          0          0          0          0       5480   debug.o
      1200         38          0          0         32      11228   delaymanager.o
       712          6          0          0          0       2512   dolbymanager.o
       800         34          0          0          0       2176   dolbyprologicii.o
       996         32          0          0          0       2672   dolbyprologiciix.o
       652         14          0          0          0       2040   dolbytruehd.o
      2284         84          0          0          0       5096   dsp_api.o
       452         12          0          0          0       1616   dsp_spi.o
       524         58          0         18          0      10384   dsp_task.o
      6706        360          0         30        128      21700   dspdrv.o
        88          6         76          0          0       1268   eeprom.o
      2420         98        216          0        640       8216   eq_manager.o
       824         50         76          3          0       2956   hdmi.o
      1396         10          0          2          0       3940   i2cdrv.o
        80          0          0          0          0        512   ic165.o
       564          4          0          1          0       3660   ic4094.o
      4720        128          0         24          0      13676   ioport.o
      1600         90          0         29          0       4264   ir.o
       736         12        256          0          0       3256   irc1_manager.o
       376          4          0          0          0       1512   irc2_manager.o
         0          0        128          0          0        468   key_tab.o
      1056         46        256         28          0       3600   key_task.o
       396         60          0          0       1288        656   lpc2300.o
       208         20          0          4          0      47772   main.o
       708         14          0          0          0       1816   mas9116.o
       176         10          8          8          0       1408   max335.o
         0          0       2243       9243          0      11684   menu_tbl.o
       332         12          0          4       1800       1988   message.o
       560          6          0          0          0       1968   os_manager.o
       356          0          0          0          0       2276   queue.o
      8232       1086          0        120        100      13452   radio_task.o
     23352       2294       2336        762         20      74448   rs232_protocol.o
      6484        360         21        589         20      23140   setup_func.o
      6032        538          0         32          0      10684   setup_menu.o
       516         36          0          0          0       1624   signalgenerator.o
       120         10         40         25          0       1568   task.o
      1204        180          0         40          0       3204   timer.o
      1092         10          0          0          0       3808   tuner.o
       528         66          0         32        512       3300   uart.o
       620         22         21         88          0       3348   vfd_disp.o
       208          8         80          0          0       1812   vfddriver.o
       492         18          8          5         32       2308   volume.o
     11232       1986        166        286         50      19228   zone1_task.o
      2120        302          0          4          0       3236   zone2_task.o

    ------------------------------------------------------------------------
    109040       8976       6563      11744       4636     395600   Object Totals
       112         24         32          0          0          0   (incl. Generated)
         2          0          9         21          2          0   (incl. Padding)

    ------------------------------------------------------------------------

      Code (inc. data)   RO Data    RW Data    ZI Data      Debug   Library Member Name

        44          4          0          0          0          0   __0sprintf.o
        92          0          0          0          0          0   __dczerorl2.o
         8          0          0          0          0          0   __main.o
       744          4         17          0          0          0   __printf.o
        56          8          0          0          0          0   __scatter.o
        44          0          0          0          0          0   __scatter_zi.o
        52          8          0          0          0          0   _printf_char_common.o
        36          0          0          0          0          0   _printf_charcount.o
       116         18          0          0          0          0   _printf_dec.o
      1606         44          0          0          0          0   _printf_fp_dec.o
        10          0          0          0          0          0   _printf_input_char.o
       168          0          0          0          0          0   _printf_intcommon.o
       140         16          0          0          0          0   _printf_longlong_dec.o
       204         22         34          0          0          0   _printf_longlong_hex.o
       148         10          0          0          0          0   _printf_longlong_oct.o
        32          0          0          0          0          0   _printf_outstr_char.o
        84          0          0          0          0          0   _printf_pad.o
        94          0          0          0          0          0   _printf_str.o
        44          0          0          0          0          0   _printf_truncate.o
       196          6          8          0          0          0   _printf_wctomb.o
        42          0          0          0          0          0   _rserrno.o
        10          0          0          0          0          0   _sputc.o
        78          0          0          0          0          0   _wcrtomb.o
         4          0          0          0          0          0   aeabi_idiv0.o
        20          0          0          0          0          0   aeabi_memset.o
       400          0          0          0          0          0   aeabi_sdiv.o
       208          6        148          0          0          0   bigflt0.o
        12          0          0          0          0          0   boardinit2.o
        16          0          0          0          0          0   boardinit3.o
      2040        128          0          0          0          0   btod.o
        16          0          0          0          0          0   callvia.o
        60          0          0          0          0          0   classify.o
       176          4          0          0          0          0   d2f.o
      1080         28          0          0          0          0   daddsub_noclz.o
        16          4          0          0          0          0   dcheck.o
        16          4          0          0          0          0   dcheck1.o
       128          0          0          0          0          0   dcmpin.o
      1220        144          0          0          0          0   ddiv.o
       104          0          0          0          0          0   dflt_noclz.o
       140          4          0          0          0          0   dleqf.o
       480         16          0          0          0          0   dmul.o
       164          4          0          0          0          0   drleqf.o
       392          8          0          0          0          0   dsqrt.o
       100          0          0          0          0          0   dtoi.o
       276          0          0          0          0          0   dunder.o
        24          0          0          0          0          0   exit.o
       104          4          0          0          0          0   f2d.o
       632          8          0          0          0          0   faddsub_noclz.o
        12          4          0          0          0          0   fcheck.o
        12          4          0          0          0          0   fcheck1.o
       100          0          0          0          0          0   fcmpin.o
       488         76          0          0          0          0   fdiv.o
       124          4          0          0          0          0   feqf.o
       120          4          0          0          0          0   ffix.o
       100          4          0          0          0          0   ffixu.o
       108          0          0          0          0          0   fflt_noclz.o
       124          4          0          0          0          0   fleqf.o
       268          4          0          0          0          0   fmul.o
       148          0          0          0          0          0   fnorm2_noclz.o
        48          4          0          0          0          0   fpclassify.o
        28          0          0          0          0          0   fpinit.o
       136          4          0          0          0          0   frleqf.o
       144          0          0          0          0          0   funder.o
        12          0          0          0          0          0   istatus.o
       104          4          0          0          0          0   kernel.o
        48          8        269          0          0          0   lc_ctype_c.o
        48          8         28          0          0          0   lc_numeric_c.o
       242          4          0          0          0          0   lib_init.o
        12          4          0          0         96          0   libspace.o
       164          0          0          0          0          0   lludiv10.o
         6          0          0          0          0          0   no_argv.o
       248          0          0          0          0          0   poly.o
      3640        236        136          0          0          0   pow.o
         8          0          0          0          0          0   printf1.o
         8          0          0          0          0          0   printf2.o
         0          0          8          0          0          0   qnan.o
       116          0          0          0          0          0   retnan.o
        28          4          0          0          0          0   rt_ctype_table.o
        20          4          0          0          0          0   rt_errno_addr_intlibspace.o
        16          4          0          0          0          0   rt_fp_status_addr_intlibspace.o
        20          4          0          0          0          0   rt_locale_intlibspace.o
        64          0          0          0          0          0   rt_memclr.o
        84          0          0          0          0          0   rt_memclr_w.o
       216          0          0          0          0          0   rt_memcpy.o
       104          0          0          0          0          0   rt_memcpy_w.o
        16          4          0          0          0          0   rt_stackheap_storage_intlibspace.o
        48          0          0          0          0          0   rtudiv10.o
       108          0          0          0          0          0   scalbn_noclz.o
       124         20          0          0          0          0   sqrt.o
        88          0          0          0          0          0   stkheap2.o
       164          4          0          0          0          0   strcmp.o
        72          4          0          0          0          0   strlen.o
       116          4          0          0          0          0   strncpy.o
        28          0          0          0          0          0   switch8.o
        24          8          0          0          0          0   sys_exit.o
        96          0          0          0          0          0   sys_stackheap_outer.o
        60          0          0          0          0          0   trapv.o
         4          0          0          0          0          0   use_no_semi.o
         0          0          0          0          0          0   usenofp.o
        44          6          0          0          0          0   vsprintf.o

    ------------------------------------------------------------------------
     20044        944        657          0        100          0   Library Totals
         8          0          9          0          4          0   (incl. Padding)

    ------------------------------------------------------------------------

      Code (inc. data)   RO Data    RW Data    ZI Data      Debug   Library Name

      8620        348        504          0         96          0   c_t__un.l
      7152        336          0          0          0          0   fz_t_p.l
        44          0          0          0          0          0   h_t__un.l
      4220        260        144          0          0          0   m_t_pu.l

    ------------------------------------------------------------------------
     20044        944        657          0        100          0   Library Totals

    ------------------------------------------------------------------------

================================================================================


      Code (inc. data)   RO Data    RW Data    ZI Data      Debug   

    129084       9920       7220      11744       4736     395600   Grand Totals
    129084       9920       7220       4656       4736     395600   Image Totals (compressed)

================================================================================

    Total RO  Size (Code + RO Data)               136304 ( 133.11kB)
    Total RW  Size (RW Data + ZI Data)             16480 (  16.09kB)
    Total ROM Size (Code + RO Data + RW Data)     140960 ( 137.66kB)

================================================================================

