ARM Linker, 5.03 [Build 24] [MDK-ARM Professional]

==============================================================================

Section Cross References

    lpc2300.o(STACK) refers (Special) to heapauxi.o(.text) for __use_two_region_memory
    lpc2300.o(HEAP) refers (Special) to heapauxi.o(.text) for __use_two_region_memory
    lpc2300.o(RESET) refers (Special) to heapauxi.o(.text) for __use_two_region_memory
    lpc2300.o(RESET) refers to lpc2300.o(STACK) for Stack_Top
    lpc2300.o(RESET) refers to __main.o(!!!main) for __main
    lpc2300.o(.text) refers (Special) to heapauxi.o(.text) for __use_two_region_memory
    lpc2300.o(.text) refers to lpc2300.o(HEAP) for Heap_Mem
    lpc2300.o(.text) refers to lpc2300.o(STACK) for Stack_Mem
    main.o(.text) refers to ioport.o(.text) for HardwareInit
    main.o(.text) refers to uart.o(.text) for UartInit
    main.o(.text) refers to timer.o(.text) for Timer0Init
    main.o(.text) refers to ir.o(.text) for InitRemoteRepeatKey
    main.o(.text) refers to vfddriver.o(.text) for VfdSetDimerValue
    main.o(.text) refers to message.o(.text) for InitMsgQueue
    main.o(.text) refers to debug.o(.text) for assert_Function
    main.o(.text) refers to zone1_task.o(.text) for LoadSystemStartupValue
    main.o(.text) refers to dac.o(.text) for InitDSDMode
    main.o(.text) refers to main.o(i.__ARM_common_call_via_r0) for __ARM_common_call_via_r0
    main.o(.text) refers to task.o(.text) for ProcMessage
    main.o(.text) refers to dsp_task.o(.text) for DspLoop
    main.o(.text) refers to hdmi.o(.text) for HDMI_DSD_Loop
    main.o(.text) refers to vfd_disp.o(.text) for VfdRefresh
    main.o(.text) refers to radio_task.o(.text) for RadioLoop
    main.o(.text) refers to zone1_task.o(.bss) for sys_flag
    main.o(.text) refers to zone1_task.o(.data) for temp_dimer_time
    main.o(.text) refers to main.o(.data) for Rs232ProtocolHandler
    main.o(.text) refers to vfd_disp.o(.data) for need_refresh_vfd
    main.o(.data) refers to rs232_protocol.o(.text) for C11Rs232
    debug.o(.text) refers to c89vsprintf.o(.text) for __c89vsprintf
    debug.o(.text) refers to strlen.o(.text) for strlen
    debug.o(.text) refers to uart.o(.text) for Uart0Send
    debug.o(.data) refers to debug.o(.conststring) for .conststring
    queue.o(.text) refers to aeabi_sdiv.o(.text) for __aeabi_idivmod
    c11_msg_handler.o(.text) refers to dspdrv.o(.text) for DspProcPower
    key_task.o(.text) refers to zone1_task.o(.text) for MsgSetKey
    key_task.o(.text) refers to ic165.o(.text) for read165
    key_task.o(.text) refers to ioport.o(.text) for SenseEncoderSwitchPlus
    key_task.o(.text) refers to key_task.o(.constdata) for panel_key_table
    key_task.o(.text) refers to key_task.o(.data) for pre_mode
    key_task.o(.text) refers to zone1_task.o(.bss) for sys_flag
    key_task.o(.text) refers to zone1_task.o(.data) for HDRadio_FM_Flag
    key_task.o(.text) refers to radio_task.o(.data) for current_radio_mode
    key_task.o(.text) refers to ir.o(.data) for zone1_ir_enable
    key_task.o(.text) refers to key_tab.o(.constdata) for zone1_remote_key_table
    key_task.o(.text) refers to debug.o(.text) for debug_printf
    menu_tbl.o(.constdata) refers to menu_tbl.o(.data) for StrSetupMenu
    menu_tbl.o(.data) refers to menu_tbl.o(.conststring) for .conststring
    menu_tbl.o(.data) refers to setup_menu.o(.text) for SetupMenuDisplay
    menu_tbl.o(.data) refers to setup_func.o(.text) for SpkConfigSetup
    menu_tbl.o(.data) refers to menu_tbl.o(.constdata) for balance_table
    menu_tbl.o(.data) refers to zone1_task.o(.data) for SrcNameCh71
    menu_tbl.o(.data) refers to zone1_task.o(.bss) for C11Logo
    message.o(.text) refers to aeabi_sdiv.o(.text) for __aeabi_idivmod
    message.o(.text) refers to debug.o(.text) for assert_Function
    message.o(.text) refers to rt_memcpy.o(.text) for __aeabi_memcpy
    message.o(.text) refers to message.o(.data) for msg_queue_front
    message.o(.text) refers to message.o(.bss) for pMsgQueue
    rs232_protocol.o(.text) refers to fmul.o(x$fpl$fmul) for __aeabi_fmul
    rs232_protocol.o(.text) refers to fflt_noclz.o(x$fpl$fflt) for __aeabi_i2f
    rs232_protocol.o(.text) refers to faddsub_noclz.o(x$fpl$fadd) for __aeabi_fadd
    rs232_protocol.o(.text) refers to fdiv.o(x$fpl$fdiv) for __aeabi_fdiv
    rs232_protocol.o(.text) refers to f2d.o(x$fpl$f2d) for __aeabi_f2d
    rs232_protocol.o(.text) refers to debug.o(.text) for rs232_printf
    rs232_protocol.o(.text) refers to rs232_protocol.o(i.__ARM_common_switch8) for __ARM_common_switch8
    rs232_protocol.o(.text) refers to task.o(.text) for GetCurFocusTid
    rs232_protocol.o(.text) refers to zone1_task.o(.text) for MsgSetInputSource
    rs232_protocol.o(.text) refers to radio_task.o(.text) for RadioExit
    rs232_protocol.o(.text) refers to zone1_task.o(.bss) for sys_flag
    rs232_protocol.o(.text) refers to radio_task.o(.data) for current_radio_mode
[...]
    cmd_ASMVO                                0x000241a4   Data           8  rs232_protocol.o(.constdata)
    cmd_AZ1SMV                               0x000241ac   Data           8  rs232_protocol.o(.constdata)
    cmd_AZ2SMV                               0x000241b4   Data           8  rs232_protocol.o(.constdata)
    CaryLogo                                 0x000241bc   Data          20  setup_func.o(.constdata)
    pZone1Task                               0x000241d0   Data           8  task.o(.constdata)
    pSetupTask                               0x000241d8   Data           8  task.o(.constdata)
    pRadioTask                               0x000241e0   Data           8  task.o(.constdata)
    pZone2Task                               0x000241e8   Data           8  task.o(.constdata)
    pAutoSoundTask                           0x000241f0   Data           8  task.o(.constdata)
    Surround_Processor                       0x000241f8   Data          21  vfd_disp.o(.constdata)
    eq_freq                                  0x00024210   Data         242  auto_sound.o(.constdata)
    IIC_CS8416                               0x00024324   Data          76  cs8416.o(.constdata)
    IIC_EEPROM                               0x00024370   Data          76  eeprom.o(.constdata)
    IIC_VFD                                  0x000243bc   Data          76  vfddriver.o(.constdata)
    dimer_table                              0x00024408   Data           4  vfddriver.o(.constdata)
    BalanceChannel                           0x0002440c   Data           8  volume.o(.constdata)
    Max335SelTab                             0x00024414   Data           8  max335.o(.constdata)
    IIC_DIGI                                 0x0002441c   Data          76  channel.o(.constdata)
    Digital_channel_table                    0x00024468   Data          18  channel.o(.constdata)
    Zone2_Digital_channel_table              0x0002447a   Data          18  channel.o(.constdata)
    input_select_table                       0x0002448c   Data          20  channel.o(.constdata)
    analog_in_table                          0x000244a0   Data          40  channel.o(.constdata)
    zone2_analog_in_table                    0x000244c8   Data          44  channel.o(.constdata)
    IIC_HDMI                                 0x000244f4   Data          76  hdmi.o(.constdata)
    sw_freq_table                            0x00024540   Data          20  eq_manager.o(.constdata)
    freq_table                               0x00024554   Data          20  eq_manager.o(.constdata)
    eq_var_table                             0x00024568   Data         176  eq_manager.o(.constdata)
    MIC_YOGE_BM38_parameter                  0x00024618   Data         256  irc1_manager.o(.constdata)
    __mathlib_zero                           0x000247e8   Data           8  qnan.o(.constdata)
    Region$$Table$$Base                      0x00025238   Number         0  anon$$obj.o(Region$$Table)
    Region$$Table$$Limit                     0x00025258   Number         0  anon$$obj.o(Region$$Table)
    __ctype                                  0x00025281   Data           0  lc_ctype_c.o(locale$$data)
    Rs232ProtocolHandler                     0x40000000   Data           4  main.o(.data)
    key_enable                               0x40000004   Data           1  key_task.o(.data)
    panel_key_value                          0x40000006   Data           2  key_task.o(.data)
    encoder_flag                             0x40000008   Data           1  key_task.o(.data)
    encoder_key                              0x40000009   Data           1  key_task.o(.data)
    strFl                                    0x40000020   Data           3  menu_tbl.o(.data)
    strCen                                   0x40000023   Data           4  menu_tbl.o(.data)
    strFr                                    0x40000027   Data           3  menu_tbl.o(.data)
    strSr                                    0x4000002a   Data           3  menu_tbl.o(.data)
    strSbr                                   0x4000002d   Data           4  menu_tbl.o(.data)
    strSbl                                   0x40000031   Data           4  menu_tbl.o(.data)
    strSl                                    0x40000035   Data           3  menu_tbl.o(.data)
    strSw                                    0x40000038   Data           3  menu_tbl.o(.data)
    strListenProfile                         0x4000003b   Data          19  menu_tbl.o(.data)
    strInput                                 0x4000004e   Data           7  menu_tbl.o(.data)
    strZone2                                 0x40000055   Data           7  menu_tbl.o(.data)
    strOther                                 0x4000005c   Data          18  menu_tbl.o(.data)
    strOn                                    0x4000006e   Data           3  menu_tbl.o(.data)
    strOff                                   0x40000071   Data           4  menu_tbl.o(.data)
    strBack                                  0x40000075   Data           5  menu_tbl.o(.data)
    strGotoMain                              0x4000007a   Data          15  menu_tbl.o(.data)
    strAssignedInput                         0x40000089   Data          16  menu_tbl.o(.data)
    strChangeInputNames                      0x40000099   Data          19  menu_tbl.o(.data)
    strSetAnalogInLevel                      0x400000ac   Data          20  menu_tbl.o(.data)
    strSetAnalogInConfig                     0x400000c0   Data          21  menu_tbl.o(.data)
    strHDMIinAudio                           0x400000d5   Data          18  menu_tbl.o(.data)
    opCrossOver                              0x400000e8   Data          96  menu_tbl.o(.data)
    opAssignedIput                           0x40000148   Data           8  menu_tbl.o(.data)
    opChangeInputNames                       0x40000150   Data           8  menu_tbl.o(.data)
    opSetAnalogInLevel                       0x40000158   Data           8  menu_tbl.o(.data)
    opSetAnalogInConfig                      0x40000160   Data           8  menu_tbl.o(.data)
    opSetHDMIInAudio                         0x40000168   Data           8  menu_tbl.o(.data)
    opListenProfilePage                      0x40000170   Data           8  menu_tbl.o(.data)
    opMovieSpeaker                           0x40000178   Data           8  menu_tbl.o(.data)
    opMusicSpeaker                           0x40000180   Data           8  menu_tbl.o(.data)
    opSpkConfigPage                          0x40000188   Data           8  menu_tbl.o(.data)
    opSpkDistancePage                        0x40000190   Data           8  menu_tbl.o(.data)
    opSpkBalancePage                         0x40000198   Data           8  menu_tbl.o(.data)
    opSpkCrossoverPage                       0x400001a0   Data           8  menu_tbl.o(.data)
    opSpkEqPage                              0x400001a8   Data           8  menu_tbl.o(.data)
    opSpkPhasePage                           0x400001b0   Data           8  menu_tbl.o(.data)
    opSpkConfigPage_music                    0x400001b8   Data           8  menu_tbl.o(.data)
    opSpkDistancePage_music                  0x400001c0   Data           8  menu_tbl.o(.data)
    opSpkBalancePage_music                   0x400001c8   Data           8  menu_tbl.o(.data)
    opSpkCrossoverPage_music                 0x400001d0   Data           8  menu_tbl.o(.data)
    opSpkEqPage_music                        0x400001d8   Data           8  menu_tbl.o(.data)
    opSpkPhasePage_music                     0x400001e0   Data           8  menu_tbl.o(.data)
    opSpkPanoramaPage_music                  0x400001e8   Data           8  menu_tbl.o(.data)
    opMainPage                               0x400001f0   Data           8  menu_tbl.o(.data)
    opZone2Page                              0x400001f8   Data           8  menu_tbl.o(.data)
    opCrossOverPage                          0x40000200   Data           8  menu_tbl.o(.data)
    opDelayPage                              0x40000208   Data           8  menu_tbl.o(.data)
    opAvSynPage                              0x40000210   Data           8  menu_tbl.o(.data)
    opBalancePage                            0x40000218   Data           8  menu_tbl.o(.data)
    opInputPage                              0x40000220   Data           8  menu_tbl.o(.data)
    opHDMIPage                               0x40000228   Data           8  menu_tbl.o(.data)
    opOtherPage                              0x40000230   Data           8  menu_tbl.o(.data)
    opSignalPage                             0x40000238   Data           8  menu_tbl.o(.data)
    opLogoPage                               0x40000240   Data           8  menu_tbl.o(.data)
    opPasswordPage                           0x40000248   Data           8  menu_tbl.o(.data)
    strMovieSpeaker                          0x40000250   Data           9  menu_tbl.o(.data)
    strMusicSpeaker                          0x40000259   Data           9  menu_tbl.o(.data)
    strMovieSpeakerSetting                   0x40000262   Data          18  menu_tbl.o(.data)
    strMusicSpeakerSetting                   0x40000274   Data          18  menu_tbl.o(.data)
    ListenProfileItem                        0x40000288   Data          60  menu_tbl.o(.data)
    strSetSpeakerConfig                      0x400002c4   Data          19  menu_tbl.o(.data)
    strSetDistance                           0x400002d7   Data          13  menu_tbl.o(.data)
    strSetBalance                            0x400002e4   Data          12  menu_tbl.o(.data)
    strSetCrossoverPoints                    0x400002f0   Data          21  menu_tbl.o(.data)
    strSetRoomEq                             0x40000305   Data          12  menu_tbl.o(.data)
    strSetSpeakerPhase                       0x40000311   Data          18  menu_tbl.o(.data)
    MovieSpeakerItem                         0x40000324   Data         140  menu_tbl.o(.data)
    strSetSpeakerConfig_music                0x400003b0   Data          19  menu_tbl.o(.data)
    strSetDistance_music                     0x400003c3   Data          13  menu_tbl.o(.data)
    strSetBalance_music                      0x400003d0   Data          12  menu_tbl.o(.data)
    strSetCrossoverPoints_music              0x400003dc   Data          21  menu_tbl.o(.data)
    strSetRoomEq_music                       0x400003f1   Data          12  menu_tbl.o(.data)
    strSetSpeakerPhase_music                 0x400003fd   Data          18  menu_tbl.o(.data)
    strSetPanorama_music                     0x4000040f   Data          18  menu_tbl.o(.data)
    MusicSpeakerItem                         0x40000424   Data         160  menu_tbl.o(.data)
    SpkConfigOption                          0x400004c4   Data          16  menu_tbl.o(.data)
    SpkConfigItem                            0x400004d4   Data         180  menu_tbl.o(.data)
    SpkConfigItem_Music                      0x40000588   Data         180  menu_tbl.o(.data)
    SpkDistanceItem                          0x4000063c   Data         180  menu_tbl.o(.data)
    SpkDistanceItem_Music                    0x400006f0   Data         180  menu_tbl.o(.data)
    OpTestMode                               0x400007a4   Data          24  menu_tbl.o(.data)
    SpkSetBalanceItem                        0x400007bc   Data         200  menu_tbl.o(.data)
    SpkSetBalanceItem_Music                  0x40000884   Data         200  menu_tbl.o(.data)
    SpkSetCrossoverPointsItem                0x4000094c   Data         180  menu_tbl.o(.data)
    SpkSetCrossoverPointsItem_Music          0x40000a00   Data         180  menu_tbl.o(.data)
    SpkSetRoomEqItem                         0x40000ab4   Data        1620  menu_tbl.o(.data)
    SpkSetRoomEqItem_Music                   0x40001108   Data        1620  menu_tbl.o(.data)
    SpkPhaseOption                           0x4000175c   Data          16  menu_tbl.o(.data)
    SpkSetSpeakerPhaseItem                   0x4000176c   Data         180  menu_tbl.o(.data)
    SpkSetSpeakerPhaseItem_Music             0x40001820   Data         180  menu_tbl.o(.data)
    strDimension                             0x400018d4   Data          10  menu_tbl.o(.data)
    strPanorama                              0x400018de   Data           9  menu_tbl.o(.data)
    strWidth                                 0x400018e7   Data           6  menu_tbl.o(.data)
    strDelay                                 0x400018ed   Data           6  menu_tbl.o(.data)
    SpkDimensionOption                       0x400018f4   Data          56  menu_tbl.o(.data)
    SpkPanoramaOption                        0x4000192c   Data          16  menu_tbl.o(.data)
    SpkWidthOption                           0x4000193c   Data          64  menu_tbl.o(.data)
    SpkDelayOption                           0x4000197c   Data         128  menu_tbl.o(.data)
    SpkSetSpeakerPanoramaItem_Music          0x400019fc   Data         100  menu_tbl.o(.data)
    strInput7CH1                             0x40001a60   Data           7  menu_tbl.o(.data)
    strInput1                                0x40001a67   Data           7  menu_tbl.o(.data)
    strInput2                                0x40001a6e   Data           7  menu_tbl.o(.data)
    strInput3                                0x40001a75   Data           7  menu_tbl.o(.data)
    strInput4                                0x40001a7c   Data           7  menu_tbl.o(.data)
    strInput5                                0x40001a83   Data           7  menu_tbl.o(.data)
    strInput6                                0x40001a8a   Data           7  menu_tbl.o(.data)
    strInput7                                0x40001a91   Data           7  menu_tbl.o(.data)
    strInput8                                0x40001a98   Data           7  menu_tbl.o(.data)
    strInputHDM1                             0x40001a9f   Data           7  menu_tbl.o(.data)
    strInputHDM2                             0x40001aa6   Data           7  menu_tbl.o(.data)
    strInputHDM3                             0x40001aad   Data           7  menu_tbl.o(.data)
    strInputHDM4                             0x40001ab4   Data           7  menu_tbl.o(.data)
    strarcchannel                            0x40001abb   Data           9  menu_tbl.o(.data)
    strInputTuner                            0x40001ac4   Data           6  menu_tbl.o(.data)
    InputItem                                0x40001acc   Data         100  menu_tbl.o(.data)
    Input1Option                             0x40001b30   Data          16  menu_tbl.o(.data)
    Input2Option                             0x40001b40   Data          24  menu_tbl.o(.data)
    Input3Option                             0x40001b58   Data          24  menu_tbl.o(.data)
    Input4Option                             0x40001b70   Data          24  menu_tbl.o(.data)
    Input5Option                             0x40001b88   Data          24  menu_tbl.o(.data)
    Input6Option                             0x40001ba0   Data          24  menu_tbl.o(.data)
    Input7Option                             0x40001bb8   Data          24  menu_tbl.o(.data)
    Input8Option                             0x40001bd0   Data          24  menu_tbl.o(.data)
    AssignedInputItem                        0x40001be8   Data         180  menu_tbl.o(.data)
    InputNameItem                            0x40001c9c   Data         300  menu_tbl.o(.data)
    AnalogInLevelItem                        0x40001dc8   Data         180  menu_tbl.o(.data)
    AnalogInOption                           0x40001e7c   Data          16  menu_tbl.o(.data)
    AnalogInConfigItem                       0x40001e8c   Data         220  menu_tbl.o(.data)
    strHDMI1                                 0x40001f68   Data           6  menu_tbl.o(.data)
    strHDMI2                                 0x40001f6e   Data           6  menu_tbl.o(.data)
    strHDMI3                                 0x40001f74   Data           6  menu_tbl.o(.data)
    strHDMI4                                 0x40001f7a   Data           6  menu_tbl.o(.data)
    HDMIInAudioOption                        0x40001f80   Data          16  menu_tbl.o(.data)
    HDMIInAudioItem                          0x40001f90   Data         100  menu_tbl.o(.data)
    opZONE2OUT                               0x40001ff4   Data         128  menu_tbl.o(.data)
    Zone2Item                                0x40002074   Data          60  menu_tbl.o(.data)
    strSetMaxVolume                          0x400020b0   Data          15  menu_tbl.o(.data)
    strLate                                  0x400020bf   Data           5  menu_tbl.o(.data)
    strBright                                0x400020c4   Data           7  menu_tbl.o(.data)
    strPassword                              0x400020cb   Data           9  menu_tbl.o(.data)
    strHDMIAudioOut                          0x400020d4   Data          15  menu_tbl.o(.data)
    strSetZ1MasterVolume                     0x400020e3   Data          17  menu_tbl.o(.data)
    strSetZ2MasterVolume                     0x400020f4   Data          17  menu_tbl.o(.data)
    strSetCDPureAudio                        0x40002105   Data          14  menu_tbl.o(.data)
    strPasswordMode                          0x40002113   Data          14  menu_tbl.o(.data)
    strPasswordChange                        0x40002121   Data           7  menu_tbl.o(.data)
    strAutoInputSeek                         0x40002128   Data          16  menu_tbl.o(.data)
    strIrControls                            0x40002138   Data          12  menu_tbl.o(.data)
    strZone2IrControls                       0x40002144   Data          15  menu_tbl.o(.data)
    strTriggers                              0x40002153   Data          10  menu_tbl.o(.data)
    strTriggers1                             0x4000215d   Data          10  menu_tbl.o(.data)
    strTriggers2                             0x40002167   Data          10  menu_tbl.o(.data)
    strRestoreDefault                        0x40002171   Data          16  menu_tbl.o(.data)
    strAvSyncDelay                           0x40002181   Data          14  menu_tbl.o(.data)
    strEditCustomName                        0x4000218f   Data          17  menu_tbl.o(.data)
    opLate                                   0x400021a0   Data          24  menu_tbl.o(.data)
    opPassword                               0x400021b8   Data          16  menu_tbl.o(.data)
    opHDMIAudioOut                           0x400021c8   Data          16  menu_tbl.o(.data)
    opCDPureAudio                            0x400021d8   Data          16  menu_tbl.o(.data)
    opBright                                 0x400021e8   Data          32  menu_tbl.o(.data)
    opAutoInputSeek                          0x40002208   Data          16  menu_tbl.o(.data)
    opIrControls                             0x40002218   Data          24  menu_tbl.o(.data)
    opIrMode                                 0x40002230   Data          16  menu_tbl.o(.data)
    opTriggers                               0x40002240   Data          24  menu_tbl.o(.data)
    OtherItem                                0x40002258   Data         400  menu_tbl.o(.data)
    PasswordItem                             0x400023e8   Data          60  menu_tbl.o(.data)
    EditCustomNameItem                       0x40002424   Data          40  menu_tbl.o(.data)
    strExit                                  0x4000244c   Data          16  menu_tbl.o(.data)
    MainPageItem                             0x4000245c   Data         100  menu_tbl.o(.data)
    StrSetupMenu                             0x400024c0   Data          11  menu_tbl.o(.data)
    msg_queue_rear                           0x400024cc   Data           2  message.o(.data)
    msg_queue_front                          0x400024ce   Data           2  message.o(.data)
    cur_dis_unit                             0x400024d0   Data           1  rs232_protocol.o(.data)
    msgs                                     0x400024d4   Data         780  rs232_protocol.o(.data)
    spk_name_fl                              0x400027e4   Data           8  setup_func.o(.data)
    spk_name_c                               0x400027ec   Data           8  setup_func.o(.data)
    spk_name_fr                              0x400027f4   Data           8  setup_func.o(.data)
    spk_name_sl                              0x400027fc   Data           8  setup_func.o(.data)
    spk_name_sr                              0x40002804   Data           8  setup_func.o(.data)
    spk_name_sbl                             0x4000280c   Data           8  setup_func.o(.data)
    spk_name_sbr                             0x40002814   Data           8  setup_func.o(.data)
    spk_name_sw                              0x4000281c   Data           8  setup_func.o(.data)
    spk_fl                                   0x40002824   Data          60  setup_func.o(.data)
    spk_fr                                   0x40002860   Data          60  setup_func.o(.data)
    spk_sl                                   0x4000289c   Data          60  setup_func.o(.data)
    spk_sr                                   0x400028d8   Data          60  setup_func.o(.data)
    spk_sbl                                  0x40002914   Data          60  setup_func.o(.data)
    spk_sbr                                  0x40002950   Data          60  setup_func.o(.data)
    spk_cen                                  0x4000298c   Data          60  setup_func.o(.data)
    spk_sw                                   0x400029c8   Data          60  setup_func.o(.data)
    speaker_table                            0x40002a04   Data          36  setup_func.o(.data)
    balance_mode                             0x40002a28   Data           1  setup_func.o(.data)
    pwd_mode                                 0x40002a29   Data           1  setup_func.o(.data)
    zone2_ir_mode                            0x40002a2a   Data           1  setup_func.o(.data)
    rear_ir_mode                             0x40002a2b   Data           1  setup_func.o(.data)
    SystemTriggerMode                        0x40002a2c   Data           1  setup_func.o(.data)
    SystemTriggerMode1                       0x40002a2d   Data           1  setup_func.o(.data)
    SystemTriggerMode2                       0x40002a2e   Data           1  setup_func.o(.data)
    CD_Pure_Audio                            0x40002a2f   Data           1  setup_func.o(.data)
    HDMI_Audio_Out                           0x40002a30   Data           1  setup_func.o(.data)
    InNameChanging                           0x40002a34   Data           1  setup_menu.o(.data)
    FlashPosition                            0x40002a35   Data           1  setup_menu.o(.data)
    InPwdInput                               0x40002a36   Data           1  setup_menu.o(.data)
    PwdCounter                               0x40002a37   Data           1  setup_menu.o(.data)
    PwdInputState                            0x40002a38   Data           1  setup_menu.o(.data)
    current_pwd                              0x40002a3a   Data           2  setup_menu.o(.data)
    new_pwd                                  0x40002a3c   Data           2  setup_menu.o(.data)
    user_pwd                                 0x40002a3e   Data           2  setup_menu.o(.data)
    Movie_Music_Speaker_Flag                 0x40002a40   Data           1  setup_menu.o(.data)
    bCusrPos                                 0x40002a41   Data           1  setup_menu.o(.data)
    bCurOptionIndex                          0x40002a42   Data           1  setup_menu.o(.data)
    disp_mode                                0x40002a46   Data           1  setup_menu.o(.data)
    pMenuCurPage                             0x40002a4c   Data           4  setup_menu.o(.data)
    pMenuCurItem                             0x40002a50   Data           4  setup_menu.o(.data)
    tasks                                    0x40002a54   Data          24  task.o(.data)
    current_tid                              0x40002a6c   Data           1  task.o(.data)
    need_refresh_vfd                         0x40002ac4   Data           1  vfd_disp.o(.data)
    need_refresh_dimer                       0x40002ac5   Data           1  vfd_disp.o(.data)
    temp_dimer_time                          0x40002ac8   Data           2  zone1_task.o(.data)
    Dolby2ch_Flag                            0x40002aca   Data           1  zone1_task.o(.data)
    SrcNameInput1                            0x40002acb   Data          13  zone1_task.o(.data)
    SrcNameInput2                            0x40002ad8   Data          13  zone1_task.o(.data)
    SrcNameInput3                            0x40002ae5   Data          13  zone1_task.o(.data)
    SrcNameInput4                            0x40002af2   Data          13  zone1_task.o(.data)
    SrcNameInput5                            0x40002aff   Data          13  zone1_task.o(.data)
    SrcNameInput6                            0x40002b0c   Data          13  zone1_task.o(.data)
    SrcNameInput7                            0x40002b19   Data          13  zone1_task.o(.data)
    SrcNameInput8                            0x40002b26   Data          13  zone1_task.o(.data)
    SrcNameCh71                              0x40002b33   Data          13  zone1_task.o(.data)
    SrcNameInputHDMI1                        0x40002b40   Data          13  zone1_task.o(.data)
    SrcNameInputHDMI2                        0x40002b4d   Data          13  zone1_task.o(.data)
    SrcNameInputHDMI3                        0x40002b5a   Data          13  zone1_task.o(.data)
    SrcNameInputHDMI4                        0x40002b67   Data          13  zone1_task.o(.data)
    SrcNameInputARC                          0x40002b74   Data          13  zone1_task.o(.data)
    SrcNameInputHDMI                         0x40002b81   Data          13  zone1_task.o(.data)
    DefaultName                              0x40002b90   Data          60  zone1_task.o(.data)
    SrcName                                  0x40002bcc   Data          60  zone1_task.o(.data)
    _cur_key                                 0x40002c08   Data           1  zone1_task.o(.data)
    ch_name                                  0x40002c0c   Data          12  zone1_task.o(.data)
    HDRadio_FM_Flag                          0x40002c18   Data           1  zone1_task.o(.data)
    HDRadio_HDFM_Flag                        0x40002c19   Data           1  zone1_task.o(.data)
    DSP_HDMI_Setting_Flag                    0x40002c1a   Data           1  zone1_task.o(.data)
    Zone1SrcName                             0x40002c20   Data           4  zone1_task.o(.data)
    Stream                                   0x40002c25   Data           1  zone1_task.o(.data)
    Zone2SrcName                             0x40002c28   Data           4  zone2_task.o(.data)
    auto_sound_testing                       0x40002c2c   Data           1  auto_sound.o(.data)
    temp_buffer                              0x40002c2d   Data          21  auto_sound.o(.data)
    current_test_spk                         0x40002c42   Data           1  auto_sound.o(.data)
    bar_counter                              0x40002c43   Data           1  auto_sound.o(.data)
    NameAutoSoundSetup                       0x40002c44   Data          21  auto_sound.o(.data)
    NameEnterStart                           0x40002c59   Data          18  auto_sound.o(.data)
    NameEnterNow                             0x40002c6b   Data          18  auto_sound.o(.data)
    NameConnectMic                           0x40002c7d   Data          21  auto_sound.o(.data)
    NameSpeakerCheck                         0x40002c92   Data          21  auto_sound.o(.data)
    NameSetDistance                          0x40002ca7   Data          21  auto_sound.o(.data)
    NameSetBalance                           0x40002cbc   Data          21  auto_sound.o(.data)
    NameSetCrossoverPoint                    0x40002cd1   Data          21  auto_sound.o(.data)
    NameSetRoomEq                            0x40002ce6   Data          21  auto_sound.o(.data)
    NameSetSpeakerPhase                      0x40002cfb   Data          21  auto_sound.o(.data)
    irc_setupconfig                          0x40002d10   Data           8  auto_sound.o(.data)
    irc_speakercheck                         0x40002d18   Data           8  auto_sound.o(.data)
    irc_setdistance                          0x40002d20   Data           8  auto_sound.o(.data)
    irc_setbalance                           0x40002d28   Data           8  auto_sound.o(.data)
    irc_setroomeq                            0x40002d30   Data           8  auto_sound.o(.data)
    irc_setcrossoverpoint                    0x40002d38   Data           8  auto_sound.o(.data)
    irc_setspeakerphase                      0x40002d40   Data           8  auto_sound.o(.data)
    current_step                             0x40002d48   Data           1  auto_sound.o(.data)
    IrcTaskTable                             0x40002d4c   Data          32  auto_sound.o(.data)
    bak_id                                   0x40002d7c   Data           1  auto_sound.o(.data)
    HD_Radio_Power_Flag                      0x40002d80   Data           1  radio_task.o(.data)
    Tuner_Text_Disp_Flag                     0x40002d81   Data           1  radio_task.o(.data)
    Tuner_Signal_Quality                     0x40002d82   Data           1  radio_task.o(.data)
    Tuner_Freq_H                             0x40002d84   Data           4  radio_task.o(.data)
    Tuner_Freq_L                             0x40002d88   Data           4  radio_task.o(.data)
    Artist_len                               0x40002d8c   Data           1  radio_task.o(.data)
    Title_len                                0x40002d8d   Data           1  radio_task.o(.data)
    currProgram                              0x40002d8e   Data           1  radio_task.o(.data)
    da_status                                0x40002d8f   Data           1  radio_task.o(.data)
    currSeekLevel                            0x40002d90   Data           4  radio_task.o(.data)
    stereo_mode                              0x40002d94   Data           1  radio_task.o(.data)
    current_st_mode                          0x40002d95   Data           1  radio_task.o(.data)
    DEFAULT_AM_FREQ                          0x40002d98   Data           4  radio_task.o(.data)
    MAX_AM_FREQ                              0x40002d9c   Data           4  radio_task.o(.data)
    MIN_AM_FREQ                              0x40002da0   Data           4  radio_task.o(.data)
    DEFAULT_HDAM_FREQ                        0x40002da4   Data           4  radio_task.o(.data)
    MAX_HDAM_FREQ                            0x40002da8   Data           4  radio_task.o(.data)
    MIN_HDAM_FREQ                            0x40002dac   Data           4  radio_task.o(.data)
    DEFAULT_FM_FREQ                          0x40002db0   Data           4  radio_task.o(.data)
    MAX_FM_FREQ                              0x40002db4   Data           4  radio_task.o(.data)
    MIN_FM_FREQ                              0x40002db8   Data           4  radio_task.o(.data)
    DEFAULT_HDFM_FREQ                        0x40002dbc   Data           4  radio_task.o(.data)
    MAX_HDFM_FREQ                            0x40002dc0   Data           4  radio_task.o(.data)
    MIN_HDFM_FREQ                            0x40002dc4   Data           4  radio_task.o(.data)
    temp_radio_time                          0x40002dc8   Data           2  radio_task.o(.data)
    current_radio_mode                       0x40002dca   Data           1  radio_task.o(.data)
    system_freq                              0x40002dcc   Data           4  radio_task.o(.data)
    fm_freq                                  0x40002dd0   Data           4  radio_task.o(.data)
    am_freq                                  0x40002dd4   Data           4  radio_task.o(.data)
    HDFM_freq                                0x40002dd8   Data           4  radio_task.o(.data)
    HDAM_freq                                0x40002ddc   Data           4  radio_task.o(.data)
    system_position                          0x40002de0   Data           1  radio_task.o(.data)
    am_position                              0x40002de1   Data           1  radio_task.o(.data)
    fm_position                              0x40002de2   Data           1  radio_task.o(.data)
    HDFM_position                            0x40002de3   Data           1  radio_task.o(.data)
    HDAM_position                            0x40002de4   Data           1  radio_task.o(.data)
    current_radio_status                     0x40002de5   Data           1  radio_task.o(.data)
    digi_key_value                           0x40002de6   Data           1  radio_task.o(.data)
    CD_NO                                    0x40002df4   Data           4  radio_task.o(.data)
    am_preset_base                           0x40002df8   Data           1  radio_task.o(.data)
    HDFM_preset_base                         0x40002df9   Data           1  radio_task.o(.data)
    HDAM_preset_base                         0x40002dfa   Data           1  radio_task.o(.data)
    current_save_position                    0x40002dfb   Data           1  radio_task.o(.data)
    last_radio_status                        0x40002dfc   Data           1  radio_task.o(.data)
    rec_reply_count                          0x40002e00   Data           4  radio_task.o(.data)
    tuner_buffer                             0x40002e04   Data          12  uart.o(.data)
    tuner_queue_pointer                      0x40002e10   Data           4  uart.o(.data)
    protocol_buffer                          0x40002e14   Data          12  uart.o(.data)
    protocol_queue_pointer                   0x40002e20   Data           4  uart.o(.data)
    eint3_timer_cnter                        0x40002e2c   Data           1  ioport.o(.data)
    eint2_timer_cnter                        0x40002e2d   Data           1  ioport.o(.data)
    eint1_timer_cnter                        0x40002e2e   Data           1  ioport.o(.data)
    eint0_timer_cnter                        0x40002e2f   Data           1  ioport.o(.data)
    front_enable_zone1_ir                    0x40002e30   Data           1  ioport.o(.data)
    front_enable_zone2_ir                    0x40002e31   Data           1  ioport.o(.data)
    zone1_ir_enable                          0x40002e44   Data           1  ir.o(.data)
    zone2_ir_enable                          0x40002e45   Data           1  ir.o(.data)
    remote_repeat                            0x40002e46   Data           8  ir.o(.data)
    zone1_codeIR                             0x40002e5d   Data           1  ir.o(.data)
    OthersystemIR                            0x40002e5e   Data           1  ir.o(.data)
    zone2_codeIR                             0x40002e5f   Data           1  ir.o(.data)
    OthersystemIR2                           0x40002e60   Data           1  ir.o(.data)
    psm_8416_time_tick                       0x40002e64   Data           1  timer.o(.data)
    rs232_timer                              0x40002e66   Data           2  timer.o(.data)
    Tuner_Text_Count                         0x40002e68   Data           1  timer.o(.data)
    Text_Update_Flag                         0x40002e69   Data           1  timer.o(.data)
    HDMI_tick                                0x40002e6a   Data           1  timer.o(.data)
    Hdmi_Stream_tick                         0x40002e6b   Data           1  timer.o(.data)
    DSD_Stream_tick                          0x40002e6c   Data           1  timer.o(.data)
    DSP_Busy_tick                            0x40002e6d   Data           1  timer.o(.data)
    radio_time_tick                          0x40002e6e   Data           1  timer.o(.data)
    system_timer_flag                        0x40002e6f   Data           1  timer.o(.data)
    pcm20_delay_timer                        0x40002e70   Data           1  timer.o(.data)
    pcm20_pill_timer                         0x40002e71   Data           1  timer.o(.data)
    dsp_time_tick                            0x40002e72   Data           1  timer.o(.data)
    main_volume                              0x40002e90   Data           4  volume.o(.data)
    Analog_Input_To_Dsp_Flag                 0x40002e9e   Data           1  channel.o(.data)
    Pre_value                                0x40002e9f   Data           1  hdmi.o(.data)
    debug_flag                               0x40002ea2   Data           1  tuner_new.o(.data)
    currBand                                 0x40002ea3   Data           1  tuner_new.o(.data)
    btText_AB_Flag                           0x40002ea7   Data           1  rbds.o(.data)
    btTextSegAddr                            0x40002ea8   Data           1  rbds.o(.data)
    bRBDSDataAvail                           0x40002ea9   Data           1  rbds.o(.data)
    bRBDSEnabled                             0x40002eaa   Data           1  rbds.o(.data)
    iInfoWord1                               0x40002eae   Data           2  rbds.o(.data)
    iInfoWord2                               0x40002eb0   Data           2  rbds.o(.data)
    iInfoWord3                               0x40002eb2   Data           2  rbds.o(.data)
    iInfoWord4                               0x40002eb4   Data           2  rbds.o(.data)
    btGroupCode                              0x40002eb6   Data           1  rbds.o(.data)
    btAB                                     0x40002eb7   Data           1  rbds.o(.data)
    btTP_Enabled                             0x40002eb8   Data           1  rbds.o(.data)
    btPTY                                    0x40002eb9   Data           1  rbds.o(.data)
    btTA_Flag                                0x40002eba   Data           1  rbds.o(.data)
    btMS_Flag                                0x40002ebb   Data           1  rbds.o(.data)
    btDI_Flag                                0x40002ebc   Data           1  rbds.o(.data)
    btSegAddr                                0x40002ebd   Data           1  rbds.o(.data)
    dsp_power_flag                           0x40002ebe   Data           1  dsp_task.o(.data)
    CD_8416_channel                          0x40002ebf   Data           1  dsp_task.o(.data)
    current_ac3_stream                       0x40002ec4   Data           8  dsp_task.o(.data)
    current_dts_stream                       0x40002ecc   Data           6  dsp_task.o(.data)
    PreDspMode                               0x40002ed4   Data           1  dspdrv.o(.data)
    compression_mode                         0x40002ed5   Data           1  dspdrv.o(.data)
    enable_eq                                0x40002ed6   Data           1  dspdrv.o(.data)
    enable_bass                              0x40002ed7   Data           1  dspdrv.o(.data)
    enable_delay                             0x40002ed8   Data           1  dspdrv.o(.data)
    system_spk_mode                          0x40002ed9   Data           8  dspdrv.o(.data)
    CurrentSampleFreq                        0x40002ee1   Data           1  dspdrv.o(.data)
    CurrentIputPort                          0x40002ee2   Data           1  dspdrv.o(.data)
    stream_type                              0x40002ee3   Data           1  dspdrv.o(.data)
    dsp_force_change_code                    0x40002ee4   Data           1  dspdrv.o(.data)
    DolbyType                                0x40002ee5   Data           1  dspdrv.o(.data)
    DtsType                                  0x40002ee6   Data           1  dspdrv.o(.data)
    softmute_flag                            0x40002ee7   Data           1  dspdrv.o(.data)
    last_stream                              0x40002ee8   Data           4  dspdrv.o(.data)
    Pre_AC3_Type                             0x40002eec   Data           1  dspdrv.o(.data)
    Pre_TureHD_Type                          0x40002eed   Data           1  dspdrv.o(.data)
    Pre_DTS_Type                             0x40002eee   Data           1  dspdrv.o(.data)
    Pre_DTS_HD_Type                          0x40002eef   Data           1  dspdrv.o(.data)
    dsp_repower_flag                         0x40002ef0   Data           1  dspdrv.o(.data)
    DSDType                                  0x40002ef1   Data           1  dspdrv.o(.data)
    PcmType                                  0x40002ef2   Data           1  dspdrv.o(.data)
    pMsgQueue                                0x40002ef4   Data        1800  message.o(.bss)
    recv_buffer                              0x400035fc   Data          20  rs232_protocol.o(.bss)
    AnalogInLevel                            0x40003610   Data          10  setup_func.o(.bss)
    AnalogInMode                             0x4000361a   Data          10  setup_func.o(.bss)
    C11Logo                                  0x40003624   Data          21  zone1_task.o(.bss)
    sys_flag                                 0x4000363a   Data          28  zone1_task.o(.bss)
    Artist                                   0x40003656   Data          65  radio_task.o(.bss)
    Title                                    0x40003697   Data          65  radio_task.o(.bss)
    Tuner_Text_Disp_Buffer                   0x400036d8   Data          20  radio_task.o(.bss)
    tuner_array                              0x400036ec   Data         256  uart.o(.bss)
    protocol_array                           0x400037ec   Data         256  uart.o(.bss)
    balance                                  0x400038ec   Data          32  volume.o(.bss)
    idmdata                                  0x4000390c   Data         256  tuner_new.o(.bss)
    dsp_bass_corner                          0x40003a0c   Data          12  bassmanager.o(.bss)
    dsp_delay_time                           0x40003a18   Data          16  delaymanager.o(.bss)
    dsp_delay_music_time                     0x40003a28   Data          16  delaymanager.o(.bss)
    dsp_buf                                  0x40003a38   Data         128  dspdrv.o(.bss)
    dsp_eq_table                             0x40003ab8   Data         320  eq_manager.o(.bss)
    dsp_eq_music_table                       0x40003bf8   Data         320  eq_manager.o(.bss)
    __libspace_start                         0x40003d38   Data          96  libspace.o(.bss)
    __temporary_stack_top$libspace           0x40003d98   Data           0  libspace.o(.bss)



==============================================================================

Memory Map of the image

  Image Entry point : 0x0000016c

  Load Region LR_IROM1 (Base: 0x00000000, Size: 0x00028278, Max: 0x00040000, ABSOLUTE, COMPRESSED[0x00026618])

    Execution Region ER_IROM1 (Base: 0x00000000, Size: 0x00025384, Max: 0x00040000, ABSOLUTE)

    Base Addr    Size         Type   Attr      Idx    E Section Name        Object

    0x00000000   0x0000016c   Code   RO            3    RESET               lpc2300.o
    0x0000016c   0x00000008   Code   RO         1563  * !!!main             c_t.l(__main.o)
    0x00000174   0x0000003c   Code   RO         1969    !!!scatter          c_t.l(__scatter.o)
    0x000001b0   0x0000005c   Code   RO         1967    !!dczerorl2         c_t.l(__dczerorl2.o)
    0x0000020c   0x0000002c   Code   RO         1971    !!handler_zi        c_t.l(__scatter_zi.o)
    0x00000238   0x00000004   Ven    RO         1532    .ARM.Collect$$_printf_percent$$00000000  c_t.l(_printf_percent.o)
    0x0000023c   0x00000000   Code   RO         1532    .ARM.Collect$$_printf_percent$$00000000  c_t.l(_printf_percent.o)
    0x0000023c   0x00000008   Code   RO         1686    .ARM.Collect$$_printf_percent$$00000001  c_t.l(_printf_n.o)
    0x00000244   0x00000008   Code   RO         1688    .ARM.Collect$$_printf_percent$$00000002  c_t.l(_printf_p.o)
    0x0000024c   0x00000008   Code   RO         1531    .ARM.Collect$$_printf_percent$$00000003  c_t.l(_printf_f.o)
    0x00000254   0x00000008   Code   RO         1692    .ARM.Collect$$_printf_percent$$00000004  c_t.l(_printf_e.o)
    0x0000025c   0x00000008   Code   RO         1693    .ARM.Collect$$_printf_percent$$00000005  c_t.l(_printf_g.o)
    0x00000264   0x00000008   Code   RO         1694    .ARM.Collect$$_printf_percent$$00000006  c_t.l(_printf_a.o)
    0x0000026c   0x0000000c   Code   RO         1699    .ARM.Collect$$_printf_percent$$00000007  c_t.l(_printf_ll.o)
    0x00000278   0x00000008   Code   RO         1690    .ARM.Collect$$_printf_percent$$00000008  c_t.l(_printf_i.o)
    0x00000280   0x00000008   Code   RO         1530    .ARM.Collect$$_printf_percent$$00000009  c_t.l(_printf_d.o)
    0x00000288   0x00000008   Code   RO         1691    .ARM.Collect$$_printf_percent$$0000000A  c_t.l(_printf_u.o)
    0x00000290   0x00000008   Code   RO         1689    .ARM.Collect$$_printf_percent$$0000000B  c_t.l(_printf_o.o)
    0x00000298   0x00000008   Code   RO         1687    .ARM.Collect$$_printf_percent$$0000000C  c_t.l(_printf_x.o)
    0x000002a0   0x00000008   Code   RO         1696    .ARM.Collect$$_printf_percent$$0000000D  c_t.l(_printf_lli.o)
    0x000002a8   0x00000008   Code   RO         1697    .ARM.Collect$$_printf_percent$$0000000E  c_t.l(_printf_lld.o)
    0x000002b0   0x00000008   Code   RO         1698    .ARM.Collect$$_printf_percent$$0000000F  c_t.l(_printf_llu.o)
    0x000002b8   0x00000008   Code   RO         1703    .ARM.Collect$$_printf_percent$$00000010  c_t.l(_printf_llo.o)
    0x000002c0   0x00000008   Code   RO         1704    .ARM.Collect$$_printf_percent$$00000011  c_t.l(_printf_llx.o)
    0x000002c8   0x0000000c   Code   RO         1700    .ARM.Collect$$_printf_percent$$00000012  c_t.l(_printf_l.o)
    0x000002d4   0x00000008   Code   RO         1684    .ARM.Collect$$_printf_percent$$00000013  c_t.l(_printf_c.o)
    0x000002dc   0x00000008   Code   RO         1685    .ARM.Collect$$_printf_percent$$00000014  c_t.l(_printf_s.o)
    0x000002e4   0x00000008   Code   RO         1701    .ARM.Collect$$_printf_percent$$00000015  c_t.l(_printf_lc.o)
    0x000002ec   0x00000008   Code   RO         1702    .ARM.Collect$$_printf_percent$$00000016  c_t.l(_printf_ls.o)
    0x000002f4   0x00000008   Code   RO         1695    .ARM.Collect$$_printf_percent$$00000017  c_t.l(_printf_percent_end.o)
    0x000002fc   0x00000008   Ven    RO         1836    .ARM.Collect$$libinit$$00000000  c_t.l(libinit.o)
    0x00000304   0x00000002   Code   RO         1836    .ARM.Collect$$libinit$$00000000  c_t.l(libinit.o)
    0x00000306   0x00000000   Code   RO         1838    .ARM.Collect$$libinit$$00000002  c_t.l(libinit2.o)
    0x00000306   0x00000000   Code   RO         1841    .ARM.Collect$$libinit$$00000008  c_t.l(libinit2.o)
    0x00000306   0x00000000   Code   RO         1843    .ARM.Collect$$libinit$$0000000A  c_t.l(libinit2.o)
    0x00000306   0x00000000   Code   RO         1845    .ARM.Collect$$libinit$$0000000C  c_t.l(libinit2.o)
    0x00000306   0x00000006   Code   RO         1846    .ARM.Collect$$libinit$$0000000D  c_t.l(libinit2.o)
    0x0000030c   0x00000000   Code   RO         1848    .ARM.Collect$$libinit$$0000000F  c_t.l(libinit2.o)
    0x0000030c   0x0000000c   Code   RO         1849    .ARM.Collect$$libinit$$00000010  c_t.l(libinit2.o)
    0x00000318   0x00000000   Code   RO         1850    .ARM.Collect$$libinit$$00000011  c_t.l(libinit2.o)
    0x00000318   0x00000000   Code   RO         1852    .ARM.Collect$$libinit$$00000013  c_t.l(libinit2.o)
    0x00000318   0x0000000a   Code   RO         1853    .ARM.Collect$$libinit$$00000014  c_t.l(libinit2.o)
    0x00000322   0x00000000   Code   RO         1854    .ARM.Collect$$libinit$$00000015  c_t.l(libinit2.o)
    0x00000322   0x00000000   Code   RO         1856    .ARM.Collect$$libinit$$00000017  c_t.l(libinit2.o)
    0x00000322   0x00000000   Code   RO         1858    .ARM.Collect$$libinit$$00000019  c_t.l(libinit2.o)
    0x00000322   0x00000000   Code   RO         1860    .ARM.Collect$$libinit$$0000001B  c_t.l(libinit2.o)
    0x00000322   0x00000000   Code   RO         1862    .ARM.Collect$$libinit$$0000001D  c_t.l(libinit2.o)
    0x00000322   0x00000000   Code   RO         1864    .ARM.Collect$$libinit$$0000001F  c_t.l(libinit2.o)
    0x00000322   0x00000000   Code   RO         1866    .ARM.Collect$$libinit$$00000021  c_t.l(libinit2.o)
    0x00000322   0x00000000   Code   RO         1868    .ARM.Collect$$libinit$$00000023  c_t.l(libinit2.o)
    0x00000322   0x00000000   Code   RO         1872    .ARM.Collect$$libinit$$0000002A  c_t.l(libinit2.o)
    0x00000322   0x00000000   Code   RO         1874    .ARM.Collect$$libinit$$0000002C  c_t.l(libinit2.o)
    0x00000322   0x00000000   Code   RO         1876    .ARM.Collect$$libinit$$0000002E  c_t.l(libinit2.o)
    0x00000322   0x00000000   Code   RO         1878    .ARM.Collect$$libinit$$00000030  c_t.l(libinit2.o)
    0x00000322   0x0000000c   Code   RO         1879    .ARM.Collect$$libinit$$00000031  c_t.l(libinit2.o)
    0x0000032e   0x00000002   PAD
    0x00000330   0x00000008   Ven    RO         1933    .ARM.Collect$$libshutdown$$00000000  c_t.l(libshutdown.o)
    0x00000338   0x00000004   Code   RO         1933    .ARM.Collect$$libshutdown$$00000000  c_t.l(libshutdown.o)
    0x0000033c   0x00000000   Code   RO         1952    .ARM.Collect$$libshutdown$$00000003  c_t.l(libshutdown2.o)
    0x0000033c   0x00000000   Code   RO         1955    .ARM.Collect$$libshutdown$$00000006  c_t.l(libshutdown2.o)
    0x0000033c   0x00000000   Code   RO         1958    .ARM.Collect$$libshutdown$$00000009  c_t.l(libshutdown2.o)
    0x0000033c   0x00000000   Code   RO         1960    .ARM.Collect$$libshutdown$$0000000B  c_t.l(libshutdown2.o)
    0x0000033c   0x00000000   Code   RO         1963    .ARM.Collect$$libshutdown$$0000000E  c_t.l(libshutdown2.o)
    0x0000033c   0x00000006   Code   RO         1964    .ARM.Collect$$libshutdown$$0000000F  c_t.l(libshutdown2.o)
    0x00000342   0x00000002   PAD
    0x00000344   0x00000000   Code   RO         1631    .ARM.Collect$$rtentry$$00000000  c_t.l(rtentry.o)
    0x00000344   0x00000000   Code   RO         1740    .ARM.Collect$$rtentry$$00000002  c_t.l(rtentry2.o)
    0x00000344   0x00000008   Code   RO         1752    .ARM.Collect$$rtentry$$00000004  c_t.l(rtentry4.o)
    0x0000034c   0x00000000   Code   RO         1742    .ARM.Collect$$rtentry$$00000009  c_t.l(rtentry2.o)
    0x0000034c   0x00000004   Code   RO         1743    .ARM.Collect$$rtentry$$0000000A  c_t.l(rtentry2.o)
    0x00000350   0x00000000   Code   RO         1745    .ARM.Collect$$rtentry$$0000000C  c_t.l(rtentry2.o)
    0x00000350   0x00000028   Code   RO         1746    .ARM.Collect$$rtentry$$0000000D  c_t.l(rtentry2.o)
    0x00000378   0x00000004   Ven    RO         1882    .ARM.Collect$$rtexit$$00000000  c_t.l(rtexit.o)
    0x0000037c   0x00000004   Code   RO         1882    .ARM.Collect$$rtexit$$00000000  c_t.l(rtexit.o)
    0x00000380   0x00000000   Code   RO         1902    .ARM.Collect$$rtexit$$00000002  c_t.l(rtexit2.o)
    0x00000380   0x00000004   Code   RO         1903    .ARM.Collect$$rtexit$$00000003  c_t.l(rtexit2.o)
    0x00000384   0x00000008   Code   RO         1904    .ARM.Collect$$rtexit$$00000004  c_t.l(rtexit2.o)
    0x0000038c   0x00000020   Code   RO            4    .text               lpc2300.o
    0x000003ac   0x00000114   Code   RO           11    .text               main.o
    0x000004c0   0x000000cc   Code   RO          103    .text               debug.o
    0x0000058c   0x00000008   Ven    RO          136    .text               queue.o
    0x00000594   0x00000164   Code   RO          136    .text               queue.o
    0x000006f8   0x00000084   Code   RO          148    .text               c11_msg_handler.o
    0x0000077c   0x000004cc   Code   RO          179    .text               key_task.o
    0x00000c48   0x00000198   Code   RO          240    .text               message.o
    0x00000de0   0x00007370   Code   RO          256    .text               rs232_protocol.o
    0x00008150   0x00001a1c   Code   RO          321    .text               setup_func.o
    0x00009b6c   0x000019dc   Code   RO          376    .text               setup_menu.o
    0x0000b548   0x00000078   Code   RO          394    .text               task.o
    0x0000b5c0   0x00000008   Ven    RO          412    .text               vfd_disp.o
    0x0000b5c8   0x0000025c   Code   RO          412    .text               vfd_disp.o
    0x0000b824   0x00000008   Ven    RO          432    .text               zone1_task.o
    0x0000b82c   0x000032c4   Code   RO          432    .text               zone1_task.o
    0x0000eaf0   0x000008e0   Code   RO          484    .text               zone2_task.o
    0x0000f3d0   0x0000277c   Code   RO          507    .text               auto_sound.o
    0x00011b4c   0x00002070   Code   RO          562    .text               radio_task.o
    0x00013bbc   0x00000098   Code   RO          610    .text               uart.o
    0x00013c54   0x00000164   Code   RO          611    .text               uart.o
    0x00013db8   0x000001a0   Code   RO          647    .text               cs8416.o
    0x00013f58   0x000003d8   Code   RO          683    .text               dac.o
    0x00014330   0x000000e4   Code   RO          705    .text               eeprom.o
    0x00014414   0x0000057c   Code   RO          723    .text               i2cdrv.o
    0x00014990   0x00000050   Code   RO          737    .text               ic165.o
    0x000149e0   0x00000280   Code   RO          755    .text               ic4094.o
    0x00014c60   0x00000ee0   Code   RO          769    .text               ioport.o
    0x00015b40   0x00000398   Code   RO          770    .text               ioport.o
    0x00015ed8   0x00000008   Ven    RO          807    .text               ir.o
    0x00015ee0   0x000005dc   Code   RO          807    .text               ir.o
    0x000164bc   0x00000164   Code   RO          835    .text               timer.o
    0x00016620   0x000003a0   Code   RO          836    .text               timer.o
    0x000169c0   0x0000010c   Code   RO          878    .text               vfddriver.o
    0x00016acc   0x00000268   Code   RO          896    .text               mas9116.o
    0x00016d34   0x00000278   Code   RO          911    .text               volume.o
    0x00016fac   0x000000d8   Code   RO          935    .text               max335.o
    0x00017084   0x00000674   Code   RO          954    .text               channel.o
    0x000176f8   0x000005f4   Code   RO          973    .text               hdmi.o
    0x00017cec   0x00000258   Code   RO         1004    .text               dsp_spi.o
    0x00017f44   0x000008d8   Code   RO         1020    .text               tuner_new.o
    0x0001881c   0x000003d4   Code   RO         1054    .text               rbds.o
    0x00018bf0   0x000010f0   Code   RO         1096    .text               bassmanager.o
    0x00019ce0   0x00000498   Code   RO         1115    .text               delaymanager.o
    0x0001a178   0x0000029c   Code   RO         1141    .text               dolbymanager.o
    0x0001a414   0x00000320   Code   RO         1155    .text               dolbyprologicii.o
    0x0001a734   0x000003e0   Code   RO         1170    .text               dolbyprologiciix.o
    0x0001ab14   0x000003d4   Code   RO         1185    .text               dsp_task.o
    0x0001aee8   0x000023d8   Code   RO         1235    .text               dspdrv.o
    0x0001d2c0   0x00000a60   Code   RO         1295    .text               eq_manager.o
    0x0001dd20   0x000002c0   Code   RO         1325    .text               irc1_manager.o
    0x0001dfe0   0x00000168   Code   RO         1348    .text               irc2_manager.o
    0x0001e148   0x00000220   Code   RO         1361    .text               os_manager.o
    0x0001e368   0x00000200   Code   RO         1387    .text               signalgenerator.o
    0x0001e568   0x00000274   Code   RO         1452    .text               dolbytruehd.o
    0x0001e7dc   0x00000a64   Code   RO         1466    .text               dsp_api.o
    0x0001f240   0x00000028   Code   RO         1498    .text               c_t.l(c89vsprintf.o)
    0x0001f268   0x0000002c   Code   RO         1500    .text               c_t.l(__2sprintf.o)
    0x0001f294   0x00000056   Code   RO         1506    .text               c_t.l(_printf_pad.o)
    0x0001f2ea   0x00000002   PAD
    0x0001f2ec   0x00000008   Ven    RO         1508    .text               c_t.l(_printf_dec.o)
    0x0001f2f4   0x00000070   Code   RO         1508    .text               c_t.l(_printf_dec.o)
    0x0001f364   0x0000019c   Code   RO         1527    .text               c_t.l(__printf_flags_ss_wp.o)
    0x0001f500   0x00000044   Code   RO         1533    .text               c_t.l(strlen.o)
    0x0001f544   0x00000004   Ven    RO         1535    .text               c_t.l(rt_memcpy.o)
    0x0001f548   0x000000d4   Code   RO         1535    .text               c_t.l(rt_memcpy.o)
    0x0001f61c   0x00000004   Ven    RO         1537    .text               c_t.l(rt_memcpy_w.o)
    0x0001f620   0x00000064   Code   RO         1537    .text               c_t.l(rt_memcpy_w.o)
    0x0001f684   0x00000004   Ven    RO         1539    .text               c_t.l(aeabi_memset.o)
    0x0001f688   0x00000010   Code   RO         1539    .text               c_t.l(aeabi_memset.o)
    0x0001f698   0x00000004   Ven    RO         1541    .text               c_t.l(rt_memclr.o)
    0x0001f69c   0x00000040   Code   RO         1541    .text               c_t.l(rt_memclr.o)
    0x0001f6dc   0x00000004   Ven    RO         1543    .text               c_t.l(strncpy.o)
    0x0001f6e0   0x00000070   Code   RO         1543    .text               c_t.l(strncpy.o)
    0x0001f750   0x00000004   Ven    RO         1545    .text               c_t.l(aeabi_sdiv.o)
    0x0001f754   0x00000180   Code   RO         1545    .text               c_t.l(aeabi_sdiv.o)
    0x0001f8d4   0x00000006   Code   RO         1561    .text               c_t.l(heapauxi.o)
    0x0001f8da   0x00000002   PAD
    0x0001f8dc   0x00000008   Ven    RO         1636    .text               c_t.l(_rserrno.o)
    0x0001f8e4   0x0000001a   Code   RO         1636    .text               c_t.l(_rserrno.o)
    0x0001f8fe   0x0000002c   Code   RO         1638    .text               c_t.l(_printf_truncate.o)
    0x0001f92a   0x00000058   Code   RO         1640    .text               c_t.l(_printf_str.o)
    0x0001f982   0x000000ba   Code   RO         1642    .text               c_t.l(_printf_intcommon.o)
    0x0001fa3c   0x00000008   Ven    RO         1644    .text               c_t.l(_printf_charcount.o)
    0x0001fa44   0x00000028   Code   RO         1644    .text               c_t.l(_printf_charcount.o)
    0x0001fa6c   0x00000420   Code   RO         1646    .text               c_t.l(_printf_fp_dec.o)
    0x0001fe8c   0x00000030   Code   RO         1648    .text               c_t.l(_printf_char_common.o)
    0x0001febc   0x0000000a   Code   RO         1650    .text               c_t.l(_sputc.o)
    0x0001fec6   0x00000002   PAD
    0x0001fec8   0x000000c0   Code   RO         1652    .text               c_t.l(_printf_wctomb.o)
    0x0001ff88   0x00000008   Ven    RO         1655    .text               c_t.l(_printf_longlong_dec.o)
    0x0001ff90   0x00000074   Code   RO         1655    .text               c_t.l(_printf_longlong_dec.o)
    0x00020004   0x00000008   Ven    RO         1661    .text               c_t.l(_printf_oct_int_ll.o)
    0x0002000c   0x00000078   Code   RO         1661    .text               c_t.l(_printf_oct_int_ll.o)
    0x00020084   0x00000008   Ven    RO         1681    .text               c_t.l(_printf_hex_int_ll_ptr.o)
    0x0002008c   0x000000a0   Code   RO         1681    .text               c_t.l(_printf_hex_int_ll_ptr.o)
    0x0002012c   0x00000054   Code   RO         1705    .text               c_t.l(rt_memclr_w.o)
    0x00020180   0x00000004   Ven    RO         1707    .text               c_t.l(rtudiv10.o)
    0x00020184   0x0000002c   Code   RO         1707    .text               c_t.l(rtudiv10.o)
    0x000201b0   0x00000004   Ven    RO         1759    .text               c_t.l(rt_locale_intlibspace.o)
    0x000201b4   0x0000000c   Code   RO         1759    .text               c_t.l(rt_locale_intlibspace.o)
    0x000201c0   0x00000004   Ven    RO         1764    .text               c_t.l(rt_errno_addr_intlibspace.o)
    0x000201c4   0x0000000c   Code   RO         1764    .text               c_t.l(rt_errno_addr_intlibspace.o)
    0x000201d0   0x00000004   Ven    RO         1766    .text               c_t.l(lludiv10.o)
    0x000201d4   0x000000a0   Code   RO         1766    .text               c_t.l(lludiv10.o)
    0x00020274   0x00000090   Code   RO         1768    .text               c_t.l(_printf_fp_infnan.o)
    0x00020304   0x00000008   Ven    RO         1776    .text               c_t.l(_printf_char.o)
    0x0002030c   0x00000032   Code   RO         1776    .text               c_t.l(_printf_char.o)
    0x0002033e   0x00000002   PAD
    0x00020340   0x00000008   Ven    RO         1778    .text               c_t.l(_printf_wchar.o)
    0x00020348   0x00000032   Code   RO         1778    .text               c_t.l(_printf_wchar.o)
    0x0002037a   0x00000002   PAD
    0x0002037c   0x000000d8   Code   RO         1780    .text               c_t.l(bigflt0.o)
    0x00020454   0x0000004a   Code   RO         1805    .text               c_t.l(_wcrtomb.o)
    0x0002049e   0x00000002   PAD
    0x000204a0   0x0000000c   Code   RO         1816    .text               c_t.l(libspace.o)
    0x000204ac   0x00000060   Code   RO         1819    .text               c_t.l(sys_stackheap_outer.o)
    0x0002050c   0x00000004   Ven    RO         1821    .text               c_t.l(rt_ctype_table.o)
    0x00020510   0x00000018   Code   RO         1821    .text               c_t.l(rt_ctype_table.o)
    0x00020528   0x0000000c   Code   RO         1823    .text               c_t.l(exit.o)
    0x00020534   0x000000a0   Code   RO         1829    .text               c_t.l(strcmp.o)
    0x000205d4   0x00000008   Ven    RO         1899    .text               c_t.l(sys_exit.o)
    0x000205dc   0x0000000c   Code   RO         1899    .text               c_t.l(sys_exit.o)
    0x000205e8   0x00000004   Code   RO         1920    .text               c_t.l(use_no_semi.o)
    0x000205ec   0x00000000   Code   RO         1922    .text               c_t.l(indicate_semi.o)
    0x000205ec   0x00000004   Ven    RO         1546    .text_udiv          c_t.l(aeabi_sdiv.o)
    0x000205f0   0x00000024   Code   RO         1546    .text_udiv          c_t.l(aeabi_sdiv.o)
    0x00020614   0x00000004   Ven    RO         1783    CL$$btod_d2e        c_t.l(btod.o)
    0x00020618   0x00000038   Code   RO         1783    CL$$btod_d2e        c_t.l(btod.o)
    0x00020650   0x00000054   Code   RO         1785    CL$$btod_d2e_denorm_low  c_t.l(btod.o)
    0x000206a4   0x00000068   Code   RO         1784    CL$$btod_d2e_norm_op1  c_t.l(btod.o)
    0x0002070c   0x0000034c   Code   RO         1793    CL$$btod_div_common  c_t.l(btod.o)
    0x00020a58   0x000000dc   Code   RO         1790    CL$$btod_e2e        c_t.l(btod.o)
    0x00020b34   0x00000004   Ven    RO         1787    CL$$btod_ediv       c_t.l(btod.o)
    0x00020b38   0x00000034   Code   RO         1787    CL$$btod_ediv       c_t.l(btod.o)
    0x00020b6c   0x00000004   Ven    RO         1786    CL$$btod_emul       c_t.l(btod.o)
    0x00020b70   0x00000034   Code   RO         1786    CL$$btod_emul       c_t.l(btod.o)
    0x00020ba4   0x00000268   Code   RO         1792    CL$$btod_mult_common  c_t.l(btod.o)
    0x00020e0c   0x0000000c   Ven    RO         2031    Veneer$$Code        anon$$obj.o
    0x00020e18   0x0000000c   Ven    RO         2032    Veneer$$Code        anon$$obj.o
    0x00020e24   0x0000000c   Ven    RO         2033    Veneer$$Code        anon$$obj.o
    0x00020e30   0x0000000c   Ven    RO         2034    Veneer$$Code        anon$$obj.o
    0x00020e3c   0x0000000c   Ven    RO         2035    Veneer$$Code        anon$$obj.o
    0x00020e48   0x0000000c   Ven    RO         2036    Veneer$$Code        anon$$obj.o
    0x00020e54   0x0000000c   Ven    RO         2037    Veneer$$Code        anon$$obj.o
    0x00020e60   0x0000000c   Ven    RO         2038    Veneer$$Code        anon$$obj.o
    0x00020e6c   0x0000000c   Ven    RO         2039    Veneer$$Code        anon$$obj.o
    0x00020e78   0x0000000c   Ven    RO         2040    Veneer$$Code        anon$$obj.o
    0x00020e84   0x00000002   Code   RO           23    i.__ARM_common_call_via_r0  main.o
    0x00020e86   0x00000002   Code   RO          407    i.__ARM_common_call_via_r1  task.o
    0x00020e88   0x00000002   Code   RO          271    i.__ARM_common_call_via_r2  rs232_protocol.o
    0x00020e8a   0x00000002   Code   RO          388    i.__ARM_common_call_via_r3  setup_menu.o
    0x00020e8c   0x00000004   Ven    RO          273    i.__ARM_common_switch8  rs232_protocol.o
    0x00020e90   0x00000020   Code   RO          273    i.__ARM_common_switch8  rs232_protocol.o
    0x00020eb0   0x00000004   Ven    RO         1726    i.__ARM_fpclassify  m_ts.l(fpclassify.o)
    0x00020eb4   0x00000030   Code   RO         1726    i.__ARM_fpclassify  m_ts.l(fpclassify.o)
    0x00020ee4   0x00000100   Code   RO         1728    i.__kernel_poly     m_ts.l(poly.o)
    0x00020fe4   0x00000014   Code   RO         1724    i.__mathlib_dbl_underflow  m_ts.l(dunder.o)
    0x00020ff8   0x0000000e   Code   RO         1520    i._is_digit         c_t.l(__printf_wp.o)
    0x00021006   0x00000002   PAD
    0x00021008   0x00000004   Ven    RO         1622    i.pow               m_ts.l(pow.o)
    0x0002100c   0x00000f04   Code   RO         1622    i.pow               m_ts.l(pow.o)
    0x00021f10   0x00000074   Code   RO         1732    i.sqrt              m_ts.l(sqrt.o)
    0x00021f84   0x00000004   Ven    RO         1808    locale$$code        c_t.l(lc_numeric_c.o)
    0x00021f88   0x00000050   Code   RO         1808    locale$$code        c_t.l(lc_numeric_c.o)
    0x00021fd8   0x00000004   Ven    RO         1887    locale$$code        c_t.l(lc_ctype_c.o)
    0x00021fdc   0x00000050   Code   RO         1887    locale$$code        c_t.l(lc_ctype_c.o)
    0x0002202c   0x00000004   Ven    RO         1565    x$fpl$d2f           fz_ts.l(d2f.o)
    0x00022030   0x0000006c   Code   RO         1565    x$fpl$d2f           fz_ts.l(d2f.o)
    0x0002209c   0x00000154   Code   RO         1567    x$fpl$dadd          fz_ts.l(daddsub_noclz.o)
    0x000221f0   0x00000010   Code   RO         1810    x$fpl$dcheck1       fz_ts.l(dcheck1.o)
    0x00022200   0x0000001c   Code   RO         1709    x$fpl$dcmpinf       fz_ts.l(dcmpi.o)
    0x0002221c   0x00000004   Ven    RO         1574    x$fpl$ddiv          fz_ts.l(ddiv.o)
    0x00022220   0x000002e0   Code   RO         1574    x$fpl$ddiv          fz_ts.l(ddiv.o)
    0x00022500   0x00000004   Ven    RO         1578    x$fpl$dflt          fz_ts.l(dflt_noclz.o)
    0x00022504   0x00000058   Code   RO         1578    x$fpl$dflt          fz_ts.l(dflt_noclz.o)
    0x0002255c   0x00000004   Ven    RO         1577    x$fpl$dfltu         fz_ts.l(dflt_noclz.o)
    0x00022560   0x0000000c   Code   RO         1577    x$fpl$dfltu         fz_ts.l(dflt_noclz.o)
    0x0002256c   0x00000004   Ven    RO         1581    x$fpl$dleqf         fz_ts.l(dleqf.o)
    0x00022570   0x00000094   Code   RO         1581    x$fpl$dleqf         fz_ts.l(dleqf.o)
    0x00022604   0x00000004   Ven    RO         1583    x$fpl$dmul          fz_ts.l(dmul.o)
    0x00022608   0x00000180   Code   RO         1583    x$fpl$dmul          fz_ts.l(dmul.o)
    0x00022788   0x000000c0   Code   RO         1711    x$fpl$dnaninf       fz_ts.l(dnaninf.o)
    0x00022848   0x00000010   Code   RO         1713    x$fpl$dretinf       fz_ts.l(dretinf.o)
    0x00022858   0x00000004   Ven    RO         1585    x$fpl$drleqf        fz_ts.l(drleqf.o)
    0x0002285c   0x0000008c   Code   RO         1585    x$fpl$drleqf        fz_ts.l(drleqf.o)
    0x000228e8   0x00000004   Ven    RO         1568    x$fpl$drsb          fz_ts.l(daddsub_noclz.o)
    0x000228ec   0x00000018   Code   RO         1568    x$fpl$drsb          fz_ts.l(daddsub_noclz.o)
    0x00022904   0x00000208   Code   RO         1812    x$fpl$dsqrt         fz_ts.l(dsqrt_noumaal.o)
    0x00022b0c   0x00000244   Code   RO         1569    x$fpl$dsub          fz_ts.l(daddsub_noclz.o)
    0x00022d50   0x00000004   Ven    RO         1587    x$fpl$f2d           fz_ts.l(f2d.o)
    0x00022d54   0x00000064   Code   RO         1587    x$fpl$f2d           fz_ts.l(f2d.o)
    0x00022db8   0x00000004   Ven    RO         1589    x$fpl$fadd          fz_ts.l(faddsub_noclz.o)
    0x00022dbc   0x000000c4   Code   RO         1589    x$fpl$fadd          fz_ts.l(faddsub_noclz.o)
    0x00022e80   0x0000001c   Code   RO         1715    x$fpl$fcmpinf       fz_ts.l(fcmpi.o)
    0x00022e9c   0x00000004   Ven    RO         1596    x$fpl$fdiv          fz_ts.l(fdiv.o)
    0x00022ea0   0x00000190   Code   RO         1596    x$fpl$fdiv          fz_ts.l(fdiv.o)
    0x00023030   0x00000004   Ven    RO         1599    x$fpl$feqf          fz_ts.l(feqf.o)
    0x00023034   0x00000084   Code   RO         1599    x$fpl$feqf          fz_ts.l(feqf.o)
    0x000230b8   0x00000004   Ven    RO         1601    x$fpl$ffix          fz_ts.l(ffix.o)
    0x000230bc   0x00000044   Code   RO         1601    x$fpl$ffix          fz_ts.l(ffix.o)
    0x00023100   0x00000004   Ven    RO         1605    x$fpl$ffixu         fz_ts.l(ffixu.o)
    0x00023104   0x00000054   Code   RO         1605    x$fpl$ffixu         fz_ts.l(ffixu.o)
    0x00023158   0x00000004   Ven    RO         1610    x$fpl$fflt          fz_ts.l(fflt_noclz.o)
    0x0002315c   0x0000005c   Code   RO         1610    x$fpl$fflt          fz_ts.l(fflt_noclz.o)
    0x000231b8   0x00000004   Ven    RO         1609    x$fpl$ffltu         fz_ts.l(fflt_noclz.o)
    0x000231bc   0x00000008   Code   RO         1609    x$fpl$ffltu         fz_ts.l(fflt_noclz.o)
    0x000231c4   0x00000004   Ven    RO         1613    x$fpl$fleqf         fz_ts.l(fleqf.o)
    0x000231c8   0x00000084   Code   RO         1613    x$fpl$fleqf         fz_ts.l(fleqf.o)
    0x0002324c   0x00000004   Ven    RO         1615    x$fpl$fmul          fz_ts.l(fmul.o)
    0x00023250   0x00000100   Code   RO         1615    x$fpl$fmul          fz_ts.l(fmul.o)
    0x00023350   0x000000a8   Code   RO         1717    x$fpl$fnaninf       fz_ts.l(fnaninf.o)
    0x000233f8   0x00000010   Code   RO         1719    x$fpl$fretinf       fz_ts.l(fretinf.o)
    0x00023408   0x00000004   Ven    RO         1617    x$fpl$frleqf        fz_ts.l(frleqf.o)
    0x0002340c   0x0000007c   Code   RO         1617    x$fpl$frleqf        fz_ts.l(frleqf.o)
    0x00023488   0x00000004   Ven    RO         1591    x$fpl$fsub          fz_ts.l(faddsub_noclz.o)
    0x0002348c   0x00000130   Code   RO         1591    x$fpl$fsub          fz_ts.l(faddsub_noclz.o)
    0x000235bc   0x00000004   Ven    RO         1814    x$fpl$ieeestatus    fz_ts.l(istatus.o)
    0x000235c0   0x00000008   Code   RO         1814    x$fpl$ieeestatus    fz_ts.l(istatus.o)
    0x000235c8   0x00000004   Code   RO         1619    x$fpl$printf1       fz_ts.l(printf1.o)
    0x000235cc   0x00000074   Code   RO         1880    x$fpl$retnan        fz_ts.l(retnan.o)
    0x00023640   0x00000068   Code   RO         1721    x$fpl$scalbn        fz_ts.l(scalbn.o)
    0x000236a8   0x0000003c   Code   RO         1897    x$fpl$trapveneer    fz_ts.l(trapv.o)
    0x000236e4   0x00000000   Code   RO         1723    x$fpl$usenofp       fz_ts.l(usenofp.o)
    0x000236e4   0x00000079   Data   RO          170    .constdata          key_tab.o
    0x0002375d   0x00000003   PAD
    0x00023760   0x00000100   Data   RO          180    .constdata          key_task.o
    0x00023860   0x0000034c   Data   RO          216    .constdata          menu_tbl.o
    0x00023bac   0x00000610   Data   RO          258    .constdata          rs232_protocol.o
    0x000241bc   0x00000014   Data   RO          323    .constdata          setup_func.o
    0x000241d0   0x00000028   Data   RO          395    .constdata          task.o
    0x000241f8   0x00000015   Data   RO          413    .constdata          vfd_disp.o
    0x0002420d   0x00000003   PAD
    0x00024210   0x00000114   Data   RO          508    .constdata          auto_sound.o
    0x00024324   0x0000004c   Data   RO          648    .constdata          cs8416.o
    0x00024370   0x0000004c   Data   RO          706    .constdata          eeprom.o
    0x000243bc   0x00000050   Data   RO          879    .constdata          vfddriver.o
    0x0002440c   0x00000008   Data   RO          913    .constdata          volume.o
    0x00024414   0x00000008   Data   RO          936    .constdata          max335.o
    0x0002441c   0x000000d8   Data   RO          955    .constdata          channel.o
    0x000244f4   0x0000004c   Data   RO          974    .constdata          hdmi.o
    0x00024540   0x000000d8   Data   RO         1297    .constdata          eq_manager.o
    0x00024618   0x00000100   Data   RO         1326    .constdata          irc1_manager.o
    0x00024718   0x00000011   Data   RO         1528    .constdata          c_t.l(__printf_flags_ss_wp.o)
    0x00024729   0x00000007   PAD
    0x00024730   0x00000088   Data   RO         1623    .constdata          m_ts.l(pow.o)
    0x000247b8   0x00000008   Data   RO         1653    .constdata          c_t.l(_printf_wctomb.o)
    0x000247c0   0x00000028   Data   RO         1682    .constdata          c_t.l(_printf_hex_int_ll_ptr.o)
    0x000247e8   0x00000008   Data   RO         1730    .constdata          m_ts.l(qnan.o)
    0x000247f0   0x00000094   Data   RO         1781    .constdata          c_t.l(bigflt0.o)
    0x00024884   0x00000570   Data   RO          217    .conststring        menu_tbl.o
    0x00024df4   0x00000367   Data   RO          259    .conststring        rs232_protocol.o
    0x0002515b   0x000000c5   Data   RO          435    .conststring        zone1_task.o
    0x00025220   0x00000017   Data   RO          509    .conststring        auto_sound.o
    0x00025237   0x00000001   PAD
    0x00025238   0x00000020   Data   RO         1965    Region$$Table       anon$$obj.o
    0x00025258   0x0000001c   Data   RO         1807    locale$$data        c_t.l(lc_numeric_c.o)
    0x00025274   0x00000110   Data   RO         1886    locale$$data        c_t.l(lc_ctype_c.o)


    Execution Region RW_IRAM1 (Base: 0x40000000, Size: 0x000042a0, Max: 0x0000e800, ABSOLUTE, COMPRESSED[0x00001294])

    Base Addr    Size         Type   Attr      Idx    E Section Name        Object

    0x40000000   0x00000004   Data   RW           12    .data               main.o
    0x40000004   0x0000001c   Data   RW          181    .data               key_task.o
    0x40000020   0x000024ab   Data   RW          218    .data               menu_tbl.o
    0x400024cb   0x00000001   PAD
    0x400024cc   0x00000004   Data   RW          242    .data               message.o
    0x400024d0   0x00000312   Data   RW          260    .data               rs232_protocol.o
    0x400027e2   0x00000002   PAD
    0x400027e4   0x0000024f   Data   RW          324    .data               setup_func.o
    0x40002a33   0x00000001   PAD
    0x40002a34   0x00000020   Data   RW          377    .data               setup_menu.o
    0x40002a54   0x00000019   Data   RW          396    .data               task.o
    0x40002a6d   0x00000001   PAD
    0x40002a6e   0x00000058   Data   RW          414    .data               vfd_disp.o
    0x40002ac6   0x00000002   PAD
    0x40002ac8   0x0000015e   Data   RW          436    .data               zone1_task.o
    0x40002c26   0x00000002   PAD
    0x40002c28   0x00000004   Data   RW          485    .data               zone2_task.o
    0x40002c2c   0x00000151   Data   RW          510    .data               auto_sound.o
    0x40002d7d   0x00000003   PAD
    0x40002d80   0x00000084   Data   RW          564    .data               radio_task.o
    0x40002e04   0x00000020   Data   RW          613    .data               uart.o
    0x40002e24   0x00000002   Data   RW          649    .data               cs8416.o
    0x40002e26   0x00000002   Data   RW          724    .data               i2cdrv.o
    0x40002e28   0x00000001   Data   RW          756    .data               ic4094.o
    0x40002e29   0x00000003   PAD
    0x40002e2c   0x00000018   Data   RW          771    .data               ioport.o
    0x40002e44   0x0000001d   Data   RW          808    .data               ir.o
    0x40002e61   0x00000003   PAD
    0x40002e64   0x0000002c   Data   RW          837    .data               timer.o
    0x40002e90   0x00000005   Data   RW          914    .data               volume.o
    0x40002e95   0x00000008   Data   RW          937    .data               max335.o
    0x40002e9d   0x00000002   Data   RW          956    .data               channel.o
    0x40002e9f   0x00000003   Data   RW          975    .data               hdmi.o
    0x40002ea2   0x00000003   Data   RW         1022    .data               tuner_new.o
    0x40002ea5   0x00000001   PAD
    0x40002ea6   0x00000018   Data   RW         1055    .data               rbds.o
    0x40002ebe   0x00000014   Data   RW         1186    .data               dsp_task.o
    0x40002ed2   0x00000002   PAD
    0x40002ed4   0x0000001f   Data   RW         1237    .data               dspdrv.o
    0x40002ef3   0x00000001   PAD
    0x40002ef4   0x00000708   Zero   RW          241    .bss                message.o
    0x400035fc   0x00000014   Zero   RW          257    .bss                rs232_protocol.o
    0x40003610   0x00000014   Zero   RW          322    .bss                setup_func.o
    0x40003624   0x00000032   Zero   RW          433    .bss                zone1_task.o
    0x40003656   0x00000096   Zero   RW          563    .bss                radio_task.o
    0x400036ec   0x00000200   Zero   RW          612    .bss                uart.o
    0x400038ec   0x00000020   Zero   RW          912    .bss                volume.o
    0x4000390c   0x00000100   Zero   RW         1021    .bss                tuner_new.o
    0x40003a0c   0x0000000c   Zero   RW         1097    .bss                bassmanager.o
    0x40003a18   0x00000020   Zero   RW         1116    .bss                delaymanager.o
    0x40003a38   0x00000080   Zero   RW         1236    .bss                dspdrv.o
    0x40003ab8   0x00000280   Zero   RW         1296    .bss                eq_manager.o
    0x40003d38   0x00000060   Zero   RW         1817    .bss                c_t.l(libspace.o)
    0x40003d98   0x00000000   Zero   RW            2    HEAP                lpc2300.o
    0x40003d98   0x00000508   Zero   RW            1    STACK               lpc2300.o


==============================================================================

Image component sizes


      Code (inc. data)   RO Data    RW Data    ZI Data      Debug   Object Name

         0          0          0          0          0       7364   audiomanager.o
     10108        888        299        337          0      16003   auto_sound.o
      4336        158          0          0         12      11952   bassmanager.o
       132          0          0          0          0       1880   c11_msg_handler.o
      1652        134        216          2          0      10008   channel.o
       416         54         76          2          0       4592   cs8416.o
       984        166          0          0          0       2646   dac.o
       204         28          0          0          0       5235   debug.o
      1176         36          0          0         32      11093   delaymanager.o
       668          6          0          0          0       2780   dolbymanager.o
       800         34          0          0          0       2229   dolbyprologicii.o
       992         32          0          0          0       2701   dolbyprologiciix.o
       628         12          0          0          0       2253   dolbytruehd.o
      2660        426          0          0          0       5680   dsp_api.o
       600        124          0          0          0       1929   dsp_spi.o
       980        290          0         20          0       9692   dsp_task.o
      9176       1964          0         31        128      26474   dspdrv.o
       228         36         76          0          0       1999   eeprom.o
      2656        216        216          0        640       8922   eq_manager.o
      1524        384         76          3          0       4218   hdmi.o
      1404         38          0          2          0       4867   i2cdrv.o
        80          0          0          0          0       1546   ic165.o
       640         70          0          1          0       3846   ic4094.o
      4728        138          0         24          0      19175   ioport.o
      1500        116          0         29          0       4843   ir.o
       704         14        256          0          0       3921   irc1_manager.o
       360          6          0          0          0       1716   irc2_manager.o
         0          0        121          0          0        632   key_tab.o
      1228        126        256         28          0       4700   key_task.o
       396         60          0          0       1288        632   lpc2300.o
       278         62          0          4          0       8002   main.o
       616         12          0          0          0       2087   mas9116.o
       216         28          8          8          0       1801   max335.o
         0          0       2236       9387          0      12530   menu_tbl.o
       408         60          0          4       1800       2521   message.o
       544          6          0          0          0       2074   os_manager.o
       356          0          0          0          0       2701   queue.o
      8304       1426          0        132        150      17958   radio_task.o
       980        100          0         24          0       5396   rbds.o
     29586       5900       2423        786         20      91105   rs232_protocol.o
      6684        406         20        591         20      28017   setup_func.o
      6622        798          0         32          0      14029   setup_menu.o
       512         34          0          0          0       1696   signalgenerator.o
       122          8         40         25          0       2205   task.o
      1284        206          0         44          0       3692   timer.o
      2264        148          0          3        256      12302   tuner_new.o
       508         60          0         32        512       3898   uart.o
       604         32         21         88          0       3994   vfd_disp.o
       268         48         80          0          0       2206   vfddriver.o
       632        110          8          5         32       2861   volume.o
     12996       2746        197        350         50      25135   zone1_task.o
      2272        358          0          4          0       3570   zone2_task.o

    ----------------------------------------------------------------------
    127172      18144       6664      12020       4940     435308   Object Totals
       156         40         32          0          0          0   (incl. Generated)
         0          0          7         22          0          0   (incl. Padding)

    ----------------------------------------------------------------------

      Code (inc. data)   RO Data    RW Data    ZI Data      Debug   Library Member Name

        44          4          0          0          0         84   __2sprintf.o
        92          0          0          0          0          0   __dczerorl2.o
         8          0          0          0          0         68   __main.o
       412          6         17          0          0         92   __printf_flags_ss_wp.o
        14          0          0          0          0         60   __printf_wp.o
        60          8          0          0          0          0   __scatter.o
        44          0          0          0          0          0   __scatter_zi.o
         8          0          0          0          0          0   _printf_a.o
         8          0          0          0          0          0   _printf_c.o
        58          0          0          0          0        112   _printf_char.o
        48          4          0          0          0         96   _printf_char_common.o
        48          0          0          0          0         60   _printf_charcount.o
         8          0          0          0          0          0   _printf_d.o
       120         18          0          0          0         88   _printf_dec.o
         8          0          0          0          0          0   _printf_e.o
         8          0          0          0          0          0   _printf_f.o
      1056         14          0          0          0        188   _printf_fp_dec.o
       144         16          0          0          0         88   _printf_fp_infnan.o
         8          0          0          0          0          0   _printf_g.o
       168          4         40          0          0        176   _printf_hex_int_ll_ptr.o
         8          0          0          0          0          0   _printf_i.o
       186          0          0          0          0         96   _printf_intcommon.o
        12          0          0          0          0          0   _printf_l.o
         8          0          0          0          0          0   _printf_lc.o
        12          0          0          0          0          0   _printf_ll.o
         8          0          0          0          0          0   _printf_lld.o
         8          0          0          0          0          0   _printf_lli.o
         8          0          0          0          0          0   _printf_llo.o
         8          0          0          0          0          0   _printf_llu.o
         8          0          0          0          0          0   _printf_llx.o
       124         18          0          0          0         88   _printf_longlong_dec.o
         8          0          0          0          0          0   _printf_ls.o
         8          0          0          0          0          0   _printf_n.o
         8          0          0          0          0          0   _printf_o.o
       128         10          0          0          0        136   _printf_oct_int_ll.o
         8          0          0          0          0          0   _printf_p.o
        86          0          0          0          0        116   _printf_pad.o
         4          0          0          0          0          0   _printf_percent.o
         8          0          0          0          0          0   _printf_percent_end.o
         8          0          0          0          0          0   _printf_s.o
        88          0          0          0          0         84   _printf_str.o
        44          0          0          0          0         76   _printf_truncate.o
         8          0          0          0          0          0   _printf_u.o
        58          0          0          0          0        112   _printf_wchar.o
       192          4          8          0          0         96   _printf_wctomb.o
         8          0          0          0          0          0   _printf_x.o
        34          0          0          0          0        104   _rserrno.o
        10          0          0          0          0         60   _sputc.o
        74          0          0          0          0         88   _wcrtomb.o
        20          0          0          0          0         68   aeabi_memset.o
       428          0          0          0          0        148   aeabi_sdiv.o
       216          6        148          0          0         96   bigflt0.o
      2040        128          0          0          0        696   btod.o
        40          4          0          0          0         80   c89vsprintf.o
        12          0          0          0          0         64   exit.o
         6          0          0          0          0        136   heapauxi.o
         0          0          0          0          0          0   indicate_semi.o
        84          8        272          0          0         92   lc_ctype_c.o
        84          8         28          0          0         92   lc_numeric_c.o
        10          0          0          0          0          0   libinit.o
        40          0          0          0          0          0   libinit2.o
        12          0          0          0          0          0   libshutdown.o
         6          0          0          0          0          0   libshutdown2.o
        12          4          0          0         96         68   libspace.o
       164          0          0          0          0         96   lludiv10.o
        28          4          0          0          0         84   rt_ctype_table.o
        16          4          0          0          0         68   rt_errno_addr_intlibspace.o
        16          4          0          0          0         68   rt_locale_intlibspace.o
        68          0          0          0          0         68   rt_memclr.o
        84          0          0          0          0         80   rt_memclr_w.o
       216          0          0          0          0         68   rt_memcpy.o
       104          0          0          0          0         80   rt_memcpy_w.o
         0          0          0          0          0          0   rtentry.o
        44          4          0          0          0          0   rtentry2.o
         8          0          0          0          0          0   rtentry4.o
         8          0          0          0          0          0   rtexit.o
        12          0          0          0          0          0   rtexit2.o
        48          0          0          0          0         68   rtudiv10.o
       160          4          0          0          0         80   strcmp.o
        68          4          0          0          0         76   strlen.o
       116          4          0          0          0         84   strncpy.o
        20          4          0          0          0         60   sys_exit.o
        96          0          0          0          0         80   sys_stackheap_outer.o
         4          0          0          0          0         68   use_no_semi.o
       112          4          0          0          0         92   d2f.o
       948         16          0          0          0        372   daddsub_noclz.o
        16          4          0          0          0         68   dcheck1.o
        28          0          0          0          0         68   dcmpi.o
       740        140          0          0          0        232   ddiv.o
       108          0          0          0          0        136   dflt_noclz.o
       152          4          0          0          0         92   dleqf.o
       388         16          0          0          0        124   dmul.o
       192          0          0          0          0        108   dnaninf.o
        16          0          0          0          0         68   dretinf.o
       144          0          0          0          0         80   drleqf.o
       520         56          0          0          0        144   dsqrt_noumaal.o
       104          4          0          0          0         84   f2d.o
       508          8          0          0          0        168   faddsub_noclz.o
        28          0          0          0          0         68   fcmpi.o
       404         76          0          0          0         96   fdiv.o
       136          4          0          0          0         84   feqf.o
        72          4          0          0          0         84   ffix.o
        88          4          0          0          0         84   ffixu.o
       108          0          0          0          0        136   fflt_noclz.o
       136          4          0          0          0         84   fleqf.o
       260          4          0          0          0         84   fmul.o
       168          0          0          0          0        100   fnaninf.o
        16          0          0          0          0         68   fretinf.o
       128          0          0          0          0         68   frleqf.o
        12          0          0          0          0         68   istatus.o
         4          0          0          0          0         68   printf1.o
       116          0          0          0          0         68   retnan.o
       104          0          0          0          0         68   scalbn.o
        60          0          0          0          0         68   trapv.o
         0          0          0          0          0          0   usenofp.o
        20          0          0          0          0         68   dunder.o
        52          0          0          0          0         68   fpclassify.o
       256          0          0          0          0        116   poly.o
      3848        100        136          0          0        292   pow.o
         0          0          8          0          0          0   qnan.o
       116          0          0          0          0        100   sqrt.o

    ----------------------------------------------------------------------
     17952        744        664          0         96       8612   Library Totals
        18          0          7          0          0          0   (incl. Padding)

    ----------------------------------------------------------------------

      Code (inc. data)   RO Data    RW Data    ZI Data      Debug   Library Name

      7826        296        513          0         96       4836   c_t.l
      5816        348          0          0          0       3132   fz_ts.l
      4292        100        144          0          0        644   m_ts.l

    ----------------------------------------------------------------------
     17952        744        664          0         96       8612   Library Totals

    ----------------------------------------------------------------------

==============================================================================


      Code (inc. data)   RO Data    RW Data    ZI Data      Debug   

    145124      18888       7328      12020       5036     435360   Grand Totals
    145124      18888       7328       4756       5036     435360   ELF Image Totals (compressed)
    145124      18888       7328       4756          0          0   ROM Totals

==============================================================================

    Total RO  Size (Code + RO Data)               152452 ( 148.88kB)
    Total RW  Size (RW Data + ZI Data)             17056 (  16.66kB)
    Total ROM Size (Code + RO Data + RW Data)     157208 ( 153.52kB)

==============================================================================

