ARM Linker, RVCT3.0 [Build 951] for uVision [Full]

================================================================================

Section Cross References

    lpc2300.o(STACK) refers (Special) to stkheap2.o(.text) for __use_two_region_memory
    lpc2300.o(HEAP) refers (Special) to stkheap2.o(.text) for __use_two_region_memory
    lpc2300.o(RESET) refers to lpc2300.o(STACK) for Stack_Top
    lpc2300.o(RESET) refers to __main.o(!!!main) for __main
    lpc2300.o(RESET) refers (Special) to stkheap2.o(.text) for __use_two_region_memory
    lpc2300.o(.text) refers to lpc2300.o(HEAP) for Heap_Mem
    lpc2300.o(.text) refers to lpc2300.o(STACK) for Stack_Mem
    lpc2300.o(.text) refers (Special) to stkheap2.o(.text) for __use_two_region_memory
    main.o(.text) refers to ioport.o(.text) for HardwareInit
    main.o(.text) refers to uart.o(.text) for UartInit
    main.o(.text) refers to timer.o(.text) for Timer0Init
    main.o(.text) refers to ir.o(.text) for InitRemoteRepeatKey
    main.o(.text) refers to vfddriver.o(.text) for VfdSetDimerValue
    main.o(.text) refers to message.o(.text) for InitMsgQueue
    main.o(.text) refers to zone1_task.o(.text) for LoadSystemStartupValue
    main.o(.text) refers to callvia.o(.text) for __ARM_call_via_r0
    main.o(.text) refers to task.o(.text) for ProcMessage
    main.o(.text) refers to dsp_task.o(.text) for DspLoop
    main.o(.text) refers to hdmi.o(.text) for HDMI_DSD_Loop
    main.o(.text) refers to vfd_disp.o(.text) for VfdRefresh
    main.o(.text) refers to radio_task.o(.text) for RadioLoop
    main.o(.text) refers to zone1_task.o(.bss) for sys_flag
    main.o(.text) refers to zone1_task.o(.data) for temp_dimer_time
    main.o(.text) refers to main.o(.data) for Rs232ProtocolHandler
    main.o(.text) refers to vfd_disp.o(.data) for need_refresh_vfd
    main.o(.data) refers to rs232_protocol.o(.text) for C11Rs232
    debug.o(.text) refers to vsprintf.o(.text) for vsprintf
    debug.o(.text) refers to strlen.o(.text) for strlen
    debug.o(.text) refers to uart.o(.text) for Uart0Send
    queue.o(.text) refers to aeabi_sdiv.o(.text) for __aeabi_idivmod
    c11_msg_handler.o(.text) refers to dspdrv.o(.text) for DspProcPower
    key_task.o(.text) refers to zone1_task.o(.text) for MsgSetKey
    key_task.o(.text) refers to ic165.o(.text) for read165
    key_task.o(.text) refers to ioport.o(.text) for SenseEncoderSwitchPlus
    key_task.o(.text) refers to key_task.o(.constdata) for panel_key_table
    key_task.o(.text) refers to key_task.o(.data) for .data
    key_task.o(.text) refers to ir.o(.data) for zone1_ir_enable
    key_task.o(.text) refers to key_tab.o(.constdata) for zone1_remote_key_table
    menu_tbl.o(.data) refers to menu_tbl.o(.conststring) for .conststring
    menu_tbl.o(.data) refers to setup_menu.o(.text) for SetupMenuDisplay
    menu_tbl.o(.data) refers to setup_func.o(.text) for SpkConfigSetup
    menu_tbl.o(.data) refers to menu_tbl.o(.constdata) for balance_table
    menu_tbl.o(.data) refers to zone1_task.o(.data) for SrcNameCh71
    menu_tbl.o(.data) refers to zone1_task.o(.bss) for C11Logo
    menu_tbl.o(.constdata) refers to menu_tbl.o(.data) for StrSetupMenu
    message.o(.text) refers to aeabi_sdiv.o(.text) for __aeabi_idivmod
    message.o(.text) refers to rt_memcpy.o(.text) for __aeabi_memcpy
    message.o(.text) refers to message.o(.data) for msg_queue_front
    message.o(.text) refers to message.o(.bss) for pMsgQueue
    rs232_protocol.o(.text) refers to fmul.o(x$fpl$fmul) for __aeabi_fmul
    rs232_protocol.o(.text) refers to fflt_noclz.o(x$fpl$fflt) for __aeabi_i2f
    rs232_protocol.o(.text) refers to faddsub_noclz.o(x$fpl$fadd) for __aeabi_fadd
    rs232_protocol.o(.text) refers to fdiv.o(x$fpl$fdiv) for __aeabi_fdiv
    rs232_protocol.o(.text) refers to switch8.o(.text) for __ARM_switch8
    rs232_protocol.o(.text) refers to debug.o(.text) for rs232_printf
    rs232_protocol.o(.text) refers to task.o(.text) for GetCurFocusTid
    rs232_protocol.o(.text) refers to zone1_task.o(.text) for MsgSetInputSource
    rs232_protocol.o(.text) refers to radio_task.o(.text) for RadioExit
    rs232_protocol.o(.text) refers to zone1_task.o(.bss) for sys_flag
    rs232_protocol.o(.text) refers to radio_task.o(.data) for current_radio_mode
    rs232_protocol.o(.text) refers to dspdrv.o(.text) for SetLate
    rs232_protocol.o(.text) refers to timer.o(.text) for DelayMs
    rs232_protocol.o(.text) refers to dspdrv.o(.data) for compression_mode
    rs232_protocol.o(.text) refers to ffix.o(x$fpl$ffix) for __aeabi_f2iz
    rs232_protocol.o(.text) refers to eq_manager.o(.text) for EqModuleconfig
    rs232_protocol.o(.text) refers to auto_sound.o(.text) for FindBalancePosition
    rs232_protocol.o(.text) refers to eeprom.o(.text) for EepromWriteByte
    rs232_protocol.o(.text) refers to f2d.o(x$fpl$f2d) for __aeabi_f2d
    rs232_protocol.o(.text) refers to drleqf.o(x$fpl$drleqf) for __aeabi_cdrcmple
[...]
    cmd_Z2VFD_                               0x0001f000   Data           8  rs232_protocol.o(.constdata)
    cmd_SLL                                  0x0001f008   Data           8  rs232_protocol.o(.constdata)
    cmd_SLC                                  0x0001f010   Data           8  rs232_protocol.o(.constdata)
    cmd_SLR                                  0x0001f018   Data           8  rs232_protocol.o(.constdata)
    cmd_SLSR                                 0x0001f020   Data           8  rs232_protocol.o(.constdata)
    cmd_SLSL                                 0x0001f028   Data           8  rs232_protocol.o(.constdata)
    cmd_SLBR                                 0x0001f030   Data           8  rs232_protocol.o(.constdata)
    cmd_SLBL                                 0x0001f038   Data           8  rs232_protocol.o(.constdata)
    cmd_SLSW                                 0x0001f040   Data           8  rs232_protocol.o(.constdata)
    cmd_SPL                                  0x0001f048   Data           8  rs232_protocol.o(.constdata)
    cmd_SPC                                  0x0001f050   Data           8  rs232_protocol.o(.constdata)
    cmd_SPR                                  0x0001f058   Data           8  rs232_protocol.o(.constdata)
    cmd_SPSR                                 0x0001f060   Data           8  rs232_protocol.o(.constdata)
    cmd_SPSL                                 0x0001f068   Data           8  rs232_protocol.o(.constdata)
    cmd_SPBR                                 0x0001f070   Data           8  rs232_protocol.o(.constdata)
    cmd_SPBL                                 0x0001f078   Data           8  rs232_protocol.o(.constdata)
    cmd_SPs                                  0x0001f080   Data           8  rs232_protocol.o(.constdata)
    cmd_SZL                                  0x0001f088   Data           8  rs232_protocol.o(.constdata)
    cmd_SZR                                  0x0001f090   Data           8  rs232_protocol.o(.constdata)
    cmd_SZSL                                 0x0001f098   Data           8  rs232_protocol.o(.constdata)
    cmd_SZSR                                 0x0001f0a0   Data           8  rs232_protocol.o(.constdata)
    cmd_SZSBL                                0x0001f0a8   Data           8  rs232_protocol.o(.constdata)
    cmd_SZSBR                                0x0001f0b0   Data           8  rs232_protocol.o(.constdata)
    cmd_SZC                                  0x0001f0b8   Data           8  rs232_protocol.o(.constdata)
    cmd_SZS                                  0x0001f0c0   Data           8  rs232_protocol.o(.constdata)
    cmd_SZXFL                                0x0001f0c8   Data           8  rs232_protocol.o(.constdata)
    cmd_SZXFC                                0x0001f0d0   Data           8  rs232_protocol.o(.constdata)
    cmd_SZXFR                                0x0001f0d8   Data           8  rs232_protocol.o(.constdata)
    cmd_SZXSR                                0x0001f0e0   Data           8  rs232_protocol.o(.constdata)
    cmd_SZXSL                                0x0001f0e8   Data           8  rs232_protocol.o(.constdata)
    cmd_SZXSBR                               0x0001f0f0   Data           8  rs232_protocol.o(.constdata)
    cmd_SZXSBL                               0x0001f0f8   Data           8  rs232_protocol.o(.constdata)
    cmd_SZX                                  0x0001f100   Data           8  rs232_protocol.o(.constdata)
    cmd_SSPL                                 0x0001f108   Data           8  rs232_protocol.o(.constdata)
    cmd_SSPC                                 0x0001f110   Data           8  rs232_protocol.o(.constdata)
    cmd_SSPR                                 0x0001f118   Data           8  rs232_protocol.o(.constdata)
    cmd_SSPSR                                0x0001f120   Data           8  rs232_protocol.o(.constdata)
    cmd_SSPSL                                0x0001f128   Data           8  rs232_protocol.o(.constdata)
    cmd_SSPSBR                               0x0001f130   Data           8  rs232_protocol.o(.constdata)
    cmd_SSPSBL                               0x0001f138   Data           8  rs232_protocol.o(.constdata)
    cmd_SSPSW                                0x0001f140   Data           8  rs232_protocol.o(.constdata)
    cmd_MSZL                                 0x0001f148   Data           8  rs232_protocol.o(.constdata)
    cmd_MSZR                                 0x0001f150   Data           8  rs232_protocol.o(.constdata)
    cmd_MSZSL                                0x0001f158   Data           8  rs232_protocol.o(.constdata)
    cmd_MSZSR                                0x0001f160   Data           8  rs232_protocol.o(.constdata)
    cmd_MSZSBL                               0x0001f168   Data           8  rs232_protocol.o(.constdata)
    cmd_MSZSBR                               0x0001f170   Data           8  rs232_protocol.o(.constdata)
    cmd_MSZC                                 0x0001f178   Data           8  rs232_protocol.o(.constdata)
    cmd_MSZS                                 0x0001f180   Data           8  rs232_protocol.o(.constdata)
    cmd_MSPL                                 0x0001f188   Data           8  rs232_protocol.o(.constdata)
    cmd_MSPC                                 0x0001f190   Data           8  rs232_protocol.o(.constdata)
    cmd_MSPR                                 0x0001f198   Data           8  rs232_protocol.o(.constdata)
    cmd_MSPSR                                0x0001f1a0   Data           8  rs232_protocol.o(.constdata)
    cmd_MSPSL                                0x0001f1a8   Data           8  rs232_protocol.o(.constdata)
    cmd_MSPBR                                0x0001f1b0   Data           8  rs232_protocol.o(.constdata)
    cmd_MSPBL                                0x0001f1b8   Data           8  rs232_protocol.o(.constdata)
    cmd_MSPs                                 0x0001f1c0   Data           8  rs232_protocol.o(.constdata)
    cmd_MSLL                                 0x0001f1c8   Data           8  rs232_protocol.o(.constdata)
    cmd_MSLC                                 0x0001f1d0   Data           8  rs232_protocol.o(.constdata)
    cmd_MSLR                                 0x0001f1d8   Data           8  rs232_protocol.o(.constdata)
    cmd_MSLSR                                0x0001f1e0   Data           8  rs232_protocol.o(.constdata)
    cmd_MSLSL                                0x0001f1e8   Data           8  rs232_protocol.o(.constdata)
    cmd_MSLBR                                0x0001f1f0   Data           8  rs232_protocol.o(.constdata)
    cmd_MSLBL                                0x0001f1f8   Data           8  rs232_protocol.o(.constdata)
    cmd_MSLSW                                0x0001f200   Data           8  rs232_protocol.o(.constdata)
    cmd_MSZXFL                               0x0001f208   Data           8  rs232_protocol.o(.constdata)
    cmd_MSZXFC                               0x0001f210   Data           8  rs232_protocol.o(.constdata)
    cmd_MSZXFR                               0x0001f218   Data           8  rs232_protocol.o(.constdata)
    cmd_MSZXSR                               0x0001f220   Data           8  rs232_protocol.o(.constdata)
    cmd_MSZXSBR                              0x0001f228   Data           8  rs232_protocol.o(.constdata)
    cmd_MSZXSBL                              0x0001f230   Data           8  rs232_protocol.o(.constdata)
    cmd_MSZXSL                               0x0001f238   Data           8  rs232_protocol.o(.constdata)
    cmd_MSZX                                 0x0001f240   Data           8  rs232_protocol.o(.constdata)
    cmd_MZ1EQL                               0x0001f248   Data           8  rs232_protocol.o(.constdata)
    cmd_MZ1EQC                               0x0001f250   Data           8  rs232_protocol.o(.constdata)
    cmd_MZ1EQR                               0x0001f258   Data           8  rs232_protocol.o(.constdata)
    cmd_MZ1EQSR                              0x0001f260   Data           8  rs232_protocol.o(.constdata)
    cmd_MZ1EQBSR                             0x0001f268   Data           8  rs232_protocol.o(.constdata)
    cmd_MZ1EQBSL                             0x0001f270   Data           8  rs232_protocol.o(.constdata)
    cmd_MZ1EQSL                              0x0001f278   Data           8  rs232_protocol.o(.constdata)
    cmd_MZ1EQSW                              0x0001f280   Data           8  rs232_protocol.o(.constdata)
    cmd_MSSPL                                0x0001f288   Data           8  rs232_protocol.o(.constdata)
    cmd_MSSPC                                0x0001f290   Data           8  rs232_protocol.o(.constdata)
    cmd_MSSPR                                0x0001f298   Data           8  rs232_protocol.o(.constdata)
    cmd_MSSPSR                               0x0001f2a0   Data           8  rs232_protocol.o(.constdata)
    cmd_MSSPSL                               0x0001f2a8   Data           8  rs232_protocol.o(.constdata)
    cmd_MSSPSBR                              0x0001f2b0   Data           8  rs232_protocol.o(.constdata)
    cmd_MSSPSBL                              0x0001f2b8   Data           8  rs232_protocol.o(.constdata)
    cmd_MSSPSW                               0x0001f2c0   Data           8  rs232_protocol.o(.constdata)
    cmd_Z1EMDIM                              0x0001f2c8   Data           8  rs232_protocol.o(.constdata)
    cmd_Z1EMP                                0x0001f2d0   Data           8  rs232_protocol.o(.constdata)
    cmd_Z1EMC                                0x0001f2d8   Data           8  rs232_protocol.o(.constdata)
    cmd_Z1EMDEL                              0x0001f2e0   Data           8  rs232_protocol.o(.constdata)
    cmd_Z1VFL_                               0x0001f2e8   Data           8  rs232_protocol.o(.constdata)
    cmd_Z1VFR_                               0x0001f2f0   Data           8  rs232_protocol.o(.constdata)
    cmd_Z1VC_                                0x0001f2f8   Data           8  rs232_protocol.o(.constdata)
    cmd_Z1VSL_                               0x0001f300   Data           8  rs232_protocol.o(.constdata)
    cmd_Z1VSR_                               0x0001f308   Data           8  rs232_protocol.o(.constdata)
    cmd_Z1VBL_                               0x0001f310   Data           8  rs232_protocol.o(.constdata)
    cmd_Z1VBR_                               0x0001f318   Data           8  rs232_protocol.o(.constdata)
    cmd_Z1VS_                                0x0001f320   Data           8  rs232_protocol.o(.constdata)
    cmd_Z1VFD_                               0x0001f328   Data           8  rs232_protocol.o(.constdata)
    cmd_Z1IN1                                0x0001f330   Data           8  rs232_protocol.o(.constdata)
    cmd_Z1IN2                                0x0001f338   Data           8  rs232_protocol.o(.constdata)
    cmd_Z1IN3                                0x0001f340   Data           8  rs232_protocol.o(.constdata)
    cmd_Z1IN4                                0x0001f348   Data           8  rs232_protocol.o(.constdata)
    cmd_Z1IN5                                0x0001f350   Data           8  rs232_protocol.o(.constdata)
    cmd_Z1IN6                                0x0001f358   Data           8  rs232_protocol.o(.constdata)
    cmd_Z1IN7                                0x0001f360   Data           8  rs232_protocol.o(.constdata)
    cmd_Z1IN8                                0x0001f368   Data           8  rs232_protocol.o(.constdata)
    cmd_Z1SAL1                               0x0001f370   Data           8  rs232_protocol.o(.constdata)
    cmd_Z1SAL2                               0x0001f378   Data           8  rs232_protocol.o(.constdata)
    cmd_Z1SAL3                               0x0001f380   Data           8  rs232_protocol.o(.constdata)
    cmd_Z1SAL4                               0x0001f388   Data           8  rs232_protocol.o(.constdata)
    cmd_Z1SAL5                               0x0001f390   Data           8  rs232_protocol.o(.constdata)
    cmd_Z1SAL6                               0x0001f398   Data           8  rs232_protocol.o(.constdata)
    cmd_Z1SAL7                               0x0001f3a0   Data           8  rs232_protocol.o(.constdata)
    cmd_Z1SAL8                               0x0001f3a8   Data           8  rs232_protocol.o(.constdata)
    cmd_Z1ACN1                               0x0001f3b0   Data           8  rs232_protocol.o(.constdata)
    cmd_Z1ACN2                               0x0001f3b8   Data           8  rs232_protocol.o(.constdata)
    cmd_Z1ACN3                               0x0001f3c0   Data           8  rs232_protocol.o(.constdata)
    cmd_Z1ACN4                               0x0001f3c8   Data           8  rs232_protocol.o(.constdata)
    cmd_Z1ACN5                               0x0001f3d0   Data           8  rs232_protocol.o(.constdata)
    cmd_Z1ACN6                               0x0001f3d8   Data           8  rs232_protocol.o(.constdata)
    cmd_Z1ACN7                               0x0001f3e0   Data           8  rs232_protocol.o(.constdata)
    cmd_Z1ACN8                               0x0001f3e8   Data           8  rs232_protocol.o(.constdata)
    cmd_Z1ACN7_1                             0x0001f3f0   Data           8  rs232_protocol.o(.constdata)
    cmd_Z1ACNR                               0x0001f3f8   Data           8  rs232_protocol.o(.constdata)
    cmd_ASSP                                 0x0001f400   Data           8  rs232_protocol.o(.constdata)
    cmd_ASHDMIAO                             0x0001f408   Data           8  rs232_protocol.o(.constdata)
    cmd_ASAVD                                0x0001f410   Data           8  rs232_protocol.o(.constdata)
    cmd_ASFP                                 0x0001f418   Data           8  rs232_protocol.o(.constdata)
    cmd_ASRSN                                0x0001f420   Data           8  rs232_protocol.o(.constdata)
    cmd_ASIRC                                0x0001f428   Data           8  rs232_protocol.o(.constdata)
    cmd_ASIR2C                               0x0001f430   Data           8  rs232_protocol.o(.constdata)
    cmd_ASIRM                                0x0001f438   Data           8  rs232_protocol.o(.constdata)
    cmd_ASIR2M                               0x0001f440   Data           8  rs232_protocol.o(.constdata)
    cmd_ASTO                                 0x0001f448   Data           8  rs232_protocol.o(.constdata)
    cmd_ASAIS                                0x0001f450   Data           8  rs232_protocol.o(.constdata)
    cmd_ASDD                                 0x0001f458   Data           8  rs232_protocol.o(.constdata)
    cmd_ASRD                                 0x0001f460   Data           8  rs232_protocol.o(.constdata)
    CaryLogo                                 0x0001f468   Data          21  setup_func.o(.constdata)
    pZone1Task                               0x0001f480   Data           8  task.o(.constdata)
    pSetupTask                               0x0001f488   Data           8  task.o(.constdata)
    pRadioTask                               0x0001f490   Data           8  task.o(.constdata)
    pZone2Task                               0x0001f498   Data           8  task.o(.constdata)
    pAutoSoundTask                           0x0001f4a0   Data           8  task.o(.constdata)
    Surround_Processor                       0x0001f4a8   Data          21  vfd_disp.o(.constdata)
    eq_freq                                  0x0001f4c0   Data         242  auto_sound.o(.constdata)
    IIC_CS8416                               0x0001f5d4   Data          76  cs8416.o(.constdata)
    IIC_EEPROM                               0x0001f620   Data          76  eeprom.o(.constdata)
    IIC_VFD                                  0x0001f66c   Data          76  vfddriver.o(.constdata)
    dimer_table                              0x0001f6b8   Data           4  vfddriver.o(.constdata)
    BalanceChannel                           0x0001f6bc   Data           8  volume.o(.constdata)
    Max335SelTab                             0x0001f6c4   Data           8  max335.o(.constdata)
    IIC_DIGI                                 0x0001f6cc   Data          76  channel.o(.constdata)
    Digital_channel_table                    0x0001f718   Data          18  channel.o(.constdata)
    Zone2_Digital_channel_table              0x0001f72a   Data          18  channel.o(.constdata)
    input_select_table                       0x0001f73c   Data          20  channel.o(.constdata)
    analog_in_table                          0x0001f750   Data          40  channel.o(.constdata)
    zone2_analog_in_table                    0x0001f778   Data          44  channel.o(.constdata)
    IIC_HDMI                                 0x0001f7a4   Data          76  hdmi.o(.constdata)
    sw_freq_table                            0x0001f7f0   Data          20  eq_manager.o(.constdata)
    freq_table                               0x0001f804   Data          20  eq_manager.o(.constdata)
    eq_var_table                             0x0001f818   Data         176  eq_manager.o(.constdata)
    MIC_YOGE_BM38_parameter                  0x0001f8c8   Data         256  irc1_manager.o(.constdata)
    __mathlib_zero                           0x0001fa80   Data           8  qnan.o(.constdata)
    __ctype                                  0x0001fb59   Data         256  lc_ctype_c.o(.constdata)
    Region$$Table$$Base                      0x000205c4   Number         0  anon$$obj.o(Region$$Table)
    Region$$Table$$Limit                     0x000205e4   Number         0  anon$$obj.o(Region$$Table)
    Rs232ProtocolHandler                     0x40000000   Data           4  main.o(.data)
    key_enable                               0x40000004   Data           1  key_task.o(.data)
    panel_key_value                          0x40000006   Data           2  key_task.o(.data)
    encoder_flag                             0x40000008   Data           1  key_task.o(.data)
    encoder_key                              0x40000009   Data           1  key_task.o(.data)
    strFl                                    0x40000020   Data           3  menu_tbl.o(.data)
    strCen                                   0x40000023   Data           4  menu_tbl.o(.data)
    strFr                                    0x40000027   Data           3  menu_tbl.o(.data)
    strSr                                    0x4000002a   Data           3  menu_tbl.o(.data)
    strSbr                                   0x4000002d   Data           4  menu_tbl.o(.data)
    strSbl                                   0x40000031   Data           4  menu_tbl.o(.data)
    strSl                                    0x40000035   Data           3  menu_tbl.o(.data)
    strSw                                    0x40000038   Data           3  menu_tbl.o(.data)
    strListenProfile                         0x4000003b   Data          19  menu_tbl.o(.data)
    strInput                                 0x4000004e   Data           7  menu_tbl.o(.data)
    strZone2                                 0x40000055   Data           7  menu_tbl.o(.data)
    strOther                                 0x4000005c   Data          18  menu_tbl.o(.data)
    strOn                                    0x4000006e   Data           3  menu_tbl.o(.data)
    strOff                                   0x40000071   Data           4  menu_tbl.o(.data)
    strBack                                  0x40000075   Data           5  menu_tbl.o(.data)
    strGotoMain                              0x4000007a   Data          15  menu_tbl.o(.data)
    strAssignedInput                         0x40000089   Data          16  menu_tbl.o(.data)
    strChangeInputNames                      0x40000099   Data          19  menu_tbl.o(.data)
    strSetAnalogInLevel                      0x400000ac   Data          20  menu_tbl.o(.data)
    strSetAnalogInConfig                     0x400000c0   Data          21  menu_tbl.o(.data)
    strHDMIinAudio                           0x400000d5   Data          18  menu_tbl.o(.data)
    opCrossOver                              0x400000e8   Data          96  menu_tbl.o(.data)
    opAssignedIput                           0x40000148   Data           8  menu_tbl.o(.data)
    opChangeInputNames                       0x40000150   Data           8  menu_tbl.o(.data)
    opSetAnalogInLevel                       0x40000158   Data           8  menu_tbl.o(.data)
    opSetAnalogInConfig                      0x40000160   Data           8  menu_tbl.o(.data)
    opSetHDMIInAudio                         0x40000168   Data           8  menu_tbl.o(.data)
    opListenProfilePage                      0x40000170   Data           8  menu_tbl.o(.data)
    opMovieSpeaker                           0x40000178   Data           8  menu_tbl.o(.data)
    opMusicSpeaker                           0x40000180   Data           8  menu_tbl.o(.data)
    opSpkConfigPage                          0x40000188   Data           8  menu_tbl.o(.data)
    opSpkDistancePage                        0x40000190   Data           8  menu_tbl.o(.data)
    opSpkBalancePage                         0x40000198   Data           8  menu_tbl.o(.data)
    opSpkCrossoverPage                       0x400001a0   Data           8  menu_tbl.o(.data)
    opSpkEqPage                              0x400001a8   Data           8  menu_tbl.o(.data)
    opSpkPhasePage                           0x400001b0   Data           8  menu_tbl.o(.data)
    opSpkConfigPage_music                    0x400001b8   Data           8  menu_tbl.o(.data)
    opSpkDistancePage_music                  0x400001c0   Data           8  menu_tbl.o(.data)
    opSpkBalancePage_music                   0x400001c8   Data           8  menu_tbl.o(.data)
    opSpkCrossoverPage_music                 0x400001d0   Data           8  menu_tbl.o(.data)
    opSpkEqPage_music                        0x400001d8   Data           8  menu_tbl.o(.data)
    opSpkPhasePage_music                     0x400001e0   Data           8  menu_tbl.o(.data)
    opSpkPanoramaPage_music                  0x400001e8   Data           8  menu_tbl.o(.data)
    opMainPage                               0x400001f0   Data           8  menu_tbl.o(.data)
    opZone2Page                              0x400001f8   Data           8  menu_tbl.o(.data)
    opCrossOverPage                          0x40000200   Data           8  menu_tbl.o(.data)
    opDelayPage                              0x40000208   Data           8  menu_tbl.o(.data)
    opAvSynPage                              0x40000210   Data           8  menu_tbl.o(.data)
    opBalancePage                            0x40000218   Data           8  menu_tbl.o(.data)
    opInputPage                              0x40000220   Data           8  menu_tbl.o(.data)
    opHDMIPage                               0x40000228   Data           8  menu_tbl.o(.data)
    opOtherPage                              0x40000230   Data           8  menu_tbl.o(.data)
    opSignalPage                             0x40000238   Data           8  menu_tbl.o(.data)
    opLogoPage                               0x40000240   Data           8  menu_tbl.o(.data)
    opPasswordPage                           0x40000248   Data           8  menu_tbl.o(.data)
    strMovieSpeaker                          0x40000250   Data          11  menu_tbl.o(.data)
    strMusicSpeaker                          0x4000025b   Data          11  menu_tbl.o(.data)
    strMovieSpeakerSetting                   0x40000266   Data          18  menu_tbl.o(.data)
    strMusicSpeakerSetting                   0x40000278   Data          18  menu_tbl.o(.data)
    ListenProfileItem                        0x4000028c   Data          60  menu_tbl.o(.data)
    strSetSpeakerConfig                      0x400002c8   Data          19  menu_tbl.o(.data)
    strSetDistance                           0x400002db   Data          13  menu_tbl.o(.data)
    strSetBalance                            0x400002e8   Data          12  menu_tbl.o(.data)
    strSetCrossoverPoints                    0x400002f4   Data          21  menu_tbl.o(.data)
    strSetRoomEq                             0x40000309   Data          12  menu_tbl.o(.data)
    strSetSpeakerPhase                       0x40000315   Data          18  menu_tbl.o(.data)
    MovieSpeakerItem                         0x40000328   Data         140  menu_tbl.o(.data)
    strSetSpeakerConfig_music                0x400003b4   Data          19  menu_tbl.o(.data)
    strSetDistance_music                     0x400003c7   Data          13  menu_tbl.o(.data)
    strSetBalance_music                      0x400003d4   Data          12  menu_tbl.o(.data)
    strSetCrossoverPoints_music              0x400003e0   Data          21  menu_tbl.o(.data)
    strSetRoomEq_music                       0x400003f5   Data          12  menu_tbl.o(.data)
    strSetSpeakerPhase_music                 0x40000401   Data          18  menu_tbl.o(.data)
    strSetPanorama_music                     0x40000413   Data          18  menu_tbl.o(.data)
    MusicSpeakerItem                         0x40000428   Data         160  menu_tbl.o(.data)
    SpkConfigOption                          0x400004c8   Data          16  menu_tbl.o(.data)
    SpkConfigItem                            0x400004d8   Data         180  menu_tbl.o(.data)
    SpkConfigItem_Music                      0x4000058c   Data         180  menu_tbl.o(.data)
    SpkDistanceItem                          0x40000640   Data         180  menu_tbl.o(.data)
    SpkDistanceItem_Music                    0x400006f4   Data         180  menu_tbl.o(.data)
    OpTestMode                               0x400007a8   Data          24  menu_tbl.o(.data)
    SpkSetBalanceItem                        0x400007c0   Data         200  menu_tbl.o(.data)
    SpkSetBalanceItem_Music                  0x40000888   Data         200  menu_tbl.o(.data)
    SpkSetCrossoverPointsItem                0x40000950   Data         180  menu_tbl.o(.data)
    SpkSetCrossoverPointsItem_Music          0x40000a04   Data         180  menu_tbl.o(.data)
    SpkSetRoomEqItem                         0x40000ab8   Data        1620  menu_tbl.o(.data)
    SpkSetRoomEqItem_Music                   0x4000110c   Data        1620  menu_tbl.o(.data)
    SpkPhaseOption                           0x40001760   Data          16  menu_tbl.o(.data)
    SpkSetSpeakerPhaseItem                   0x40001770   Data         180  menu_tbl.o(.data)
    SpkSetSpeakerPhaseItem_Music             0x40001824   Data         180  menu_tbl.o(.data)
    strDimension                             0x400018d8   Data          10  menu_tbl.o(.data)
    strPanorama                              0x400018e2   Data           9  menu_tbl.o(.data)
    strWidth                                 0x400018eb   Data           6  menu_tbl.o(.data)
    strDelay                                 0x400018f1   Data           6  menu_tbl.o(.data)
    SpkDimensionOption                       0x400018f8   Data          56  menu_tbl.o(.data)
    SpkPanoramaOption                        0x40001930   Data          16  menu_tbl.o(.data)
    SpkWidthOption                           0x40001940   Data          64  menu_tbl.o(.data)
    SpkDelayOption                           0x40001980   Data         128  menu_tbl.o(.data)
    SpkSetSpeakerPanoramaItem_Music          0x40001a00   Data         100  menu_tbl.o(.data)
    strInput7CH1                             0x40001a64   Data           7  menu_tbl.o(.data)
    strInput1                                0x40001a6b   Data           7  menu_tbl.o(.data)
    strInput2                                0x40001a72   Data           7  menu_tbl.o(.data)
    strInput3                                0x40001a79   Data           7  menu_tbl.o(.data)
    strInput4                                0x40001a80   Data           7  menu_tbl.o(.data)
    strInput5                                0x40001a87   Data           7  menu_tbl.o(.data)
    strInput6                                0x40001a8e   Data           7  menu_tbl.o(.data)
    strInput7                                0x40001a95   Data           7  menu_tbl.o(.data)
    strInput8                                0x40001a9c   Data           7  menu_tbl.o(.data)
    strInputHDM1                             0x40001aa3   Data           7  menu_tbl.o(.data)
    strInputHDM2                             0x40001aaa   Data           7  menu_tbl.o(.data)
    strInputTuner                            0x40001ab1   Data           6  menu_tbl.o(.data)
    InputItem                                0x40001ab8   Data         120  menu_tbl.o(.data)
    Input1Option                             0x40001b30   Data          16  menu_tbl.o(.data)
    Input2Option                             0x40001b40   Data          24  menu_tbl.o(.data)
    Input3Option                             0x40001b58   Data          24  menu_tbl.o(.data)
    Input4Option                             0x40001b70   Data          24  menu_tbl.o(.data)
    Input5Option                             0x40001b88   Data          24  menu_tbl.o(.data)
    Input6Option                             0x40001ba0   Data          24  menu_tbl.o(.data)
    Input7Option                             0x40001bb8   Data          24  menu_tbl.o(.data)
    Input8Option                             0x40001bd0   Data          24  menu_tbl.o(.data)
    AssignedInputItem                        0x40001be8   Data         180  menu_tbl.o(.data)
    InputNameItem                            0x40001c9c   Data         240  menu_tbl.o(.data)
    AnalogInLevelItem                        0x40001d8c   Data         180  menu_tbl.o(.data)
    AnalogInOption                           0x40001e40   Data          16  menu_tbl.o(.data)
    AnalogInConfigItem                       0x40001e50   Data         220  menu_tbl.o(.data)
    strHDMI1                                 0x40001f2c   Data           6  menu_tbl.o(.data)
    strHDMI2                                 0x40001f32   Data           6  menu_tbl.o(.data)
    HDMIInAudioOption                        0x40001f38   Data          16  menu_tbl.o(.data)
    HDMIInAudioItem                          0x40001f48   Data          60  menu_tbl.o(.data)
    opZONE2OUT                               0x40001f84   Data         120  menu_tbl.o(.data)
    Zone2Item                                0x40001ffc   Data          60  menu_tbl.o(.data)
    strLate                                  0x40002038   Data           5  menu_tbl.o(.data)
    strBright                                0x4000203d   Data           7  menu_tbl.o(.data)
    strPassword                              0x40002044   Data           9  menu_tbl.o(.data)
    strHDMIAudioOut                          0x4000204d   Data          15  menu_tbl.o(.data)
    strSetMasterVolume                       0x4000205c   Data          14  menu_tbl.o(.data)
    strPasswordMode                          0x4000206a   Data          14  menu_tbl.o(.data)
    strPasswordChange                        0x40002078   Data           7  menu_tbl.o(.data)
    strAutoInputSeek                         0x4000207f   Data          16  menu_tbl.o(.data)
    strIrControls                            0x4000208f   Data          12  menu_tbl.o(.data)
    strZone2IrControls                       0x4000209b   Data          15  menu_tbl.o(.data)
    strTriggers                              0x400020aa   Data           8  menu_tbl.o(.data)
    strRestoreDefault                        0x400020b2   Data          16  menu_tbl.o(.data)
    strAvSyncDelay                           0x400020c2   Data          14  menu_tbl.o(.data)
    strEditCustomName                        0x400020d0   Data          17  menu_tbl.o(.data)
    opLate                                   0x400020e4   Data          24  menu_tbl.o(.data)
    opPassword                               0x400020fc   Data          16  menu_tbl.o(.data)
    opHDMIAudioOut                           0x4000210c   Data          16  menu_tbl.o(.data)
    opBright                                 0x4000211c   Data          32  menu_tbl.o(.data)
    opAutoInputSeek                          0x4000213c   Data          16  menu_tbl.o(.data)
    opIrControls                             0x4000214c   Data          24  menu_tbl.o(.data)
    opIrMode                                 0x40002164   Data          16  menu_tbl.o(.data)
    opTriggers                               0x40002174   Data          24  menu_tbl.o(.data)
    OtherItem                                0x4000218c   Data         300  menu_tbl.o(.data)
    PasswordItem                             0x400022b8   Data          60  menu_tbl.o(.data)
    EditCustomNameItem                       0x400022f4   Data          40  menu_tbl.o(.data)
    strExit                                  0x4000231c   Data          16  menu_tbl.o(.data)
    MainPageItem                             0x4000232c   Data         100  menu_tbl.o(.data)
    StrSetupMenu                             0x40002390   Data          11  menu_tbl.o(.data)
    msg_queue_rear                           0x4000239c   Data           2  message.o(.data)
    msg_queue_front                          0x4000239e   Data           2  message.o(.data)
    cur_dis_unit                             0x400023a0   Data           1  rs232_protocol.o(.data)
    msgs                                     0x400023a4   Data         756  rs232_protocol.o(.data)
    spk_name_fl                              0x4000269c   Data           8  setup_func.o(.data)
    spk_name_c                               0x400026a4   Data           8  setup_func.o(.data)
    spk_name_fr                              0x400026ac   Data           8  setup_func.o(.data)
    spk_name_sl                              0x400026b4   Data           8  setup_func.o(.data)
    spk_name_sr                              0x400026bc   Data           8  setup_func.o(.data)
    spk_name_sbl                             0x400026c4   Data           8  setup_func.o(.data)
    spk_name_sbr                             0x400026cc   Data           8  setup_func.o(.data)
    spk_name_sw                              0x400026d4   Data           8  setup_func.o(.data)
    spk_fl                                   0x400026dc   Data          60  setup_func.o(.data)
    spk_fr                                   0x40002718   Data          60  setup_func.o(.data)
    spk_sl                                   0x40002754   Data          60  setup_func.o(.data)
    spk_sr                                   0x40002790   Data          60  setup_func.o(.data)
    spk_sbl                                  0x400027cc   Data          60  setup_func.o(.data)
    spk_sbr                                  0x40002808   Data          60  setup_func.o(.data)
    spk_cen                                  0x40002844   Data          60  setup_func.o(.data)
    spk_sw                                   0x40002880   Data          60  setup_func.o(.data)
    speaker_table                            0x400028bc   Data          36  setup_func.o(.data)
    balance_mode                             0x400028e0   Data           1  setup_func.o(.data)
    pwd_mode                                 0x400028e1   Data           1  setup_func.o(.data)
    zone2_ir_mode                            0x400028e2   Data           1  setup_func.o(.data)
    rear_ir_mode                             0x400028e3   Data           1  setup_func.o(.data)
    SystemTriggerMode                        0x400028e4   Data           1  setup_func.o(.data)
    HDMI_Audio_Out                           0x400028e5   Data           1  setup_func.o(.data)
    InNameChanging                           0x400028e8   Data           1  setup_menu.o(.data)
    FlashPosition                            0x400028e9   Data           1  setup_menu.o(.data)
    InPwdInput                               0x400028ea   Data           1  setup_menu.o(.data)
    PwdCounter                               0x400028eb   Data           1  setup_menu.o(.data)
    PwdInputState                            0x400028ec   Data           1  setup_menu.o(.data)
    current_pwd                              0x400028ee   Data           2  setup_menu.o(.data)
    new_pwd                                  0x400028f0   Data           2  setup_menu.o(.data)
    user_pwd                                 0x400028f2   Data           2  setup_menu.o(.data)
    Movie_Music_Speaker_Flag                 0x400028f4   Data           1  setup_menu.o(.data)
    bCusrPos                                 0x400028f5   Data           1  setup_menu.o(.data)
    bCurOptionIndex                          0x400028f6   Data           1  setup_menu.o(.data)
    disp_mode                                0x400028fa   Data           1  setup_menu.o(.data)
    pMenuCurPage                             0x40002900   Data           4  setup_menu.o(.data)
    pMenuCurItem                             0x40002904   Data           4  setup_menu.o(.data)
    tasks                                    0x40002908   Data          24  task.o(.data)
    current_tid                              0x40002920   Data           1  task.o(.data)
    need_refresh_vfd                         0x40002978   Data           1  vfd_disp.o(.data)
    need_refresh_dimer                       0x40002979   Data           1  vfd_disp.o(.data)
    temp_dimer_time                          0x4000297c   Data           2  zone1_task.o(.data)
    Dolby2ch_Flag                            0x4000297e   Data           1  zone1_task.o(.data)
    SrcNameInput1                            0x4000297f   Data          13  zone1_task.o(.data)
    SrcNameInput2                            0x4000298c   Data          13  zone1_task.o(.data)
    SrcNameInput3                            0x40002999   Data          13  zone1_task.o(.data)
    SrcNameInput4                            0x400029a6   Data          13  zone1_task.o(.data)
    SrcNameInput5                            0x400029b3   Data          13  zone1_task.o(.data)
    SrcNameInput6                            0x400029c0   Data          13  zone1_task.o(.data)
    SrcNameInput7                            0x400029cd   Data          13  zone1_task.o(.data)
    SrcNameInput8                            0x400029da   Data          13  zone1_task.o(.data)
    SrcNameCh71                              0x400029e7   Data          13  zone1_task.o(.data)
    SrcNameInputHDMI1                        0x400029f4   Data          13  zone1_task.o(.data)
    SrcNameInputHDMI2                        0x40002a01   Data          13  zone1_task.o(.data)
    DefaultName                              0x40002a10   Data          44  zone1_task.o(.data)
    SrcName                                  0x40002a3c   Data          44  zone1_task.o(.data)
    _cur_key                                 0x40002a68   Data           1  zone1_task.o(.data)
    ch_name                                  0x40002a6c   Data          12  zone1_task.o(.data)
    HDRadio_FM_Flag                          0x40002a78   Data           1  zone1_task.o(.data)
    HDRadio_HDFM_Flag                        0x40002a79   Data           1  zone1_task.o(.data)
    Zone1SrcName                             0x40002a80   Data           4  zone1_task.o(.data)
    Stream                                   0x40002a85   Data           1  zone1_task.o(.data)
    Zone2SrcName                             0x40002a88   Data           4  zone2_task.o(.data)
    auto_sound_testing                       0x40002a8c   Data           1  auto_sound.o(.data)
    temp_buffer                              0x40002a8d   Data          21  auto_sound.o(.data)
    current_test_spk                         0x40002aa2   Data           1  auto_sound.o(.data)
    bar_counter                              0x40002aa3   Data           1  auto_sound.o(.data)
    NameAutoSoundSetup                       0x40002aa4   Data          21  auto_sound.o(.data)
    NameEnterStart                           0x40002ab9   Data          21  auto_sound.o(.data)
    NameEnterNow                             0x40002ace   Data          21  auto_sound.o(.data)
    NameConnectMic                           0x40002ae3   Data          21  auto_sound.o(.data)
    NameSpeakerCheck                         0x40002af8   Data          21  auto_sound.o(.data)
    NameSetDistance                          0x40002b0d   Data          21  auto_sound.o(.data)
    NameSetBalance                           0x40002b22   Data          21  auto_sound.o(.data)
    NameSetCrossoverPoint                    0x40002b37   Data          21  auto_sound.o(.data)
    NameSetRoomEq                            0x40002b4c   Data          21  auto_sound.o(.data)
    NameSetSpeakerPhase                      0x40002b61   Data          21  auto_sound.o(.data)
    irc_setupconfig                          0x40002b78   Data           8  auto_sound.o(.data)
    irc_speakercheck                         0x40002b80   Data           8  auto_sound.o(.data)
    irc_setdistance                          0x40002b88   Data           8  auto_sound.o(.data)
    irc_setbalance                           0x40002b90   Data           8  auto_sound.o(.data)
    irc_setroomeq                            0x40002b98   Data           8  auto_sound.o(.data)
    irc_setcrossoverpoint                    0x40002ba0   Data           8  auto_sound.o(.data)
    irc_setspeakerphase                      0x40002ba8   Data           8  auto_sound.o(.data)
    current_step                             0x40002bb0   Data           1  auto_sound.o(.data)
    IrcTaskTable                             0x40002bb4   Data          32  auto_sound.o(.data)
    bak_id                                   0x40002be0   Data           1  auto_sound.o(.data)
    HD_Radio_Power_Flag                      0x40002be4   Data           1  radio_task.o(.data)
    Tuner_Text_Disp_Flag                     0x40002be5   Data           1  radio_task.o(.data)
    Tuner_Reply_Flag                         0x40002be6   Data           1  radio_task.o(.data)
    Tuner_Signal_Quality                     0x40002be7   Data           1  radio_task.o(.data)
    Tuner_Freq_H                             0x40002be8   Data           4  radio_task.o(.data)
    Tuner_Freq_L                             0x40002bec   Data           4  radio_task.o(.data)
    stereo_mode                              0x40002bf0   Data           1  radio_task.o(.data)
    current_st_mode                          0x40002bf1   Data           1  radio_task.o(.data)
    DEFAULT_AM_FREQ                          0x40002bf4   Data           4  radio_task.o(.data)
    MAX_AM_FREQ                              0x40002bf8   Data           4  radio_task.o(.data)
    MIN_AM_FREQ                              0x40002bfc   Data           4  radio_task.o(.data)
    DEFAULT_HDAM_FREQ                        0x40002c00   Data           4  radio_task.o(.data)
    MAX_HDAM_FREQ                            0x40002c04   Data           4  radio_task.o(.data)
    MIN_HDAM_FREQ                            0x40002c08   Data           4  radio_task.o(.data)
    DEFAULT_FM_FREQ                          0x40002c0c   Data           4  radio_task.o(.data)
    MAX_FM_FREQ                              0x40002c10   Data           4  radio_task.o(.data)
    MIN_FM_FREQ                              0x40002c14   Data           4  radio_task.o(.data)
    DEFAULT_HDFM_FREQ                        0x40002c18   Data           4  radio_task.o(.data)
    MAX_HDFM_FREQ                            0x40002c1c   Data           4  radio_task.o(.data)
    MIN_HDFM_FREQ                            0x40002c20   Data           4  radio_task.o(.data)
    temp_radio_time                          0x40002c24   Data           2  radio_task.o(.data)
    current_radio_mode                       0x40002c26   Data           1  radio_task.o(.data)
    system_freq                              0x40002c28   Data           4  radio_task.o(.data)
    fm_freq                                  0x40002c2c   Data           4  radio_task.o(.data)
    am_freq                                  0x40002c30   Data           4  radio_task.o(.data)
    HDFM_freq                                0x40002c34   Data           4  radio_task.o(.data)
    HDAM_freq                                0x40002c38   Data           4  radio_task.o(.data)
    system_position                          0x40002c3c   Data           1  radio_task.o(.data)
    am_position                              0x40002c3d   Data           1  radio_task.o(.data)
    fm_position                              0x40002c3e   Data           1  radio_task.o(.data)
    HDFM_position                            0x40002c3f   Data           1  radio_task.o(.data)
    HDAM_position                            0x40002c40   Data           1  radio_task.o(.data)
    current_radio_status                     0x40002c41   Data           1  radio_task.o(.data)
    digi_key_value                           0x40002c42   Data           1  radio_task.o(.data)
    am_preset_base                           0x40002c52   Data           1  radio_task.o(.data)
    HDFM_preset_base                         0x40002c53   Data           1  radio_task.o(.data)
    HDAM_preset_base                         0x40002c54   Data           1  radio_task.o(.data)
    current_save_position                    0x40002c55   Data           1  radio_task.o(.data)
    last_radio_status                        0x40002c56   Data           1  radio_task.o(.data)
    rec_reply_count                          0x40002c58   Data           4  radio_task.o(.data)
    tuner_buffer                             0x40002c5c   Data          12  uart.o(.data)
    tuner_queue_pointer                      0x40002c68   Data           4  uart.o(.data)
    protocol_buffer                          0x40002c6c   Data          12  uart.o(.data)
    protocol_queue_pointer                   0x40002c78   Data           4  uart.o(.data)
    eint3_timer_cnter                        0x40002c84   Data           1  ioport.o(.data)
    eint2_timer_cnter                        0x40002c85   Data           1  ioport.o(.data)
    eint1_timer_cnter                        0x40002c86   Data           1  ioport.o(.data)
    eint0_timer_cnter                        0x40002c87   Data           1  ioport.o(.data)
    front_enable_zone2_ir                    0x40002c88   Data           1  ioport.o(.data)
    zone1_ir_enable                          0x40002c9c   Data           1  ir.o(.data)
    zone2_ir_enable                          0x40002c9d   Data           1  ir.o(.data)
    remote_repeat                            0x40002c9e   Data           8  ir.o(.data)
    zone1_codeIR                             0x40002cb5   Data           1  ir.o(.data)
    OthersystemIR                            0x40002cb6   Data           1  ir.o(.data)
    zone2_codeIR                             0x40002cb7   Data           1  ir.o(.data)
    OthersystemIR2                           0x40002cb8   Data           1  ir.o(.data)
    rs232_timer                              0x40002cbc   Data           2  timer.o(.data)
    Tuner_Text_Count                         0x40002cbe   Data           1  timer.o(.data)
    Text_Update_Flag                         0x40002cbf   Data           1  timer.o(.data)
    HDMI_tick                                0x40002cc0   Data           1  timer.o(.data)
    Hdmi_Stream_tick                         0x40002cc1   Data           1  timer.o(.data)
    DSD_Stream_tick                          0x40002cc2   Data           1  timer.o(.data)
    DSP_Busy_tick                            0x40002cc3   Data           1  timer.o(.data)
    radio_time_tick                          0x40002cc4   Data           1  timer.o(.data)
    dsp_time_tick                            0x40002cc5   Data           1  timer.o(.data)
    main_volume                              0x40002cdc   Data           4  volume.o(.data)
    Analog_Input_To_Dsp_Flag                 0x40002cea   Data           1  channel.o(.data)
    Pre_value                                0x40002ceb   Data           1  hdmi.o(.data)
    dsp_power_flag                           0x40002cee   Data           1  dsp_task.o(.data)
    current_ac3_stream                       0x40002cf2   Data           8  dsp_task.o(.data)
    current_dts_stream                       0x40002cfa   Data           6  dsp_task.o(.data)
    PreDspMode                               0x40002d00   Data           1  dspdrv.o(.data)
    compression_mode                         0x40002d01   Data           1  dspdrv.o(.data)
    enable_eq                                0x40002d02   Data           1  dspdrv.o(.data)
    enable_bass                              0x40002d03   Data           1  dspdrv.o(.data)
    enable_delay                             0x40002d04   Data           1  dspdrv.o(.data)
    system_spk_mode                          0x40002d05   Data           8  dspdrv.o(.data)
    CurrentSampleFreq                        0x40002d0d   Data           1  dspdrv.o(.data)
    CurrentIputPort                          0x40002d0e   Data           1  dspdrv.o(.data)
    stream_type                              0x40002d0f   Data           1  dspdrv.o(.data)
    dsp_force_change_code                    0x40002d10   Data           1  dspdrv.o(.data)
    DolbyType                                0x40002d11   Data           1  dspdrv.o(.data)
    DtsType                                  0x40002d12   Data           1  dspdrv.o(.data)
    Pre_AC3_Type                             0x40002d13   Data           1  dspdrv.o(.data)
    Pre_TureHD_Type                          0x40002d14   Data           1  dspdrv.o(.data)
    Pre_DTS_Type                             0x40002d15   Data           1  dspdrv.o(.data)
    Pre_DTS_HD_Type                          0x40002d16   Data           1  dspdrv.o(.data)
    last_stream                              0x40002d18   Data           4  dspdrv.o(.data)
    DSDType                                  0x40002d1c   Data           1  dspdrv.o(.data)
    PcmType                                  0x40002d1d   Data           1  dspdrv.o(.data)
    pMsgQueue                                0x40002d20   Data        1800  message.o(.bss)
    recv_buffer                              0x40003428   Data          20  rs232_protocol.o(.bss)
    AnalogInLevel                            0x4000343c   Data          10  setup_func.o(.bss)
    AnalogInMode                             0x40003446   Data          10  setup_func.o(.bss)
    C11Logo                                  0x40003450   Data          21  zone1_task.o(.bss)
    sys_flag                                 0x40003466   Data          28  zone1_task.o(.bss)
    Tuner_Text_Rec_Buffer                    0x40003482   Data          80  radio_task.o(.bss)
    Tuner_Text_Disp_Buffer                   0x400034d2   Data          20  radio_task.o(.bss)
    tuner_array                              0x400034e6   Data         256  uart.o(.bss)
    protocol_array                           0x400035e6   Data         256  uart.o(.bss)
    balance                                  0x400036e8   Data          32  volume.o(.bss)
    dsp_bass_corner                          0x40003708   Data          12  bassmanager.o(.bss)
    dsp_delay_time                           0x40003714   Data          16  delaymanager.o(.bss)
    dsp_delay_music_time                     0x40003724   Data          16  delaymanager.o(.bss)
    dsp_buf                                  0x40003734   Data         128  dspdrv.o(.bss)
    dsp_eq_table                             0x400037b4   Data         320  eq_manager.o(.bss)
    dsp_eq_music_table                       0x400038f4   Data         320  eq_manager.o(.bss)
    __libspace_start                         0x40003a34   Data          96  libspace.o(.bss)


================================================================================

Memory Map of the image

  Image Entry point : 0x0000016c

  Load Region LR_IROM1 (Base: 0x00000000, Size: 0x00023304, Max: 0xffffffff, ABSOLUTE, COMPRESSED[0x000217b0])

    Execution Region ER_IROM1 (Base: 0x00000000, Size: 0x000205e4, Max: 0x00040000, ABSOLUTE)

    Base Addr    Size         Type   Attr      Idx    E Section Name        Object

    0x00000000   0x0000016c   Code   RO            3    RESET               lpc2300.o
    0x0000016c   0x00000008   Code   RO         1443  * !!!main             __main.o(c_t__un.l)
    0x00000174   0x00000038   Code   RO         1767    !!!scatter          __scatter.o(c_t__un.l)
    0x000001ac   0x0000005c   Code   RO         1765    !!dczerorl2         __dczerorl2.o(c_t__un.l)
    0x00000208   0x0000002c   Code   RO         1769    !!handler_zi        __scatter_zi.o(c_t__un.l)
    0x00000234   0x00000004   Ven    RO         1670    .emb_text           lib_init.o(c_t__un.l)
    0x00000238   0x00000010   Code   RO         1670    .emb_text           lib_init.o(c_t__un.l)
    0x00000248   0x00000020   Code   RO            4    .text               lpc2300.o
    0x00000268   0x000000d0   Code   RO           11    .text               main.o
    0x00000338   0x0000003e   Code   RO          103    .text               debug.o
    0x00000376   0x00000002   PAD
    0x00000378   0x00000008   Ven    RO          130    .text               queue.o
    0x00000380   0x00000164   Code   RO          130    .text               queue.o
    0x000004e4   0x00000084   Code   RO          143    .text               c11_msg_handler.o
    0x00000568   0x00000420   Code   RO          174    .text               key_task.o
    0x00000988   0x0000014c   Code   RO          222    .text               message.o
    0x00000ad4   0x00005978   Code   RO          238    .text               rs232_protocol.o
    0x0000644c   0x00001740   Code   RO          299    .text               setup_func.o
    0x00007b8c   0x0000178c   Code   RO          348    .text               setup_menu.o
    0x00009318   0x00000078   Code   RO          363    .text               task.o
    0x00009390   0x00000008   Ven    RO          379    .text               vfd_disp.o
    0x00009398   0x0000026c   Code   RO          379    .text               vfd_disp.o
    0x00009604   0x000028dc   Code   RO          399    .text               zone1_task.o
    0x0000bee0   0x00000814   Code   RO          442    .text               zone2_task.o
    0x0000c6f4   0x000021d8   Code   RO          464    .text               auto_sound.o
    0x0000e8cc   0x00002014   Code   RO          518    .text               radio_task.o
    0x000108e0   0x00000164   Code   RO          558    .text               uart.o
    0x00010a44   0x000000ac   Code   RO          559    .text               uart.o
    0x00010af0   0x00000124   Code   RO          596    .text               cs8416.o
    0x00010c14   0x0000035c   Code   RO          629    .text               dac.o
    0x00010f70   0x00000058   Code   RO          653    .text               eeprom.o
    0x00010fc8   0x00000574   Code   RO          671    .text               i2cdrv.o
    0x0001153c   0x00000050   Code   RO          685    .text               ic165.o
    0x0001158c   0x000001f4   Code   RO          701    .text               ic4094.o
    0x00011780   0x00000dd0   Code   RO          715    .text               ioport.o
    0x00012550   0x00000398   Code   RO          716    .text               ioport.o
    0x000128e8   0x00000008   Ven    RO          753    .text               ir.o
    0x000128f0   0x00000640   Code   RO          753    .text               ir.o
    0x00012f30   0x00000124   Code   RO          781    .text               timer.o
    0x00013054   0x00000274   Code   RO          782    .text               timer.o
    0x000132c8   0x000000d0   Code   RO          817    .text               vfddriver.o
    0x00013398   0x000001a0   Code   RO          835    .text               mas9116.o
    0x00013538   0x00000128   Code   RO          851    .text               volume.o
    0x00013660   0x000000b0   Code   RO          875    .text               max335.o
    0x00013710   0x0000051c   Code   RO          894    .text               channel.o
    0x00013c2c   0x00000444   Code   RO          913    .text               tuner.o
    0x00014070   0x00000320   Code   RO          940    .text               hdmi.o
    0x00014390   0x000001c0   Code   RO          971    .text               dsp_spi.o
    0x00014550   0x00001108   Code   RO         1006    .text               bassmanager.o
    0x00015658   0x000004b0   Code   RO         1027    .text               delaymanager.o
    0x00015b08   0x000002c8   Code   RO         1052    .text               dolbymanager.o
    0x00015dd0   0x00000320   Code   RO         1068    .text               dolbyprologicii.o
    0x000160f0   0x000003e4   Code   RO         1084    .text               dolbyprologiciix.o
    0x000164d4   0x0000020c   Code   RO         1100    .text               dsp_task.o
    0x000166e0   0x000017c4   Code   RO         1142    .text               dspdrv.o
    0x00017ea4   0x00000960   Code   RO         1201    .text               eq_manager.o
    0x00018804   0x000002e0   Code   RO         1227    .text               irc1_manager.o
    0x00018ae4   0x00000178   Code   RO         1249    .text               irc2_manager.o
    0x00018c5c   0x00000230   Code   RO         1263    .text               os_manager.o
    0x00018e8c   0x00000204   Code   RO         1291    .text               signalgenerator.o
    0x00019090   0x0000028c   Code   RO         1361    .text               dolbytruehd.o
    0x0001931c   0x000008ec   Code   RO         1377    .text               dsp_api.o
    0x00019c08   0x00000054   Code   RO         1407    .text               _printf_pad.o(c_t__un.l)
    0x00019c5c   0x00000074   Code   RO         1409    .text               _printf_dec.o(c_t__un.l)
    0x00019cd0   0x0000002c   Code   RO         1411    .text               vsprintf.o(c_t__un.l)
    0x00019cfc   0x0000002c   Code   RO         1413    .text               __0sprintf.o(c_t__un.l)
    0x00019d28   0x00000004   Ven    RO         1415    .text               aeabi_memset.o(c_t__un.l)
    0x00019d2c   0x00000010   Code   RO         1415    .text               aeabi_memset.o(c_t__un.l)
    0x00019d3c   0x00000004   Ven    RO         1417    .text               rt_memcpy.o(c_t__un.l)
    0x00019d40   0x000000d4   Code   RO         1417    .text               rt_memcpy.o(c_t__un.l)
    0x00019e14   0x00000004   Ven    RO         1419    .text               rt_memcpy_w.o(c_t__un.l)
    0x00019e18   0x00000064   Code   RO         1419    .text               rt_memcpy_w.o(c_t__un.l)
    0x00019e7c   0x00000004   Ven    RO         1421    .text               strncpy.o(c_t__un.l)
    0x00019e80   0x00000070   Code   RO         1421    .text               strncpy.o(c_t__un.l)
    0x00019ef0   0x00000048   Code   RO         1423    .text               strlen.o(c_t__un.l)
    0x00019f38   0x00000004   Ven    RO         1425    .text               aeabi_sdiv.o(c_t__un.l)
    0x00019f3c   0x0000016c   Code   RO         1425    .text               aeabi_sdiv.o(c_t__un.l)
    0x0001a0a8   0x00000058   Code   RO         1441    .text               stkheap2.o(c_t__un.l)
    0x0001a100   0x00000004   Ven    RO         1501    .text               switch8.o(h_t__un.l)
    0x0001a104   0x00000018   Code   RO         1501    .text               switch8.o(h_t__un.l)
    0x0001a11c   0x00000010   Code   RO         1503    .text               callvia.o(h_t__un.l)
    0x0001a12c   0x00000004   Ven    RO         1504    .text               pow.o(m_t_pu.l)
    0x0001a130   0x00000e24   Code   RO         1504    .text               pow.o(m_t_pu.l)
    0x0001af54   0x00000068   Code   RO         1509    .text               kernel.o(c_t__un.l)
    0x0001afbc   0x00000060   Code   RO         1512    .text               sys_stackheap_outer.o(c_t__un.l)
    0x0001b01c   0x00000004   Code   RO         1514    .text               aeabi_idiv0.o(c_t__un.l)
    0x0001b020   0x00000010   Code   RO         1521    .text               rt_stackheap_storage_intlibspace.o(c_t__un.l)
    0x0001b030   0x00000008   Ven    RO         1527    .text               _rserrno.o(c_t__un.l)
    0x0001b038   0x00000022   Code   RO         1527    .text               _rserrno.o(c_t__un.l)
    0x0001b05a   0x0000002c   Code   RO         1529    .text               _printf_truncate.o(c_t__un.l)
    0x0001b086   0x0000005e   Code   RO         1531    .text               _printf_str.o(c_t__un.l)
    0x0001b0e4   0x000000c4   Code   RO         1533    .text               _printf_wctomb.o(c_t__un.l)
    0x0001b1a8   0x000000a8   Code   RO         1536    .text               _printf_intcommon.o(c_t__un.l)
    0x0001b250   0x000000cc   Code   RO         1538    .text               _printf_longlong_hex.o(c_t__un.l)
    0x0001b31c   0x00000094   Code   RO         1541    .text               _printf_longlong_oct.o(c_t__un.l)
    0x0001b3b0   0x0000008c   Code   RO         1543    .text               _printf_longlong_dec.o(c_t__un.l)
    0x0001b43c   0x00000024   Code   RO         1545    .text               _printf_charcount.o(c_t__un.l)
    0x0001b460   0x00000646   Code   RO         1547    .text               _printf_fp_dec.o(c_t__un.l)
    0x0001baa6   0x00000002   PAD
    0x0001baa8   0x00000034   Code   RO         1549    .text               _printf_char_common.o(c_t__un.l)
    0x0001badc   0x0000000a   Code   RO         1551    .text               _sputc.o(c_t__un.l)
    0x0001bae6   0x00000002   PAD
    0x0001bae8   0x00000040   Code   RO         1553    .text               rt_memclr.o(c_t__un.l)
    0x0001bb28   0x00000004   Ven    RO         1555    .text               rtudiv10.o(c_t__un.l)
    0x0001bb2c   0x0000002c   Code   RO         1555    .text               rtudiv10.o(c_t__un.l)
    0x0001bb58   0x000000f8   Code   RO         1584    .text               poly.o(m_t_pu.l)
    0x0001bc50   0x0000007c   Code   RO         1587    .text               sqrt.o(m_t_pu.l)
    0x0001bccc   0x00000018   Code   RO         1589    .text               sys_exit.o(c_t__un.l)
    0x0001bce4   0x0000000c   Code   RO         1591    .text               libspace.o(c_t__un.l)
    0x0001bcf0   0x00000004   Ven    RO         1599    .text               rt_errno_addr_intlibspace.o(c_t__un.l)
    0x0001bcf4   0x00000010   Code   RO         1599    .text               rt_errno_addr_intlibspace.o(c_t__un.l)
    0x0001bd04   0x00000004   Ven    RO         1608    .text               rt_locale_intlibspace.o(c_t__un.l)
    0x0001bd08   0x00000010   Code   RO         1608    .text               rt_locale_intlibspace.o(c_t__un.l)
    0x0001bd18   0x00000004   Ven    RO         1614    .text               lludiv10.o(c_t__un.l)
    0x0001bd1c   0x000000a0   Code   RO         1614    .text               lludiv10.o(c_t__un.l)
    0x0001bdbc   0x000000d0   Code   RO         1616    .text               bigflt0.o(c_t__un.l)
    0x0001be8c   0x000002e8   Code   RO         1641    .text               __printf.o(c_t__un.l)
    0x0001c174   0x00000020   Code   RO         1647    .text               _printf_outstr_char.o(c_t__un.l)
    0x0001c194   0x0000000a   Code   RO         1649    .text               _printf_input_char.o(c_t__un.l)
    0x0001c19e   0x0000004e   Code   RO         1651    .text               _wcrtomb.o(c_t__un.l)
    0x0001c1ec   0x00000030   Code   RO         1653    .text               lc_numeric_c.o(c_t__un.l)
    0x0001c21c   0x00000018   Code   RO         1656    .text               exit.o(c_t__un.l)
    0x0001c234   0x00000054   Code   RO         1658    .text               rt_memclr_w.o(c_t__un.l)
    0x0001c288   0x00000008   Ven    RO         1671    .text               lib_init.o(c_t__un.l)
    0x0001c290   0x000000d6   Code   RO         1671    .text               lib_init.o(c_t__un.l)
    0x0001c366   0x00000002   PAD
    0x0001c368   0x0000000c   Code   RO         1676    .text               boardinit2.o(c_t__un.l)
    0x0001c374   0x00000010   Code   RO         1678    .text               boardinit3.o(c_t__un.l)
    0x0001c384   0x00000004   Ven    RO         1690    .text               classify.o(m_t_pu.l)
    0x0001c388   0x00000038   Code   RO         1690    .text               classify.o(m_t_pu.l)
    0x0001c3c0   0x00000004   Ven    RO         1692    .text               dtoi.o(m_t_pu.l)
    0x0001c3c4   0x00000060   Code   RO         1692    .text               dtoi.o(m_t_pu.l)
    0x0001c424   0x00000004   Code   RO         1694    .text               use_no_semi.o(c_t__un.l)
    0x0001c428   0x00000004   Ven    RO         1696    .text               rt_ctype_table.o(c_t__un.l)
    0x0001c42c   0x00000018   Code   RO         1696    .text               rt_ctype_table.o(c_t__un.l)
    0x0001c444   0x00000004   Ven    RO         1704    .text               strcmp.o(c_t__un.l)
    0x0001c448   0x000000a0   Code   RO         1704    .text               strcmp.o(c_t__un.l)
    0x0001c4e8   0x00000006   Code   RO         1714    .text               no_argv.o(c_t__un.l)
    0x0001c4ee   0x00000002   PAD
    0x0001c4f0   0x00000030   Code   RO         1718    .text               fpclassify.o(m_t_pu.l)
    0x0001c520   0x00000010   Code   RO         1727    .text               rt_fp_status_addr_intlibspace.o(c_t__un.l)
    0x0001c530   0x00000030   Code   RO         1735    .text               lc_ctype_c.o(c_t__un.l)
    0x0001c560   0x00000004   Ven    RO         1426    .text_udiv          aeabi_sdiv.o(c_t__un.l)
    0x0001c564   0x0000001c   Code   RO         1426    .text_udiv          aeabi_sdiv.o(c_t__un.l)
    0x0001c580   0x00000004   Ven    RO         1619    CL$$btod_d2e        btod.o(c_t__un.l)
    0x0001c584   0x00000038   Code   RO         1619    CL$$btod_d2e        btod.o(c_t__un.l)
    0x0001c5bc   0x00000054   Code   RO         1621    CL$$btod_d2e_denorm_low  btod.o(c_t__un.l)
    0x0001c610   0x00000068   Code   RO         1620    CL$$btod_d2e_norm_op1  btod.o(c_t__un.l)
    0x0001c678   0x0000034c   Code   RO         1629    CL$$btod_div_common  btod.o(c_t__un.l)
    0x0001c9c4   0x000000dc   Code   RO         1626    CL$$btod_e2e        btod.o(c_t__un.l)
    0x0001caa0   0x00000004   Ven    RO         1623    CL$$btod_ediv       btod.o(c_t__un.l)
    0x0001caa4   0x00000034   Code   RO         1623    CL$$btod_ediv       btod.o(c_t__un.l)
    0x0001cad8   0x00000004   Ven    RO         1622    CL$$btod_emul       btod.o(c_t__un.l)
    0x0001cadc   0x00000034   Code   RO         1622    CL$$btod_emul       btod.o(c_t__un.l)
    0x0001cb10   0x00000268   Code   RO         1628    CL$$btod_mult_common  btod.o(c_t__un.l)
    0x0001cd78   0x0000000c   Ven    RO         1798    Veneer$$Code        anon$$obj.o
    0x0001cd84   0x0000000c   Ven    RO         1801    Veneer$$Code        anon$$obj.o
    0x0001cd90   0x0000000c   Ven    RO         1802    Veneer$$Code        anon$$obj.o
    0x0001cd9c   0x0000000c   Ven    RO         1807    Veneer$$Code        anon$$obj.o
    0x0001cda8   0x00000008   Ven    RO         1821    Veneer$$Code        anon$$obj.o
    0x0001cdb0   0x0000000c   Ven    RO         1824    Veneer$$Code        anon$$obj.o
    0x0001cdbc   0x00000010   Code   RO         1507    i.copysign          pow.o(m_t_pu.l)
    0x0001cdcc   0x00000004   Ven    RO         1445    x$fpl$d2f           d2f.o(fz_t_p.l)
    0x0001cdd0   0x000000ac   Code   RO         1445    x$fpl$d2f           d2f.o(fz_t_p.l)
    0x0001ce7c   0x000001d4   Code   RO         1447    x$fpl$dadd          daddsub_noclz.o(fz_t_p.l)
    0x0001d050   0x00000010   Code   RO         1558    x$fpl$dcheck        dcheck.o(fz_t_p.l)
    0x0001d060   0x00000010   Code   RO         1560    x$fpl$dcheck1       dcheck1.o(fz_t_p.l)
    0x0001d070   0x00000080   Code   RO         1562    x$fpl$dcmpinfnan    dcmpin.o(fz_t_p.l)
    0x0001d0f0   0x00000064   Code   RO         1570    x$fpl$dcmpinfnan    fcmpin.o(fz_t_p.l)
    0x0001d154   0x00000004   Ven    RO         1454    x$fpl$ddiv          ddiv.o(fz_t_p.l)
    0x0001d158   0x000004c0   Code   RO         1454    x$fpl$ddiv          ddiv.o(fz_t_p.l)
    0x0001d618   0x00000058   Code   RO         1458    x$fpl$dflt          dflt_noclz.o(fz_t_p.l)
    0x0001d670   0x00000004   Ven    RO         1457    x$fpl$dfltu         dflt_noclz.o(fz_t_p.l)
    0x0001d674   0x0000000c   Code   RO         1457    x$fpl$dfltu         dflt_noclz.o(fz_t_p.l)
    0x0001d680   0x00000004   Ven    RO         1489    x$fpl$dleqf         dleqf.o(fz_t_p.l)
    0x0001d684   0x00000088   Code   RO         1489    x$fpl$dleqf         dleqf.o(fz_t_p.l)
    0x0001d70c   0x00000004   Ven    RO         1461    x$fpl$dmul          dmul.o(fz_t_p.l)
    0x0001d710   0x000001dc   Code   RO         1461    x$fpl$dmul          dmul.o(fz_t_p.l)
    0x0001d8ec   0x00000004   Ven    RO         1491    x$fpl$drleqf        drleqf.o(fz_t_p.l)
    0x0001d8f0   0x000000a0   Code   RO         1491    x$fpl$drleqf        drleqf.o(fz_t_p.l)
    0x0001d990   0x00000018   Code   RO         1448    x$fpl$drsb          daddsub_noclz.o(fz_t_p.l)
    0x0001d9a8   0x00000188   Code   RO         1682    x$fpl$dsqrt         dsqrt.o(fz_t_p.l)
    0x0001db30   0x00000004   Ven    RO         1449    x$fpl$dsub          daddsub_noclz.o(fz_t_p.l)
    0x0001db34   0x00000248   Code   RO         1449    x$fpl$dsub          daddsub_noclz.o(fz_t_p.l)
    0x0001dd7c   0x00000114   Code   RO         1564    x$fpl$dunder        dunder.o(fz_t_p.l)
    0x0001de90   0x00000004   Ven    RO         1463    x$fpl$f2d           f2d.o(fz_t_p.l)
    0x0001de94   0x00000064   Code   RO         1463    x$fpl$f2d           f2d.o(fz_t_p.l)
    0x0001def8   0x00000004   Ven    RO         1465    x$fpl$fadd          faddsub_noclz.o(fz_t_p.l)
    0x0001defc   0x00000108   Code   RO         1465    x$fpl$fadd          faddsub_noclz.o(fz_t_p.l)
    0x0001e004   0x0000000c   Code   RO         1566    x$fpl$fcheck        fcheck.o(fz_t_p.l)
    0x0001e010   0x0000000c   Code   RO         1568    x$fpl$fcheck1       fcheck1.o(fz_t_p.l)
    0x0001e01c   0x00000004   Ven    RO         1472    x$fpl$fdiv          fdiv.o(fz_t_p.l)
    0x0001e020   0x000001e4   Code   RO         1472    x$fpl$fdiv          fdiv.o(fz_t_p.l)
    0x0001e204   0x00000004   Ven    RO         1493    x$fpl$feqf          feqf.o(fz_t_p.l)
    0x0001e208   0x00000078   Code   RO         1493    x$fpl$feqf          feqf.o(fz_t_p.l)
    0x0001e280   0x00000004   Ven    RO         1475    x$fpl$ffix          ffix.o(fz_t_p.l)
    0x0001e284   0x00000074   Code   RO         1475    x$fpl$ffix          ffix.o(fz_t_p.l)
    0x0001e2f8   0x00000004   Ven    RO         1479    x$fpl$ffixu         ffixu.o(fz_t_p.l)
    0x0001e2fc   0x00000060   Code   RO         1479    x$fpl$ffixu         ffixu.o(fz_t_p.l)
    0x0001e35c   0x00000004   Ven    RO         1484    x$fpl$fflt          fflt_noclz.o(fz_t_p.l)
    0x0001e360   0x0000005c   Code   RO         1484    x$fpl$fflt          fflt_noclz.o(fz_t_p.l)
    0x0001e3bc   0x00000004   Ven    RO         1483    x$fpl$ffltu         fflt_noclz.o(fz_t_p.l)
    0x0001e3c0   0x00000008   Code   RO         1483    x$fpl$ffltu         fflt_noclz.o(fz_t_p.l)
    0x0001e3c8   0x00000004   Ven    RO         1495    x$fpl$fleqf         fleqf.o(fz_t_p.l)
    0x0001e3cc   0x00000078   Code   RO         1495    x$fpl$fleqf         fleqf.o(fz_t_p.l)
    0x0001e444   0x00000004   Ven    RO         1487    x$fpl$fmul          fmul.o(fz_t_p.l)
    0x0001e448   0x00000108   Code   RO         1487    x$fpl$fmul          fmul.o(fz_t_p.l)
    0x0001e550   0x00000094   Code   RO         1572    x$fpl$fnorm2        fnorm2_noclz.o(fz_t_p.l)
    0x0001e5e4   0x00000004   Ven    RO         1716    x$fpl$fpinit        fpinit.o(fz_t_p.l)
    0x0001e5e8   0x00000018   Code   RO         1716    x$fpl$fpinit        fpinit.o(fz_t_p.l)
    0x0001e600   0x00000004   Ven    RO         1497    x$fpl$frleqf        frleqf.o(fz_t_p.l)
    0x0001e604   0x00000084   Code   RO         1497    x$fpl$frleqf        frleqf.o(fz_t_p.l)
    0x0001e688   0x00000004   Ven    RO         1467    x$fpl$fsub          faddsub_noclz.o(fz_t_p.l)
    0x0001e68c   0x00000168   Code   RO         1467    x$fpl$fsub          faddsub_noclz.o(fz_t_p.l)
    0x0001e7f4   0x00000090   Code   RO         1574    x$fpl$funder        funder.o(fz_t_p.l)
    0x0001e884   0x00000004   Ven    RO         1688    x$fpl$ieeestatus    istatus.o(fz_t_p.l)
    0x0001e888   0x00000008   Code   RO         1688    x$fpl$ieeestatus    istatus.o(fz_t_p.l)
    0x0001e890   0x00000004   Ven    RO         1499    x$fpl$printf1       printf1.o(fz_t_p.l)
    0x0001e894   0x00000004   Code   RO         1499    x$fpl$printf1       printf1.o(fz_t_p.l)
    0x0001e898   0x00000004   Ven    RO         1578    x$fpl$printf2       printf2.o(fz_t_p.l)
    0x0001e89c   0x00000004   Code   RO         1578    x$fpl$printf2       printf2.o(fz_t_p.l)
    0x0001e8a0   0x00000074   Code   RO         1684    x$fpl$retnan        retnan.o(fz_t_p.l)
    0x0001e914   0x0000006c   Code   RO         1576    x$fpl$scalbn        scalbn_noclz.o(fz_t_p.l)
    0x0001e980   0x0000003c   Code   RO         1686    x$fpl$trapveneer    trapv.o(fz_t_p.l)
    0x0001e9bc   0x00000000   Code   RO         1557    x$fpl$usenofp       usenofp.o(fz_t_p.l)
    0x0001e9bc   0x00000080   Data   RO          166    .constdata          key_tab.o
    0x0001ea3c   0x00000100   Data   RO          176    .constdata          key_task.o
    0x0001eb3c   0x0000034c   Data   RO          203    .constdata          menu_tbl.o
    0x0001ee88   0x000005e0   Data   RO          240    .constdata          rs232_protocol.o
    0x0001f468   0x00000015   Data   RO          301    .constdata          setup_func.o
    0x0001f47d   0x00000003   PAD
    0x0001f480   0x00000028   Data   RO          365    .constdata          task.o
    0x0001f4a8   0x00000015   Data   RO          381    .constdata          vfd_disp.o
    0x0001f4bd   0x00000003   PAD
    0x0001f4c0   0x00000114   Data   RO          466    .constdata          auto_sound.o
    0x0001f5d4   0x0000004c   Data   RO          598    .constdata          cs8416.o
    0x0001f620   0x0000004c   Data   RO          654    .constdata          eeprom.o
    0x0001f66c   0x00000050   Data   RO          818    .constdata          vfddriver.o
    0x0001f6bc   0x00000008   Data   RO          853    .constdata          volume.o
    0x0001f6c4   0x00000008   Data   RO          877    .constdata          max335.o
    0x0001f6cc   0x000000d8   Data   RO          896    .constdata          channel.o
    0x0001f7a4   0x0000004c   Data   RO          942    .constdata          hdmi.o
    0x0001f7f0   0x000000d8   Data   RO         1202    .constdata          eq_manager.o
    0x0001f8c8   0x00000100   Data   RO         1228    .constdata          irc1_manager.o
    0x0001f9c8   0x00000088   Data   RO         1505    .constdata          pow.o(m_t_pu.l)
    0x0001fa50   0x00000008   Data   RO         1534    .constdata          _printf_wctomb.o(c_t__un.l)
    0x0001fa58   0x00000022   Data   RO         1539    .constdata          _printf_longlong_hex.o(c_t__un.l)
    0x0001fa7a   0x00000006   PAD
    0x0001fa80   0x00000008   Data   RO         1586    .constdata          qnan.o(m_t_pu.l)
    0x0001fa88   0x00000094   Data   RO         1617    .constdata          bigflt0.o(c_t__un.l)
    0x0001fb1c   0x00000011   Data   RO         1642    .constdata          __printf.o(c_t__un.l)
    0x0001fb2d   0x00000003   PAD
    0x0001fb30   0x0000001c   Data   RO         1654    .constdata          lc_numeric_c.o(c_t__un.l)
    0x0001fb4c   0x0000010d   Data   RO         1736    .constdata          lc_ctype_c.o(c_t__un.l)
    0x0001fc59   0x0000056e   Data   RO          204    .conststring        menu_tbl.o
    0x000201c7   0x00000340   Data   RO          241    .conststring        rs232_protocol.o
    0x00020507   0x000000a6   Data   RO          401    .conststring        zone1_task.o
    0x000205ad   0x00000017   Data   RO          467    .conststring        auto_sound.o
    0x000205c4   0x00000020   Data   RO         1764    Region$$Table       anon$$obj.o


    Execution Region RW_IRAM1 (Base: 0x40000000, Size: 0x00003fa0, Max: 0x0000e800, ABSOLUTE, COMPRESSED[0x000011cc])

    Base Addr    Size         Type   Attr      Idx    E Section Name        Object

    0x40000000   0x00000004   Data   RW           12    .data               main.o
    0x40000004   0x0000001c   Data   RW          175    .data               key_task.o
    0x40000020   0x0000237b   Data   RW          202    .data               menu_tbl.o
    0x4000239b   0x00000001   PAD
    0x4000239c   0x00000004   Data   RW          223    .data               message.o
    0x400023a0   0x000002fa   Data   RW          239    .data               rs232_protocol.o
    0x4000269a   0x00000002   PAD
    0x4000269c   0x0000024c   Data   RW          300    .data               setup_func.o
    0x400028e8   0x00000020   Data   RW          349    .data               setup_menu.o
    0x40002908   0x00000019   Data   RW          364    .data               task.o
    0x40002921   0x00000001   PAD
    0x40002922   0x00000058   Data   RW          380    .data               vfd_disp.o
    0x4000297a   0x00000002   PAD
    0x4000297c   0x0000010a   Data   RW          400    .data               zone1_task.o
    0x40002a86   0x00000002   PAD
    0x40002a88   0x00000004   Data   RW          443    .data               zone2_task.o
    0x40002a8c   0x00000155   Data   RW          465    .data               auto_sound.o
    0x40002be1   0x00000003   PAD
    0x40002be4   0x00000078   Data   RW          519    .data               radio_task.o
    0x40002c5c   0x00000020   Data   RW          560    .data               uart.o
    0x40002c7c   0x00000001   Data   RW          597    .data               cs8416.o
    0x40002c7d   0x00000002   Data   RW          630    .data               dac.o
    0x40002c7f   0x00000002   Data   RW          672    .data               i2cdrv.o
    0x40002c81   0x00000001   Data   RW          702    .data               ic4094.o
    0x40002c82   0x00000002   PAD
    0x40002c84   0x00000018   Data   RW          717    .data               ioport.o
    0x40002c9c   0x0000001d   Data   RW          754    .data               ir.o
    0x40002cb9   0x00000003   PAD
    0x40002cbc   0x00000020   Data   RW          783    .data               timer.o
    0x40002cdc   0x00000005   Data   RW          852    .data               volume.o
    0x40002ce1   0x00000008   Data   RW          876    .data               max335.o
    0x40002ce9   0x00000002   Data   RW          895    .data               channel.o
    0x40002ceb   0x00000002   Data   RW          941    .data               hdmi.o
    0x40002ced   0x00000001   PAD
    0x40002cee   0x00000012   Data   RW         1101    .data               dsp_task.o
    0x40002d00   0x0000001e   Data   RW         1143    .data               dspdrv.o
    0x40002d1e   0x00000002   PAD
    0x40002d20   0x00000708   Zero   RW          224    .bss                message.o
    0x40003428   0x00000014   Zero   RW          242    .bss                rs232_protocol.o
    0x4000343c   0x00000014   Zero   RW          302    .bss                setup_func.o
    0x40003450   0x00000032   Zero   RW          402    .bss                zone1_task.o
    0x40003482   0x00000064   Zero   RW          520    .bss                radio_task.o
    0x400034e6   0x00000200   Zero   RW          561    .bss                uart.o
    0x400036e6   0x00000002   PAD
    0x400036e8   0x00000020   Zero   RW          854    .bss                volume.o
    0x40003708   0x0000000c   Zero   RW         1007    .bss                bassmanager.o
    0x40003714   0x00000020   Zero   RW         1028    .bss                delaymanager.o
    0x40003734   0x00000080   Zero   RW         1144    .bss                dspdrv.o
    0x400037b4   0x00000280   Zero   RW         1203    .bss                eq_manager.o
    0x40003a34   0x00000060   Zero   RW         1592    .bss                libspace.o(c_t__un.l)
    0x40003a94   0x00000004   PAD
    0x40003a98   0x00000000   Zero   RW            2    HEAP                lpc2300.o
    0x40003a98   0x00000508   Zero   RW            1    STACK               lpc2300.o


================================================================================

Image component sizes


      Code (inc. data)   RO Data    RW Data    ZI Data      Debug   Object Name

         0          0          0          0          0       6896   audiomanager.o
      8664        556        299        341          0      12396   auto_sound.o
      4360        164          0          0         12      12236   bassmanager.o
       132          0          0          0          0       1728   c11_msg_handler.o
      1308         52        216          2          0       7980   channel.o
       292          8         76          1          0       3380   cs8416.o
       860         42          0          2          0       2204   dac.o
        62          0          0          0          0       4956   debug.o
      1200         38          0          0         32      10636   delaymanager.o
       712          6          0          0          0       2432   dolbymanager.o
       800         34          0          0          0       2100   dolbyprologicii.o
       996         32          0          0          0       2596   dolbyprologiciix.o
       652         14          0          0          0       1964   dolbytruehd.o
      2284         84          0          0          0       5020   dsp_api.o
       448         14          0          0          0       1536   dsp_spi.o
       524         58          0         18          0       9620   dsp_task.o
      6084        320          0         30        128      19812   dspdrv.o
        88          6         76          0          0       1120   eeprom.o
      2400         92        216          0        640       8024   eq_manager.o
       800         48         76          2          0       2680   hdmi.o
      1396         10          0          2          0       3788   i2cdrv.o
        80          0          0          0          0        436   ic165.o
       500          4          0          1          0       3308   ic4094.o
      4456        132          0         24          0      13228   ioport.o
      1600         90          0         29          0       4044   ir.o
       736         12        256          0          0       3108   irc1_manager.o
       376          4          0          0          0       1440   irc2_manager.o
         0          0        128          0          0        396   key_tab.o
      1056         46        256         28          0       3448   key_task.o
       396         60          0          0       1288        512   lpc2300.o
       208         22          0          4          0      46524   main.o
       416          6          0          0          0       1244   mas9116.o
       176         10          8          8          0       1256   max335.o
         0          0       2234       9083          0      11248   menu_tbl.o
       332         12          0          4       1800       1836   message.o
       560          6          0          0          0       1888   os_manager.o
       356          0          0          0          0       2200   queue.o
      8212       1088          0        120        100      13200   radio_task.o
     22904       2124       2336        762         20      74092   rs232_protocol.o
      5952        340         21        588         20      21004   setup_func.o
      6028        534          0         32          0      10532   setup_menu.o
       516         36          0          0          0       1552   signalgenerator.o
       120         10         40         25          0       1416   task.o
       920        140          0         32          0       2604   timer.o
      1092         10          0          0          0       3728   tuner.o
       528         66          0         32        512       3000   uart.o
       620         22         21         88          0       3192   vfd_disp.o
       208          8         80          0          0       1660   vfddriver.o
       296         20          8          5         32       2036   volume.o
     10460       1666        166        266         50      18240   zone1_task.o
      2068        290          0          4          0       2888   zone2_task.o

    ------------------------------------------------------------------------
    105328       8356       6551      11552       4636     378364   Object Totals
        92         20         32          0          0          0   (incl. Generated)
         2          0          6         19          2          0   (incl. Padding)

    ------------------------------------------------------------------------

      Code (inc. data)   RO Data    RW Data    ZI Data      Debug   Library Member Name

        44          4          0          0          0          0   __0sprintf.o
        92          0          0          0          0          0   __dczerorl2.o
         8          0          0          0          0          0   __main.o
       744          4         17          0          0          0   __printf.o
        56          8          0          0          0          0   __scatter.o
        44          0          0          0          0          0   __scatter_zi.o
        52          8          0          0          0          0   _printf_char_common.o
        36          0          0          0          0          0   _printf_charcount.o
       116         18          0          0          0          0   _printf_dec.o
      1606         44          0          0          0          0   _printf_fp_dec.o
        10          0          0          0          0          0   _printf_input_char.o
       168          0          0          0          0          0   _printf_intcommon.o
       140         16          0          0          0          0   _printf_longlong_dec.o
       204         22         34          0          0          0   _printf_longlong_hex.o
       148         10          0          0          0          0   _printf_longlong_oct.o
        32          0          0          0          0          0   _printf_outstr_char.o
        84          0          0          0          0          0   _printf_pad.o
        94          0          0          0          0          0   _printf_str.o
        44          0          0          0          0          0   _printf_truncate.o
       196          6          8          0          0          0   _printf_wctomb.o
        42          0          0          0          0          0   _rserrno.o
        10          0          0          0          0          0   _sputc.o
        78          0          0          0          0          0   _wcrtomb.o
         4          0          0          0          0          0   aeabi_idiv0.o
        20          0          0          0          0          0   aeabi_memset.o
       400          0          0          0          0          0   aeabi_sdiv.o
       208          6        148          0          0          0   bigflt0.o
        12          0          0          0          0          0   boardinit2.o
        16          0          0          0          0          0   boardinit3.o
      2040        128          0          0          0          0   btod.o
        16          0          0          0          0          0   callvia.o
        60          0          0          0          0          0   classify.o
       176          4          0          0          0          0   d2f.o
      1080         28          0          0          0          0   daddsub_noclz.o
        16          4          0          0          0          0   dcheck.o
        16          4          0          0          0          0   dcheck1.o
       128          0          0          0          0          0   dcmpin.o
      1220        144          0          0          0          0   ddiv.o
       104          0          0          0          0          0   dflt_noclz.o
       140          4          0          0          0          0   dleqf.o
       480         16          0          0          0          0   dmul.o
       164          4          0          0          0          0   drleqf.o
       392          8          0          0          0          0   dsqrt.o
       100          0          0          0          0          0   dtoi.o
       276          0          0          0          0          0   dunder.o
        24          0          0          0          0          0   exit.o
       104          4          0          0          0          0   f2d.o
       632          8          0          0          0          0   faddsub_noclz.o
        12          4          0          0          0          0   fcheck.o
        12          4          0          0          0          0   fcheck1.o
       100          0          0          0          0          0   fcmpin.o
       488         76          0          0          0          0   fdiv.o
       124          4          0          0          0          0   feqf.o
       120          4          0          0          0          0   ffix.o
       100          4          0          0          0          0   ffixu.o
       108          0          0          0          0          0   fflt_noclz.o
       124          4          0          0          0          0   fleqf.o
       268          4          0          0          0          0   fmul.o
       148          0          0          0          0          0   fnorm2_noclz.o
        48          4          0          0          0          0   fpclassify.o
        28          0          0          0          0          0   fpinit.o
       136          4          0          0          0          0   frleqf.o
       144          0          0          0          0          0   funder.o
        12          0          0          0          0          0   istatus.o
       104          4          0          0          0          0   kernel.o
        48          8        269          0          0          0   lc_ctype_c.o
        48          8         28          0          0          0   lc_numeric_c.o
       242          4          0          0          0          0   lib_init.o
        12          4          0          0         96          0   libspace.o
       164          0          0          0          0          0   lludiv10.o
         6          0          0          0          0          0   no_argv.o
       248          0          0          0          0          0   poly.o
      3640        236        136          0          0          0   pow.o
         8          0          0          0          0          0   printf1.o
         8          0          0          0          0          0   printf2.o
         0          0          8          0          0          0   qnan.o
       116          0          0          0          0          0   retnan.o
        28          4          0          0          0          0   rt_ctype_table.o
        20          4          0          0          0          0   rt_errno_addr_intlibspace.o
        16          4          0          0          0          0   rt_fp_status_addr_intlibspace.o
        20          4          0          0          0          0   rt_locale_intlibspace.o
        64          0          0          0          0          0   rt_memclr.o
        84          0          0          0          0          0   rt_memclr_w.o
       216          0          0          0          0          0   rt_memcpy.o
       104          0          0          0          0          0   rt_memcpy_w.o
        16          4          0          0          0          0   rt_stackheap_storage_intlibspace.o
        48          0          0          0          0          0   rtudiv10.o
       108          0          0          0          0          0   scalbn_noclz.o
       124         20          0          0          0          0   sqrt.o
        88          0          0          0          0          0   stkheap2.o
       164          4          0          0          0          0   strcmp.o
        72          4          0          0          0          0   strlen.o
       116          4          0          0          0          0   strncpy.o
        28          0          0          0          0          0   switch8.o
        24          8          0          0          0          0   sys_exit.o
        96          0          0          0          0          0   sys_stackheap_outer.o
        60          0          0          0          0          0   trapv.o
         4          0          0          0          0          0   use_no_semi.o
         0          0          0          0          0          0   usenofp.o
        44          6          0          0          0          0   vsprintf.o

    ------------------------------------------------------------------------
     20044        944        657          0        100          0   Library Totals
         8          0          9          0          4          0   (incl. Padding)

    ------------------------------------------------------------------------

      Code (inc. data)   RO Data    RW Data    ZI Data      Debug   Library Name

      8620        348        504          0         96          0   c_t__un.l
      7152        336          0          0          0          0   fz_t_p.l
        44          0          0          0          0          0   h_t__un.l
      4220        260        144          0          0          0   m_t_pu.l

    ------------------------------------------------------------------------
     20044        944        657          0        100          0   Library Totals

    ------------------------------------------------------------------------

================================================================================


      Code (inc. data)   RO Data    RW Data    ZI Data      Debug   

    125372       9300       7208      11552       4736     378364   Grand Totals
    125372       9300       7208       4556       4736     378364   Image Totals (compressed)

================================================================================

    Total RO  Size (Code + RO Data)               132580 ( 129.47kB)
    Total RW  Size (RW Data + ZI Data)             16288 (  15.91kB)
    Total ROM Size (Code + RO Data + RW Data)     137136 ( 133.92kB)

================================================================================

